portfolio validation passed: automation=33, batches=604, intake=49, json=10, products=33, yaml=859, remote_gitlinks=not-enforced
test_existing_declared_tiers_are_valid_metadata (test_automation_tier_metadata.AutomationTierMetadataTests.test_existing_declared_tiers_are_valid_metadata) ... ok
test_legacy_manifest_does_not_require_tier_metadata (test_automation_tier_metadata.AutomationTierMetadataTests.test_legacy_manifest_does_not_require_tier_metadata) ... ok
test_tiers_reject_scalar_unknown_empty_and_duplicate_values (test_automation_tier_metadata.AutomationTierMetadataTests.test_tiers_reject_scalar_unknown_empty_and_duplicate_values) ... ok
test_unrelated_properties_remain_forbidden (test_automation_tier_metadata.AutomationTierMetadataTests.test_unrelated_properties_remain_forbidden) ... ok
test_active_batch_provenance_remains_valid_yaml (test_autopilot_contract.AutopilotContractTests.test_active_batch_provenance_remains_valid_yaml) ... ok
test_autopilot_contends_on_shared_portfolio_product_lock (test_autopilot_contract.AutopilotContractTests.test_autopilot_contends_on_shared_portfolio_product_lock) ... ok
test_changed_text_eof_normalization_removes_only_excess_blank_lines (test_autopilot_contract.AutopilotContractTests.test_changed_text_eof_normalization_removes_only_excess_blank_lines) ... ok
test_codex_exec_allows_network_cache_and_temp (test_autopilot_contract.AutopilotContractTests.test_codex_exec_allows_network_cache_and_temp) ... ok
test_codex_exec_translates_only_legacy_enabled_web_search (test_autopilot_contract.AutopilotContractTests.test_codex_exec_translates_only_legacy_enabled_web_search) ... ok
test_dynamic_authoring_uses_balanced_stable_domain_cohorts (test_autopilot_contract.AutopilotContractTests.test_dynamic_authoring_uses_balanced_stable_domain_cohorts) ... ok
test_evidence_filename_is_not_batch_completion (test_autopilot_contract.AutopilotContractTests.test_evidence_filename_is_not_batch_completion) ... 
>>> git -C /tmp/tmp3i__fvnf/target -c submodule.recurse=false fetch --prune origin

>>> git -C /tmp/tmp3i__fvnf/target -c submodule.recurse=false log origin/main --format=%s '--grep=^B1:' -n 1
ok
test_failed_log_collection_retries_github_indexing_lag (test_autopilot_contract.AutopilotContractTests.test_failed_log_collection_retries_github_indexing_lag) ... ok
test_failed_log_collection_uses_check_rollup_run_link (test_autopilot_contract.AutopilotContractTests.test_failed_log_collection_uses_check_rollup_run_link) ... ok
test_find_pr_accepts_current_gh_repository_identity_shape (test_autopilot_contract.AutopilotContractTests.test_find_pr_accepts_current_gh_repository_identity_shape) ... ok
test_find_pr_rejects_different_gh_repository_owner (test_autopilot_contract.AutopilotContractTests.test_find_pr_rejects_different_gh_repository_owner) ... ok
test_from_batch_replays_all_prior_governance_gates (test_autopilot_contract.AutopilotContractTests.test_from_batch_replays_all_prior_governance_gates) ... ok
test_gate_command_failure_stops_an_approved_manual_gate (test_autopilot_contract.AutopilotContractTests.test_gate_command_failure_stops_an_approved_manual_gate) ... ok
test_gate_command_receives_portable_control_root (test_autopilot_contract.AutopilotContractTests.test_gate_command_receives_portable_control_root) ... ok
test_human_review_mode_is_preserved_for_software_only (test_autopilot_contract.AutopilotContractTests.test_human_review_mode_is_preserved_for_software_only) ... ok
test_implementation_prompt_requires_future_stable_batch_tests (test_autopilot_contract.AutopilotContractTests.test_implementation_prompt_requires_future_stable_batch_tests) ... ok
test_nested_validation_can_remove_live_portfolio_environment (test_autopilot_contract.AutopilotContractTests.test_nested_validation_can_remove_live_portfolio_environment) ... ok
test_owned_resume_skips_only_its_exact_dirty_gitlink (test_autopilot_contract.AutopilotContractTests.test_owned_resume_skips_only_its_exact_dirty_gitlink) ... ok
test_path_matches_double_star_across_zero_or_more_directories (test_autopilot_contract.AutopilotContractTests.test_path_matches_double_star_across_zero_or_more_directories) ... ok
test_profile_source_revision_preserves_inline_comment (test_autopilot_contract.AutopilotContractTests.test_profile_source_revision_preserves_inline_comment) ... ok
test_profile_source_version_fallback_is_updated (test_autopilot_contract.AutopilotContractTests.test_profile_source_version_fallback_is_updated) ... ok
test_ready_and_merge_accepts_current_gh_repository_identity_shape (test_autopilot_contract.AutopilotContractTests.test_ready_and_merge_accepts_current_gh_repository_identity_shape) ... ok
test_repair_progress_accepts_a_changed_worktree (test_autopilot_contract.AutopilotContractTests.test_repair_progress_accepts_a_changed_worktree) ... ok
test_repair_progress_stops_on_reported_blocker (test_autopilot_contract.AutopilotContractTests.test_repair_progress_stops_on_reported_blocker) ... ok
test_repair_progress_stops_when_worktree_is_unchanged (test_autopilot_contract.AutopilotContractTests.test_repair_progress_stops_when_worktree_is_unchanged) ... ok
test_repair_prompt_requires_machine_readable_status (test_autopilot_contract.AutopilotContractTests.test_repair_prompt_requires_machine_readable_status) ... ok
test_scope_audit_accepts_indentless_lists_and_governance (test_autopilot_contract.AutopilotContractTests.test_scope_audit_accepts_indentless_lists_and_governance) ... ok
test_selected_authoring_batch_requires_a_real_protocol_package (test_autopilot_contract.AutopilotContractTests.test_selected_authoring_batch_requires_a_real_protocol_package) ... ok
test_sync_default_fast_forwards_from_the_fetched_remote_ref (test_autopilot_contract.AutopilotContractTests.test_sync_default_fast_forwards_from_the_fetched_remote_ref) ... ok
test_zero_repair_limit_is_unlimited (test_autopilot_contract.AutopilotContractTests.test_zero_repair_limit_is_unlimited) ... ok
test_add_repo_dry_run_has_separate_control_and_target_phases (test_cli_safety.CliSafetyTests.test_add_repo_dry_run_has_separate_control_and_target_phases) ... ok
test_all_mutating_command_dry_runs_preserve_files_refs_and_pr_state (test_cli_safety.CliSafetyTests.test_all_mutating_command_dry_runs_preserve_files_refs_and_pr_state) ... ok
test_ephemeral_plan_stdin_preserves_utf8_bytes_verbatim (test_cli_safety.CliSafetyTests.test_ephemeral_plan_stdin_preserves_utf8_bytes_verbatim) ... ok
test_external_command_timeout_is_bounded (test_cli_safety.CliSafetyTests.test_external_command_timeout_is_bounded) ... ok
test_first_launcher_use_does_not_create_python_cache (test_cli_safety.CliSafetyTests.test_first_launcher_use_does_not_create_python_cache) ... ok
test_go_all_requires_explicit_confirmation (test_cli_safety.CliSafetyTests.test_go_all_requires_explicit_confirmation) ... ok
test_json_output_is_stable (test_cli_safety.CliSafetyTests.test_json_output_is_stable) ... ok
test_negative_execution_bounds_are_rejected (test_cli_safety.CliSafetyTests.test_negative_execution_bounds_are_rejected) ... usage: portfolio go [-h] [--all] [--confirm-all] [--continue-on-product-gate]
                    [--auto-approve-plan] [--harness-policy {pr-only,merge}]
                    [--mode {pr-only,merge-software}]
                    [--max-batches MAX_BATCHES] [--from-batch FROM_BATCH]
                    [--ci-timeout-minutes CI_TIMEOUT_MINUTES]
                    [--max-repairs MAX_REPAIRS] [--allow-hardware]
                    [--allow-manual] [--target-path TARGET_PATH] [--dry-run]
                    [--json]
                    [product]
portfolio go: error: argument --max-batches: value must be nonnegative
usage: portfolio run [-h] [--mode {pr-only,merge-software}]
                     [--max-batches MAX_BATCHES] [--from-batch FROM_BATCH]
                     [--ci-timeout-minutes CI_TIMEOUT_MINUTES]
                     [--max-repairs MAX_REPAIRS] [--allow-hardware]
                     [--allow-manual] [--target-path TARGET_PATH] [--dry-run]
                     [--json]
                     product
portfolio run: error: argument --ci-timeout-minutes: value must be positive
ok
test_no_argument_go_is_non_mutating (test_cli_safety.CliSafetyTests.test_no_argument_go_is_non_mutating) ... ok
test_request_dry_run_performs_no_mutation (test_cli_safety.CliSafetyTests.test_request_dry_run_performs_no_mutation) ... ok
test_sibling_workspace_path_with_spaces_is_preserved (test_cli_safety.CliSafetyTests.test_sibling_workspace_path_with_spaces_is_preserved) ... ok
test_asset_product_reports_runner_unavailable (test_concurrency_architecture.ConcurrencyArchitectureTests.test_asset_product_reports_runner_unavailable) ... ok
test_batch_capabilities_route_one_ordered_repo_between_hosts (test_concurrency_architecture.ConcurrencyArchitectureTests.test_batch_capabilities_route_one_ordered_repo_between_hosts) ... ok
test_concurrent_control_worktree_does_not_switch_canonical (test_concurrency_architecture.ConcurrencyArchitectureTests.test_concurrent_control_worktree_does_not_switch_canonical) ... ok
test_control_publication_is_serialized (test_concurrency_architecture.ConcurrencyArchitectureTests.test_control_publication_is_serialized) ... ok
test_control_publication_lock_is_released_while_waiting_for_ci (test_concurrency_architecture.ConcurrencyArchitectureTests.test_control_publication_lock_is_released_while_waiting_for_ci) ... ok
test_control_scope_cannot_cross_product_directories (test_concurrency_architecture.ConcurrencyArchitectureTests.test_control_scope_cannot_cross_product_directories) ... ok
test_control_validation_is_independent_of_isolated_worktree_name (test_concurrency_architecture.ConcurrencyArchitectureTests.test_control_validation_is_independent_of_isolated_worktree_name) ... ok
test_cpp_batches_route_only_unreal_work_to_windows (test_concurrency_architecture.ConcurrencyArchitectureTests.test_cpp_batches_route_only_unreal_work_to_windows) ... ok
test_different_product_locks_can_be_held_together (test_concurrency_architecture.ConcurrencyArchitectureTests.test_different_product_locks_can_be_held_together) ... ok
test_dirty_worktree_cleanup_is_refused (test_concurrency_architecture.ConcurrencyArchitectureTests.test_dirty_worktree_cleanup_is_refused) ... ok
test_follow_refills_slots_and_retries_failure_after_unstarted_repo (test_concurrency_architecture.ConcurrencyArchitectureTests.test_follow_refills_slots_and_retries_failure_after_unstarted_repo) ... ok
test_follow_retries_transient_worktree_command_failure (test_concurrency_architecture.ConcurrencyArchitectureTests.test_follow_retries_transient_worktree_command_failure) ... ok
test_gate_only_batch_requires_approval_and_passing_gate_command (test_concurrency_architecture.ConcurrencyArchitectureTests.test_gate_only_batch_requires_approval_and_passing_gate_command) ... ok
test_host_profiles_split_roblox_from_linux_fleet (test_concurrency_architecture.ConcurrencyArchitectureTests.test_host_profiles_split_roblox_from_linux_fleet) ... ok
test_isolated_worker_branches_do_not_require_shared_main_checkout (test_concurrency_architecture.ConcurrencyArchitectureTests.test_isolated_worker_branches_do_not_require_shared_main_checkout) ... ok
test_isolated_workspace_sync_keeps_control_head_detached (test_concurrency_architecture.ConcurrencyArchitectureTests.test_isolated_workspace_sync_keeps_control_head_detached) ... ok
test_legacy_worker_record_defaults_are_backward_compatible (test_concurrency_architecture.ConcurrencyArchitectureTests.test_legacy_worker_record_defaults_are_backward_compatible) ... ok
test_local_verification_releases_heavy_lease_before_ci_wait (test_concurrency_architecture.ConcurrencyArchitectureTests.test_local_verification_releases_heavy_lease_before_ci_wait) ... 

>>> bash -lc true
ok
test_pfspam_dry_run_is_deterministic_and_host_filtered (test_concurrency_architecture.ConcurrencyArchitectureTests.test_pfspam_dry_run_is_deterministic_and_host_filtered) ... ok
test_portfolio_flag_excludes_all_selection_but_explicit_request_overrides (test_concurrency_architecture.ConcurrencyArchitectureTests.test_portfolio_flag_excludes_all_selection_but_explicit_request_overrides) ... ok
test_prepare_refreshes_clean_detached_control_before_worker_launch (test_concurrency_architecture.ConcurrencyArchitectureTests.test_prepare_refreshes_clean_detached_control_before_worker_launch) ... ok
test_process_exit_releases_lock_without_timestamp_cleanup (test_concurrency_architecture.ConcurrencyArchitectureTests.test_process_exit_releases_lock_without_timestamp_cleanup) ... ok
test_resource_capacities_are_hard_bounds (test_concurrency_architecture.ConcurrencyArchitectureTests.test_resource_capacities_are_hard_bounds) ... ok
test_satisfied_gate_only_exposes_dynamic_next_batch (test_concurrency_architecture.ConcurrencyArchitectureTests.test_satisfied_gate_only_exposes_dynamic_next_batch) ... ok
test_scoped_supervisor_authorization_only_unlocks_current_hardware_batch (test_concurrency_architecture.ConcurrencyArchitectureTests.test_scoped_supervisor_authorization_only_unlocks_current_hardware_batch) ... ok
test_second_same_product_operation_is_rejected (test_concurrency_architecture.ConcurrencyArchitectureTests.test_second_same_product_operation_is_rejected) ... ok
test_worker_process_group_failure_does_not_kill_unrelated_group (test_concurrency_architecture.ConcurrencyArchitectureTests.test_worker_process_group_failure_does_not_kill_unrelated_group) ... ok
test_debian12_dry_run_is_non_destructive_and_repeatable (test_debian_bootstrap.DebianBootstrapTests.test_debian12_dry_run_is_non_destructive_and_repeatable) ... ok
test_every_module_batch_can_update_owned_and_shared_surfaces (test_dsp_batch_scope.DspRadarBatchScopeTests.test_every_module_batch_can_update_owned_and_shared_surfaces) ... ok
test_every_learning_batch_passes_the_actual_contract_validator (test_elp_batch_contracts.LearningBatchContractTests.test_every_learning_batch_passes_the_actual_contract_validator) ... ok
test_replay_precedes_manually_gated_dsp_continuation (test_elp_batch_contracts.LearningBatchContractTests.test_replay_precedes_manually_gated_dsp_continuation) ... ok
test_audited_courses_have_honest_dispositions (test_elp_course_caliber.CourseCaliberContractTests.test_audited_courses_have_honest_dispositions) ... ok
test_competency_map_schema_enforces_batch_and_evidence_origin (test_elp_course_caliber.CourseCaliberContractTests.test_competency_map_schema_enforces_batch_and_evidence_origin) ... ok
test_count_is_derived_from_modules (test_elp_course_caliber.CourseCaliberContractTests.test_count_is_derived_from_modules) ... ok
test_course_caliber_record_is_valid_and_ordered (test_elp_course_caliber.CourseCaliberContractTests.test_course_caliber_record_is_valid_and_ordered) ... ok
test_remaining_aggregate_holds_do_not_deny_existing_inventory (test_elp_course_caliber.CourseCaliberContractTests.test_remaining_aggregate_holds_do_not_deny_existing_inventory) ... ok
test_exact_baselines_and_read_only_source (test_elp_gnc_fidelity_contract.GncFidelityContractTests.test_exact_baselines_and_read_only_source) ... ok
test_independent_evidence_and_five_scenarios_are_required (test_elp_gnc_fidelity_contract.GncFidelityContractTests.test_independent_evidence_and_five_scenarios_are_required) ... ok
test_scope_excludes_expansion_and_false_claims (test_elp_gnc_fidelity_contract.GncFidelityContractTests.test_scope_excludes_expansion_and_false_claims) ... ok
test_validation_covers_course_and_platform_regressions (test_elp_gnc_fidelity_contract.GncFidelityContractTests.test_validation_covers_course_and_platform_regressions) ... ok
test_all_references_are_closed_and_prerequisite_ordered (test_elp_gnc_modeling_classical_contract.GncExpansionContractTests.test_all_references_are_closed_and_prerequisite_ordered) ... ok
test_batches_are_coherent_bounded_and_exhaust_new_modules (test_elp_gnc_modeling_classical_contract.GncExpansionContractTests.test_batches_are_coherent_bounded_and_exhaust_new_modules) ... ok
test_first_batch_has_exact_identity_scope_and_gates (test_elp_gnc_modeling_classical_contract.GncExpansionContractTests.test_first_batch_has_exact_identity_scope_and_gates) ... ok
test_map_is_schema_valid_and_count_is_derived (test_elp_gnc_modeling_classical_contract.GncExpansionContractTests.test_map_is_schema_valid_and_count_is_derived) ... ok
test_native_design_and_independence_boundaries_are_explicit (test_elp_gnc_modeling_classical_contract.GncExpansionContractTests.test_native_design_and_independence_boundaries_are_explicit) ... ok
test_batches_cover_all_modules_and_stay_bounded (test_elp_robotics_competency_map.RoboticsCompetencyMapTests.test_batches_cover_all_modules_and_stay_bounded) ... ok
test_references_and_prerequisites_close (test_elp_robotics_competency_map.RoboticsCompetencyMapTests.test_references_and_prerequisites_close) ... ok
test_schema_and_organic_count (test_elp_robotics_competency_map.RoboticsCompetencyMapTests.test_schema_and_organic_count) ... ok
test_two_capstones_have_real_integration_breadth (test_elp_robotics_competency_map.RoboticsCompetencyMapTests.test_two_capstones_have_real_integration_breadth) ... ok
test_assessment_evidence_and_two_capstones_close (test_elp_vehicle_dynamics_competency_map.VehicleDynamicsCompetencyMapTests.test_assessment_evidence_and_two_capstones_close) ... ok
test_batches_cover_every_module_once_and_stay_bounded (test_elp_vehicle_dynamics_competency_map.VehicleDynamicsCompetencyMapTests.test_batches_cover_every_module_once_and_stay_bounded) ... ok
test_references_are_reciprocal_and_prerequisites_close (test_elp_vehicle_dynamics_competency_map.VehicleDynamicsCompetencyMapTests.test_references_are_reciprocal_and_prerequisites_close) ... ok
test_schema_source_authority_and_organic_count (test_elp_vehicle_dynamics_competency_map.VehicleDynamicsCompetencyMapTests.test_schema_source_authority_and_organic_count) ... ok
test_scope_preserves_privacy_and_cross_course_boundaries (test_elp_vehicle_dynamics_competency_map.VehicleDynamicsCompetencyMapTests.test_scope_preserves_privacy_and_cross_course_boundaries) ... ok
test_changed_paths_preserve_unicode_filenames (test_git_safety.GitSafetyTests.test_changed_paths_preserve_unicode_filenames) ... 
>>> git -C /tmp/tmpdabccvbf/repo -c submodule.recurse=false diff --name-only -z HEAD
pro-candidate/00/00 PRO — READ FIRST.md 

>>> git -C /tmp/tmpdabccvbf/repo -c submodule.recurse=false ls-files --others --exclude-standard -z
ok
test_default_branch_is_inferred_from_remote_head (test_git_safety.GitSafetyTests.test_default_branch_is_inferred_from_remote_head) ... ok
test_dirty_repository_refused (test_git_safety.GitSafetyTests.test_dirty_repository_refused) ... ok
test_diverged_sync_refused (test_git_safety.GitSafetyTests.test_diverged_sync_refused) ... ok
test_isolated_ancestry_resolves_default_branch_on_both_sides (test_git_safety.GitSafetyTests.test_isolated_ancestry_resolves_default_branch_on_both_sides) ... ok
test_push_remote_mismatch_refused (test_git_safety.GitSafetyTests.test_push_remote_mismatch_refused) ... ok
test_remote_mismatch_refused (test_git_safety.GitSafetyTests.test_remote_mismatch_refused) ... ok
test_sync_uses_fast_forward_only (test_git_safety.GitSafetyTests.test_sync_uses_fast_forward_only) ... ok
test_advanced_live_pointer_does_not_rewrite_the_planning_baseline (test_gitg_authoring_inventory.GitgAuthoringInventoryTests.test_advanced_live_pointer_does_not_rewrite_the_planning_baseline) ... ok
test_committed_outputs_exactly_match_pinned_canonical_report (test_gitg_authoring_inventory.GitgAuthoringInventoryTests.test_committed_outputs_exactly_match_pinned_canonical_report) ... skipped 'gitg source submodule is not initialized'
test_inventory_matches_one_competency_batch_membership (test_gitg_authoring_inventory.GitgAuthoringInventoryTests.test_inventory_matches_one_competency_batch_membership) ... ok
test_inventory_materializes_every_current_coverage_row (test_gitg_authoring_inventory.GitgAuthoringInventoryTests.test_inventory_materializes_every_current_coverage_row) ... ok
test_inventory_records_an_immutable_planning_baseline (test_gitg_authoring_inventory.GitgAuthoringInventoryTests.test_inventory_records_an_immutable_planning_baseline) ... ok
test_committed_identity_metadata_uses_configured_owner (test_github_owner_migration.GitHubOwnerMigrationTests.test_committed_identity_metadata_uses_configured_owner) ... ok
test_dry_run_then_apply_reconciles_transferred_and_renamed_remotes (test_github_owner_migration.GitHubOwnerMigrationTests.test_dry_run_then_apply_reconciles_transferred_and_renamed_remotes) ... ok
test_initialized_checkout_without_origin_is_blocked (test_github_owner_migration.GitHubOwnerMigrationTests.test_initialized_checkout_without_origin_is_blocked) ... ok
test_supervisor_owned_dirty_worktree_remote_is_reconciled (test_github_owner_migration.GitHubOwnerMigrationTests.test_supervisor_owned_dirty_worktree_remote_is_reconciled) ... ok
test_unrelated_remote_is_blocked_without_mutation (test_github_owner_migration.GitHubOwnerMigrationTests.test_unrelated_remote_is_blocked_without_mutation) ... ok
test_any_non_successful_completed_check_blocks_merge (test_github_verification.GitHubVerificationTests.test_any_non_successful_completed_check_blocks_merge) ... ok
test_candidate_secret_baseline_is_staged_only_in_verification_clone (test_github_verification.GitHubVerificationTests.test_candidate_secret_baseline_is_staged_only_in_verification_clone) ... ok
test_control_plane_ci_failure_blocks_merge (test_github_verification.GitHubVerificationTests.test_control_plane_ci_failure_blocks_merge) ... ok
test_existing_open_pr_is_reused (test_github_verification.GitHubVerificationTests.test_existing_open_pr_is_reused) ... ok
test_existing_pr_with_wrong_base_is_refused (test_github_verification.GitHubVerificationTests.test_existing_pr_with_wrong_base_is_refused) ... ok
test_merge_does_not_mark_an_already_ready_pr_ready_again (test_github_verification.GitHubVerificationTests.test_merge_does_not_mark_an_already_ready_pr_ready_again) ... ok
test_merge_pins_reviewed_head_without_deleting_branch (test_github_verification.GitHubVerificationTests.test_merge_pins_reviewed_head_without_deleting_branch) ... ok
test_target_verification_failure_is_bounded (test_github_verification.GitHubVerificationTests.test_target_verification_failure_is_bounded) ... ok
test_verification_sandbox_allows_network_cache_and_temp (test_github_verification.GitHubVerificationTests.test_verification_sandbox_allows_network_cache_and_temp) ... ok
test_corrupt_manifest_paths_fail_closed_without_side_effects (test_harness_approval.HarnessApprovalTests.test_corrupt_manifest_paths_fail_closed_without_side_effects) ... ok
test_decision_required_blocks_auto_approval (test_harness_approval.HarnessApprovalTests.test_decision_required_blocks_auto_approval) ... ok
test_deleted_planning_artifact_blocks_auto_approval (test_harness_approval.HarnessApprovalTests.test_deleted_planning_artifact_blocks_auto_approval) ... ok
test_existing_nonsoftware_queue_blocks_unrelated_auto_approval (test_harness_approval.HarnessApprovalTests.test_existing_nonsoftware_queue_blocks_unrelated_auto_approval) ... ok
test_first_sync_refuses_target_owned_path_collision (test_harness_approval.HarnessApprovalTests.test_first_sync_refuses_target_owned_path_collision) ... ok
test_global_batch_scope_blocks_auto_approval (test_harness_approval.HarnessApprovalTests.test_global_batch_scope_blocks_auto_approval) ... ok
test_global_traversal_and_git_scope_patterns_are_rejected (test_harness_approval.HarnessApprovalTests.test_global_traversal_and_git_scope_patterns_are_rejected) ... ok
test_hardware_and_manual_batches_block_auto_approval (test_harness_approval.HarnessApprovalTests.test_hardware_and_manual_batches_block_auto_approval) ... ok
test_harness_prunes_only_obsolete_generated_secret_baseline_entries (test_harness_approval.HarnessApprovalTests.test_harness_prunes_only_obsolete_generated_secret_baseline_entries) ... ok
test_indented_revision_gets_allowlist_and_grouped_provenance (test_harness_approval.HarnessApprovalTests.test_indented_revision_gets_allowlist_and_grouped_provenance) ... ok
test_managed_update_preserves_target_owned_content (test_harness_approval.HarnessApprovalTests.test_managed_update_preserves_target_owned_content) ... ok
test_product_profile_override_adopts_matching_legacy_contract (test_harness_approval.HarnessApprovalTests.test_product_profile_override_adopts_matching_legacy_contract) ... ok
test_product_profile_override_must_match_product_profile (test_harness_approval.HarnessApprovalTests.test_product_profile_override_must_match_product_profile) ... ok
test_repo_profile_reconciles_profile_source_and_revision (test_harness_approval.HarnessApprovalTests.test_repo_profile_reconciles_profile_source_and_revision) ... ok
test_second_harness_apply_is_idempotent (test_harness_approval.HarnessApprovalTests.test_second_harness_apply_is_idempotent) ... ok
test_sync_refuses_drift_in_recorded_managed_file (test_harness_approval.HarnessApprovalTests.test_sync_refuses_drift_in_recorded_managed_file) ... ok
test_force_new_creates_distinct_intake (test_intake.IntakeTests.test_force_new_creates_distinct_intake) ... ok
test_idempotent_and_verbatim (test_intake.IntakeTests.test_idempotent_and_verbatim) ... ok
test_immutable_digest_detects_rewrite (test_intake.IntakeTests.test_immutable_digest_detects_rewrite) ... ok
test_intake_path_product_and_disposition_identity_are_enforced (test_intake.IntakeTests.test_intake_path_product_and_disposition_identity_are_enforced) ... ok
test_interrupted_pair_write_leaves_no_partial_intake (test_intake.IntakeTests.test_interrupted_pair_write_leaves_no_partial_intake) ... ok
test_invalid_metadata_is_rejected_before_any_write (test_intake.IntakeTests.test_invalid_metadata_is_rejected_before_any_write) ... ok
test_invalid_priority_and_additional_property_are_rejected (test_intake.IntakeTests.test_invalid_priority_and_additional_property_are_rejected) ... ok
test_planning_disposition_does_not_rewrite_request (test_intake.IntakeTests.test_planning_disposition_does_not_rewrite_request) ... ok
test_interrupted_operation_resumes_completed_phase (test_journal_scope.JournalScopeTests.test_interrupted_operation_resumes_completed_phase) ... ok
test_planning_scope_is_limited_to_one_product (test_journal_scope.JournalScopeTests.test_planning_scope_is_limited_to_one_product) ... ok
test_traceability_links_only_changed_milestones_and_batches (test_journal_scope.JournalScopeTests.test_traceability_links_only_changed_milestones_and_batches) ... ok
test_blocked_queue_releases_unbound_lease (test_m6k_continuation.M6KContinuationTests.test_blocked_queue_releases_unbound_lease) ... ok
test_contract_comparison_rejects_broadening_but_preserves_legacy_callers (test_m6k_continuation.M6KContinuationTests.test_contract_comparison_rejects_broadening_but_preserves_legacy_callers) ... ok
test_contract_handoff_is_one_action_and_always_requires_review (test_m6k_continuation.M6KContinuationTests.test_contract_handoff_is_one_action_and_always_requires_review) ... ok
test_existing_runner_refuses_mismatched_merged_contract (test_m6k_continuation.M6KContinuationTests.test_existing_runner_refuses_mismatched_merged_contract) ... ok
test_existing_runner_resumes_exact_merged_contract_without_duplicate_pr (test_m6k_continuation.M6KContinuationTests.test_existing_runner_resumes_exact_merged_contract_without_duplicate_pr) ... ok
test_existing_runner_writes_prepared_contract_without_codex_regeneration (test_m6k_continuation.M6KContinuationTests.test_existing_runner_writes_prepared_contract_without_codex_regeneration) ... ok
test_human_gate_never_reaches_implementation (test_m6k_continuation.M6KContinuationTests.test_human_gate_never_reaches_implementation) ... ok
test_interruption_releases_both_locks_without_accepting_work (test_m6k_continuation.M6KContinuationTests.test_interruption_releases_both_locks_without_accepting_work) ... ok
test_merged_contract_dispatches_once_without_target_auto_merge (test_m6k_continuation.M6KContinuationTests.test_merged_contract_dispatches_once_without_target_auto_merge) ... ok
test_policy_changes_fail_before_dispatch (test_m6k_continuation.M6KContinuationTests.test_policy_changes_fail_before_dispatch) ... ok
test_preview_does_not_acquire_locks_or_call_execution_tools (test_m6k_continuation.M6KContinuationTests.test_preview_does_not_acquire_locks_or_call_execution_tools) ... ok
test_recovery_is_explicit_and_unexpected_merge_is_rejected (test_m6k_continuation.M6KContinuationTests.test_recovery_is_explicit_and_unexpected_merge_is_rejected) ... ok
test_registration_uses_explicit_entrypoint_and_review_modes (test_m6k_continuation.M6KContinuationTests.test_registration_uses_explicit_entrypoint_and_review_modes) ... ok
test_release_failure_still_releases_portfolio_lock (test_m6k_continuation.M6KContinuationTests.test_release_failure_still_releases_portfolio_lock) ... ok
test_sync_policy_change_stops_and_releases (test_m6k_continuation.M6KContinuationTests.test_sync_policy_change_stops_and_releases) ... ok
test_add_repo_uses_separate_control_and_target_pr_boundaries (test_operator_integration.OperatorIntegrationTests.test_add_repo_uses_separate_control_and_target_pr_boundaries) ... ok
test_automatic_current_pr_can_reenter_autopilot_for_repair (test_operator_integration.OperatorIntegrationTests.test_automatic_current_pr_can_reenter_autopilot_for_repair) ... ok
test_force_new_request_is_unique_and_interruption_resumes (test_operator_integration.OperatorIntegrationTests.test_force_new_request_is_unique_and_interruption_resumes) ... ok
test_future_batch_pr_does_not_gate_the_current_queue_frontier (test_operator_integration.OperatorIntegrationTests.test_future_batch_pr_does_not_gate_the_current_queue_frontier) ... ok
test_go_stops_at_existing_pr_when_human_review_is_required (test_operator_integration.OperatorIntegrationTests.test_go_stops_at_existing_pr_when_human_review_is_required) ... ok
test_go_stops_for_unmerged_intake_pr (test_operator_integration.OperatorIntegrationTests.test_go_stops_for_unmerged_intake_pr) ... ok
test_harness_pin_uses_synchronized_remote_hold_transitions (test_operator_integration.OperatorIntegrationTests.test_harness_pin_uses_synchronized_remote_hold_transitions) ... ok
test_onboarding_accepts_portable_installed_cli_wrapper (test_operator_integration.OperatorIntegrationTests.test_onboarding_accepts_portable_installed_cli_wrapper) ... ok
test_owned_dirty_add_repo_target_resume_is_exact (test_operator_integration.OperatorIntegrationTests.test_owned_dirty_add_repo_target_resume_is_exact) ... ok
test_plan_repairs_malformed_artifact_after_interruption (test_operator_integration.OperatorIntegrationTests.test_plan_repairs_malformed_artifact_after_interruption) ... ok
test_plan_resumes_after_partial_multi_intake_disposition (test_operator_integration.OperatorIntegrationTests.test_plan_resumes_after_partial_multi_intake_disposition) ... ok
test_plan_reuses_only_exact_reviewed_pr_state (test_operator_integration.OperatorIntegrationTests.test_plan_reuses_only_exact_reviewed_pr_state) ... ok
test_pointer_refuses_target_advance_after_verified_revision (test_operator_integration.OperatorIntegrationTests.test_pointer_refuses_target_advance_after_verified_revision) ... ok
test_sync_force_adds_ignored_managed_files_and_reuses_pr (test_operator_integration.OperatorIntegrationTests.test_sync_force_adds_ignored_managed_files_and_reuses_pr) ... ok
test_sync_leaves_owned_harness_branch_after_squash_merge (test_operator_integration.OperatorIntegrationTests.test_sync_leaves_owned_harness_branch_after_squash_merge) ... ok
test_control_guard_ignores_only_generated_python_bytecode (test_planner_repairs.PlannerRepairTests.test_control_guard_ignores_only_generated_python_bytecode) ... ok
test_onboarding_scope_allows_only_registry_plus_product (test_planner_repairs.PlannerRepairTests.test_onboarding_scope_allows_only_registry_plus_product) ... ok
test_onboarding_snapshot_excludes_ignored_runtime_trees (test_planner_repairs.PlannerRepairTests.test_onboarding_snapshot_excludes_ignored_runtime_trees) ... ok
test_onboarding_snapshot_excludes_linked_worktree_gitfile (test_planner_repairs.PlannerRepairTests.test_onboarding_snapshot_excludes_linked_worktree_gitfile) ... ok
test_one_material_review_is_repaired_and_rereviewed (test_planner_repairs.PlannerRepairTests.test_one_material_review_is_repaired_and_rereviewed) ... ok
test_repairs_stop_at_bound (test_planner_repairs.PlannerRepairTests.test_repairs_stop_at_bound) ... ok
test_export_allows_clean_submodule_checkout_ahead_of_gitlink (test_portable_checkpoints.PortableCheckpointTests.test_export_allows_clean_submodule_checkout_ahead_of_gitlink) ... ok
test_export_rejects_dirty_isolated_worker_worktree (test_portable_checkpoints.PortableCheckpointTests.test_export_rejects_dirty_isolated_worker_worktree) ... ok
test_export_rejects_uncommitted_or_unpushed_work (test_portable_checkpoints.PortableCheckpointTests.test_export_rejects_uncommitted_or_unpushed_work) ... ok
test_fresh_recursive_clone_restores_without_local_state (test_portable_checkpoints.PortableCheckpointTests.test_fresh_recursive_clone_restores_without_local_state) ... ok
test_missing_optional_gh_preserves_remote_migration_heads (test_portable_checkpoints.PortableCheckpointTests.test_missing_optional_gh_preserves_remote_migration_heads) ... ok
test_missing_required_command_is_not_optional (test_portable_checkpoints.PortableCheckpointTests.test_missing_required_command_is_not_optional) ... ok
test_restore_attaches_pushed_operation_branch (test_portable_checkpoints.PortableCheckpointTests.test_restore_attaches_pushed_operation_branch) ... ok
test_restore_reports_eligible_product_gate_from_manifest (test_portable_checkpoints.PortableCheckpointTests.test_restore_reports_eligible_product_gate_from_manifest) ... ok
test_declared_repository_and_default_branch_are_verified (test_remote_submodule_validation.RemoteSubmoduleValidationTests.test_declared_repository_and_default_branch_are_verified) ... ok
test_optional_ci_reports_remote_proof_not_enforced (test_remote_submodule_validation.RemoteSubmoduleValidationTests.test_optional_ci_reports_remote_proof_not_enforced) ... ok
test_trusted_ci_requires_cross_repository_token (test_remote_submodule_validation.RemoteSubmoduleValidationTests.test_trusted_ci_requires_cross_repository_token) ... ok
test_unreachable_gitlink_is_rejected (test_remote_submodule_validation.RemoteSubmoduleValidationTests.test_unreachable_gitlink_is_rejected) ... ok
test_allow_requires_exactly_one_product_selector (test_repository_flags.RepositoryFlagTests.test_allow_requires_exactly_one_product_selector) ... ok
test_cli_block_allow_and_flags_share_one_file (test_repository_flags.RepositoryFlagTests.test_cli_block_allow_and_flags_share_one_file) ... ok
test_manual_alias_is_canonicalized_and_invalid_status_fails_closed (test_repository_flags.RepositoryFlagTests.test_manual_alias_is_canonicalized_and_invalid_status_fails_closed) ... ok
test_materialize_and_mutate_plain_sorted_yaml (test_repository_flags.RepositoryFlagTests.test_materialize_and_mutate_plain_sorted_yaml) ... ok
test_missing_file_defaults_enabled_without_mutation (test_repository_flags.RepositoryFlagTests.test_missing_file_defaults_enabled_without_mutation) ... ok
test_automatic_existing_contract_pr_merges_exact_head (test_run_delegation.RunDelegationTests.test_automatic_existing_contract_pr_merges_exact_head) ... ok
test_automatic_existing_implementation_pr_merges_exact_head (test_run_delegation.RunDelegationTests.test_automatic_existing_implementation_pr_merges_exact_head) ... ok
test_batch_resume_comparison_ignores_provenance_history_only (test_run_delegation.RunDelegationTests.test_batch_resume_comparison_ignores_provenance_history_only) ... ok
test_direct_run_reenters_an_automatic_implementation_pr (test_run_delegation.RunDelegationTests.test_direct_run_reenters_an_automatic_implementation_pr) ... ok
test_go_continues_after_automatic_batch_merge (test_run_delegation.RunDelegationTests.test_go_continues_after_automatic_batch_merge) ... ok
test_go_delegates_owned_dirty_resume_before_sync (test_run_delegation.RunDelegationTests.test_go_delegates_owned_dirty_resume_before_sync) ... ok
test_go_does_not_normalize_unowned_harness_branch (test_run_delegation.RunDelegationTests.test_go_does_not_normalize_unowned_harness_branch) ... ok
test_go_normalizes_exact_published_harness_branch (test_run_delegation.RunDelegationTests.test_go_normalizes_exact_published_harness_branch) ... ok
test_incidental_pr_url_is_not_an_implementation_gate (test_run_delegation.RunDelegationTests.test_incidental_pr_url_is_not_an_implementation_gate) ... ok
test_merged_harness_publication_returns_to_default_branch (test_run_delegation.RunDelegationTests.test_merged_harness_publication_returns_to_default_branch) ... ok
test_nonsoftware_batch_can_never_use_merge_path (test_run_delegation.RunDelegationTests.test_nonsoftware_batch_can_never_use_merge_path) ... ok
test_owned_resume_identity_is_passed_to_authoritative_autopilot (test_run_delegation.RunDelegationTests.test_owned_resume_identity_is_passed_to_authoritative_autopilot) ... ok
test_pr_only_run_returns_approval_gate_and_next_action (test_run_delegation.RunDelegationTests.test_pr_only_run_returns_approval_gate_and_next_action) ... ok
test_run_passes_resolved_target_path_to_authoritative_autopilot (test_run_delegation.RunDelegationTests.test_run_passes_resolved_target_path_to_authoritative_autopilot) ... ok
test_run_returns_distinct_repair_blocked_gate (test_run_delegation.RunDelegationTests.test_run_returns_distinct_repair_blocked_gate) ... ok
test_run_returns_structured_autopilot_gate (test_run_delegation.RunDelegationTests.test_run_returns_structured_autopilot_gate) ... ok
test_run_wraps_authoritative_autopilot_and_passes_arguments (test_run_delegation.RunDelegationTests.test_run_wraps_authoritative_autopilot_and_passes_arguments) ... ok
test_completed_batch_is_skipped_and_queue_exhausts (test_status_queue.StatusQueueTests.test_completed_batch_is_skipped_and_queue_exhausts) ... ok
test_evidence_filename_does_not_mark_hardware_batch_complete (test_status_queue.StatusQueueTests.test_evidence_filename_does_not_mark_hardware_batch_complete) ... ok
test_hardware_batch_surfaces_stop_gate (test_status_queue.StatusQueueTests.test_hardware_batch_surfaces_stop_gate) ... ok
test_authoritative_autopilot_preserves_clean_target_gitlink_drift (test_workspace_submodules.WorkspaceSubmoduleTests.test_authoritative_autopilot_preserves_clean_target_gitlink_drift) ... Templates/Checklist — Review.md 
Grounded Growth M6E planning baseline retained at e8fcd168c391; live pointer is ffffffffffff
Contract PR opened: fixture

>>> git -C /tmp/tmpp3lsw045/portfolio-control -c submodule.recurse=false diff --name-only -z HEAD
repos/demo 

>>> git -C /tmp/tmpp3lsw045/portfolio-control -c submodule.recurse=false ls-files --others --exclude-standard -z

>>> git -C /tmp/tmpp3lsw045/portfolio-control -c submodule.recurse=false status --porcelain=v1 -uall --ignore-submodules=none
 M repos/demo

>>> git -C /tmp/tmpp3lsw045/portfolio-control -c submodule.recurse=false ls-files --stage
100644 0afdbc699d6beca57fe48d38c76e31a0edd523c4 0	.gitignore
100644 a552532da9af776c3e206813208b072236595d02 0	.gitmodules
100644 70cb24745be39fdb191996ce7bb94b62b73ba96d 0	AGENTS.md
100644 8d33e0b56d466e568f26ae94c02212cb5a3ea41c 0	contracts/automation.schema.json
100644 8d33e0b56d466e568f26ae94c02212cb5a3ea41c 0	contracts/batch.schema.json
100644 8d33e0b56d466e568f26ae94c02212cb5a3ea41c 0	contracts/ci-diagnosis.schema.json
100644 8d33e0b56d466e568f26ae94c02212cb5a3ea41c 0	contracts/evidence.schema.json
100644 8d33e0b56d466e568f26ae94c02212cb5a3ea41c 0	contracts/intake-disposition.schema.json
100644 8d33e0b56d466e568f26ae94c02212cb5a3ea41c 0	contracts/intake.schema.json
100644 8d33e0b56d466e568f26ae94c02212cb5a3ea41c 0	contracts/planner-review.schema.json
100644 77fb1e336997efbcdadb32810a045a491e3052ea 0	portfolio.yaml
100644 0805455a24b6c68fbc38d0fa5d121f735984285d 0	products/demo/PRD.md
100644 3b41ef8f3a3ef82b3615dda1381d57bde56045bb 0	products/demo/automation.json
100644 3135538319ebaaa1aa2610d8a2a98d73e0dd0056 0	products/demo/product.yaml
100644 417e67dac84904f908bd2fd1e3f0a8679c6959ae 0	products/demo/roadmap.yaml
100644 23d753581f989fbba89183c551b44bcce7fc0b54 0	profiles/assurance.yaml
160000 c5461de8ed17d44ae7f4251df7a57e2eafa01ecf 0	repos/demo
100644 c129479b3561006a9a7f9bb6dfd116c35208ab13 0	scripts/roadmap_autopilot.py
100644 09e80d4e8c49b772b0b58cfc7a164afe3cfac23c 0	shared-skills/verify-change/SKILL.md
100644 3002e3245833c90af5e283ce90e2c1cf0dcc1d4d 0	shared-workflows/pr-risk-review.md
100644 0267c13f926da95c69c7bc85dae0a534b013ffc5 0	templates/harness/manifest.json
100644 3b2f1c34951e81f2a7456b85c96c3cb21059785d 0	templates/prompts/portfolio-plan-repair.md
100644 54aaa262ddcd5ea79b6e467eb024727112d2bcf3 0	templates/prompts/portfolio-plan-review.md
100644 b471e93b78d069cca95faef1824426892732db81 0	templates/prompts/portfolio-plan-summary.md
100644 87ffd55a796e69d5a072f1a3c1f9cc1b5accd753 0	templates/prompts/portfolio-planner.md
100644 6cdd359d567271bc74b4d0d83281cee37962ac02 0	templates/prompts/portfolio-target-onboarding.md
100644 1accdf2d85da780b0a0ef294fe033af73492e609 0	templates/prompts/repo-onboarding.md

>>> git -C /tmp/tmpp3lsw045/portfolio-control/repos/demo -c submodule.recurse=false status --porcelain=v1 -uall --ignore-submodules=none

>>> git -C /tmp/tmpp3lsw045/portfolio-control -c submodule.recurse=false status --porcelain=v1 -uall --ignore-submodules=none
 M repos/demo

>>> git -C /tmp/tmpp3lsw045/portfolio-control -c submodule.recurse=false status --porcelain=v1 -uall --ignore-submodules=none
 M repos/demo

>>> git -C /tmp/tmpp3lsw045/portfolio-control -c submodule.recurse=false ls-files --stage
100644 0afdbc699d6beca57fe48d38c76e31a0edd523c4 0	.gitignore
100644 a552532da9af776c3e206813208b072236595d02 0	.gitmodules
100644 70cb24745be39fdb191996ce7bb94b62b73ba96d 0	AGENTS.md
100644 8d33e0b56d466e568f26ae94c02212cb5a3ea41c 0	contracts/automation.schema.json
100644 8d33e0b56d466e568f26ae94c02212cb5a3ea41c 0	contracts/batch.schema.json
100644 8d33e0b56d466e568f26ae94c02212cb5a3ea41c 0	contracts/ci-diagnosis.schema.json
100644 8d33e0b56d466e568f26ae94c02212cb5a3ea41c 0	contracts/evidence.schema.json
100644 8d33e0b56d466e568f26ae94c02212cb5a3ea41c 0	contracts/intake-disposition.schema.json
100644 8d33e0b56d466e568f26ae94c02212cb5a3ea41c 0	contracts/intake.schema.json
100644 8d33e0b56d466e568f26ae94c02212cb5a3ea41c 0	contracts/planner-review.schema.json
100644 77fb1e336997efbcdadb32810a045a491e3052ea 0	portfolio.yaml
100644 0805455a24b6c68fbc38d0fa5d121f735984285d 0	products/demo/PRD.md
100644 3b41ef8f3a3ef82b3615dda1381d57bde56045bb 0	products/demo/automation.json
100644 3135538319ebaaa1aa2610d8a2a98d73e0dd0056 0	products/demo/product.yaml
100644 417e67dac84904f908bd2fd1e3f0a8679c6959ae 0	products/demo/roadmap.yaml
100644 23d753581f989fbba89183c551b44bcce7fc0b54 0	profiles/assurance.yaml
160000 c5461de8ed17d44ae7f4251df7a57e2eafa01ecf 0	repos/demo
100644 c129479b3561006a9a7f9bb6dfd116c35208ab13 0	scripts/roadmap_autopilot.py
100644 09e80d4e8c49b772b0b58cfc7a164afe3cfac23c 0	shared-skills/verify-change/SKILL.md
100644 3002e3245833c90af5e283ce90e2c1cf0dcc1d4d 0	shared-workflows/pr-risk-review.md
100644 0267c13f926da95c69c7bc85dae0a534b013ffc5 0	templates/harness/manifest.json
100644 3b2f1c34951e81f2a7456b85c96c3cb21059785d 0	templates/prompts/portfolio-plan-repair.md
100644 54aaa262ddcd5ea79b6e467eb024727112d2bcf3 0	templates/prompts/portfolio-plan-review.md
100644 b471e93b78d069cca95faef1824426892732db81 0	templates/prompts/portfolio-plan-summary.md
100644 87ffd55a796e69d5a072f1a3c1f9cc1b5accd753 0	templates/prompts/portfolio-planner.md
100644 6cdd359d567271bc74b4d0d83281cee37962ac02 0	templates/prompts/portfolio-target-onboarding.md
100644 1accdf2d85da780b0a0ef294fe033af73492e609 0	templates/prompts/repo-onboarding.md

>>> git -C /tmp/tmpp3lsw045/portfolio-control/repos/demo -c submodule.recurse=false status --porcelain=v1 -uall --ignore-submodules=none

>>> git -C /tmp/tmpp3lsw045/portfolio-control -c submodule.recurse=false fetch --prune origin

>>> git -C /tmp/tmpp3lsw045/portfolio-control -c submodule.recurse=false branch --show-current
main

>>> git -C /tmp/tmpp3lsw045/portfolio-control -c submodule.recurse=false merge --ff-only origin/main
Already up to date.
ok
test_bootstrap_can_explicitly_preview_missing_external_fallback (test_workspace_submodules.WorkspaceSubmoduleTests.test_bootstrap_can_explicitly_preview_missing_external_fallback) ... ok
test_bootstrap_dry_run_has_no_mutations (test_workspace_submodules.WorkspaceSubmoduleTests.test_bootstrap_dry_run_has_no_mutations) ... ok
test_bootstrap_initializes_exact_revision_without_touching_sibling (test_workspace_submodules.WorkspaceSubmoduleTests.test_bootstrap_initializes_exact_revision_without_touching_sibling) ... ok
test_bootstrap_never_detaches_an_initialized_target_ahead_of_pointer (test_workspace_submodules.WorkspaceSubmoduleTests.test_bootstrap_never_detaches_an_initialized_target_ahead_of_pointer) ... ok
test_bootstrap_refuses_initialized_submodule_remote_mismatch (test_workspace_submodules.WorkspaceSubmoduleTests.test_bootstrap_refuses_initialized_submodule_remote_mismatch) ... ok
test_clean_submodule_drift_is_not_a_control_plane_edit (test_workspace_submodules.WorkspaceSubmoduleTests.test_clean_submodule_drift_is_not_a_control_plane_edit) ... ok
test_cli_bootstrap_dry_run_and_migration_plan_are_read_only (test_workspace_submodules.WorkspaceSubmoduleTests.test_cli_bootstrap_dry_run_and_migration_plan_are_read_only) ... ok
test_detached_head_is_safely_normalized_and_pointer_drift_reported (test_workspace_submodules.WorkspaceSubmoduleTests.test_detached_head_is_safely_normalized_and_pointer_drift_reported) ... ok
test_dirty_and_active_feature_branch_are_never_discarded (test_workspace_submodules.WorkspaceSubmoduleTests.test_dirty_and_active_feature_branch_are_never_discarded) ... ok
test_explicit_and_user_config_overrides_take_precedence (test_workspace_submodules.WorkspaceSubmoduleTests.test_explicit_and_user_config_overrides_take_precedence) ... ok
test_go_defers_stale_pointer_while_implementation_pr_is_open (test_workspace_submodules.WorkspaceSubmoduleTests.test_go_defers_stale_pointer_while_implementation_pr_is_open) ... ok
test_go_reconciles_pointer_after_already_observed_target_merge (test_workspace_submodules.WorkspaceSubmoduleTests.test_go_reconciles_pointer_after_already_observed_target_merge) ... ok
test_interrupted_staged_pointer_operation_resumes (test_workspace_submodules.WorkspaceSubmoduleTests.test_interrupted_staged_pointer_operation_resumes) ... ok
test_isolated_sync_keeps_target_detached_when_main_is_owned_elsewhere (test_workspace_submodules.WorkspaceSubmoduleTests.test_isolated_sync_keeps_target_detached_when_main_is_owned_elsewhere) ... ok
test_migration_plan_treats_no_upstream_work_as_unsafe (test_workspace_submodules.WorkspaceSubmoduleTests.test_migration_plan_treats_no_upstream_work_as_unsafe) ... ok
test_non_fast_forward_target_history_requires_manual_review (test_workspace_submodules.WorkspaceSubmoduleTests.test_non_fast_forward_target_history_requires_manual_review) ... ok
test_noop_pointer_reconciliation_is_synchronized (test_workspace_submodules.WorkspaceSubmoduleTests.test_noop_pointer_reconciliation_is_synchronized) ... ok
test_onboarding_reuses_existing_repository_registry_alias (test_workspace_submodules.WorkspaceSubmoduleTests.test_onboarding_reuses_existing_repository_registry_alias) ... ok
test_pointer_only_staging_rejects_unrelated_gitlink (test_workspace_submodules.WorkspaceSubmoduleTests.test_pointer_only_staging_rejects_unrelated_gitlink) ... ok
test_reconcile_all_requires_explicit_confirmation (test_workspace_submodules.WorkspaceSubmoduleTests.test_reconcile_all_requires_explicit_confirmation) ... ok
test_status_blocks_unrelated_active_and_unsafe_detached_heads (test_workspace_submodules.WorkspaceSubmoduleTests.test_status_blocks_unrelated_active_and_unsafe_detached_heads) ... ok
test_status_json_distinguishes_all_git_layers (test_workspace_submodules.WorkspaceSubmoduleTests.test_status_json_distinguishes_all_git_layers) ... ok
test_target_feature_branch_lives_inside_submodule_only (test_workspace_submodules.WorkspaceSubmoduleTests.test_target_feature_branch_lives_inside_submodule_only) ... ok
test_target_merge_then_pointer_pr_is_separate_and_reused (test_workspace_submodules.WorkspaceSubmoduleTests.test_target_merge_then_pointer_pr_is_separate_and_reused) ... ok
test_uninitialized_submodule_uses_sibling_fallback (test_workspace_submodules.WorkspaceSubmoduleTests.test_uninitialized_submodule_uses_sibling_fallback) ... 
>>> git -C /tmp/tmpfwcstu_9/portfolio-control -c submodule.recurse=false diff --name-only -z HEAD
repos/demo 

>>> git -C /tmp/tmpfwcstu_9/portfolio-control -c submodule.recurse=false ls-files --others --exclude-standard -z

>>> git -C /tmp/tmpfwcstu_9/portfolio-control -c submodule.recurse=false status --porcelain=v1 -uall --ignore-submodules=none
 D repos/demo

>>> git -C /tmp/tmpfwcstu_9/portfolio-control -c submodule.recurse=false ls-files --stage
100644 0afdbc699d6beca57fe48d38c76e31a0edd523c4 0	.gitignore
100644 a552532da9af776c3e206813208b072236595d02 0	.gitmodules
100644 70cb24745be39fdb191996ce7bb94b62b73ba96d 0	AGENTS.md
100644 8d33e0b56d466e568f26ae94c02212cb5a3ea41c 0	contracts/automation.schema.json
100644 8d33e0b56d466e568f26ae94c02212cb5a3ea41c 0	contracts/batch.schema.json
100644 8d33e0b56d466e568f26ae94c02212cb5a3ea41c 0	contracts/ci-diagnosis.schema.json
100644 8d33e0b56d466e568f26ae94c02212cb5a3ea41c 0	contracts/evidence.schema.json
100644 8d33e0b56d466e568f26ae94c02212cb5a3ea41c 0	contracts/intake-disposition.schema.json
100644 8d33e0b56d466e568f26ae94c02212cb5a3ea41c 0	contracts/intake.schema.json
100644 8d33e0b56d466e568f26ae94c02212cb5a3ea41c 0	contracts/planner-review.schema.json
100644 77fb1e336997efbcdadb32810a045a491e3052ea 0	portfolio.yaml
100644 0805455a24b6c68fbc38d0fa5d121f735984285d 0	products/demo/PRD.md
100644 3b41ef8f3a3ef82b3615dda1381d57bde56045bb 0	products/demo/automation.json
100644 3135538319ebaaa1aa2610d8a2a98d73e0dd0056 0	products/demo/product.yaml
100644 417e67dac84904f908bd2fd1e3f0a8679c6959ae 0	products/demo/roadmap.yaml
100644 23d753581f989fbba89183c551b44bcce7fc0b54 0	profiles/assurance.yaml
160000 049d15a4c05b0a21ad6164ca421235de35ff870c 0	repos/demo
100644 c129479b3561006a9a7f9bb6dfd116c35208ab13 0	scripts/roadmap_autopilot.py
100644 09e80d4e8c49b772b0b58cfc7a164afe3cfac23c 0	shared-skills/verify-change/SKILL.md
100644 3002e3245833c90af5e283ce90e2c1cf0dcc1d4d 0	shared-workflows/pr-risk-review.md
100644 0267c13f926da95c69c7bc85dae0a534b013ffc5 0	templates/harness/manifest.json
100644 3b2f1c34951e81f2a7456b85c96c3cb21059785d 0	templates/prompts/portfolio-plan-repair.md
100644 54aaa262ddcd5ea79b6e467eb024727112d2bcf3 0	templates/prompts/portfolio-plan-review.md
100644 b471e93b78d069cca95faef1824426892732db81 0	templates/prompts/portfolio-plan-summary.md
100644 87ffd55a796e69d5a072f1a3c1f9cc1b5accd753 0	templates/prompts/portfolio-planner.md
100644 6cdd359d567271bc74b4d0d83281cee37962ac02 0	templates/prompts/portfolio-target-onboarding.md
100644 1accdf2d85da780b0a0ef294fe033af73492e609 0	templates/prompts/repo-onboarding.md

>>> git -C /tmp/tmpfwcstu_9/portfolio-control -c submodule.recurse=false ls-tree HEAD -- repos/demo
ok

----------------------------------------------------------------------
Ran 252 tests in 85.546s

OK (skipped=1)
160000 commit 049d15a4c05b0a21ad6164ca421235de35ff870c	repos/demo
test_all_validation_modes (test_pack.ProductPackTests.test_all_validation_modes) ... ok
test_bootstrap_provenance_is_distinct_from_srr_revision (test_pack.ProductPackTests.test_bootstrap_provenance_is_distinct_from_srr_revision) ... ok
test_catalogs_are_closed (test_pack.ProductPackTests.test_catalogs_are_closed) ... ok
test_first_connection_and_waiver_boundaries (test_pack.ProductPackTests.test_first_connection_and_waiver_boundaries) ... ok
test_lifecycle_snapshot_is_truthful (test_pack.ProductPackTests.test_lifecycle_snapshot_is_truthful) ... ok
test_m00_is_replay_not_historical_completion (test_pack.ProductPackTests.test_m00_is_replay_not_historical_completion) ... ok

----------------------------------------------------------------------
Ran 6 tests in 1.117s

OK
test_accepts_complete_merged_read_only_boundary (test_verify_plan_baseline.PlanBaselineVerifierTests.test_accepts_complete_merged_read_only_boundary) ... ok
test_accepts_strict_https_and_ssh_remote_forms (test_verify_plan_baseline.PlanBaselineVerifierTests.test_accepts_strict_https_and_ssh_remote_forms) ... ok
test_rejects_absent_active_onboarding_hold (test_verify_plan_baseline.PlanBaselineVerifierTests.test_rejects_absent_active_onboarding_hold) ... ok
test_rejects_absent_managed_path (test_verify_plan_baseline.PlanBaselineVerifierTests.test_rejects_absent_managed_path) ... ok
test_rejects_absent_or_malformed_registry_pointer (test_verify_plan_baseline.PlanBaselineVerifierTests.test_rejects_absent_or_malformed_registry_pointer) ... ok
test_rejects_additional_or_substituted_project_skill (test_verify_plan_baseline.PlanBaselineVerifierTests.test_rejects_additional_or_substituted_project_skill) ... ok
test_rejects_adversarial_target_and_control_origins (test_verify_plan_baseline.PlanBaselineVerifierTests.test_rejects_adversarial_target_and_control_origins) ... ok
test_rejects_digest_drift (test_verify_plan_baseline.PlanBaselineVerifierTests.test_rejects_digest_drift) ... ok
test_rejects_dirty_detached_diverged_and_non_main_target (test_verify_plan_baseline.PlanBaselineVerifierTests.test_rejects_dirty_detached_diverged_and_non_main_target) ... ok
test_rejects_drifted_reviewed_structural_artifact_classes (test_verify_plan_baseline.PlanBaselineVerifierTests.test_rejects_drifted_reviewed_structural_artifact_classes) ... ok
test_rejects_gitlink_not_equal_to_target_head (test_verify_plan_baseline.PlanBaselineVerifierTests.test_rejects_gitlink_not_equal_to_target_head) ... ok
test_rejects_incomplete_standard_harness (test_verify_plan_baseline.PlanBaselineVerifierTests.test_rejects_incomplete_standard_harness) ... ok
test_rejects_invalid_lifecycle_disposition (test_verify_plan_baseline.PlanBaselineVerifierTests.test_rejects_invalid_lifecycle_disposition) ... ok
test_rejects_malformed_active_onboarding_hold (test_verify_plan_baseline.PlanBaselineVerifierTests.test_rejects_malformed_active_onboarding_hold) ... ok
test_rejects_malformed_harness (test_verify_plan_baseline.PlanBaselineVerifierTests.test_rejects_malformed_harness) ... ok
test_rejects_missing_symlinked_or_mode_changed_structural_artifact (test_verify_plan_baseline.PlanBaselineVerifierTests.test_rejects_missing_symlinked_or_mode_changed_structural_artifact) ... ok
test_rejects_pack_mismatch_and_incomplete_manifest (test_verify_plan_baseline.PlanBaselineVerifierTests.test_rejects_pack_mismatch_and_incomplete_manifest) ... ok
test_rejects_replaced_active_onboarding_hold (test_verify_plan_baseline.PlanBaselineVerifierTests.test_rejects_replaced_active_onboarding_hold) ... ok
test_rejects_schema_and_plan_inconsistent_lifecycle_dispositions (test_verify_plan_baseline.PlanBaselineVerifierTests.test_rejects_schema_and_plan_inconsistent_lifecycle_dispositions) ... ok
test_rejects_semantically_wrong_profile_source (test_verify_plan_baseline.PlanBaselineVerifierTests.test_rejects_semantically_wrong_profile_source) ... ok
test_rejects_symlinked_harness (test_verify_plan_baseline.PlanBaselineVerifierTests.test_rejects_symlinked_harness) ... ok
test_rejects_target_commit_appended_after_harness_successor (test_verify_plan_baseline.PlanBaselineVerifierTests.test_rejects_target_commit_appended_after_harness_successor) ... ok
test_rejects_unavailable_control_revision (test_verify_plan_baseline.PlanBaselineVerifierTests.test_rejects_unavailable_control_revision) ... ok
test_rejects_uncommitted_active_onboarding_hold (test_verify_plan_baseline.PlanBaselineVerifierTests.test_rejects_uncommitted_active_onboarding_hold) ... ok
test_rejects_uncommitted_harness (test_verify_plan_baseline.PlanBaselineVerifierTests.test_rejects_uncommitted_harness) ... ok
test_rejects_unmerged_control_revision (test_verify_plan_baseline.PlanBaselineVerifierTests.test_rejects_unmerged_control_revision) ... ok
test_rejects_weakened_active_onboarding_hold (test_verify_plan_baseline.PlanBaselineVerifierTests.test_rejects_weakened_active_onboarding_hold) ... ok
test_rejects_wrong_product_and_profile (test_verify_plan_baseline.PlanBaselineVerifierTests.test_rejects_wrong_product_and_profile) ... ok
test_rejects_wrong_target_origin (test_verify_plan_baseline.PlanBaselineVerifierTests.test_rejects_wrong_target_origin) ... ok
test_adapter_review_is_blocked_until_selection_amends_dependencies (test_verify_plan_baseline.RepairedRoadmapContractTests.test_adapter_review_is_blocked_until_selection_amends_dependencies) ... ok
test_artifact_identity_transition_is_dependency_enforced (test_verify_plan_baseline.RepairedRoadmapContractTests.test_artifact_identity_transition_is_dependency_enforced) ... ok
test_post_onboarding_queue_keeps_safe_harness_preflight (test_verify_plan_baseline.RepairedRoadmapContractTests.test_post_onboarding_queue_keeps_safe_harness_preflight) ... ok
test_release_item_dag_enforces_representative_migrations (test_verify_plan_baseline.RepairedRoadmapContractTests.test_release_item_dag_enforces_representative_migrations) ... ok

----------------------------------------------------------------------
Ran 33 tests in 52.449s

OK
test_changed_source_bytes_cannot_produce_a_verified_inventory (test_flipper_activation.FlipperActivationTests.test_changed_source_bytes_cannot_produce_a_verified_inventory) ... ok
test_entry_inventory_cannot_be_mistaken_for_closed_implementation (test_flipper_activation.FlipperActivationTests.test_entry_inventory_cannot_be_mistaken_for_closed_implementation) ... ok
test_multiline_registration_and_rpc_tag_are_separate_universes (test_flipper_activation.FlipperActivationTests.test_multiline_registration_and_rpc_tag_are_separate_universes) ... ok
test_proto_defaults_fields_and_nanopb_bounds_are_not_lost (test_flipper_activation.FlipperActivationTests.test_proto_defaults_fields_and_nanopb_bounds_are_not_lost) ... ok
test_upstream_application_manifest_is_never_executed (test_flipper_activation.FlipperActivationTests.test_upstream_application_manifest_is_never_executed) ... ok
test_wrong_protobuf_gitlink_is_rejected (test_flipper_activation.FlipperActivationTests.test_wrong_protobuf_gitlink_is_rejected) ... ok
test_wrong_source_commit_is_rejected (test_flipper_activation.FlipperActivationTests.test_wrong_source_commit_is_rejected) ... ok
test_comments_do_not_create_dispatches_or_remove_string_literals (test_marauder_source_inventory.MarauderSourceInventoryTests.test_comments_do_not_create_dispatches_or_remove_string_literals) ... ok
test_every_pinned_file_and_lexical_universe_is_checked (test_marauder_source_inventory.MarauderSourceInventoryTests.test_every_pinned_file_and_lexical_universe_is_checked) ... ok
test_legacy_help_fingerprint_is_retained (test_marauder_source_inventory.MarauderSourceInventoryTests.test_legacy_help_fingerprint_is_retained) ... ok
test_missing_duplicate_and_extra_reviews_fail (test_marauder_source_inventory.MarauderSourceInventoryTests.test_missing_duplicate_and_extra_reviews_fail) ... ok
test_no_completion_promotion (test_marauder_source_inventory.MarauderSourceInventoryTests.test_no_completion_promotion) ... ok
test_unknown_and_duplicate_dispatch_fail (test_marauder_source_inventory.MarauderSourceInventoryTests.test_unknown_and_duplicate_dispatch_fail) ... ok
test_valid_entry_inventory_remains_incomplete (test_marauder_source_inventory.MarauderSourceInventoryTests.test_valid_entry_inventory_remains_incomplete) ... ok
test_wrong_commit_and_dirty_checkout_rejected_before_read (test_marauder_source_inventory.MarauderSourceInventoryTests.test_wrong_commit_and_dirty_checkout_rejected_before_read) ... ok

----------------------------------------------------------------------
Ran 15 tests in 0.068s

OK
Control plane validation passed.
