-- The C compiler identification is Clang 14.0.6
-- The CXX compiler identification is Clang 14.0.6
-- Detecting C compiler ABI info
-- Detecting C compiler ABI info - done
-- Check for working C compiler: /usr/bin/clang-14 - skipped
-- Detecting C compile features
-- Detecting C compile features - done
-- Detecting CXX compiler ABI info
-- Detecting CXX compiler ABI info - done
-- Check for working CXX compiler: /usr/bin/clang++-14 - skipped
-- Detecting CXX compile features
-- Detecting CXX compile features - done
-- Performing Test CMAKE_HAVE_LIBC_PTHREAD
-- Performing Test CMAKE_HAVE_LIBC_PTHREAD - Success
-- Found Threads: TRUE  
-- Found Python3: /home/kbianco/.local/bin/python3.12 (found version "3.12.13") found components: Interpreter 
-- Configuring done
-- Generating done
CMake Warning:
  Manually-specified variables were not used by the project:

    SIM_DOWNLOAD_GTEST


-- Build files have been written to: /home/kbianco/.local/share/portfolio-control/worktrees/targets/cpp-rt-car-m26-03r/build/m26-03r-assurance/static
3 warnings generated.
Suppressed 3 warnings (3 with check filters).
6 warnings generated.
Suppressed 6 warnings (6 with check filters).
6 warnings generated.
Suppressed 6 warnings (6 with check filters).
4 warnings generated.
Suppressed 4 warnings (4 with check filters).
6 warnings generated.
Suppressed 6 warnings (6 with check filters).
6 warnings generated.
Suppressed 6 warnings (6 with check filters).
6 warnings generated.
Suppressed 6 warnings (6 with check filters).
6 warnings generated.
Suppressed 6 warnings (6 with check filters).
4 warnings generated.
Suppressed 4 warnings (4 with check filters).
4 warnings generated.
Suppressed 4 warnings (4 with check filters).
6 warnings generated.
Suppressed 6 warnings (6 with check filters).
6 warnings generated.
Suppressed 6 warnings (6 with check filters).
6 warnings generated.
Suppressed 6 warnings (6 with check filters).
6 warnings generated.
Suppressed 6 warnings (6 with check filters).
6 warnings generated.
Suppressed 6 warnings (6 with check filters).
6 warnings generated.
Suppressed 6 warnings (6 with check filters).
6 warnings generated.
Suppressed 6 warnings (6 with check filters).
6 warnings generated.
Suppressed 6 warnings (6 with check filters).
4 warnings generated.
Suppressed 4 warnings (4 with check filters).
6 warnings generated.
Suppressed 6 warnings (6 with check filters).
6 warnings generated.
Suppressed 6 warnings (6 with check filters).
6 warnings generated.
Suppressed 6 warnings (6 with check filters).
6 warnings generated.
Suppressed 6 warnings (6 with check filters).
6 warnings generated.
Suppressed 6 warnings (6 with check filters).
6 warnings generated.
Suppressed 6 warnings (6 with check filters).
6 warnings generated.
Suppressed 6 warnings (6 with check filters).
6 warnings generated.
Suppressed 6 warnings (6 with check filters).
6 warnings generated.
Suppressed 6 warnings (6 with check filters).
6 warnings generated.
Suppressed 6 warnings (6 with check filters).
6 warnings generated.
Suppressed 6 warnings (6 with check filters).
6 warnings generated.
Suppressed 6 warnings (6 with check filters).
6 warnings generated.
Suppressed 6 warnings (6 with check filters).
6 warnings generated.
Suppressed 6 warnings (6 with check filters).
5 warnings generated.
Suppressed 5 warnings (5 with check filters).
6 warnings generated.
12 warnings generated.
Suppressed 12 warnings (12 with check filters).
6 warnings generated.
12 warnings generated.
Suppressed 12 warnings (12 with check filters).
Portable static analysis OK: 36 translation units
portable assurance mode=static completed build_dir=/home/kbianco/.local/share/portfolio-control/worktrees/targets/cpp-rt-car-m26-03r/build/m26-03r-assurance
