Running main() from /home/kbianco/.local/share/portfolio-control/worktrees/targets/cpp-rt-car-m26-03r/external/googletest/googletest/src/gtest_main.cc
Note: Google Test filter = CommandBatch.*:RateDispatch.*:MixedRateReplay.*
[==========] Running 60 tests from 3 test suites.
[----------] Global test environment set-up.
[----------] 38 tests from CommandBatch
[ RUN      ] CommandBatch.GraphPublicationObservesRetiredBatch
[       OK ] CommandBatch.GraphPublicationObservesRetiredBatch (0 ms)
[ RUN      ] CommandBatch.GraphPublicationCannotRetireTheNextOccupant
[       OK ] CommandBatch.GraphPublicationCannotRetireTheNextOccupant (0 ms)
[ RUN      ] CommandBatch.RetirementCapturesMetadataBeforeSlotReuse
[       OK ] CommandBatch.RetirementCapturesMetadataBeforeSlotReuse (0 ms)
[ RUN      ] CommandBatch.PreviouslyReleasedGraphStillRetiresOnce
[       OK ] CommandBatch.PreviouslyReleasedGraphStillRetiresOnce (0 ms)
[ RUN      ] CommandBatch.NotificationAfterEmptySelectionDoesNotParkWithQueuedWork
[       OK ] CommandBatch.NotificationAfterEmptySelectionDoesNotParkWithQueuedWork (2 ms)
[ RUN      ] CommandBatch.SubmissionSelectionAndStopDoNotPark
[       OK ] CommandBatch.SubmissionSelectionAndStopDoNotPark (0 ms)
[ RUN      ] CommandBatch.PublicConstantsLayoutsDefaultsAndAggregatePrefixAreExact
[       OK ] CommandBatch.PublicConstantsLayoutsDefaultsAndAggregatePrefixAreExact (0 ms)
[ RUN      ] CommandBatch.DeviceRateModelCompilesInspectsAccountsAndStarts
[       OK ] CommandBatch.DeviceRateModelCompilesInspectsAccountsAndStarts (28 ms)
[ RUN      ] CommandBatch.CpuToDeviceCrossRatePayloadIsCopiedBeforeProvider
[       OK ] CommandBatch.CpuToDeviceCrossRatePayloadIsCopiedBeforeProvider (31 ms)
[ RUN      ] CommandBatch.DeviceToCpuCrossRatePayloadPublishesOnlyOnCompletion
[       OK ] CommandBatch.DeviceToCpuCrossRatePayloadPublishesOnlyOnCompletion (34 ms)
[ RUN      ] CommandBatch.ActiveRateDispatchOverlapsIndependentDeviceReleases
[       OK ] CommandBatch.ActiveRateDispatchOverlapsIndependentDeviceReleases (33 ms)
[ RUN      ] CommandBatch.ActiveRateTimeoutIsCanceledOnceAndLateCompletionIsQuarantined
[       OK ] CommandBatch.ActiveRateTimeoutIsCanceledOnceAndLateCompletionIsQuarantined (31 ms)
[ RUN      ] CommandBatch.DeviceRateBindingRejectsLegacyAndSupportsCorrection
[       OK ] CommandBatch.DeviceRateBindingRejectsLegacyAndSupportsCorrection (11 ms)
[ RUN      ] CommandBatch.DeviceRateIdentityIsCanonicalAndIncludesAdmissionPolicy
[       OK ] CommandBatch.DeviceRateIdentityIsCanonicalAndIncludesAdmissionPolicy (27 ms)
[ RUN      ] CommandBatch.ExtensionDiscoveryRejectsMalformedAndPartialResults
[       OK ] CommandBatch.ExtensionDiscoveryRejectsMalformedAndPartialResults (8 ms)
[ RUN      ] CommandBatch.CapabilityDiscoverySeedsExactHeaderRejectsMalformedAndRetriesCleanly
[       OK ] CommandBatch.CapabilityDiscoverySeedsExactHeaderRejectsMalformedAndRetriesCleanly (28 ms)
[ RUN      ] CommandBatch.TimelineRegistrationIsBoundedFrozenAndInstanceIsolated
[       OK ] CommandBatch.TimelineRegistrationIsBoundedFrozenAndInstanceIsolated (6 ms)
[ RUN      ] CommandBatch.ResourceBoundsRejectSeventeenthTimelineAndNinthPhase
[       OK ] CommandBatch.ResourceBoundsRejectSeventeenthTimelineAndNinthPhase (5 ms)
[ RUN      ] CommandBatch.DispatchCompletesOnSubmissionAndServiceLanes
[       OK ] CommandBatch.DispatchCompletesOnSubmissionAndServiceLanes (25 ms)
[ RUN      ] CommandBatch.RepeatedSubmissionLifecyclesKeepIndependentOwnersDrained
[       OK ] CommandBatch.RepeatedSubmissionLifecyclesKeepIndependentOwnersDrained (794 ms)
[ RUN      ] CommandBatch.PriorAcceptedWaitMayAdvanceTheSameTimeline
[       OK ] CommandBatch.PriorAcceptedWaitMayAdvanceTheSameTimeline (24 ms)
[ RUN      ] CommandBatch.SubmitErrorsAndExceptionsProduceOneTerminalResult
[       OK ] CommandBatch.SubmitErrorsAndExceptionsProduceOneTerminalResult (42 ms)
[ RUN      ] CommandBatch.ProviderAndCompletionFailuresAreTerminalWithoutPublication
[       OK ] CommandBatch.ProviderAndCompletionFailuresAreTerminalWithoutPublication (50 ms)
[ RUN      ] CommandBatch.TimeoutCancelsAndBlockedSubmitIsReleasedByStopRequest
[       OK ] CommandBatch.TimeoutCancelsAndBlockedSubmitIsReleasedByStopRequest (48 ms)
[ RUN      ] CommandBatch.SaturationAcceptsOnlyTheFixedPrefixWithoutRetryOrSpill
[       OK ] CommandBatch.SaturationAcceptsOnlyTheFixedPrefixWithoutRetryOrSpill (37 ms)
[ RUN      ] CommandBatch.ExplicitFlushAndInvalidateOrderIsRequiredAndPreserved
[       OK ] CommandBatch.ExplicitFlushAndInvalidateOrderIsRequiredAndPreserved (52 ms)
[ RUN      ] CommandBatch.ActiveSubmitFailureRetiresWhileTimeoutLaneObserves
[       OK ] CommandBatch.ActiveSubmitFailureRetiresWhileTimeoutLaneObserves (1590 ms)
[ RUN      ] CommandBatch.SimulationHostDelayPreservesLogicalBudget
[       OK ] CommandBatch.SimulationHostDelayPreservesLogicalBudget (44 ms)
[ RUN      ] CommandBatch.SimulationDefaultPathNegativeControlRetainsWallDeadline
[       OK ] CommandBatch.SimulationDefaultPathNegativeControlRetainsWallDeadline (33 ms)
[ RUN      ] CommandBatch.SimulationFrozenClockStillHasFiniteWatchdog
[       OK ] CommandBatch.SimulationFrozenClockStillHasFiniteWatchdog (78 ms)
[ RUN      ] CommandBatch.SimulationLogicalExpiryCannotPublishLateCompletion
[       OK ] CommandBatch.SimulationLogicalExpiryCannotPublishLateCompletion (81 ms)
[ RUN      ] CommandBatch.SimulationSubmittingAndEarlyCompletionRetainOwnership
[       OK ] CommandBatch.SimulationSubmittingAndEarlyCompletionRetainOwnership (175 ms)
[ RUN      ] CommandBatch.SimulationCleanupFailuresKeepOwnershipForRetry
[       OK ] CommandBatch.SimulationCleanupFailuresKeepOwnershipForRetry (84 ms)
[ RUN      ] CommandBatch.SimulationPolicyValidationReplacementAndFrozenMutation
[       OK ] CommandBatch.SimulationPolicyValidationReplacementAndFrozenMutation (8 ms)
[ RUN      ] CommandBatch.SimulationNativeCapabilityCannotOptIn
[       OK ] CommandBatch.SimulationNativeCapabilityCannotOptIn (8 ms)
[ RUN      ] CommandBatch.SimulationIndependentOwnersAndMemoryAccounting
[       OK ] CommandBatch.SimulationIndependentOwnersAndMemoryAccounting (72 ms)
[ RUN      ] CommandBatch.SimulationQueuedWatchdogExpiresBehindBlockedSubmit
[       OK ] CommandBatch.SimulationQueuedWatchdogExpiresBehindBlockedSubmit (123 ms)
[ RUN      ] CommandBatch.SimulationFailedBackendCompletionCannotAdvanceTimeline
[       OK ] CommandBatch.SimulationFailedBackendCompletionCannotAdvanceTimeline (30 ms)
[----------] 38 tests from CommandBatch (3665 ms total)

[----------] 7 tests from MixedRateReplay
[ RUN      ] MixedRateReplay.SimulationPolicyIdentityRejectsForeignCheckpointBeforeMutation
[       OK ] MixedRateReplay.SimulationPolicyIdentityRejectsForeignCheckpointBeforeMutation (71 ms)
[ RUN      ] MixedRateReplay.SimulationReplayUsesRecordedTimeAndKeepsHostWatchdog
[       OK ] MixedRateReplay.SimulationReplayUsesRecordedTimeAndKeepsHostWatchdog (101 ms)
[ RUN      ] MixedRateReplay.SimulationFailedCompletionRetainsBackendTimestamp
[       OK ] MixedRateReplay.SimulationFailedCompletionRetainsBackendTimestamp (72 ms)
[ RUN      ] MixedRateReplay.WatchdogTransitionsPreserveActualPriorLevelAtSaturation
[       OK ] MixedRateReplay.WatchdogTransitionsPreserveActualPriorLevelAtSaturation (189 ms)
[ RUN      ] MixedRateReplay.LiveControlWatchdogReplayClosesSaturatedFrames
[       OK ] MixedRateReplay.LiveControlWatchdogReplayClosesSaturatedFrames (847 ms)
[ RUN      ] MixedRateReplay.ActiveArtifactRoundTripsAndDrivesTranscriptDecisions
[       OK ] MixedRateReplay.ActiveArtifactRoundTripsAndDrivesTranscriptDecisions (12 ms)
[ RUN      ] MixedRateReplay.ParserRejectsMutationTrailingBytesAndShortOutput
[       OK ] MixedRateReplay.ParserRejectsMutationTrailingBytesAndShortOutput (10 ms)
[----------] 7 tests from MixedRateReplay (1305 ms total)

[----------] 15 tests from RateDispatch
[ RUN      ] RateDispatch.DeviceRateCyclicAdmissionModelsWrapAndHalfOpenCapacity
[       OK ] RateDispatch.DeviceRateCyclicAdmissionModelsWrapAndHalfOpenCapacity (0 ms)
[ RUN      ] RateDispatch.DeviceRateRejectsPayloadAndCompletionCapacityMismatch
[       OK ] RateDispatch.DeviceRateRejectsPayloadAndCompletionCapacityMismatch (0 ms)
[ RUN      ] RateDispatch.DeviceRateAllowsDistinctBackendOverlapAndRejectsWaitCycle
[       OK ] RateDispatch.DeviceRateAllowsDistinctBackendOverlapAndRejectsWaitCycle (1 ms)
[ RUN      ] RateDispatch.PolicyIsOptInCopiedFrozenAndLegacyDispatchIsExact
[       OK ] RateDispatch.PolicyIsOptInCopiedFrozenAndLegacyDispatchIsExact (33 ms)
[ RUN      ] RateDispatch.AdmissionRejectsMalformedAndInfeasibleActivePlans
[       OK ] RateDispatch.AdmissionRejectsMalformedAndInfeasibleActivePlans (4 ms)
[ RUN      ] RateDispatch.AdmissionMatchesIndependentCompleteSupercycleSimulation
[       OK ] RateDispatch.AdmissionMatchesIndependentCompleteSupercycleSimulation (0 ms)
[ RUN      ] RateDispatch.RejectsD1CrossDomainDependenciesAndSkipProducers
[       OK ] RateDispatch.RejectsD1CrossDomainDependenciesAndSkipProducers (3 ms)
[ RUN      ] RateDispatch.ExecutesExactHalfOpenWindowsAndReportsContextAndCaps
[       OK ] RateDispatch.ExecutesExactHalfOpenWindowsAndReportsContextAndCaps (10 ms)
[ RUN      ] RateDispatch.CallbackFailureRejectsEveryUnattemptedSubstep
[       OK ] RateDispatch.CallbackFailureRejectsEveryUnattemptedSubstep (10 ms)
[ RUN      ] RateDispatch.AppliesSkipCatchUpDegradeAndFailPolicies
[       OK ] RateDispatch.AppliesSkipCatchUpDegradeAndFailPolicies (65 ms)
[ RUN      ] RateDispatch.PublishesCopiesHoldsAndRejectsDuplicateOrMissingPayloads
[       OK ] RateDispatch.PublishesCopiesHoldsAndRejectsDuplicateOrMissingPayloads (80 ms)
[ RUN      ] RateDispatch.PublishesEverySubstepAndUsesExactHeldSelection
[       OK ] RateDispatch.PublishesEverySubstepAndUsesExactHeldSelection (15 ms)
[ RUN      ] RateDispatch.PeriodicUsesAbsoluteReleaseAndAggregatesRateSummaries
[       OK ] RateDispatch.PeriodicUsesAbsoluteReleaseAndAggregatesRateSummaries (16 ms)
[ RUN      ] RateDispatch.TwoActiveRuntimeEpochsAndCursorsRemainIsolated
[       OK ] RateDispatch.TwoActiveRuntimeEpochsAndCursorsRemainIsolated (25 ms)
[ RUN      ] RateDispatch.ActiveCheckpointRoundTripsAndReplayIsExplicitlyRejected
[       OK ] RateDispatch.ActiveCheckpointRoundTripsAndReplayIsExplicitlyRejected (21 ms)
[----------] 15 tests from RateDispatch (291 ms total)

[----------] Global test environment tear-down
[==========] 60 tests from 3 test suites ran. (5263 ms total)
[  PASSED  ] 60 tests.
