+ ["cmake", "-S", "/home/kbianco/.local/share/portfolio-control/worktrees/targets/cpp-rt-car-m26-03r", "-B", "/home/kbianco/.local/share/portfolio-control/worktrees/targets/cpp-rt-car-m26-03r/build/m26-03r-package/sdk build", "-DCMAKE_BUILD_TYPE=Release", "-DENABLE_TESTS=OFF", "-DRTFW_BUILD_EXAMPLES=OFF", "-DRTFW_BUILD_RUNTIME_DEMO=OFF", "-DRTFW_BUILD_EXPERIMENTAL=OFF", "-DRTFW_BUILD_BENCHMARKS=OFF", "-DSIM_SANITIZERS=", "-DSIM_WERROR=ON", "-DCMAKE_INSTALL_INCLUDEDIR=sdk/include", "-DCMAKE_INSTALL_DATADIR=custom/data", "-DCMAKE_INSTALL_PREFIX=/home/kbianco/.local/share/portfolio-control/worktrees/targets/cpp-rt-car-m26-03r/build/m26-03r-package/golden original uof4mqll/sdk"]
-- The C compiler identification is GNU 12.2.0
-- The CXX compiler identification is GNU 12.2.0
-- Detecting C compiler ABI info
-- Detecting C compiler ABI info - done
-- Check for working C compiler: /usr/bin/cc - skipped
-- Detecting C compile features
-- Detecting C compile features - done
-- Detecting CXX compiler ABI info
-- Detecting CXX compiler ABI info - done
-- Check for working CXX compiler: /usr/bin/c++ - skipped
-- Detecting CXX compile features
-- Detecting CXX compile features - done
-- Performing Test CMAKE_HAVE_LIBC_PTHREAD
-- Performing Test CMAKE_HAVE_LIBC_PTHREAD - Success
-- Found Threads: TRUE  
-- Found Python3: /home/kbianco/.local/bin/python3.12 (found version "3.12.13") found components: Interpreter 
-- Configuring done
-- Generating done
-- Build files have been written to: /home/kbianco/.local/share/portfolio-control/worktrees/targets/cpp-rt-car-m26-03r/build/m26-03r-package/sdk build
+ ["cmake", "--build", "/home/kbianco/.local/share/portfolio-control/worktrees/targets/cpp-rt-car-m26-03r/build/m26-03r-package/sdk build", "--config", "Release", "--parallel", "2"]
[  2%] Building CXX object CMakeFiles/rtfw_cuda_backend.dir/rt/src/cuda_backend.cpp.o
[  4%] Building CXX object CMakeFiles/rtfw_runtime.dir/rt/src/compiled_graph.cpp.o
[  7%] Building CXX object CMakeFiles/rtfw_runtime.dir/rt/src/cross_rate_data.cpp.o
[  9%] Linking CXX static library librtfw_cuda_backend.a
[  9%] Built target rtfw_cuda_backend
[ 11%] Building CXX object CMakeFiles/rtfw_xdma_backend.dir/rt/src/xdma_backend.cpp.o
[ 14%] Linking CXX static library librtfw_xdma_backend.a
[ 14%] Built target rtfw_xdma_backend
[ 16%] Building CXX object CMakeFiles/rtfw_runtime.dir/rt/src/command_batch.cpp.o
[ 19%] Building CXX object CMakeFiles/rtfw_runtime.dir/rt/src/hal_v2.cpp.o
[ 21%] Building CXX object CMakeFiles/rtfw_runtime.dir/rt/src/heterogeneous_memory.cpp.o
[ 23%] Building CXX object CMakeFiles/rtfw_runtime.dir/rt/src/device_manager.cpp.o
[ 26%] Building CXX object CMakeFiles/rtfw_runtime.dir/rt/src/executor.cpp.o
[ 28%] Building CXX object CMakeFiles/rtfw_runtime.dir/rt/src/extension_registration.cpp.o
[ 30%] Building CXX object CMakeFiles/rtfw_runtime.dir/rt/src/host_runtime.cpp.o
[ 33%] Building CXX object CMakeFiles/rtfw_runtime.dir/rt/src/live_control_actions.cpp.o
[ 35%] Building CXX object CMakeFiles/rtfw_runtime.dir/rt/src/live_control_mailbox.cpp.o
[ 38%] Building CXX object CMakeFiles/rtfw_runtime.dir/rt/src/live_control_replay.cpp.o
[ 40%] Building CXX object CMakeFiles/rtfw_runtime.dir/rt/src/memory_policy.cpp.o
[ 42%] Building CXX object CMakeFiles/rtfw_runtime.dir/rt/src/mixed_rate_actions.cpp.o
[ 45%] Building CXX object CMakeFiles/rtfw_runtime.dir/rt/src/mixed_rate_replay.cpp.o
[ 47%] Building CXX object CMakeFiles/rtfw_runtime.dir/rt/src/mock_device.cpp.o
[ 50%] Building CXX object CMakeFiles/rtfw_runtime.dir/rt/src/native_platform_preflight.cpp.o
[ 52%] Building CXX object CMakeFiles/rtfw_runtime.dir/rt/src/observability_export.cpp.o
[ 54%] Building CXX object CMakeFiles/rtfw_runtime.dir/rt/src/rate_dispatch.cpp.o
[ 57%] Building CXX object CMakeFiles/rtfw_runtime.dir/rt/src/rate_telemetry.cpp.o
[ 59%] Building CXX object CMakeFiles/rtfw_runtime.dir/rt/src/rate_timeline.cpp.o
[ 61%] Building CXX object CMakeFiles/rtfw_runtime.dir/rt/src/resource_policy.cpp.o
[ 64%] Building CXX object CMakeFiles/rtfw_runtime.dir/rt/src/runtime_compat.cpp.o
[ 66%] Building CXX object CMakeFiles/rtfw_runtime.dir/rt/src/runtime_profile.cpp.o
[ 69%] Building CXX object CMakeFiles/rtfw_runtime.dir/rt/src/sampled_io.cpp.o
[ 71%] Building CXX object CMakeFiles/rtfw_runtime.dir/rt/src/loopback_backend.cpp.o
[ 73%] Building CXX object CMakeFiles/rtfw_runtime.dir/rt/src/snapshot_codec.cpp.o
[ 76%] Building CXX object CMakeFiles/rtfw_runtime.dir/rt/src/telemetry.cpp.o
[ 78%] Building CXX object CMakeFiles/rtfw_runtime.dir/rt/src/thread_policy.cpp.o
[ 80%] Building CXX object CMakeFiles/rtfw_runtime.dir/rt/src/watchdog_monitor.cpp.o
[ 83%] Linking CXX static library librtfw_runtime.a
[ 83%] Built target rtfw_runtime
[ 85%] Building CXX object CMakeFiles/simcore_rt.dir/rt/src/runtime.cpp.o
[ 88%] Building CXX object CMakeFiles/rtfw_shared.dir/src/c_abi.cpp.o
[ 90%] Linking CXX shared library librtfw.so
[ 90%] Built target rtfw_shared
[ 92%] Building CXX object CMakeFiles/rtfw_static.dir/src/c_abi.cpp.o
[ 95%] Linking CXX static library librtfw_static.a
[ 95%] Built target rtfw_static
[ 97%] Building CXX object CMakeFiles/simcore_rt.dir/rt/src/fiber_pool.cpp.o
[100%] Linking CXX static library libsimcore_rt.a
[100%] Built target simcore_rt
+ ["cmake", "--install", "/home/kbianco/.local/share/portfolio-control/worktrees/targets/cpp-rt-car-m26-03r/build/m26-03r-package/sdk build", "--config", "Release", "--prefix", "/home/kbianco/.local/share/portfolio-control/worktrees/targets/cpp-rt-car-m26-03r/build/m26-03r-package/golden original uof4mqll/sdk"]
-- Installing: /home/kbianco/.local/share/portfolio-control/worktrees/targets/cpp-rt-car-m26-03r/build/m26-03r-package/golden original uof4mqll/sdk/lib/librtfw.so.1.2.1
-- Installing: /home/kbianco/.local/share/portfolio-control/worktrees/targets/cpp-rt-car-m26-03r/build/m26-03r-package/golden original uof4mqll/sdk/lib/librtfw.so.8
-- Installing: /home/kbianco/.local/share/portfolio-control/worktrees/targets/cpp-rt-car-m26-03r/build/m26-03r-package/golden original uof4mqll/sdk/lib/librtfw.so
-- Installing: /home/kbianco/.local/share/portfolio-control/worktrees/targets/cpp-rt-car-m26-03r/build/m26-03r-package/golden original uof4mqll/sdk/lib/librtfw_static.a
-- Installing: /home/kbianco/.local/share/portfolio-control/worktrees/targets/cpp-rt-car-m26-03r/build/m26-03r-package/golden original uof4mqll/sdk/lib/librtfw_runtime.a
-- Installing: /home/kbianco/.local/share/portfolio-control/worktrees/targets/cpp-rt-car-m26-03r/build/m26-03r-package/golden original uof4mqll/sdk/lib/libsimcore_rt.a
-- Installing: /home/kbianco/.local/share/portfolio-control/worktrees/targets/cpp-rt-car-m26-03r/build/m26-03r-package/golden original uof4mqll/sdk/lib/librtfw_cuda_backend.a
-- Installing: /home/kbianco/.local/share/portfolio-control/worktrees/targets/cpp-rt-car-m26-03r/build/m26-03r-package/golden original uof4mqll/sdk/lib/librtfw_xdma_backend.a
-- Installing: /home/kbianco/.local/share/portfolio-control/worktrees/targets/cpp-rt-car-m26-03r/build/m26-03r-package/golden original uof4mqll/sdk/sdk/include/rtfw/version.h
-- Installing: /home/kbianco/.local/share/portfolio-control/worktrees/targets/cpp-rt-car-m26-03r/build/m26-03r-package/golden original uof4mqll/sdk/sdk/include/rt/c_api.h
-- Installing: /home/kbianco/.local/share/portfolio-control/worktrees/targets/cpp-rt-car-m26-03r/build/m26-03r-package/golden original uof4mqll/sdk/sdk/include/rt/device_abi.h
-- Installing: /home/kbianco/.local/share/portfolio-control/worktrees/targets/cpp-rt-car-m26-03r/build/m26-03r-package/golden original uof4mqll/sdk/sdk/include/rt/extension_abi.h
-- Installing: /home/kbianco/.local/share/portfolio-control/worktrees/targets/cpp-rt-car-m26-03r/build/m26-03r-package/golden original uof4mqll/sdk/sdk/include/rt/canonical_bytes.hpp
-- Installing: /home/kbianco/.local/share/portfolio-control/worktrees/targets/cpp-rt-car-m26-03r/build/m26-03r-package/golden original uof4mqll/sdk/sdk/include/rt/config.hpp
-- Installing: /home/kbianco/.local/share/portfolio-control/worktrees/targets/cpp-rt-car-m26-03r/build/m26-03r-package/golden original uof4mqll/sdk/sdk/include/rt/device.hpp
-- Installing: /home/kbianco/.local/share/portfolio-control/worktrees/targets/cpp-rt-car-m26-03r/build/m26-03r-package/golden original uof4mqll/sdk/sdk/include/rt/graph.hpp
-- Installing: /home/kbianco/.local/share/portfolio-control/worktrees/targets/cpp-rt-car-m26-03r/build/m26-03r-package/golden original uof4mqll/sdk/sdk/include/rt/mock_device.hpp
-- Installing: /home/kbianco/.local/share/portfolio-control/worktrees/targets/cpp-rt-car-m26-03r/build/m26-03r-package/golden original uof4mqll/sdk/sdk/include/rt/observability_export.hpp
-- Installing: /home/kbianco/.local/share/portfolio-control/worktrees/targets/cpp-rt-car-m26-03r/build/m26-03r-package/golden original uof4mqll/sdk/sdk/include/rt/profile.hpp
-- Installing: /home/kbianco/.local/share/portfolio-control/worktrees/targets/cpp-rt-car-m26-03r/build/m26-03r-package/golden original uof4mqll/sdk/sdk/include/rt/runtime.hpp
-- Installing: /home/kbianco/.local/share/portfolio-control/worktrees/targets/cpp-rt-car-m26-03r/build/m26-03r-package/golden original uof4mqll/sdk/sdk/include/rt/loopback_backend.hpp
-- Installing: /home/kbianco/.local/share/portfolio-control/worktrees/targets/cpp-rt-car-m26-03r/build/m26-03r-package/golden original uof4mqll/sdk/sdk/include/rt/live_control.hpp
-- Installing: /home/kbianco/.local/share/portfolio-control/worktrees/targets/cpp-rt-car-m26-03r/build/m26-03r-package/golden original uof4mqll/sdk/sdk/include/rt/sdk.hpp
-- Installing: /home/kbianco/.local/share/portfolio-control/worktrees/targets/cpp-rt-car-m26-03r/build/m26-03r-package/golden original uof4mqll/sdk/sdk/include/rt/status.hpp
-- Installing: /home/kbianco/.local/share/portfolio-control/worktrees/targets/cpp-rt-car-m26-03r/build/m26-03r-package/golden original uof4mqll/sdk/sdk/include/rt/version.hpp
-- Installing: /home/kbianco/.local/share/portfolio-control/worktrees/targets/cpp-rt-car-m26-03r/build/m26-03r-package/golden original uof4mqll/sdk/sdk/include/rt/cuda_backend.hpp
-- Installing: /home/kbianco/.local/share/portfolio-control/worktrees/targets/cpp-rt-car-m26-03r/build/m26-03r-package/golden original uof4mqll/sdk/sdk/include/rt/xdma_backend.hpp
-- Installing: /home/kbianco/.local/share/portfolio-control/worktrees/targets/cpp-rt-car-m26-03r/build/m26-03r-package/golden original uof4mqll/sdk/sdk/include/core/units.hpp
-- Installing: /home/kbianco/.local/share/portfolio-control/worktrees/targets/cpp-rt-car-m26-03r/build/m26-03r-package/golden original uof4mqll/sdk/lib/cmake/rtfw/rtfwConfig.cmake
-- Installing: /home/kbianco/.local/share/portfolio-control/worktrees/targets/cpp-rt-car-m26-03r/build/m26-03r-package/golden original uof4mqll/sdk/lib/cmake/rtfw/rtfwConfigVersion.cmake
-- Installing: /home/kbianco/.local/share/portfolio-control/worktrees/targets/cpp-rt-car-m26-03r/build/m26-03r-package/golden original uof4mqll/sdk/custom/data/rtfw/LICENSE
-- Installing: /home/kbianco/.local/share/portfolio-control/worktrees/targets/cpp-rt-car-m26-03r/build/m26-03r-package/golden original uof4mqll/sdk/custom/data/rtfw/VERSION.txt
-- Installing: /home/kbianco/.local/share/portfolio-control/worktrees/targets/cpp-rt-car-m26-03r/build/m26-03r-package/golden original uof4mqll/sdk/custom/data/rtfw/CHANGELOG.md
-- Installing: /home/kbianco/.local/share/portfolio-control/worktrees/targets/cpp-rt-car-m26-03r/build/m26-03r-package/golden original uof4mqll/sdk/custom/data/rtfw/SECURITY.md
-- Installing: /home/kbianco/.local/share/portfolio-control/worktrees/targets/cpp-rt-car-m26-03r/build/m26-03r-package/golden original uof4mqll/sdk/custom/data/rtfw/runtime_profiles.md
-- Installing: /home/kbianco/.local/share/portfolio-control/worktrees/targets/cpp-rt-car-m26-03r/build/m26-03r-package/golden original uof4mqll/sdk/custom/data/rtfw/cuda_physics.md
-- Installing: /home/kbianco/.local/share/portfolio-control/worktrees/targets/cpp-rt-car-m26-03r/build/m26-03r-package/golden original uof4mqll/sdk/custom/data/rtfw/cuda_pipeline.md
-- Installing: /home/kbianco/.local/share/portfolio-control/worktrees/targets/cpp-rt-car-m26-03r/build/m26-03r-package/golden original uof4mqll/sdk/custom/data/rtfw/examples/cuda_physics/CMakeLists.txt
-- Installing: /home/kbianco/.local/share/portfolio-control/worktrees/targets/cpp-rt-car-m26-03r/build/m26-03r-package/golden original uof4mqll/sdk/custom/data/rtfw/examples/cuda_physics/real.cmake
-- Installing: /home/kbianco/.local/share/portfolio-control/worktrees/targets/cpp-rt-car-m26-03r/build/m26-03r-package/golden original uof4mqll/sdk/custom/data/rtfw/examples/cuda_physics/model.hpp
-- Installing: /home/kbianco/.local/share/portfolio-control/worktrees/targets/cpp-rt-car-m26-03r/build/m26-03r-package/golden original uof4mqll/sdk/custom/data/rtfw/examples/cuda_physics/scenario.hpp
-- Installing: /home/kbianco/.local/share/portfolio-control/worktrees/targets/cpp-rt-car-m26-03r/build/m26-03r-package/golden original uof4mqll/sdk/custom/data/rtfw/examples/cuda_physics/simulated_driver.hpp
-- Installing: /home/kbianco/.local/share/portfolio-control/worktrees/targets/cpp-rt-car-m26-03r/build/m26-03r-package/golden original uof4mqll/sdk/custom/data/rtfw/examples/cuda_physics/cli.hpp
-- Installing: /home/kbianco/.local/share/portfolio-control/worktrees/targets/cpp-rt-car-m26-03r/build/m26-03r-package/golden original uof4mqll/sdk/custom/data/rtfw/examples/cuda_physics/main.cpp
-- Installing: /home/kbianco/.local/share/portfolio-control/worktrees/targets/cpp-rt-car-m26-03r/build/m26-03r-package/golden original uof4mqll/sdk/custom/data/rtfw/examples/cuda_physics/real.cpp
-- Installing: /home/kbianco/.local/share/portfolio-control/worktrees/targets/cpp-rt-car-m26-03r/build/m26-03r-package/golden original uof4mqll/sdk/custom/data/rtfw/examples/cuda_physics/particle.cu
-- Installing: /home/kbianco/.local/share/portfolio-control/worktrees/targets/cpp-rt-car-m26-03r/build/m26-03r-package/golden original uof4mqll/sdk/custom/data/rtfw/examples/cuda_physics/pipeline/scenario.hpp
-- Installing: /home/kbianco/.local/share/portfolio-control/worktrees/targets/cpp-rt-car-m26-03r/build/m26-03r-package/golden original uof4mqll/sdk/custom/data/rtfw/examples/cuda_physics/pipeline/simulated_driver.hpp
-- Installing: /home/kbianco/.local/share/portfolio-control/worktrees/targets/cpp-rt-car-m26-03r/build/m26-03r-package/golden original uof4mqll/sdk/custom/data/rtfw/examples/cuda_physics/pipeline/cli.hpp
-- Installing: /home/kbianco/.local/share/portfolio-control/worktrees/targets/cpp-rt-car-m26-03r/build/m26-03r-package/golden original uof4mqll/sdk/custom/data/rtfw/examples/cuda_physics/pipeline/main.cpp
-- Installing: /home/kbianco/.local/share/portfolio-control/worktrees/targets/cpp-rt-car-m26-03r/build/m26-03r-package/golden original uof4mqll/sdk/custom/data/rtfw/examples/cuda_physics/pipeline/real.cpp
-- Installing: /home/kbianco/.local/share/portfolio-control/worktrees/targets/cpp-rt-car-m26-03r/build/m26-03r-package/golden original uof4mqll/sdk/custom/data/rtfw/profiles/config.schema.json
-- Installing: /home/kbianco/.local/share/portfolio-control/worktrees/targets/cpp-rt-car-m26-03r/build/m26-03r-package/golden original uof4mqll/sdk/custom/data/rtfw/profiles/default.json
-- Installing: /home/kbianco/.local/share/portfolio-control/worktrees/targets/cpp-rt-car-m26-03r/build/m26-03r-package/golden original uof4mqll/sdk/custom/data/rtfw/profiles/default_fast.json
-- Installing: /home/kbianco/.local/share/portfolio-control/worktrees/targets/cpp-rt-car-m26-03r/build/m26-03r-package/golden original uof4mqll/sdk/custom/data/rtfw/profiles/default_safe.json
-- Installing: /home/kbianco/.local/share/portfolio-control/worktrees/targets/cpp-rt-car-m26-03r/build/m26-03r-package/golden original uof4mqll/sdk/custom/data/rtfw/abi/rtfw_c_abi_v8.exports
-- Installing: /home/kbianco/.local/share/portfolio-control/worktrees/targets/cpp-rt-car-m26-03r/build/m26-03r-package/golden original uof4mqll/sdk/custom/data/rtfw/abi/rtfw_c_abi_v8.sha256
-- Installing: /home/kbianco/.local/share/portfolio-control/worktrees/targets/cpp-rt-car-m26-03r/build/m26-03r-package/golden original uof4mqll/sdk/custom/data/rtfw/release/portable_support_matrix.json
-- Installing: /home/kbianco/.local/share/portfolio-control/worktrees/targets/cpp-rt-car-m26-03r/build/m26-03r-package/golden original uof4mqll/sdk/custom/data/rtfw/release/release_policy.md
-- Installing: /home/kbianco/.local/share/portfolio-control/worktrees/targets/cpp-rt-car-m26-03r/build/m26-03r-package/golden original uof4mqll/sdk/custom/data/rtfw/release/cuda_support_matrix.json
-- Installing: /home/kbianco/.local/share/portfolio-control/worktrees/targets/cpp-rt-car-m26-03r/build/m26-03r-package/golden original uof4mqll/sdk/custom/data/rtfw/release/xdma_support_matrix.json
-- Installing: /home/kbianco/.local/share/portfolio-control/worktrees/targets/cpp-rt-car-m26-03r/build/m26-03r-package/golden original uof4mqll/sdk/custom/data/rtfw/release/rtfw-release-contract.json
-- Installing: /home/kbianco/.local/share/portfolio-control/worktrees/targets/cpp-rt-car-m26-03r/build/m26-03r-package/golden original uof4mqll/sdk/lib/cmake/rtfw/rtfwTargets.cmake
-- Installing: /home/kbianco/.local/share/portfolio-control/worktrees/targets/cpp-rt-car-m26-03r/build/m26-03r-package/golden original uof4mqll/sdk/lib/cmake/rtfw/rtfwTargets-release.cmake
-- Installing: /home/kbianco/.local/share/portfolio-control/worktrees/targets/cpp-rt-car-m26-03r/build/m26-03r-package/golden original uof4mqll/sdk/custom/data/rtfw/examples/cuda_physics/lifetime/protocol.hpp
-- Installing: /home/kbianco/.local/share/portfolio-control/worktrees/targets/cpp-rt-car-m26-03r/build/m26-03r-package/golden original uof4mqll/sdk/custom/data/rtfw/examples/cuda_physics/lifetime/conformance.hpp
-- Installing: /home/kbianco/.local/share/portfolio-control/worktrees/targets/cpp-rt-car-m26-03r/build/m26-03r-package/golden original uof4mqll/sdk/custom/data/rtfw/examples/cuda_physics/lifetime/main.cpp
-- Installing: /home/kbianco/.local/share/portfolio-control/worktrees/targets/cpp-rt-car-m26-03r/build/m26-03r-package/golden original uof4mqll/sdk/custom/data/rtfw/cuda_lifetime.md
-- Installing: /home/kbianco/.local/share/portfolio-control/worktrees/targets/cpp-rt-car-m26-03r/build/m26-03r-package/golden original uof4mqll/sdk/custom/data/rtfw/examples/cuda_physics/benchmark/provider.hpp
-- Installing: /home/kbianco/.local/share/portfolio-control/worktrees/targets/cpp-rt-car-m26-03r/build/m26-03r-package/golden original uof4mqll/sdk/custom/data/rtfw/examples/cuda_physics/benchmark/provider.cpp
-- Installing: /home/kbianco/.local/share/portfolio-control/worktrees/targets/cpp-rt-car-m26-03r/build/m26-03r-package/golden original uof4mqll/sdk/custom/data/rtfw/examples/cuda_physics/benchmark/main.cpp
-- Installing: /home/kbianco/.local/share/portfolio-control/worktrees/targets/cpp-rt-car-m26-03r/build/m26-03r-package/golden original uof4mqll/sdk/custom/data/rtfw/cuda_benchmarking.md
-- Installing: /home/kbianco/.local/share/portfolio-control/worktrees/targets/cpp-rt-car-m26-03r/build/m26-03r-package/golden original uof4mqll/sdk/custom/data/rtfw/cuda_capabilities.json
-- Installing: /home/kbianco/.local/share/portfolio-control/worktrees/targets/cpp-rt-car-m26-03r/build/m26-03r-package/golden original uof4mqll/sdk/custom/data/rtfw/cuda_capabilities.md
-- Installing: /home/kbianco/.local/share/portfolio-control/worktrees/targets/cpp-rt-car-m26-03r/build/m26-03r-package/golden original uof4mqll/sdk/custom/data/rtfw/examples/hello_runtime/main.cpp
-- Installing: /home/kbianco/.local/share/portfolio-control/worktrees/targets/cpp-rt-car-m26-03r/build/m26-03r-package/golden original uof4mqll/sdk/custom/data/rtfw/examples/hello_runtime/CMakeLists.txt
-- Installing: /home/kbianco/.local/share/portfolio-control/worktrees/targets/cpp-rt-car-m26-03r/build/m26-03r-package/golden original uof4mqll/sdk/custom/data/rtfw/examples/hello_runtime/check_output.cmake
-- Installing: /home/kbianco/.local/share/portfolio-control/worktrees/targets/cpp-rt-car-m26-03r/build/m26-03r-package/golden original uof4mqll/sdk/custom/data/rtfw/getting_started.md
-- Installing: /home/kbianco/.local/share/portfolio-control/worktrees/targets/cpp-rt-car-m26-03r/build/m26-03r-package/golden original uof4mqll/sdk/custom/data/rtfw/examples/typed_runtime/main.cpp
-- Installing: /home/kbianco/.local/share/portfolio-control/worktrees/targets/cpp-rt-car-m26-03r/build/m26-03r-package/golden original uof4mqll/sdk/custom/data/rtfw/examples/typed_runtime/CMakeLists.txt
-- Installing: /home/kbianco/.local/share/portfolio-control/worktrees/targets/cpp-rt-car-m26-03r/build/m26-03r-package/golden original uof4mqll/sdk/custom/data/rtfw/examples/typed_runtime/check_output.cmake
-- Installing: /home/kbianco/.local/share/portfolio-control/worktrees/targets/cpp-rt-car-m26-03r/build/m26-03r-package/golden original uof4mqll/sdk/custom/data/rtfw/typed_runtime.md
-- Installing: /home/kbianco/.local/share/portfolio-control/worktrees/targets/cpp-rt-car-m26-03r/build/m26-03r-package/golden original uof4mqll/sdk/custom/data/rtfw/examples/backend_authoring/main.cpp
-- Installing: /home/kbianco/.local/share/portfolio-control/worktrees/targets/cpp-rt-car-m26-03r/build/m26-03r-package/golden original uof4mqll/sdk/custom/data/rtfw/examples/backend_authoring/CMakeLists.txt
-- Installing: /home/kbianco/.local/share/portfolio-control/worktrees/targets/cpp-rt-car-m26-03r/build/m26-03r-package/golden original uof4mqll/sdk/custom/data/rtfw/examples/backend_authoring/check_output.cmake
-- Installing: /home/kbianco/.local/share/portfolio-control/worktrees/targets/cpp-rt-car-m26-03r/build/m26-03r-package/golden original uof4mqll/sdk/custom/data/rtfw/examples/backend_authoring/backend.hpp
-- Installing: /home/kbianco/.local/share/portfolio-control/worktrees/targets/cpp-rt-car-m26-03r/build/m26-03r-package/golden original uof4mqll/sdk/custom/data/rtfw/examples/backend_authoring/profile.hpp
-- Installing: /home/kbianco/.local/share/portfolio-control/worktrees/targets/cpp-rt-car-m26-03r/build/m26-03r-package/golden original uof4mqll/sdk/custom/data/rtfw/examples/backend_authoring/conformance.hpp
-- Installing: /home/kbianco/.local/share/portfolio-control/worktrees/targets/cpp-rt-car-m26-03r/build/m26-03r-package/golden original uof4mqll/sdk/custom/data/rtfw/examples/backend_authoring/runtime_example.hpp
-- Installing: /home/kbianco/.local/share/portfolio-control/worktrees/targets/cpp-rt-car-m26-03r/build/m26-03r-package/golden original uof4mqll/sdk/custom/data/rtfw/backend_authoring.md
-- Installing: /home/kbianco/.local/share/portfolio-control/worktrees/targets/cpp-rt-car-m26-03r/build/m26-03r-package/golden original uof4mqll/sdk/custom/data/rtfw/examples/cil_shared_memory/CMakeLists.txt
-- Installing: /home/kbianco/.local/share/portfolio-control/worktrees/targets/cpp-rt-car-m26-03r/build/m26-03r-package/golden original uof4mqll/sdk/custom/data/rtfw/examples/cil_shared_memory/channel.hpp
-- Installing: /home/kbianco/.local/share/portfolio-control/worktrees/targets/cpp-rt-car-m26-03r/build/m26-03r-package/golden original uof4mqll/sdk/custom/data/rtfw/examples/cil_shared_memory/common.hpp
-- Installing: /home/kbianco/.local/share/portfolio-control/worktrees/targets/cpp-rt-car-m26-03r/build/m26-03r-package/golden original uof4mqll/sdk/custom/data/rtfw/examples/cil_shared_memory/controller.cpp
-- Installing: /home/kbianco/.local/share/portfolio-control/worktrees/targets/cpp-rt-car-m26-03r/build/m26-03r-package/golden original uof4mqll/sdk/custom/data/rtfw/examples/cil_shared_memory/mapping.hpp
-- Installing: /home/kbianco/.local/share/portfolio-control/worktrees/targets/cpp-rt-car-m26-03r/build/m26-03r-package/golden original uof4mqll/sdk/custom/data/rtfw/examples/cil_shared_memory/plant.cpp
-- Installing: /home/kbianco/.local/share/portfolio-control/worktrees/targets/cpp-rt-car-m26-03r/build/m26-03r-package/golden original uof4mqll/sdk/custom/data/rtfw/examples/cil_shared_memory/plant_runtime.hpp
-- Installing: /home/kbianco/.local/share/portfolio-control/worktrees/targets/cpp-rt-car-m26-03r/build/m26-03r-package/golden original uof4mqll/sdk/custom/data/rtfw/examples/cil_shared_memory/runner.py
-- Installing: /home/kbianco/.local/share/portfolio-control/worktrees/targets/cpp-rt-car-m26-03r/build/m26-03r-package/golden original uof4mqll/sdk/custom/data/rtfw/examples/cil_shared_memory/wire.hpp
-- Installing: /home/kbianco/.local/share/portfolio-control/worktrees/targets/cpp-rt-car-m26-03r/build/m26-03r-package/golden original uof4mqll/sdk/custom/data/rtfw/cil_shared_memory.md
-- Installing: /home/kbianco/.local/share/portfolio-control/worktrees/targets/cpp-rt-car-m26-03r/build/m26-03r-package/golden original uof4mqll/sdk/custom/data/rtfw/examples/host_adapter/CMakeLists.txt
-- Installing: /home/kbianco/.local/share/portfolio-control/worktrees/targets/cpp-rt-car-m26-03r/build/m26-03r-package/golden original uof4mqll/sdk/custom/data/rtfw/examples/host_adapter/main.cpp
-- Installing: /home/kbianco/.local/share/portfolio-control/worktrees/targets/cpp-rt-car-m26-03r/build/m26-03r-package/golden original uof4mqll/sdk/custom/data/rtfw/examples/host_adapter/host.hpp
-- Installing: /home/kbianco/.local/share/portfolio-control/worktrees/targets/cpp-rt-car-m26-03r/build/m26-03r-package/golden original uof4mqll/sdk/custom/data/rtfw/examples/host_adapter/jobs.hpp
-- Installing: /home/kbianco/.local/share/portfolio-control/worktrees/targets/cpp-rt-car-m26-03r/build/m26-03r-package/golden original uof4mqll/sdk/custom/data/rtfw/examples/host_adapter/memory.hpp
-- Installing: /home/kbianco/.local/share/portfolio-control/worktrees/targets/cpp-rt-car-m26-03r/build/m26-03r-package/golden original uof4mqll/sdk/custom/data/rtfw/examples/host_adapter/check_output.cmake
-- Installing: /home/kbianco/.local/share/portfolio-control/worktrees/targets/cpp-rt-car-m26-03r/build/m26-03r-package/golden original uof4mqll/sdk/custom/data/rtfw/host_adapter.md
-- Installing: /home/kbianco/.local/share/portfolio-control/worktrees/targets/cpp-rt-car-m26-03r/build/m26-03r-package/golden original uof4mqll/sdk/custom/data/rtfw/manual
-- Installing: /home/kbianco/.local/share/portfolio-control/worktrees/targets/cpp-rt-car-m26-03r/build/m26-03r-package/golden original uof4mqll/sdk/custom/data/rtfw/manual/README.md
-- Installing: /home/kbianco/.local/share/portfolio-control/worktrees/targets/cpp-rt-car-m26-03r/build/m26-03r-package/golden original uof4mqll/sdk/custom/data/rtfw/manual/api
-- Installing: /home/kbianco/.local/share/portfolio-control/worktrees/targets/cpp-rt-car-m26-03r/build/m26-03r-package/golden original uof4mqll/sdk/custom/data/rtfw/manual/api/rt__device_abi.h.html
-- Installing: /home/kbianco/.local/share/portfolio-control/worktrees/targets/cpp-rt-car-m26-03r/build/m26-03r-package/golden original uof4mqll/sdk/custom/data/rtfw/manual/api/core__units.hpp.html
-- Installing: /home/kbianco/.local/share/portfolio-control/worktrees/targets/cpp-rt-car-m26-03r/build/m26-03r-package/golden original uof4mqll/sdk/custom/data/rtfw/manual/api/rt__mock_device.hpp.html
-- Installing: /home/kbianco/.local/share/portfolio-control/worktrees/targets/cpp-rt-car-m26-03r/build/m26-03r-package/golden original uof4mqll/sdk/custom/data/rtfw/manual/api/rtfw__version.h.html
-- Installing: /home/kbianco/.local/share/portfolio-control/worktrees/targets/cpp-rt-car-m26-03r/build/m26-03r-package/golden original uof4mqll/sdk/custom/data/rtfw/manual/api/rt__xdma_linux.hpp.html
-- Installing: /home/kbianco/.local/share/portfolio-control/worktrees/targets/cpp-rt-car-m26-03r/build/m26-03r-package/golden original uof4mqll/sdk/custom/data/rtfw/manual/api/rt__sdk.hpp.html
-- Installing: /home/kbianco/.local/share/portfolio-control/worktrees/targets/cpp-rt-car-m26-03r/build/m26-03r-package/golden original uof4mqll/sdk/custom/data/rtfw/manual/api/rt__runtime.hpp.html
-- Installing: /home/kbianco/.local/share/portfolio-control/worktrees/targets/cpp-rt-car-m26-03r/build/m26-03r-package/golden original uof4mqll/sdk/custom/data/rtfw/manual/api/rt__device.hpp.html
-- Installing: /home/kbianco/.local/share/portfolio-control/worktrees/targets/cpp-rt-car-m26-03r/build/m26-03r-package/golden original uof4mqll/sdk/custom/data/rtfw/manual/api/rt__live_control.hpp.html
-- Installing: /home/kbianco/.local/share/portfolio-control/worktrees/targets/cpp-rt-car-m26-03r/build/m26-03r-package/golden original uof4mqll/sdk/custom/data/rtfw/manual/api/rt__extension_abi.h.html
-- Installing: /home/kbianco/.local/share/portfolio-control/worktrees/targets/cpp-rt-car-m26-03r/build/m26-03r-package/golden original uof4mqll/sdk/custom/data/rtfw/manual/api/rt__profile.hpp.html
-- Installing: /home/kbianco/.local/share/portfolio-control/worktrees/targets/cpp-rt-car-m26-03r/build/m26-03r-package/golden original uof4mqll/sdk/custom/data/rtfw/manual/api/rt__cuda_driver.hpp.html
-- Installing: /home/kbianco/.local/share/portfolio-control/worktrees/targets/cpp-rt-car-m26-03r/build/m26-03r-package/golden original uof4mqll/sdk/custom/data/rtfw/manual/api/rt__graph.hpp.html
-- Installing: /home/kbianco/.local/share/portfolio-control/worktrees/targets/cpp-rt-car-m26-03r/build/m26-03r-package/golden original uof4mqll/sdk/custom/data/rtfw/manual/api/rt__config.hpp.html
-- Installing: /home/kbianco/.local/share/portfolio-control/worktrees/targets/cpp-rt-car-m26-03r/build/m26-03r-package/golden original uof4mqll/sdk/custom/data/rtfw/manual/api/rtfw__benchmark.hpp.html
-- Installing: /home/kbianco/.local/share/portfolio-control/worktrees/targets/cpp-rt-car-m26-03r/build/m26-03r-package/golden original uof4mqll/sdk/custom/data/rtfw/manual/api/rt__version.hpp.html
-- Installing: /home/kbianco/.local/share/portfolio-control/worktrees/targets/cpp-rt-car-m26-03r/build/m26-03r-package/golden original uof4mqll/sdk/custom/data/rtfw/manual/api/rt__loopback_backend.hpp.html
-- Installing: /home/kbianco/.local/share/portfolio-control/worktrees/targets/cpp-rt-car-m26-03r/build/m26-03r-package/golden original uof4mqll/sdk/custom/data/rtfw/manual/api/rt__cuda_backend.hpp.html
-- Installing: /home/kbianco/.local/share/portfolio-control/worktrees/targets/cpp-rt-car-m26-03r/build/m26-03r-package/golden original uof4mqll/sdk/custom/data/rtfw/manual/api/rt__c_api.h.html
-- Installing: /home/kbianco/.local/share/portfolio-control/worktrees/targets/cpp-rt-car-m26-03r/build/m26-03r-package/golden original uof4mqll/sdk/custom/data/rtfw/manual/api/rt__xdma_backend.hpp.html
-- Installing: /home/kbianco/.local/share/portfolio-control/worktrees/targets/cpp-rt-car-m26-03r/build/m26-03r-package/golden original uof4mqll/sdk/custom/data/rtfw/manual/api/rt__observability_export.hpp.html
-- Installing: /home/kbianco/.local/share/portfolio-control/worktrees/targets/cpp-rt-car-m26-03r/build/m26-03r-package/golden original uof4mqll/sdk/custom/data/rtfw/manual/api/rt__status.hpp.html
-- Installing: /home/kbianco/.local/share/portfolio-control/worktrees/targets/cpp-rt-car-m26-03r/build/m26-03r-package/golden original uof4mqll/sdk/custom/data/rtfw/manual/api/index.html
-- Installing: /home/kbianco/.local/share/portfolio-control/worktrees/targets/cpp-rt-car-m26-03r/build/m26-03r-package/golden original uof4mqll/sdk/custom/data/rtfw/manual/api/rt__canonical_bytes.hpp.html
-- Installing: /home/kbianco/.local/share/portfolio-control/worktrees/targets/cpp-rt-car-m26-03r/build/m26-03r-package/golden original uof4mqll/sdk/custom/data/rtfw/manual/guides
-- Installing: /home/kbianco/.local/share/portfolio-control/worktrees/targets/cpp-rt-car-m26-03r/build/m26-03r-package/golden original uof4mqll/sdk/custom/data/rtfw/manual/guides/docs__cuda_pipeline.md
-- Installing: /home/kbianco/.local/share/portfolio-control/worktrees/targets/cpp-rt-car-m26-03r/build/m26-03r-package/golden original uof4mqll/sdk/custom/data/rtfw/manual/guides/README.md
-- Installing: /home/kbianco/.local/share/portfolio-control/worktrees/targets/cpp-rt-car-m26-03r/build/m26-03r-package/golden original uof4mqll/sdk/custom/data/rtfw/manual/guides/docs__build_tooling.md
-- Installing: /home/kbianco/.local/share/portfolio-control/worktrees/targets/cpp-rt-car-m26-03r/build/m26-03r-package/golden original uof4mqll/sdk/custom/data/rtfw/manual/guides/docs__rate_telemetry.md
-- Installing: /home/kbianco/.local/share/portfolio-control/worktrees/targets/cpp-rt-car-m26-03r/build/m26-03r-package/golden original uof4mqll/sdk/custom/data/rtfw/manual/guides/docs__xdma_backend.md
-- Installing: /home/kbianco/.local/share/portfolio-control/worktrees/targets/cpp-rt-car-m26-03r/build/m26-03r-package/golden original uof4mqll/sdk/custom/data/rtfw/manual/guides/docs__backend_authoring.md
-- Installing: /home/kbianco/.local/share/portfolio-control/worktrees/targets/cpp-rt-car-m26-03r/build/m26-03r-package/golden original uof4mqll/sdk/custom/data/rtfw/manual/guides/docs__sampled_io.md
-- Installing: /home/kbianco/.local/share/portfolio-control/worktrees/targets/cpp-rt-car-m26-03r/build/m26-03r-package/golden original uof4mqll/sdk/custom/data/rtfw/manual/guides/docs__cuda_benchmarking.md
-- Installing: /home/kbianco/.local/share/portfolio-control/worktrees/targets/cpp-rt-car-m26-03r/build/m26-03r-package/golden original uof4mqll/sdk/custom/data/rtfw/manual/guides/docs__benchmarking.md
-- Installing: /home/kbianco/.local/share/portfolio-control/worktrees/targets/cpp-rt-car-m26-03r/build/m26-03r-package/golden original uof4mqll/sdk/custom/data/rtfw/manual/guides/docs__cil_shared_memory.md
-- Installing: /home/kbianco/.local/share/portfolio-control/worktrees/targets/cpp-rt-car-m26-03r/build/m26-03r-package/golden original uof4mqll/sdk/custom/data/rtfw/manual/guides/docs__runtime_profiles.md
-- Installing: /home/kbianco/.local/share/portfolio-control/worktrees/targets/cpp-rt-car-m26-03r/build/m26-03r-package/golden original uof4mqll/sdk/custom/data/rtfw/manual/guides/docs__cuda_lifetime.md
-- Installing: /home/kbianco/.local/share/portfolio-control/worktrees/targets/cpp-rt-car-m26-03r/build/m26-03r-package/golden original uof4mqll/sdk/custom/data/rtfw/manual/guides/docs__typed_runtime.md
-- Installing: /home/kbianco/.local/share/portfolio-control/worktrees/targets/cpp-rt-car-m26-03r/build/m26-03r-package/golden original uof4mqll/sdk/custom/data/rtfw/manual/guides/docs__host_adapter.md
-- Installing: /home/kbianco/.local/share/portfolio-control/worktrees/targets/cpp-rt-car-m26-03r/build/m26-03r-package/golden original uof4mqll/sdk/custom/data/rtfw/manual/guides/docs__compiled_graph.md
-- Installing: /home/kbianco/.local/share/portfolio-control/worktrees/targets/cpp-rt-car-m26-03r/build/m26-03r-package/golden original uof4mqll/sdk/custom/data/rtfw/manual/guides/docs__executor.md
-- Installing: /home/kbianco/.local/share/portfolio-control/worktrees/targets/cpp-rt-car-m26-03r/build/m26-03r-package/golden original uof4mqll/sdk/custom/data/rtfw/manual/guides/docs__release_policy.md
-- Installing: /home/kbianco/.local/share/portfolio-control/worktrees/targets/cpp-rt-car-m26-03r/build/m26-03r-package/golden original uof4mqll/sdk/custom/data/rtfw/manual/guides/docs__determinism_replay.md
-- Installing: /home/kbianco/.local/share/portfolio-control/worktrees/targets/cpp-rt-car-m26-03r/build/m26-03r-package/golden original uof4mqll/sdk/custom/data/rtfw/manual/guides/docs__host_runtime.md
-- Installing: /home/kbianco/.local/share/portfolio-control/worktrees/targets/cpp-rt-car-m26-03r/build/m26-03r-package/golden original uof4mqll/sdk/custom/data/rtfw/manual/guides/docs__c_abi.md
-- Installing: /home/kbianco/.local/share/portfolio-control/worktrees/targets/cpp-rt-car-m26-03r/build/m26-03r-package/golden original uof4mqll/sdk/custom/data/rtfw/manual/guides/docs__benchmark_analysis.md
-- Installing: /home/kbianco/.local/share/portfolio-control/worktrees/targets/cpp-rt-car-m26-03r/build/m26-03r-package/golden original uof4mqll/sdk/custom/data/rtfw/manual/guides/docs__live_controls.md
-- Installing: /home/kbianco/.local/share/portfolio-control/worktrees/targets/cpp-rt-car-m26-03r/build/m26-03r-package/golden original uof4mqll/sdk/custom/data/rtfw/manual/guides/docs__time_platform.md
-- Installing: /home/kbianco/.local/share/portfolio-control/worktrees/targets/cpp-rt-car-m26-03r/build/m26-03r-package/golden original uof4mqll/sdk/custom/data/rtfw/manual/guides/docs__getting_started.md
-- Installing: /home/kbianco/.local/share/portfolio-control/worktrees/targets/cpp-rt-car-m26-03r/build/m26-03r-package/golden original uof4mqll/sdk/custom/data/rtfw/manual/guides/docs__memory_plan.md
-- Installing: /home/kbianco/.local/share/portfolio-control/worktrees/targets/cpp-rt-car-m26-03r/build/m26-03r-package/golden original uof4mqll/sdk/custom/data/rtfw/manual/guides/docs__cuda_physics.md
-- Installing: /home/kbianco/.local/share/portfolio-control/worktrees/targets/cpp-rt-car-m26-03r/build/m26-03r-package/golden original uof4mqll/sdk/custom/data/rtfw/manual/guides/docs__live_control_sdk.md
-- Installing: /home/kbianco/.local/share/portfolio-control/worktrees/targets/cpp-rt-car-m26-03r/build/m26-03r-package/golden original uof4mqll/sdk/custom/data/rtfw/manual/guides/docs__device_backend.md
-- Installing: /home/kbianco/.local/share/portfolio-control/worktrees/targets/cpp-rt-car-m26-03r/build/m26-03r-package/golden original uof4mqll/sdk/custom/data/rtfw/manual/recipes.md
-- Installing: /home/kbianco/.local/share/portfolio-control/worktrees/targets/cpp-rt-car-m26-03r/build/m26-03r-package/golden original uof4mqll/sdk/custom/data/rtfw/manual/inventory.json
-- Installing: /home/kbianco/.local/share/portfolio-control/worktrees/targets/cpp-rt-car-m26-03r/build/m26-03r-package/golden original uof4mqll/sdk/custom/data/rtfw/examples/recipes/CMakeLists.txt
-- Installing: /home/kbianco/.local/share/portfolio-control/worktrees/targets/cpp-rt-car-m26-03r/build/m26-03r-package/golden original uof4mqll/sdk/custom/data/rtfw/examples/recipes/transcripts.json
-- Installing: /home/kbianco/.local/share/portfolio-control/worktrees/targets/cpp-rt-car-m26-03r/build/m26-03r-package/golden original uof4mqll/sdk/custom/data/rtfw/examples/recipes/run_transcripts.py
-- Installing: /home/kbianco/.local/share/portfolio-control/worktrees/targets/cpp-rt-car-m26-03r/build/m26-03r-package/golden original uof4mqll/sdk/custom/data/rtfw/examples/recipes/mixed_rate_conformance.hpp
-- Installing: /home/kbianco/.local/share/portfolio-control/worktrees/targets/cpp-rt-car-m26-03r/build/m26-03r-package/golden original uof4mqll/sdk/custom/data/rtfw/examples/recipes/package_consumer/c_consumer.c
-- Installing: /home/kbianco/.local/share/portfolio-control/worktrees/targets/cpp-rt-car-m26-03r/build/m26-03r-package/golden original uof4mqll/sdk/custom/data/rtfw/examples/recipes/package_consumer/cpp_consumer.cpp
-- Installing: /home/kbianco/.local/share/portfolio-control/worktrees/targets/cpp-rt-car-m26-03r/build/m26-03r-package/golden original uof4mqll/sdk/custom/data/rtfw/examples/recipes/package_consumer/profile_consumer.cpp
-- Installing: /home/kbianco/.local/share/portfolio-control/worktrees/targets/cpp-rt-car-m26-03r/build/m26-03r-package/golden original uof4mqll/sdk/custom/data/rtfw/examples/recipes/package_consumer/mixed_rate_consumer.cpp
-- Installing: /home/kbianco/.local/share/portfolio-control/worktrees/targets/cpp-rt-car-m26-03r/build/m26-03r-package/golden original uof4mqll/sdk/custom/data/rtfw/examples/recipes/package_consumer/live_control_consumer.cpp
-- Installing: /home/kbianco/.local/share/portfolio-control/worktrees/targets/cpp-rt-car-m26-03r/build/m26-03r-package/golden original uof4mqll/sdk/custom/data/rtfw/examples/recipes/package_consumer/live_control_replay_consumer.cpp
-- Installing: /home/kbianco/.local/share/portfolio-control/worktrees/targets/cpp-rt-car-m26-03r/build/m26-03r-package/golden original uof4mqll/sdk/custom/data/rtfw/examples/recipes/package_consumer/cuda_consumer.cpp
-- Installing: /home/kbianco/.local/share/portfolio-control/worktrees/targets/cpp-rt-car-m26-03r/build/m26-03r-package/golden original uof4mqll/sdk/custom/data/rtfw/examples/recipes/package_consumer/xdma_consumer.cpp
-- Installing: /home/kbianco/.local/share/portfolio-control/worktrees/targets/cpp-rt-car-m26-03r/build/m26-03r-package/golden original uof4mqll/sdk/custom/data/rtfw/examples/recipes/package_consumer/benchmark_consumer.cpp
-- Installing: /home/kbianco/.local/share/portfolio-control/worktrees/targets/cpp-rt-car-m26-03r/build/m26-03r-package/golden original uof4mqll/sdk/custom/data/rtfw/examples/golden_system/CMakeLists.txt
-- Installing: /home/kbianco/.local/share/portfolio-control/worktrees/targets/cpp-rt-car-m26-03r/build/m26-03r-package/golden original uof4mqll/sdk/custom/data/rtfw/examples/golden_system/README.md
-- Installing: /home/kbianco/.local/share/portfolio-control/worktrees/targets/cpp-rt-car-m26-03r/build/m26-03r-package/golden original uof4mqll/sdk/custom/data/rtfw/examples/golden_system/artifacts.py
-- Installing: /home/kbianco/.local/share/portfolio-control/worktrees/targets/cpp-rt-car-m26-03r/build/m26-03r-package/golden original uof4mqll/sdk/custom/data/rtfw/examples/golden_system/channel.hpp
-- Installing: /home/kbianco/.local/share/portfolio-control/worktrees/targets/cpp-rt-car-m26-03r/build/m26-03r-package/golden original uof4mqll/sdk/custom/data/rtfw/examples/golden_system/common.hpp
-- Installing: /home/kbianco/.local/share/portfolio-control/worktrees/targets/cpp-rt-car-m26-03r/build/m26-03r-package/golden original uof4mqll/sdk/custom/data/rtfw/examples/golden_system/contract.json
-- Installing: /home/kbianco/.local/share/portfolio-control/worktrees/targets/cpp-rt-car-m26-03r/build/m26-03r-package/golden original uof4mqll/sdk/custom/data/rtfw/examples/golden_system/controller.cpp
-- Installing: /home/kbianco/.local/share/portfolio-control/worktrees/targets/cpp-rt-car-m26-03r/build/m26-03r-package/golden original uof4mqll/sdk/custom/data/rtfw/examples/golden_system/controls.hpp
-- Installing: /home/kbianco/.local/share/portfolio-control/worktrees/targets/cpp-rt-car-m26-03r/build/m26-03r-package/golden original uof4mqll/sdk/custom/data/rtfw/examples/golden_system/fixed.hpp
-- Installing: /home/kbianco/.local/share/portfolio-control/worktrees/targets/cpp-rt-car-m26-03r/build/m26-03r-package/golden original uof4mqll/sdk/custom/data/rtfw/examples/golden_system/jobs.hpp
-- Installing: /home/kbianco/.local/share/portfolio-control/worktrees/targets/cpp-rt-car-m26-03r/build/m26-03r-package/golden original uof4mqll/sdk/custom/data/rtfw/examples/golden_system/main.cpp
-- Installing: /home/kbianco/.local/share/portfolio-control/worktrees/targets/cpp-rt-car-m26-03r/build/m26-03r-package/golden original uof4mqll/sdk/custom/data/rtfw/examples/golden_system/mapping.hpp
-- Installing: /home/kbianco/.local/share/portfolio-control/worktrees/targets/cpp-rt-car-m26-03r/build/m26-03r-package/golden original uof4mqll/sdk/custom/data/rtfw/examples/golden_system/memory.hpp
-- Installing: /home/kbianco/.local/share/portfolio-control/worktrees/targets/cpp-rt-car-m26-03r/build/m26-03r-package/golden original uof4mqll/sdk/custom/data/rtfw/examples/golden_system/model.hpp
-- Installing: /home/kbianco/.local/share/portfolio-control/worktrees/targets/cpp-rt-car-m26-03r/build/m26-03r-package/golden original uof4mqll/sdk/custom/data/rtfw/examples/golden_system/oracle.hpp
-- Installing: /home/kbianco/.local/share/portfolio-control/worktrees/targets/cpp-rt-car-m26-03r/build/m26-03r-package/golden original uof4mqll/sdk/custom/data/rtfw/examples/golden_system/peer.hpp
-- Installing: /home/kbianco/.local/share/portfolio-control/worktrees/targets/cpp-rt-car-m26-03r/build/m26-03r-package/golden original uof4mqll/sdk/custom/data/rtfw/examples/golden_system/provenance.py
-- Installing: /home/kbianco/.local/share/portfolio-control/worktrees/targets/cpp-rt-car-m26-03r/build/m26-03r-package/golden original uof4mqll/sdk/custom/data/rtfw/examples/golden_system/replay.hpp
-- Installing: /home/kbianco/.local/share/portfolio-control/worktrees/targets/cpp-rt-car-m26-03r/build/m26-03r-package/golden original uof4mqll/sdk/custom/data/rtfw/examples/golden_system/run.py
-- Installing: /home/kbianco/.local/share/portfolio-control/worktrees/targets/cpp-rt-car-m26-03r/build/m26-03r-package/golden original uof4mqll/sdk/custom/data/rtfw/examples/golden_system/session.hpp
-- Installing: /home/kbianco/.local/share/portfolio-control/worktrees/targets/cpp-rt-car-m26-03r/build/m26-03r-package/golden original uof4mqll/sdk/custom/data/rtfw/examples/golden_system/telemetry.hpp
-- Installing: /home/kbianco/.local/share/portfolio-control/worktrees/targets/cpp-rt-car-m26-03r/build/m26-03r-package/golden original uof4mqll/sdk/custom/data/rtfw/examples/golden_system/wire.hpp
-- Installing: /home/kbianco/.local/share/portfolio-control/worktrees/targets/cpp-rt-car-m26-03r/build/m26-03r-package/golden original uof4mqll/sdk/custom/data/rtfw/examples/golden_system/world.hpp
-- Installing: /home/kbianco/.local/share/portfolio-control/worktrees/targets/cpp-rt-car-m26-03r/build/m26-03r-package/golden original uof4mqll/sdk/custom/data/rtfw/examples/golden_system/provenance.json
-- Installing: /home/kbianco/.local/share/portfolio-control/worktrees/targets/cpp-rt-car-m26-03r/build/m26-03r-package/golden original uof4mqll/sdk/custom/data/rtfw/golden_system.md
+ ["cpack", "--config", "/home/kbianco/.local/share/portfolio-control/worktrees/targets/cpp-rt-car-m26-03r/build/m26-03r-package/sdk build/CPackConfig.cmake", "-C", "Release", "-B", "/tmp/golden relocated ipe_mo_1/archive", "-D", "CPACK_PACKAGING_INSTALL_PREFIX=/", "-D", "CPACK_PACKAGE_FILE_NAME=rtfw-golden"]
CPack: Create package using TGZ
CPack: Install projects
CPack: - Run preinstall target for: rtfw
CPack: - Install project: rtfw [Release]
CPack: Create package
CPack: - package: /tmp/golden relocated ipe_mo_1/archive/rtfw-golden.tar.gz generated.
CPack: - checksum file: /tmp/golden relocated ipe_mo_1/archive/rtfw-golden.tar.gz.sha256 generated.
+ ["/usr/bin/python3", "/home/kbianco/.local/share/portfolio-control/worktrees/targets/cpp-rt-car-m26-03r/tools/extract_release_archive.py", "--artifact-dir", "/tmp/golden relocated ipe_mo_1/archive", "--destination", "/tmp/golden relocated ipe_mo_1/SDK with spaces"]
Release archive extraction OK: rtfw-golden.tar.gz
+ ["cmake", "-S", "/tmp/golden relocated ipe_mo_1/SDK with spaces/custom/data/rtfw/examples/golden_system", "-B", "/tmp/golden relocated ipe_mo_1/kit build", "-DCMAKE_BUILD_TYPE=Release", "-DCMAKE_PREFIX_PATH=/tmp/golden relocated ipe_mo_1/SDK with spaces", "-DCMAKE_EXPORT_COMPILE_COMMANDS=ON"]
-- The CXX compiler identification is GNU 12.2.0
-- Detecting CXX compiler ABI info
-- Detecting CXX compiler ABI info - done
-- Check for working CXX compiler: /usr/bin/c++ - skipped
-- Detecting CXX compile features
-- Detecting CXX compile features - done
-- Performing Test CMAKE_HAVE_LIBC_PTHREAD
-- Performing Test CMAKE_HAVE_LIBC_PTHREAD - Success
-- Found Threads: TRUE  
-- Found Python3: /home/kbianco/.local/bin/python3.12 (found version "3.12.13") found components: Interpreter 
-- Configuring done
-- Generating done
-- Build files have been written to: /tmp/golden relocated ipe_mo_1/kit build
+ ["cmake", "--build", "/tmp/golden relocated ipe_mo_1/kit build", "--config", "Release", "--parallel", "2"]
[ 25%] Building CXX object CMakeFiles/golden_system.dir/main.cpp.o
[ 50%] Building CXX object CMakeFiles/golden_controller.dir/controller.cpp.o
[ 75%] Linking CXX executable golden_controller
[ 75%] Built target golden_controller
[100%] Linking CXX executable golden_system
[100%] Built target golden_system
+ ["ctest", "--test-dir", "/tmp/golden relocated ipe_mo_1/kit build", "-C", "Release", "--output-on-failure", "--no-tests=error"]
Internal ctest changing into directory: /tmp/golden relocated ipe_mo_1/kit build
Test project /tmp/golden relocated ipe_mo_1/kit build
    Start 1: golden_kit_native
1/3 Test #1: golden_kit_native ................   Passed    0.14 sec
    Start 2: golden_kit_host
2/3 Test #2: golden_kit_host ..................   Passed    0.13 sec
    Start 3: golden_kit_external
3/3 Test #3: golden_kit_external ..............   Passed    0.18 sec

100% tests passed, 0 tests failed out of 3

Total Test time (real) =   0.46 sec
+ ["/usr/bin/python3", "/tmp/golden relocated ipe_mo_1/SDK with spaces/custom/data/rtfw/examples/golden_system/run.py", "--prefix", "/tmp/golden relocated ipe_mo_1/SDK with spaces", "--build", "/tmp/golden relocated ipe_mo_1/kit build", "--output", "/tmp/golden relocated ipe_mo_1/one command evidence", "--mode", "external"]
-- Configuring done
-- Generating done
-- Build files have been written to: /tmp/golden relocated ipe_mo_1/kit build
[ 50%] Built target golden_system
[100%] Built target golden_controller
ready plant
golden ticks=24 callbacks=108 replay=24 peer=ok cleanup=ok
ready controller
controller status=ok sent=8
PASS: portable golden run/state/replay; hardware and RT qualification not performed
+ ["cmake", "-S", "/home/kbianco/.local/share/portfolio-control/worktrees/targets/cpp-rt-car-m26-03r/tests/package_consumer", "-B", "/tmp/golden relocated ipe_mo_1/full SDK", "-DCMAKE_BUILD_TYPE=Release", "-DCMAKE_PREFIX_PATH=/tmp/golden relocated ipe_mo_1/SDK with spaces", "-DRTFW_TEST_BENCHMARK=OFF"]
-- The C compiler identification is GNU 12.2.0
-- The CXX compiler identification is GNU 12.2.0
-- Detecting C compiler ABI info
-- Detecting C compiler ABI info - done
-- Check for working C compiler: /usr/bin/cc - skipped
-- Detecting C compile features
-- Detecting C compile features - done
-- Detecting CXX compiler ABI info
-- Detecting CXX compiler ABI info - done
-- Check for working CXX compiler: /usr/bin/c++ - skipped
-- Detecting CXX compile features
-- Detecting CXX compile features - done
-- Performing Test CMAKE_HAVE_LIBC_PTHREAD
-- Performing Test CMAKE_HAVE_LIBC_PTHREAD - Success
-- Found Threads: TRUE  
-- Found Python3: /home/kbianco/.local/bin/python3.12 (found version "3.12.13") found components: Interpreter 
-- Configuring done
-- Generating done
-- Build files have been written to: /tmp/golden relocated ipe_mo_1/full SDK
+ ["cmake", "--build", "/tmp/golden relocated ipe_mo_1/full SDK", "--config", "Release", "--parallel", "2"]
[  1%] Building C object CMakeFiles/rtfw_header_c_api.dir/header_c_api.c.o
[  2%] Building C object CMakeFiles/rtfw_header_device_abi.dir/header_device_abi.c.o
[  2%] Built target rtfw_header_c_api
[  2%] Built target rtfw_header_device_abi
[  3%] Building C object CMakeFiles/rtfw_header_extension_abi_c.dir/header_extension_abi_c.c.o
[  4%] Building C object CMakeFiles/rtfw_header_version_c.dir/header_version_c.c.o
[  4%] Built target rtfw_header_extension_abi_c
[  4%] Built target rtfw_header_version_c
[  5%] Building CXX object CMakeFiles/rtfw_header_units.dir/header_units.cpp.o
[  6%] Building CXX object CMakeFiles/rtfw_header_canonical_bytes.dir/header_canonical_bytes.cpp.o
[  6%] Built target rtfw_header_units
[  7%] Building CXX object CMakeFiles/rtfw_header_config.dir/header_config.cpp.o
[  7%] Built target rtfw_header_canonical_bytes
[  8%] Building CXX object CMakeFiles/rtfw_header_device.dir/header_device.cpp.o
[  8%] Built target rtfw_header_config
[ 10%] Building CXX object CMakeFiles/rtfw_header_extension_abi_cpp.dir/header_extension_abi_cpp.cpp.o
[ 10%] Built target rtfw_header_extension_abi_cpp
[ 11%] Building CXX object CMakeFiles/rtfw_header_graph.dir/header_graph.cpp.o
[ 11%] Built target rtfw_header_graph
[ 12%] Building CXX object CMakeFiles/rtfw_header_loopback_backend.dir/header_loopback_backend.cpp.o
[ 12%] Built target rtfw_header_device
[ 13%] Building CXX object CMakeFiles/rtfw_header_live_control.dir/header_live_control.cpp.o
[ 13%] Built target rtfw_header_loopback_backend
[ 14%] Building CXX object CMakeFiles/rtfw_header_sdk.dir/header_sdk.cpp.o
[ 14%] Built target rtfw_header_live_control
[ 15%] Building CXX object CMakeFiles/rtfw_header_mock_device.dir/header_mock_device.cpp.o
[ 15%] Built target rtfw_header_mock_device
[ 16%] Building CXX object CMakeFiles/rtfw_header_observability_export.dir/header_observability_export.cpp.o
[ 16%] Built target rtfw_header_sdk
[ 17%] Building CXX object CMakeFiles/rtfw_header_profile.dir/header_profile.cpp.o
[ 17%] Built target rtfw_header_observability_export
[ 19%] Building CXX object CMakeFiles/rtfw_header_runtime.dir/header_runtime.cpp.o
[ 19%] Built target rtfw_header_profile
[ 20%] Building CXX object CMakeFiles/rtfw_header_status.dir/header_status.cpp.o
[ 20%] Built target rtfw_header_status
[ 21%] Building CXX object CMakeFiles/rtfw_header_version_cpp.dir/header_version_cpp.cpp.o
[ 21%] Built target rtfw_header_version_cpp
[ 22%] Building CXX object CMakeFiles/rtfw_header_cuda_backend.dir/header_cuda_backend.cpp.o
[ 22%] Built target rtfw_header_runtime
[ 23%] Building CXX object CMakeFiles/rtfw_header_xdma_backend.dir/header_xdma_backend.cpp.o
[ 23%] Built target rtfw_header_cuda_backend
[ 24%] Building C object CMakeFiles/rtfw_consumer_shared.dir/c_consumer.c.o
[ 25%] Linking C executable rtfw_consumer_shared
[ 25%] Built target rtfw_consumer_shared
[ 26%] Building C object CMakeFiles/rtfw_consumer_static.dir/c_consumer.c.o
[ 28%] Linking CXX executable rtfw_consumer_static
[ 28%] Built target rtfw_consumer_static
[ 29%] Building C object CMakeFiles/rtfw_consumer_shared_compat.dir/c_consumer.c.o
[ 30%] Linking C executable rtfw_consumer_shared_compat
[ 30%] Built target rtfw_header_xdma_backend
[ 30%] Built target rtfw_consumer_shared_compat
[ 31%] Building C object CMakeFiles/rtfw_consumer_static_compat.dir/c_consumer.c.o
[ 32%] Building CXX object CMakeFiles/rtfw_consumer_cpp.dir/cpp_consumer.cpp.o
[ 33%] Linking CXX executable rtfw_consumer_static_compat
[ 33%] Built target rtfw_consumer_static_compat
[ 34%] Building CXX object CMakeFiles/rtfw_consumer_loopback.dir/loopback_consumer.cpp.o
[ 35%] Linking CXX executable rtfw_consumer_cpp
[ 37%] Linking CXX executable rtfw_consumer_loopback
[ 37%] Built target rtfw_consumer_loopback
[ 37%] Built target rtfw_consumer_cpp
[ 38%] Building CXX object CMakeFiles/rtfw_consumer_live_control.dir/live_control_consumer.cpp.o
[ 39%] Building CXX object CMakeFiles/rtfw_consumer_mixed_rate.dir/mixed_rate_consumer.cpp.o
[ 40%] Linking CXX executable rtfw_consumer_live_control
[ 40%] Built target rtfw_consumer_live_control
[ 41%] Building CXX object CMakeFiles/rtfw_consumer_live_control_replay.dir/live_control_replay_consumer.cpp.o
[ 42%] Linking CXX executable rtfw_consumer_mixed_rate
[ 42%] Built target rtfw_consumer_mixed_rate
[ 43%] Building CXX object CMakeFiles/rtfw_consumer_live_control_sdk.dir/live_control_sdk_consumer.cpp.o
[ 44%] Linking CXX executable rtfw_consumer_live_control_replay
[ 44%] Built target rtfw_consumer_live_control_replay
[ 46%] Building C object CMakeFiles/rtfw_consumer_extension_c.dir/extension_consumer.c.o
[ 47%] Linking CXX executable rtfw_consumer_extension_c
[ 47%] Built target rtfw_consumer_extension_c
[ 48%] Building CXX object CMakeFiles/rtfw_consumer_extension_cpp.dir/extension_cpp_consumer.cpp.o
[ 49%] Linking CXX executable rtfw_consumer_live_control_sdk
[ 49%] Built target rtfw_consumer_live_control_sdk
[ 50%] Building CXX object CMakeFiles/rtfw_consumer_cpp_compat.dir/compat_consumer.cpp.o
[ 51%] Linking CXX executable rtfw_consumer_extension_cpp
[ 51%] Built target rtfw_consumer_extension_cpp
[ 52%] Building CXX object CMakeFiles/rtfw_consumer_profile.dir/profile_consumer.cpp.o
[ 53%] Linking CXX executable rtfw_consumer_cpp_compat
[ 53%] Built target rtfw_consumer_cpp_compat
[ 55%] Building CXX object CMakeFiles/rtfw_consumer_cuda.dir/cuda_consumer.cpp.o
[ 56%] Linking CXX executable rtfw_consumer_profile
[ 56%] Built target rtfw_consumer_profile
[ 57%] Building CXX object CMakeFiles/rtfw_consumer_xdma.dir/xdma_consumer.cpp.o
[ 58%] Linking CXX executable rtfw_consumer_cuda
[ 58%] Built target rtfw_consumer_cuda
[ 59%] Building CXX object CMakeFiles/rtfw_consumer_policy.dir/warning_consumer.cpp.o
[ 60%] Linking CXX executable rtfw_consumer_xdma
[ 60%] Built target rtfw_consumer_xdma
[ 61%] Building CXX object CMakeFiles/rtfw_device_rate_simulation_consumer.dir/device_rate_simulation_consumer.cpp.o
[ 62%] Linking CXX executable rtfw_consumer_policy
[ 62%] Built target rtfw_consumer_policy
[ 64%] Building CXX object hello-runtime/CMakeFiles/hello_runtime.dir/main.cpp.o
[ 65%] Linking CXX executable rtfw_device_rate_simulation_consumer
[ 65%] Built target rtfw_device_rate_simulation_consumer
[ 66%] Linking CXX executable hello_runtime
[ 67%] Building CXX object typed-runtime/CMakeFiles/typed_runtime.dir/main.cpp.o
[ 67%] Built target hello_runtime
[ 68%] Building CXX object backend-authoring/CMakeFiles/backend_authoring.dir/main.cpp.o
[ 69%] Linking CXX executable typed_runtime
[ 69%] Built target typed_runtime
[ 70%] Building CXX object cil-shared-memory/CMakeFiles/cil_plant.dir/plant.cpp.o
[ 71%] Linking CXX executable backend_authoring
[ 71%] Built target backend_authoring
[ 73%] Building CXX object cil-shared-memory/CMakeFiles/cil_controller.dir/controller.cpp.o
[ 74%] Linking CXX executable cil_plant
[ 74%] Built target cil_plant
[ 75%] Building CXX object host-adapter/CMakeFiles/host_adapter.dir/main.cpp.o
[ 76%] Linking CXX executable cil_controller
[ 76%] Built target cil_controller
[ 77%] Building C object installed-recipes/CMakeFiles/recipe_raw_c.dir/package_consumer/c_consumer.c.o
[ 78%] Linking CXX executable recipe_raw_c
[ 78%] Built target recipe_raw_c
[ 79%] Building CXX object installed-recipes/CMakeFiles/recipe_raw_cpp.dir/package_consumer/cpp_consumer.cpp.o
[ 80%] Linking CXX executable host_adapter
[ 82%] Linking CXX executable recipe_raw_cpp
[ 82%] Built target host_adapter
[ 82%] Built target recipe_raw_cpp
[ 83%] Building CXX object installed-recipes/CMakeFiles/recipe_profile.dir/package_consumer/profile_consumer.cpp.o
[ 84%] Building CXX object installed-recipes/CMakeFiles/recipe_mixed_rate.dir/package_consumer/mixed_rate_consumer.cpp.o
[ 85%] Linking CXX executable recipe_profile
[ 85%] Built target recipe_profile
[ 86%] Building CXX object installed-recipes/CMakeFiles/recipe_live_control.dir/package_consumer/live_control_consumer.cpp.o
[ 87%] Linking CXX executable recipe_mixed_rate
[ 87%] Built target recipe_mixed_rate
[ 88%] Building CXX object installed-recipes/CMakeFiles/recipe_replay.dir/package_consumer/live_control_replay_consumer.cpp.o
[ 89%] Linking CXX executable recipe_live_control
[ 89%] Built target recipe_live_control
[ 91%] Building CXX object installed-recipes/CMakeFiles/recipe_cuda_boundary.dir/package_consumer/cuda_consumer.cpp.o
[ 92%] Linking CXX executable recipe_replay
[ 92%] Built target recipe_replay
[ 93%] Building CXX object installed-recipes/CMakeFiles/recipe_xdma_boundary.dir/package_consumer/xdma_consumer.cpp.o
[ 94%] Linking CXX executable recipe_cuda_boundary
[ 94%] Built target recipe_cuda_boundary
[ 95%] Building CXX object golden-system/CMakeFiles/golden_system.dir/main.cpp.o
[ 96%] Linking CXX executable recipe_xdma_boundary
[ 96%] Built target recipe_xdma_boundary
[ 97%] Building CXX object golden-system/CMakeFiles/golden_controller.dir/controller.cpp.o
[ 98%] Linking CXX executable golden_controller
[ 98%] Built target golden_controller
[100%] Linking CXX executable golden_system
[100%] Built target golden_system
+ ["ctest", "--test-dir", "/tmp/golden relocated ipe_mo_1/full SDK", "-C", "Release", "--output-on-failure", "--no-tests=error"]
Internal ctest changing into directory: /tmp/golden relocated ipe_mo_1/full SDK
Test project /tmp/golden relocated ipe_mo_1/full SDK
      Start  1: installed_c_shared
 1/40 Test  #1: installed_c_shared ........................   Passed    0.02 sec
      Start  2: installed_c_static
 2/40 Test  #2: installed_c_static ........................   Passed    0.02 sec
      Start  3: installed_c_shared_compat
 3/40 Test  #3: installed_c_shared_compat .................   Passed    0.01 sec
      Start  4: installed_c_static_compat
 4/40 Test  #4: installed_c_static_compat .................   Passed    0.01 sec
      Start  5: installed_cpp_runtime
 5/40 Test  #5: installed_cpp_runtime .....................   Passed    0.01 sec
      Start  6: installed_loopback
 6/40 Test  #6: installed_loopback ........................   Passed    0.00 sec
      Start  7: installed_mixed_rate
 7/40 Test  #7: installed_mixed_rate ......................   Passed    0.02 sec
      Start  8: installed_live_control
 8/40 Test  #8: installed_live_control ....................   Passed    0.01 sec
      Start  9: installed_live_control_replay
 9/40 Test  #9: installed_live_control_replay .............   Passed    0.01 sec
      Start 10: installed_live_control_replay_replaced
10/40 Test #10: installed_live_control_replay_replaced ....   Passed    0.01 sec
      Start 11: installed_live_control_replay_rejected
11/40 Test #11: installed_live_control_replay_rejected ....   Passed    0.01 sec
      Start 12: installed_live_control_sdk
12/40 Test #12: installed_live_control_sdk ................   Passed    0.01 sec
      Start 13: installed_extension_c
13/40 Test #13: installed_extension_c .....................   Passed    0.00 sec
      Start 14: installed_extension_cpp
14/40 Test #14: installed_extension_cpp ...................   Passed    0.01 sec
      Start 15: installed_cpp_compat
15/40 Test #15: installed_cpp_compat ......................   Passed    0.00 sec
      Start 16: installed_cpp_profile
16/40 Test #16: installed_cpp_profile .....................   Passed    0.00 sec
      Start 17: installed_cuda_backend
17/40 Test #17: installed_cuda_backend ....................   Passed    0.00 sec
      Start 18: installed_xdma_backend
18/40 Test #18: installed_xdma_backend ....................   Passed    0.00 sec
      Start 19: installed_policy_isolation
19/40 Test #19: installed_policy_isolation ................   Passed    0.00 sec
      Start 20: installed_pure_c_project
20/40 Test #20: installed_pure_c_project ..................   Passed    0.78 sec
      Start 21: device_rate_simulation_package_consumer
21/40 Test #21: device_rate_simulation_package_consumer ...   Passed    0.01 sec
      Start 22: hello_runtime_output
22/40 Test #22: hello_runtime_output ......................   Passed    0.04 sec
      Start 23: typed_runtime_output
23/40 Test #23: typed_runtime_output ......................   Passed    0.02 sec
      Start 24: backend_authoring_output
24/40 Test #24: backend_authoring_output ..................   Passed    0.03 sec
      Start 25: cil_shared_memory_processes
25/40 Test #25: cil_shared_memory_processes ...............   Passed   15.34 sec
      Start 26: host_adapter_native
26/40 Test #26: host_adapter_native .......................   Passed    0.05 sec
      Start 27: host_adapter_host
27/40 Test #27: host_adapter_host .........................   Passed    0.02 sec
      Start 28: recipe_raw_c
28/40 Test #28: recipe_raw_c ..............................   Passed    0.01 sec
      Start 29: recipe_raw_cpp
29/40 Test #29: recipe_raw_cpp ............................   Passed    0.01 sec
      Start 30: recipe_profile
30/40 Test #30: recipe_profile ............................   Passed    0.00 sec
      Start 31: recipe_mixed_rate
31/40 Test #31: recipe_mixed_rate .........................   Passed    0.02 sec
      Start 32: recipe_live_control
32/40 Test #32: recipe_live_control .......................   Passed    0.01 sec
      Start 33: recipe_replay
33/40 Test #33: recipe_replay .............................   Passed    0.01 sec
      Start 34: recipe_replay_replaced
34/40 Test #34: recipe_replay_replaced ....................   Passed    0.01 sec
      Start 35: recipe_replay_rejected
35/40 Test #35: recipe_replay_rejected ....................   Passed    0.01 sec
      Start 36: recipe_cuda_boundary
36/40 Test #36: recipe_cuda_boundary ......................   Passed    0.00 sec
      Start 37: recipe_xdma_boundary
37/40 Test #37: recipe_xdma_boundary ......................   Passed    0.00 sec
      Start 38: golden_kit_native
38/40 Test #38: golden_kit_native .........................   Passed    0.14 sec
      Start 39: golden_kit_host
39/40 Test #39: golden_kit_host ...........................   Passed    0.11 sec
      Start 40: golden_kit_external
40/40 Test #40: golden_kit_external .......................   Passed    0.20 sec

100% tests passed, 0 tests failed out of 40

Total Test time (real) =  16.99 sec
+ ["cmake", "-S", "/tmp/golden relocated ipe_mo_1/SDK with spaces/custom/data/rtfw/examples/golden_system", "-B", "/tmp/golden relocated ipe_mo_1/embedded", "-DCMAKE_BUILD_TYPE=Release", "-DGOLDEN_RTFW_SOURCE=/home/kbianco/.local/share/portfolio-control/worktrees/targets/cpp-rt-car-m26-03r", "-DENABLE_TESTS=OFF", "-DRTFW_BUILD_EXAMPLES=ON", "-DSIM_SANITIZERS=", "-DSIM_WERROR=ON"]
-- The CXX compiler identification is GNU 12.2.0
-- Detecting CXX compiler ABI info
-- Detecting CXX compiler ABI info - done
-- Check for working CXX compiler: /usr/bin/c++ - skipped
-- Detecting CXX compile features
-- Detecting CXX compile features - done
-- The C compiler identification is GNU 12.2.0
-- Detecting C compiler ABI info
-- Detecting C compiler ABI info - done
-- Check for working C compiler: /usr/bin/cc - skipped
-- Detecting C compile features
-- Detecting C compile features - done
-- Performing Test CMAKE_HAVE_LIBC_PTHREAD
-- Performing Test CMAKE_HAVE_LIBC_PTHREAD - Success
-- Found Threads: TRUE  
-- Found Python3: /home/kbianco/.local/bin/python3.12 (found version "3.12.13") found components: Interpreter 
-- Configuring done
-- Generating done
CMake Warning:
  Manually-specified variables were not used by the project:

    ENABLE_TESTS


-- Build files have been written to: /tmp/golden relocated ipe_mo_1/embedded
+ ["cmake", "--build", "/tmp/golden relocated ipe_mo_1/embedded", "--config", "Release", "--parallel", "2"]
[  2%] Building CXX object rtfw-build/CMakeFiles/rtfw_cuda_backend.dir/rt/src/cuda_backend.cpp.o
[  2%] Building CXX object rtfw-build/CMakeFiles/rtfw_runtime.dir/rt/src/compiled_graph.cpp.o
[  3%] Building CXX object rtfw-build/CMakeFiles/rtfw_runtime.dir/rt/src/cross_rate_data.cpp.o
[  4%] Linking CXX static library librtfw_cuda_backend.a
[  4%] Built target rtfw_cuda_backend
[  5%] Building CXX object rtfw-build/CMakeFiles/rtfw_xdma_backend.dir/rt/src/xdma_backend.cpp.o
[  6%] Building CXX object rtfw-build/CMakeFiles/rtfw_runtime.dir/rt/src/command_batch.cpp.o
[  7%] Linking CXX static library librtfw_xdma_backend.a
[  8%] Built target rtfw_xdma_backend
[  8%] Building CXX object rtfw-build/CMakeFiles/rtfw_runtime.dir/rt/src/hal_v2.cpp.o
[  9%] Building CXX object rtfw-build/samples/recipes/CMakeFiles/recipe_cuda_boundary.dir/home/kbianco/.local/share/portfolio-control/worktrees/targets/cpp-rt-car-m26-03r/tests/package_consumer/cuda_consumer.cpp.o
[ 10%] Linking CXX executable recipe_cuda_boundary
[ 10%] Built target recipe_cuda_boundary
[ 11%] Building CXX object rtfw-build/samples/recipes/CMakeFiles/recipe_xdma_boundary.dir/home/kbianco/.local/share/portfolio-control/worktrees/targets/cpp-rt-car-m26-03r/tests/package_consumer/xdma_consumer.cpp.o
[ 12%] Building CXX object rtfw-build/CMakeFiles/rtfw_runtime.dir/rt/src/heterogeneous_memory.cpp.o
[ 13%] Linking CXX executable recipe_xdma_boundary
[ 13%] Built target recipe_xdma_boundary
[ 14%] Building CXX object rtfw-build/CMakeFiles/rtfw_runtime.dir/rt/src/device_manager.cpp.o
[ 15%] Building CXX object rtfw-build/CMakeFiles/rtfw_runtime.dir/rt/src/executor.cpp.o
[ 16%] Building CXX object rtfw-build/CMakeFiles/rtfw_runtime.dir/rt/src/extension_registration.cpp.o
[ 17%] Building CXX object rtfw-build/CMakeFiles/rtfw_runtime.dir/rt/src/host_runtime.cpp.o
[ 18%] Building CXX object rtfw-build/CMakeFiles/rtfw_runtime.dir/rt/src/live_control_actions.cpp.o
[ 19%] Building CXX object rtfw-build/CMakeFiles/rtfw_runtime.dir/rt/src/live_control_mailbox.cpp.o
[ 20%] Building CXX object rtfw-build/CMakeFiles/rtfw_runtime.dir/rt/src/live_control_replay.cpp.o
[ 21%] Building CXX object rtfw-build/CMakeFiles/rtfw_runtime.dir/rt/src/memory_policy.cpp.o
[ 22%] Building CXX object rtfw-build/CMakeFiles/rtfw_runtime.dir/rt/src/mixed_rate_actions.cpp.o
[ 23%] Building CXX object rtfw-build/CMakeFiles/rtfw_runtime.dir/rt/src/mixed_rate_replay.cpp.o
[ 25%] Building CXX object rtfw-build/CMakeFiles/rtfw_runtime.dir/rt/src/mock_device.cpp.o
[ 26%] Building CXX object rtfw-build/CMakeFiles/rtfw_runtime.dir/rt/src/native_platform_preflight.cpp.o
[ 27%] Building CXX object rtfw-build/CMakeFiles/rtfw_runtime.dir/rt/src/observability_export.cpp.o
[ 28%] Building CXX object rtfw-build/CMakeFiles/rtfw_runtime.dir/rt/src/rate_dispatch.cpp.o
[ 29%] Building CXX object rtfw-build/CMakeFiles/rtfw_runtime.dir/rt/src/rate_telemetry.cpp.o
[ 30%] Building CXX object rtfw-build/CMakeFiles/rtfw_runtime.dir/rt/src/rate_timeline.cpp.o
[ 31%] Building CXX object rtfw-build/CMakeFiles/rtfw_runtime.dir/rt/src/resource_policy.cpp.o
[ 32%] Building CXX object rtfw-build/CMakeFiles/rtfw_runtime.dir/rt/src/runtime_compat.cpp.o
[ 33%] Building CXX object rtfw-build/CMakeFiles/rtfw_runtime.dir/rt/src/runtime_profile.cpp.o
[ 34%] Building CXX object rtfw-build/CMakeFiles/rtfw_runtime.dir/rt/src/sampled_io.cpp.o
[ 35%] Building CXX object rtfw-build/CMakeFiles/rtfw_runtime.dir/rt/src/loopback_backend.cpp.o
[ 36%] Building CXX object rtfw-build/CMakeFiles/rtfw_runtime.dir/rt/src/snapshot_codec.cpp.o
[ 37%] Building CXX object rtfw-build/CMakeFiles/rtfw_runtime.dir/rt/src/telemetry.cpp.o
[ 38%] Building CXX object rtfw-build/CMakeFiles/rtfw_runtime.dir/rt/src/thread_policy.cpp.o
[ 39%] Building CXX object rtfw-build/CMakeFiles/rtfw_runtime.dir/rt/src/watchdog_monitor.cpp.o
[ 40%] Linking CXX static library librtfw_runtime.a
[ 40%] Built target rtfw_runtime
[ 41%] Building CXX object CMakeFiles/golden_system.dir/main.cpp.o
[ 42%] Building CXX object CMakeFiles/golden_controller.dir/controller.cpp.o
[ 43%] Linking CXX executable golden_controller
[ 43%] Built target golden_controller
[ 44%] Building CXX object rtfw-build/CMakeFiles/simcore_rt.dir/rt/src/runtime.cpp.o
[ 45%] Linking CXX executable golden_system
[ 45%] Built target golden_system
[ 46%] Building CXX object rtfw-build/CMakeFiles/rtfw_shared.dir/src/c_abi.cpp.o
[ 47%] Linking CXX shared library librtfw.so
[ 47%] Built target rtfw_shared
[ 48%] Building CXX object rtfw-build/CMakeFiles/rtfw_static.dir/src/c_abi.cpp.o
[ 50%] Building CXX object rtfw-build/CMakeFiles/simcore_rt.dir/rt/src/fiber_pool.cpp.o
[ 51%] Linking CXX static library libsimcore_rt.a
[ 51%] Built target simcore_rt
[ 52%] Building CXX object rtfw-build/samples/CMakeFiles/sample_cuda_pipeline.dir/cuda_physics/pipeline/main.cpp.o
[ 53%] Linking CXX static library librtfw_static.a
[ 53%] Built target rtfw_static
[ 54%] Building CXX object rtfw-build/samples/CMakeFiles/sample_cuda_physics.dir/cuda_physics/main.cpp.o
[ 55%] Linking CXX executable sample_cuda_pipeline
[ 55%] Built target sample_cuda_pipeline
[ 56%] Building C object rtfw-build/samples/CMakeFiles/sample_embed_c.dir/embed_c/mini_app.c.o
[ 57%] Linking C executable sample_embed_c
[ 57%] Built target sample_embed_c
[ 58%] Linking CXX executable sample_cuda_physics
[ 59%] Building C object rtfw-build/samples/CMakeFiles/sample_embed_c_static.dir/embed_c/mini_app.c.o
[ 59%] Built target sample_cuda_physics
[ 60%] Linking CXX executable sample_embed_c_static
[ 61%] Building CXX object rtfw-build/samples/CMakeFiles/sample_embed_cpp.dir/embed_cpp/mini_app.cpp.o
[ 61%] Built target sample_embed_c_static
[ 62%] Building CXX object rtfw-build/samples/CMakeFiles/sample_device_mock.dir/device_mock.cpp.o
[ 63%] Linking CXX executable sample_device_mock
[ 64%] Linking CXX executable sample_embed_cpp
[ 64%] Built target sample_device_mock
[ 65%] Building CXX object rtfw-build/samples/CMakeFiles/sample_cpu_gpu_fpga_cpu.dir/cpu_gpu_fpga_cpu.cpp.o
[ 65%] Built target sample_embed_cpp
[ 66%] Building CXX object rtfw-build/samples/CMakeFiles/sample_live_control_typed.dir/live_control_typed.cpp.o
[ 67%] Linking CXX executable sample_cpu_gpu_fpga_cpu
[ 68%] Linking CXX executable sample_live_control_typed
[ 68%] Built target sample_live_control_typed
[ 68%] Built target sample_cpu_gpu_fpga_cpu
[ 69%] Building CXX object rtfw-build/samples/CMakeFiles/sample_cuda_lifetime.dir/cuda_physics/lifetime/main.cpp.o
[ 70%] Building CXX object rtfw-build/samples/CMakeFiles/sample_hello_runtime.dir/hello_runtime/main.cpp.o
[ 71%] Linking CXX executable sample_hello_runtime
[ 71%] Built target sample_hello_runtime
[ 72%] Building CXX object rtfw-build/samples/CMakeFiles/sample_typed_runtime.dir/typed_runtime/main.cpp.o
[ 73%] Linking CXX executable sample_typed_runtime
[ 73%] Built target sample_typed_runtime
[ 75%] Building CXX object rtfw-build/samples/CMakeFiles/sample_backend_authoring.dir/backend_authoring/main.cpp.o
[ 76%] Linking CXX executable sample_cuda_lifetime
[ 76%] Built target sample_cuda_lifetime
[ 77%] Building CXX object rtfw-build/samples/CMakeFiles/sample_cil_plant.dir/cil_shared_memory/plant.cpp.o
[ 78%] Linking CXX executable sample_backend_authoring
[ 78%] Built target sample_backend_authoring
[ 79%] Building CXX object rtfw-build/samples/CMakeFiles/sample_cil_controller.dir/cil_shared_memory/controller.cpp.o
[ 80%] Linking CXX executable sample_cil_plant
[ 80%] Built target sample_cil_plant
[ 81%] Building CXX object rtfw-build/samples/CMakeFiles/sample_host_adapter.dir/host_adapter/main.cpp.o
[ 82%] Linking CXX executable sample_cil_controller
[ 82%] Built target sample_cil_controller
[ 83%] Building CXX object rtfw-build/samples/CMakeFiles/sample_golden_system.dir/golden_system/main.cpp.o
[ 84%] Linking CXX executable sample_host_adapter
[ 84%] Built target sample_host_adapter
[ 85%] Building CXX object rtfw-build/samples/CMakeFiles/sample_golden_controller.dir/golden_system/controller.cpp.o
[ 86%] Linking CXX executable sample_golden_controller
[ 86%] Built target sample_golden_controller
[ 87%] Building C object rtfw-build/samples/recipes/CMakeFiles/recipe_raw_c.dir/home/kbianco/.local/share/portfolio-control/worktrees/targets/cpp-rt-car-m26-03r/tests/package_consumer/c_consumer.c.o
[ 88%] Linking CXX executable recipe_raw_c
[ 88%] Built target recipe_raw_c
[ 89%] Building CXX object rtfw-build/samples/recipes/CMakeFiles/recipe_raw_cpp.dir/home/kbianco/.local/share/portfolio-control/worktrees/targets/cpp-rt-car-m26-03r/tests/package_consumer/cpp_consumer.cpp.o
[ 90%] Linking CXX executable recipe_raw_cpp
[ 90%] Built target recipe_raw_cpp
[ 91%] Building CXX object rtfw-build/samples/recipes/CMakeFiles/recipe_profile.dir/home/kbianco/.local/share/portfolio-control/worktrees/targets/cpp-rt-car-m26-03r/tests/package_consumer/profile_consumer.cpp.o
[ 92%] Linking CXX executable recipe_profile
[ 92%] Built target recipe_profile
[ 93%] Building CXX object rtfw-build/samples/recipes/CMakeFiles/recipe_mixed_rate.dir/home/kbianco/.local/share/portfolio-control/worktrees/targets/cpp-rt-car-m26-03r/tests/package_consumer/mixed_rate_consumer.cpp.o
[ 94%] Linking CXX executable sample_golden_system
[ 94%] Built target sample_golden_system
[ 95%] Building CXX object rtfw-build/samples/recipes/CMakeFiles/recipe_live_control.dir/home/kbianco/.local/share/portfolio-control/worktrees/targets/cpp-rt-car-m26-03r/tests/package_consumer/live_control_consumer.cpp.o
[ 96%] Linking CXX executable recipe_live_control
[ 96%] Built target recipe_live_control
[ 97%] Building CXX object rtfw-build/samples/recipes/CMakeFiles/recipe_replay.dir/home/kbianco/.local/share/portfolio-control/worktrees/targets/cpp-rt-car-m26-03r/tests/package_consumer/live_control_replay_consumer.cpp.o
[ 98%] Linking CXX executable recipe_mixed_rate
[ 98%] Built target recipe_mixed_rate
[100%] Linking CXX executable recipe_replay
[100%] Built target recipe_replay
+ ["ctest", "--test-dir", "/tmp/golden relocated ipe_mo_1/embedded", "-C", "Release", "--output-on-failure", "--no-tests=error"]
Internal ctest changing into directory: /tmp/golden relocated ipe_mo_1/embedded
Test project /tmp/golden relocated ipe_mo_1/embedded
    Start 1: golden_kit_native
1/3 Test #1: golden_kit_native ................   Passed    0.16 sec
    Start 2: golden_kit_host
2/3 Test #2: golden_kit_host ..................   Passed    0.17 sec
    Start 3: golden_kit_external
3/3 Test #3: golden_kit_external ..............   Passed    0.20 sec

100% tests passed, 0 tests failed out of 3

Total Test time (real) =   0.54 sec
+ ["cmake", "-S", "/tmp/golden relocated ipe_mo_1/SDK with spaces/custom/data/rtfw/examples/golden_system", "-B", "/tmp/golden relocated ipe_mo_1/missing SDK", "-DCMAKE_DISABLE_FIND_PACKAGE_rtfw=TRUE"]
-- The CXX compiler identification is GNU 12.2.0
-- Detecting CXX compiler ABI info
-- Detecting CXX compiler ABI info - done
-- Check for working CXX compiler: /usr/bin/c++ - skipped
-- Detecting CXX compile features
-- Detecting CXX compile features - done
CMake Error at CMakeLists.txt:10 (find_package):
  find_package for module rtfw called with REQUIRED, but
  CMAKE_DISABLE_FIND_PACKAGE_rtfw is enabled.  A REQUIRED package cannot be
  disabled.


-- Found Python3: /home/kbianco/.local/bin/python3.12 (found version "3.12.13") found components: Interpreter 
-- Configuring incomplete, errors occurred!
See also "/tmp/golden relocated ipe_mo_1/missing SDK/CMakeFiles/CMakeOutput.log".
+ ["cmake", "-S", "/tmp/golden relocated ipe_mo_1/SDK with spaces/custom/data/rtfw/examples/golden_system", "-B", "/tmp/golden relocated ipe_mo_1/missing source", "-DGOLDEN_RTFW_SOURCE=/tmp/golden relocated ipe_mo_1/absent"]
-- The CXX compiler identification is GNU 12.2.0
-- Detecting CXX compiler ABI info
-- Detecting CXX compiler ABI info - done
-- Check for working CXX compiler: /usr/bin/c++ - skipped
-- Detecting CXX compile features
-- Detecting CXX compile features - done
CMake Error at CMakeLists.txt:6 (message):
  GOLDEN_RTFW_SOURCE must name an RTFW source checkout


-- Configuring incomplete, errors occurred!
See also "/tmp/golden relocated ipe_mo_1/missing source/CMakeFiles/CMakeOutput.log".
+ ["cmake", "-S", "/tmp/golden relocated ipe_mo_1/missing source kit", "-B", "/tmp/golden relocated ipe_mo_1/missing header", "-DCMAKE_PREFIX_PATH=/tmp/golden relocated ipe_mo_1/SDK with spaces"]
-- The CXX compiler identification is GNU 12.2.0
-- Detecting CXX compiler ABI info
-- Detecting CXX compiler ABI info - done
-- Check for working CXX compiler: /usr/bin/c++ - skipped
-- Detecting CXX compile features
-- Detecting CXX compile features - done
-- Performing Test CMAKE_HAVE_LIBC_PTHREAD
-- Performing Test CMAKE_HAVE_LIBC_PTHREAD - Success
-- Found Threads: TRUE  
-- Found Python3: /home/kbianco/.local/bin/python3.12 (found version "3.12.13") found components: Interpreter 
-- Configuring done
-- Generating done
-- Build files have been written to: /tmp/golden relocated ipe_mo_1/missing header
+ ["cmake", "--build", "/tmp/golden relocated ipe_mo_1/missing header", "--config", "Release", "--target", "golden_system", "--parallel", "2"]
[ 50%] Building CXX object CMakeFiles/golden_system.dir/main.cpp.o
In file included from /tmp/golden relocated ipe_mo_1/missing source kit/main.cpp:1:
/tmp/golden relocated ipe_mo_1/missing source kit/oracle.hpp:2:10: fatal error: world.hpp: No such file or directory
    2 | #include "world.hpp"
      |          ^~~~~~~~~~~
compilation terminated.
gmake[3]: *** [CMakeFiles/golden_system.dir/build.make:76: CMakeFiles/golden_system.dir/main.cpp.o] Error 1
gmake[2]: *** [CMakeFiles/Makefile2:85: CMakeFiles/golden_system.dir/all] Error 2
gmake[1]: *** [CMakeFiles/Makefile2:92: CMakeFiles/golden_system.dir/rule] Error 2
gmake: *** [Makefile:134: golden_system] Error 2
+ ["/usr/bin/python3", "/tmp/golden relocated ipe_mo_1/SDK with spaces/custom/data/rtfw/examples/golden_system/run.py", "--plant", "/tmp/golden relocated ipe_mo_1/absent", "--output", "/tmp/golden relocated ipe_mo_1/absent evidence"]
[Errno 2] No such file or directory: '/tmp/golden relocated ipe_mo_1/absent'
+ ["/usr/bin/python3", "/tmp/golden relocated ipe_mo_1/SDK with spaces/custom/data/rtfw/examples/golden_system/artifacts.py", "/tmp/golden relocated ipe_mo_1/kit build/native evidence"]
[Errno 2] No such file or directory: '/tmp/golden relocated ipe_mo_1/kit build/native evidence/state.bin'
+ ["/usr/bin/python3", "/tmp/golden relocated ipe_mo_1/SDK with spaces/custom/data/rtfw/examples/golden_system/artifacts.py", "/tmp/golden relocated ipe_mo_1/kit build/native evidence"]
provenance fields
PASS CPack relocation, one-command execution, full SDK, embedding and negative controls
