2026-09-29T06:21:46.8183029Z Current runner version: '2.337.0'
2026-09-29T06:21:46.8199212Z ##[group]Runner Image Provisioner
2026-09-29T06:21:46.8199913Z Hosted Compute Agent
2026-09-29T06:21:46.8200305Z Version: 20260828.587
2026-09-29T06:21:46.8200750Z Commit: abac92662cab4cc7352de4f9f9d2e2419aad9c29
2026-09-29T06:21:46.8201277Z Build Date: 2026-08-28T16:44:25Z
2026-09-29T06:21:46.8201773Z Worker ID: {4d302b59-c00a-4488-a8a2-d77525be5329}
2026-09-29T06:21:46.8202264Z Azure Region: centralus
2026-09-29T06:21:46.8202647Z ##[endgroup]
2026-09-29T06:21:46.8203876Z ##[group]Operating System
2026-09-29T06:21:46.8204304Z Ubuntu
2026-09-29T06:21:46.8204661Z 22.04.5
2026-09-29T06:21:46.8205024Z LTS
2026-09-29T06:21:46.8205371Z ##[endgroup]
2026-09-29T06:21:46.8205734Z ##[group]Runner Image
2026-09-29T06:21:46.8206180Z Image: ubuntu-22.04
2026-09-29T06:21:46.8206564Z Version: 20260920.303.1
2026-09-29T06:21:46.8207435Z Included Software: https://github.com/actions/runner-images/blob/ubuntu22/20260920.303/images/ubuntu/Ubuntu2204-Readme.md
2026-09-29T06:21:46.8208455Z Image Release: https://github.com/actions/runner-images/releases/tag/ubuntu22%2F20260920.303
2026-09-29T06:21:46.8209110Z ##[endgroup]
2026-09-29T06:21:46.8209825Z ##[group]GITHUB_TOKEN Permissions
2026-09-29T06:21:46.8211319Z Contents: read
2026-09-29T06:21:46.8211727Z Metadata: read
2026-09-29T06:21:46.8212120Z ##[endgroup]
2026-09-29T06:21:46.8213826Z Secret source: Actions
2026-09-29T06:21:46.8214584Z Cache mode: write
2026-09-29T06:21:46.8215060Z Prepare workflow directory
2026-09-29T06:21:46.8503900Z Prepare all required actions
2026-09-29T06:21:46.8540746Z Getting action download info
2026-09-29T06:21:47.1436471Z Download action repository 'actions/checkout@11d5960a326750d5838078e36cf38b85af677262' (SHA:11d5960a326750d5838078e36cf38b85af677262)
2026-09-29T06:21:47.3939692Z Download action repository 'anchore/sbom-action@e22c389904149dbc22b58101806040fa8d37a610' (SHA:e22c389904149dbc22b58101806040fa8d37a610)
2026-09-29T06:21:47.7727622Z Download action repository 'actions/dependency-review-action@2031cfc080254a8a887f58cffee85186f0e49e48' (SHA:2031cfc080254a8a887f58cffee85186f0e49e48)
2026-09-29T06:21:48.3233545Z Complete job name: build-linux (gcc, RelWithDebInfo, OFF)
2026-09-29T06:21:48.3889929Z ##[group]Run actions/checkout@11d5960a326750d5838078e36cf38b85af677262
2026-09-29T06:21:48.3891196Z with:
2026-09-29T06:21:48.3891873Z   submodules: recursive
2026-09-29T06:21:48.3892663Z   repository: tranquilWorks/cpp-rt-car
2026-09-29T06:21:48.3898792Z   token: ***
2026-09-29T06:21:48.3899464Z   ssh-strict: true
2026-09-29T06:21:48.3900186Z   ssh-user: git
2026-09-29T06:21:48.3900917Z   persist-credentials: true
2026-09-29T06:21:48.3901686Z   clean: true
2026-09-29T06:21:48.3902413Z   sparse-checkout-cone-mode: true
2026-09-29T06:21:48.3903335Z   fetch-depth: 1
2026-09-29T06:21:48.3904018Z   fetch-tags: false
2026-09-29T06:21:48.3904766Z   show-progress: true
2026-09-29T06:21:48.3905485Z   lfs: false
2026-09-29T06:21:48.3906165Z   set-safe-directory: true
2026-09-29T06:21:48.3906966Z   allow-unsafe-pr-checkout: false
2026-09-29T06:21:48.3908000Z ##[endgroup]
2026-09-29T06:21:48.4660660Z Syncing repository: tranquilWorks/cpp-rt-car
2026-09-29T06:21:48.4664061Z ##[group]Getting Git version info
2026-09-29T06:21:48.4665606Z Working directory is '/home/runner/work/cpp-rt-car/cpp-rt-car'
2026-09-29T06:21:48.4667679Z [command]/usr/bin/git version
2026-09-29T06:21:48.5596799Z git version 2.55.0
2026-09-29T06:21:48.5612970Z ##[endgroup]
2026-09-29T06:21:48.5625113Z Temporarily overriding HOME='/home/runner/work/_temp/ca378fb7-6633-4560-8d40-38b7bd0b1e7b' before making global git config changes
2026-09-29T06:21:48.5627187Z Adding repository directory to the temporary git global config as a safe directory
2026-09-29T06:21:48.5629175Z [command]/usr/bin/git config --global --add safe.directory /home/runner/work/cpp-rt-car/cpp-rt-car
2026-09-29T06:21:48.5656358Z Deleting the contents of '/home/runner/work/cpp-rt-car/cpp-rt-car'
2026-09-29T06:21:48.5659714Z ##[group]Initializing the repository
2026-09-29T06:21:48.5664351Z [command]/usr/bin/git init /home/runner/work/cpp-rt-car/cpp-rt-car
2026-09-29T06:21:48.6583193Z hint: Using 'master' as the name for the initial branch. This default branch name
2026-09-29T06:21:48.6584804Z hint: will change to "main" in Git 3.0. To configure the initial branch name
2026-09-29T06:21:48.6586232Z hint: to use in all of your new repositories, which will suppress this warning,
2026-09-29T06:21:48.6587413Z hint: call:
2026-09-29T06:21:48.6588111Z hint:
2026-09-29T06:21:48.6589073Z hint: 	git config --global init.defaultBranch <name>
2026-09-29T06:21:48.6590040Z hint:
2026-09-29T06:21:48.6590909Z hint: Names commonly chosen instead of 'master' are 'main', 'trunk' and
2026-09-29T06:21:48.6592224Z hint: 'development'. The just-created branch can be renamed via this command:
2026-09-29T06:21:48.6593449Z hint:
2026-09-29T06:21:48.6594154Z hint: 	git branch -m <name>
2026-09-29T06:21:48.6594863Z hint:
2026-09-29T06:21:48.6595776Z hint: Disable this message with "git config set advice.defaultBranchName false"
2026-09-29T06:21:48.6597267Z Initialized empty Git repository in /home/runner/work/cpp-rt-car/cpp-rt-car/.git/
2026-09-29T06:21:48.6599995Z [command]/usr/bin/git remote add origin https://github.com/tranquilWorks/cpp-rt-car
2026-09-29T06:21:48.6635075Z ##[endgroup]
2026-09-29T06:21:48.6636530Z ##[group]Disabling automatic garbage collection
2026-09-29T06:21:48.6637591Z [command]/usr/bin/git config --local gc.auto 0
2026-09-29T06:21:48.6664407Z ##[endgroup]
2026-09-29T06:21:48.6665505Z ##[group]Setting up auth
2026-09-29T06:21:48.6668140Z [command]/usr/bin/git config --local --name-only --get-regexp core\.sshCommand
2026-09-29T06:21:48.6690794Z [command]/usr/bin/git submodule foreach --recursive sh -c "git config --local --name-only --get-regexp 'core\.sshCommand' && git config --local --unset-all 'core.sshCommand' || :"
2026-09-29T06:21:48.7314048Z [command]/usr/bin/git config --local --name-only --get-regexp http\.https\:\/\/github\.com\/\.extraheader
2026-09-29T06:21:48.7341043Z [command]/usr/bin/git submodule foreach --recursive sh -c "git config --local --name-only --get-regexp 'http\.https\:\/\/github\.com\/\.extraheader' && git config --local --unset-all 'http.https://github.com/.extraheader' || :"
2026-09-29T06:21:48.7489782Z [command]/usr/bin/git config --local --name-only --get-regexp ^includeIf\.gitdir:
2026-09-29T06:21:48.7512475Z [command]/usr/bin/git submodule foreach --recursive git config --local --show-origin --name-only --get-regexp remote.origin.url
2026-09-29T06:21:48.7663375Z [command]/usr/bin/git config --local http.https://github.com/.extraheader AUTHORIZATION: basic ***
2026-09-29T06:21:48.7694256Z ##[endgroup]
2026-09-29T06:21:48.7695334Z ##[group]Fetching the repository
2026-09-29T06:21:48.7700808Z [command]/usr/bin/git -c protocol.version=2 fetch --no-tags --prune --no-recurse-submodules --depth=1 origin +7443fe193bcf340bd7c7901836c50e3b9832b8e0:refs/remotes/pull/278/merge
2026-09-29T06:21:49.5876054Z From https://github.com/tranquilWorks/cpp-rt-car
2026-09-29T06:21:49.5877564Z  * [new ref]         7443fe193bcf340bd7c7901836c50e3b9832b8e0 -> pull/278/merge
2026-09-29T06:21:49.5879838Z ##[endgroup]
2026-09-29T06:21:49.5880352Z ##[group]Determining the checkout info
2026-09-29T06:21:49.5881185Z ##[endgroup]
2026-09-29T06:21:49.5886384Z [command]/usr/bin/git sparse-checkout disable
2026-09-29T06:21:49.5921128Z [command]/usr/bin/git config --local --unset-all extensions.worktreeConfig
2026-09-29T06:21:49.5945460Z ##[group]Checking out the ref
2026-09-29T06:21:49.5950495Z [command]/usr/bin/git checkout --progress --force refs/remotes/pull/278/merge
2026-09-29T06:21:49.6403819Z Note: switching to 'refs/remotes/pull/278/merge'.
2026-09-29T06:21:49.6404145Z 
2026-09-29T06:21:49.6404357Z You are in 'detached HEAD' state. You can look around, make experimental
2026-09-29T06:21:49.6404913Z changes and commit them, and you can discard any commits you make in this
2026-09-29T06:21:49.6405468Z state without impacting any branches by switching back to a branch.
2026-09-29T06:21:49.6406129Z 
2026-09-29T06:21:49.6406390Z If you want to create a new branch to retain commits you create, you may
2026-09-29T06:21:49.6406880Z do so (now or later) by using -c with the switch command. Example:
2026-09-29T06:21:49.6407187Z 
2026-09-29T06:21:49.6407333Z   git switch -c <new-branch-name>
2026-09-29T06:21:49.6407558Z 
2026-09-29T06:21:49.6407731Z Or undo this operation with:
2026-09-29T06:21:49.6407931Z 
2026-09-29T06:21:49.6408063Z   git switch -
2026-09-29T06:21:49.6408219Z 
2026-09-29T06:21:49.6408488Z Turn off this advice by setting config variable advice.detachedHead to false
2026-09-29T06:21:49.6408801Z 
2026-09-29T06:21:49.6409185Z HEAD is now at 7443fe1 Merge 439b32e7d942f34253b976e31c54b1988c153ccd into dbbab7a433a01459ed737cbb19d3b1a64a3ea1bf
2026-09-29T06:21:49.6410611Z ##[endgroup]
2026-09-29T06:21:49.6411160Z ##[group]Setting up auth for fetching submodules
2026-09-29T06:21:49.6414349Z [command]/usr/bin/git config --global http.https://github.com/.extraheader AUTHORIZATION: basic ***
2026-09-29T06:21:49.7204094Z [command]/usr/bin/git config --global --unset-all url.https://github.com/.insteadOf
2026-09-29T06:21:49.7227350Z [command]/usr/bin/git config --global --add url.https://github.com/.insteadOf git@github.com:
2026-09-29T06:21:49.7250419Z [command]/usr/bin/git config --global --add url.https://github.com/.insteadOf org-321916666@github.com:
2026-09-29T06:21:49.7272496Z ##[endgroup]
2026-09-29T06:21:49.7273198Z ##[group]Fetching submodules
2026-09-29T06:21:49.7275846Z [command]/usr/bin/git submodule sync --recursive
2026-09-29T06:21:49.7427475Z [command]/usr/bin/git -c protocol.version=2 submodule update --init --force --depth=1 --recursive
2026-09-29T06:21:49.8089790Z Submodule 'external/googletest' (https://github.com/google/googletest.git) registered for path 'external/googletest'
2026-09-29T06:21:49.8106163Z Cloning into '/home/runner/work/cpp-rt-car/cpp-rt-car/external/googletest'...
2026-09-29T06:21:51.6598815Z From https://github.com/google/googletest
2026-09-29T06:21:51.6599661Z  * branch            7e17b15f1547bb8dd9c2fed91043b7af3437387f -> FETCH_HEAD
2026-09-29T06:21:51.6861301Z Submodule path 'external/googletest': checked out '7e17b15f1547bb8dd9c2fed91043b7af3437387f'
2026-09-29T06:21:51.6921765Z [command]/usr/bin/git submodule foreach --recursive git config --local gc.auto 0
2026-09-29T06:21:51.7072124Z Entering 'external/googletest'
2026-09-29T06:21:51.7105281Z ##[endgroup]
2026-09-29T06:21:51.7105816Z ##[group]Persisting credentials for submodules
2026-09-29T06:21:51.7111681Z [command]/usr/bin/git submodule foreach --recursive sh -c "git config --local --name-only --get-regexp 'url\.https\:\/\/github\.com\/\.insteadOf' && git config --local --unset-all 'url.https://github.com/.insteadOf' || :"
2026-09-29T06:21:51.7251298Z Entering 'external/googletest'
2026-09-29T06:21:51.7288265Z [command]/usr/bin/git submodule foreach --recursive sh -c "git config --local 'http.https://github.com/.extraheader' 'AUTHORIZATION: basic ***' && git config --local --show-origin --name-only --get-regexp remote.origin.url"
2026-09-29T06:21:51.7430147Z Entering 'external/googletest'
2026-09-29T06:21:51.7456657Z file:/home/runner/work/cpp-rt-car/cpp-rt-car/.git/modules/external/googletest/config	remote.origin.url
2026-09-29T06:21:51.7482639Z [command]/usr/bin/git submodule foreach --recursive git config --local --add 'url.https://github.com/.insteadOf' 'git@github.com:'
2026-09-29T06:21:51.7616954Z Entering 'external/googletest'
2026-09-29T06:21:51.7650585Z [command]/usr/bin/git submodule foreach --recursive git config --local --add 'url.https://github.com/.insteadOf' 'org-321916666@github.com:'
2026-09-29T06:21:51.7790721Z Entering 'external/googletest'
2026-09-29T06:21:51.9643705Z ##[endgroup]
2026-09-29T06:21:51.9678335Z [command]/usr/bin/git log -1 --format=%H
2026-09-29T06:21:51.9698073Z 7443fe193bcf340bd7c7901836c50e3b9832b8e0
2026-09-29T06:21:51.9862294Z ##[group]Run tools/rt_harden.sh
2026-09-29T06:21:51.9862573Z [36;1mtools/rt_harden.sh[0m
2026-09-29T06:21:52.0970138Z shell: /usr/bin/bash --noprofile --norc -e -o pipefail {0}
2026-09-29T06:21:52.0970568Z ##[endgroup]
2026-09-29T06:21:52.1059709Z tools/rt_harden.sh: line 13: ulimit: max locked memory: cannot modify limit: Operation not permitted
2026-09-29T06:21:52.1060137Z [rt_harden] mlockall may fail (unable to set unlimited lockable memory)
2026-09-29T06:21:52.1113137Z [rt_harden] transparent hugepages disabled
2026-09-29T06:21:52.1160569Z [rt_harden] perf_event_paranoid set to 3
2026-09-29T06:21:52.2531362Z [rt_harden] irqbalance service masked
2026-09-29T06:21:52.3683074Z [rt_harden] CPU frequency governor set to performance
2026-09-29T06:21:52.3756754Z [rt_harden] unable to disable C-states
2026-09-29T06:21:52.4261473Z [rt_harden] pinned current process to CPU0
2026-09-29T06:21:52.4262003Z [rt_harden] real-time hardening setup complete
2026-09-29T06:21:52.4325371Z ##[group]Run if [ "gcc" = "clang" ]; then
2026-09-29T06:21:52.4325648Z [36;1mif [ "gcc" = "clang" ]; then[0m
2026-09-29T06:21:52.4325865Z [36;1m  echo "CC=clang-14" >> "$GITHUB_ENV"[0m
2026-09-29T06:21:52.4326106Z [36;1m  echo "CXX=clang++-14" >> "$GITHUB_ENV"[0m
2026-09-29T06:21:52.4326317Z [36;1m  clang++-14 --version[0m
2026-09-29T06:21:52.4326498Z [36;1melse[0m
2026-09-29T06:21:52.4326719Z [36;1m  echo "CC=gcc-11" >> "$GITHUB_ENV"[0m
2026-09-29T06:21:52.4326927Z [36;1m  echo "CXX=g++-11" >> "$GITHUB_ENV"[0m
2026-09-29T06:21:52.4327121Z [36;1m  g++-11 --version[0m
2026-09-29T06:21:52.4327283Z [36;1mfi[0m
2026-09-29T06:21:52.4363014Z shell: /usr/bin/bash --noprofile --norc -e -o pipefail {0}
2026-09-29T06:21:52.4363308Z ##[endgroup]
2026-09-29T06:21:52.7081293Z g++-11 (Ubuntu 11.4.0-1ubuntu1~22.04.3) 11.4.0
2026-09-29T06:21:52.7081757Z Copyright (C) 2021 Free Software Foundation, Inc.
2026-09-29T06:21:52.7084718Z This is free software; see the source for copying conditions.  There is NO
2026-09-29T06:21:52.7085226Z warranty; not even for MERCHANTABILITY or FITNESS FOR A PARTICULAR PURPOSE.
2026-09-29T06:21:52.7085494Z 
2026-09-29T06:21:52.7122977Z ##[group]Run SANITIZERS=""
2026-09-29T06:21:52.7123281Z [36;1mSANITIZERS=""[0m
2026-09-29T06:21:52.7123486Z [36;1mif [ "RelWithDebInfo" = "Debug" ]; then[0m
2026-09-29T06:21:52.7123707Z [36;1m  SANITIZERS="address;undefined"[0m
2026-09-29T06:21:52.7123895Z [36;1mfi[0m
2026-09-29T06:21:52.7124062Z [36;1mcmake -S . -B build \[0m
2026-09-29T06:21:52.7124261Z [36;1m  -DCMAKE_BUILD_TYPE=RelWithDebInfo \[0m
2026-09-29T06:21:52.7124470Z [36;1m  -DENABLE_TESTS=ON \[0m
2026-09-29T06:21:52.7124653Z [36;1m  -DRTFW_BUILD_EXPERIMENTAL=ON \[0m
2026-09-29T06:21:52.7124856Z [36;1m  -DRTFW_BUILD_BENCHMARKS=ON \[0m
2026-09-29T06:21:52.7125051Z [36;1m  -DENABLE_RAPIDCHECK=ON \[0m
2026-09-29T06:21:52.7125261Z [36;1m  -DSIM_SANITIZERS="$SANITIZERS" \[0m
2026-09-29T06:21:52.7125505Z [36;1m  -DSIM_ENABLE_AVX2=OFF \[0m
2026-09-29T06:21:52.7125689Z [36;1m  -DSIM_WERROR=ON[0m
2026-09-29T06:21:52.7160642Z shell: /usr/bin/bash --noprofile --norc -e -o pipefail {0}
2026-09-29T06:21:52.7160970Z env:
2026-09-29T06:21:52.7161111Z   CC: gcc-11
2026-09-29T06:21:52.7161273Z   CXX: g++-11
2026-09-29T06:21:52.7161410Z ##[endgroup]
2026-09-29T06:21:52.8291389Z -- The C compiler identification is GNU 11.4.0
2026-09-29T06:21:53.0237318Z -- The CXX compiler identification is GNU 11.4.0
2026-09-29T06:21:53.0905002Z -- Detecting C compiler ABI info
2026-09-29T06:21:53.2906715Z -- Detecting C compiler ABI info - done
2026-09-29T06:21:53.3018623Z -- Check for working C compiler: /usr/bin/gcc-11 - skipped
2026-09-29T06:21:53.3022944Z -- Detecting C compile features
2026-09-29T06:21:53.3802081Z -- Detecting C compile features - done
2026-09-29T06:21:53.4280525Z -- Detecting CXX compiler ABI info
2026-09-29T06:21:53.4749122Z -- Detecting CXX compiler ABI info - done
2026-09-29T06:21:53.4911198Z -- Check for working CXX compiler: /usr/bin/g++-11 - skipped
2026-09-29T06:21:53.4914719Z -- Detecting CXX compile features
2026-09-29T06:21:53.4920453Z -- Detecting CXX compile features - done
2026-09-29T06:21:53.6177626Z -- Performing Test CMAKE_HAVE_LIBC_PTHREAD
2026-09-29T06:21:53.9049241Z -- Performing Test CMAKE_HAVE_LIBC_PTHREAD - Success
2026-09-29T06:21:53.9060569Z -- Found Threads: TRUE
2026-09-29T06:22:00.0508353Z -- Found Python3: /usr/bin/python3.10 (found version "3.10.12") found components: Interpreter
2026-09-29T06:22:00.5589705Z -- Configuring done (7.8s)
2026-09-29T06:22:00.6416837Z -- Generating done (0.1s)
2026-09-29T06:22:00.6420873Z -- Build files have been written to: /home/runner/work/cpp-rt-car/cpp-rt-car/build
2026-09-29T06:22:00.6535598Z ##[group]Run cmake --build build --config RelWithDebInfo -- -j2
2026-09-29T06:22:00.6535949Z [36;1mcmake --build build --config RelWithDebInfo -- -j2[0m
2026-09-29T06:22:00.6567889Z shell: /usr/bin/bash --noprofile --norc -e -o pipefail {0}
2026-09-29T06:22:00.6568127Z env:
2026-09-29T06:22:00.6568267Z   CC: gcc-11
2026-09-29T06:22:00.6568408Z   CXX: g++-11
2026-09-29T06:22:00.6568552Z ##[endgroup]
2026-09-29T06:22:00.6744276Z [  1%] Building CXX object CMakeFiles/simcore_platform.dir/src/platform_init.cpp.o
2026-09-29T06:22:00.6751999Z [  1%] Building CXX object CMakeFiles/rtfw_runtime.dir/rt/src/compiled_graph.cpp.o
2026-09-29T06:22:02.0296238Z [  1%] Building CXX object CMakeFiles/rtfw_runtime.dir/rt/src/cross_rate_data.cpp.o
2026-09-29T06:22:03.1774272Z [  1%] Building CXX object CMakeFiles/simcore_platform.dir/src/metrics.cpp.o
2026-09-29T06:22:03.1777878Z [  1%] Building CXX object CMakeFiles/rtfw_runtime.dir/rt/src/command_batch.cpp.o
2026-09-29T06:22:03.6650627Z [  2%] Building CXX object CMakeFiles/rtfw_runtime.dir/rt/src/hal_v2.cpp.o
2026-09-29T06:22:04.2319135Z [  2%] Building CXX object CMakeFiles/rtfw_runtime.dir/rt/src/heterogeneous_memory.cpp.o
2026-09-29T06:22:04.9395296Z [  2%] Building CXX object CMakeFiles/rtfw_runtime.dir/rt/src/device_manager.cpp.o
2026-09-29T06:22:05.0320931Z [  2%] Linking CXX static library libsimcore_platform.a
2026-09-29T06:22:06.6438802Z [  3%] Building CXX object CMakeFiles/rtfw_runtime.dir/rt/src/executor.cpp.o
2026-09-29T06:22:08.1454347Z [  3%] Building CXX object CMakeFiles/rtfw_runtime.dir/rt/src/extension_registration.cpp.o
2026-09-29T06:22:08.8251919Z [  3%] Building CXX object CMakeFiles/rtfw_runtime.dir/rt/src/host_runtime.cpp.o
2026-09-29T06:22:16.4889971Z [  3%] Built target simcore_platform
2026-09-29T06:22:16.4942112Z [  3%] Building CXX object CMakeFiles/rtfw_cuda_backend.dir/rt/src/cuda_backend.cpp.o
2026-09-29T06:22:17.7872489Z [  4%] Linking CXX static library librtfw_cuda_backend.a
2026-09-29T06:22:17.8596125Z [  4%] Built target rtfw_cuda_backend
2026-09-29T06:22:17.8647550Z [  4%] Building CXX object CMakeFiles/rtfw_xdma_backend.dir/rt/src/xdma_backend.cpp.o
2026-09-29T06:22:19.0758873Z [  4%] Linking CXX static library librtfw_xdma_backend.a
2026-09-29T06:22:19.3098574Z [  4%] Built target rtfw_xdma_backend
2026-09-29T06:22:19.3154907Z [  4%] Building CXX object CMakeFiles/trace_dump.dir/src/trace_dump.cpp.o
2026-09-29T06:22:20.1891527Z [  5%] Linking CXX executable trace_dump
2026-09-29T06:22:20.2496951Z [  5%] Built target trace_dump
2026-09-29T06:22:20.2593204Z [  6%] Building CXX object _deps/googletest/googletest/CMakeFiles/gtest.dir/src/gtest-all.cc.o
2026-09-29T06:22:20.7200009Z [  6%] Building CXX object CMakeFiles/rtfw_runtime.dir/rt/src/live_control_actions.cpp.o
2026-09-29T06:22:21.2140077Z [  7%] Building CXX object CMakeFiles/rtfw_runtime.dir/rt/src/live_control_mailbox.cpp.o
2026-09-29T06:22:23.9698839Z [  7%] Building CXX object CMakeFiles/rtfw_runtime.dir/rt/src/live_control_replay.cpp.o
2026-09-29T06:22:25.1385381Z [  7%] Building CXX object CMakeFiles/rtfw_runtime.dir/rt/src/memory_policy.cpp.o
2026-09-29T06:22:25.8590328Z [  7%] Building CXX object CMakeFiles/rtfw_runtime.dir/rt/src/mixed_rate_actions.cpp.o
2026-09-29T06:22:26.3118515Z [  8%] Building CXX object CMakeFiles/rtfw_runtime.dir/rt/src/mixed_rate_replay.cpp.o
2026-09-29T06:22:27.1586613Z [  8%] Building CXX object CMakeFiles/rtfw_runtime.dir/rt/src/mock_device.cpp.o
2026-09-29T06:22:27.7989583Z [  8%] Building CXX object CMakeFiles/rtfw_runtime.dir/rt/src/native_platform_preflight.cpp.o
2026-09-29T06:22:28.4569953Z [  9%] Building CXX object CMakeFiles/rtfw_runtime.dir/rt/src/observability_export.cpp.o
2026-09-29T06:22:29.0450257Z [  9%] Linking CXX static library ../../../lib/libgtest.a
2026-09-29T06:22:29.0963522Z [  9%] Building CXX object CMakeFiles/rtfw_runtime.dir/rt/src/rate_dispatch.cpp.o
2026-09-29T06:22:29.2151762Z [  9%] Built target gtest
2026-09-29T06:22:29.2209402Z [  9%] Building CXX object _deps/rapidcheck-build/CMakeFiles/rapidcheck.dir/src/BeforeMinimalTestCase.cpp.o
2026-09-29T06:22:29.2341659Z [  9%] Building CXX object _deps/rapidcheck-build/CMakeFiles/rapidcheck.dir/src/Check.cpp.o
2026-09-29T06:22:29.6900117Z [  9%] Building CXX object _deps/rapidcheck-build/CMakeFiles/rapidcheck.dir/src/Classify.cpp.o
2026-09-29T06:22:30.1257721Z [ 10%] Building CXX object _deps/rapidcheck-build/CMakeFiles/rapidcheck.dir/src/GenerationFailure.cpp.o
2026-09-29T06:22:30.2202337Z [ 10%] Building CXX object _deps/rapidcheck-build/CMakeFiles/rapidcheck.dir/src/Log.cpp.o
2026-09-29T06:22:30.5805253Z [ 10%] Building CXX object _deps/rapidcheck-build/CMakeFiles/rapidcheck.dir/src/Random.cpp.o
2026-09-29T06:22:31.0262644Z [ 11%] Building CXX object _deps/rapidcheck-build/CMakeFiles/rapidcheck.dir/src/Show.cpp.o
2026-09-29T06:22:31.2938898Z [ 11%] Building CXX object _deps/rapidcheck-build/CMakeFiles/rapidcheck.dir/src/detail/Any.cpp.o
2026-09-29T06:22:31.3994175Z [ 11%] Building CXX object CMakeFiles/rtfw_runtime.dir/rt/src/rate_telemetry.cpp.o
2026-09-29T06:22:31.5448741Z [ 11%] Building CXX object _deps/rapidcheck-build/CMakeFiles/rapidcheck.dir/src/detail/Assertions.cpp.o
2026-09-29T06:22:31.8638290Z [ 11%] Building CXX object _deps/rapidcheck-build/CMakeFiles/rapidcheck.dir/src/detail/Base64.cpp.o
2026-09-29T06:22:31.9259069Z [ 11%] Building CXX object CMakeFiles/rtfw_runtime.dir/rt/src/rate_timeline.cpp.o
2026-09-29T06:22:32.0433810Z [ 12%] Building CXX object _deps/rapidcheck-build/CMakeFiles/rapidcheck.dir/src/detail/Configuration.cpp.o
2026-09-29T06:22:32.9962229Z [ 13%] Building CXX object CMakeFiles/rtfw_runtime.dir/rt/src/resource_policy.cpp.o
2026-09-29T06:22:33.1699572Z [ 13%] Building CXX object _deps/rapidcheck-build/CMakeFiles/rapidcheck.dir/src/detail/DefaultTestListener.cpp.o
2026-09-29T06:22:33.6115202Z [ 13%] Building CXX object _deps/rapidcheck-build/CMakeFiles/rapidcheck.dir/src/detail/FrequencyMap.cpp.o
2026-09-29T06:22:33.7255127Z [ 14%] Building CXX object _deps/rapidcheck-build/CMakeFiles/rapidcheck.dir/src/detail/ImplicitParam.cpp.o
2026-09-29T06:22:34.0218797Z [ 14%] Building CXX object _deps/rapidcheck-build/CMakeFiles/rapidcheck.dir/src/detail/LogTestListener.cpp.o
2026-09-29T06:22:34.1093280Z [ 14%] Building CXX object CMakeFiles/rtfw_runtime.dir/rt/src/runtime_compat.cpp.o
2026-09-29T06:22:34.4098190Z [ 14%] Building CXX object _deps/rapidcheck-build/CMakeFiles/rapidcheck.dir/src/detail/MapParser.cpp.o
2026-09-29T06:22:34.5501447Z [ 14%] Building CXX object CMakeFiles/rtfw_runtime.dir/rt/src/runtime_profile.cpp.o
2026-09-29T06:22:35.1299519Z [ 14%] Building CXX object _deps/rapidcheck-build/CMakeFiles/rapidcheck.dir/src/detail/MulticastTestListener.cpp.o
2026-09-29T06:22:35.7663708Z [ 14%] Building CXX object CMakeFiles/rtfw_runtime.dir/rt/src/sampled_io.cpp.o
2026-09-29T06:22:35.7681330Z [ 15%] Building CXX object _deps/rapidcheck-build/CMakeFiles/rapidcheck.dir/src/detail/ParseException.cpp.o
2026-09-29T06:22:35.9579890Z [ 15%] Building CXX object _deps/rapidcheck-build/CMakeFiles/rapidcheck.dir/src/detail/Platform.cpp.o
2026-09-29T06:22:36.2196914Z [ 15%] Building CXX object _deps/rapidcheck-build/CMakeFiles/rapidcheck.dir/src/detail/Property.cpp.o
2026-09-29T06:22:36.7853890Z [ 16%] Building CXX object CMakeFiles/rtfw_runtime.dir/rt/src/loopback_backend.cpp.o
2026-09-29T06:22:37.2404381Z [ 16%] Building CXX object _deps/rapidcheck-build/CMakeFiles/rapidcheck.dir/src/detail/PropertyContext.cpp.o
2026-09-29T06:22:37.4494704Z [ 17%] Building CXX object _deps/rapidcheck-build/CMakeFiles/rapidcheck.dir/src/detail/ReproduceListener.cpp.o
2026-09-29T06:22:37.9019609Z [ 17%] Building CXX object CMakeFiles/rtfw_runtime.dir/rt/src/snapshot_codec.cpp.o
2026-09-29T06:22:38.0277474Z [ 17%] Building CXX object _deps/rapidcheck-build/CMakeFiles/rapidcheck.dir/src/detail/Results.cpp.o
2026-09-29T06:22:38.7584645Z [ 17%] Building CXX object CMakeFiles/rtfw_runtime.dir/rt/src/telemetry.cpp.o
2026-09-29T06:22:39.0006408Z [ 17%] Building CXX object _deps/rapidcheck-build/CMakeFiles/rapidcheck.dir/src/detail/Serialization.cpp.o
2026-09-29T06:22:39.1496485Z [ 18%] Building CXX object _deps/rapidcheck-build/CMakeFiles/rapidcheck.dir/src/detail/StringSerialization.cpp.o
2026-09-29T06:22:39.3408628Z [ 19%] Building CXX object CMakeFiles/rtfw_runtime.dir/rt/src/thread_policy.cpp.o
2026-09-29T06:22:39.6625239Z [ 19%] Building CXX object _deps/rapidcheck-build/CMakeFiles/rapidcheck.dir/src/detail/TestMetadata.cpp.o
2026-09-29T06:22:39.8173745Z [ 19%] Building CXX object _deps/rapidcheck-build/CMakeFiles/rapidcheck.dir/src/detail/TestParams.cpp.o
2026-09-29T06:22:40.1277033Z [ 19%] Building CXX object _deps/rapidcheck-build/CMakeFiles/rapidcheck.dir/src/detail/Testing.cpp.o
2026-09-29T06:22:40.3285579Z [ 19%] Building CXX object CMakeFiles/rtfw_runtime.dir/rt/src/watchdog_monitor.cpp.o
2026-09-29T06:22:41.1075347Z [ 20%] Building CXX object _deps/rapidcheck-build/CMakeFiles/rapidcheck.dir/src/gen/Numeric.cpp.o
2026-09-29T06:22:41.1726404Z [ 20%] Linking CXX static library librtfw_runtime.a
2026-09-29T06:22:41.5104878Z [ 20%] Built target rtfw_runtime
2026-09-29T06:22:41.5162524Z [ 21%] Building CXX object samples/CMakeFiles/sample_particles.dir/particles.cpp.o
2026-09-29T06:22:41.9479024Z [ 21%] Linking CXX executable sample_particles
2026-09-29T06:22:41.9909762Z [ 21%] Built target sample_particles
2026-09-29T06:22:41.9959114Z [ 22%] Building CXX object samples/CMakeFiles/sample_tyre_belt.dir/tyre_belt_kernel.cpp.o
2026-09-29T06:22:42.3189230Z [ 22%] Linking CXX executable sample_tyre_belt
2026-09-29T06:22:42.3630902Z [ 22%] Built target sample_tyre_belt
2026-09-29T06:22:42.3679949Z [ 22%] Building CXX object samples/CMakeFiles/sample_async_gpu.dir/async_gpu_stub.cpp.o
2026-09-29T06:22:42.6236144Z [ 22%] Linking CXX executable sample_async_gpu
2026-09-29T06:22:42.6645154Z [ 22%] Built target sample_async_gpu
2026-09-29T06:22:42.6693524Z [ 22%] Building CXX object samples/CMakeFiles/sample_embed_cpp.dir/embed_cpp/mini_app.cpp.o
2026-09-29T06:22:43.2112163Z [ 22%] Linking CXX executable sample_embed_cpp
2026-09-29T06:22:43.3573083Z [ 22%] Built target sample_embed_cpp
2026-09-29T06:22:43.3623870Z [ 23%] Building CXX object samples/CMakeFiles/sample_device_mock.dir/device_mock.cpp.o
2026-09-29T06:22:43.4416716Z [ 23%] Building CXX object _deps/rapidcheck-build/CMakeFiles/rapidcheck.dir/src/gen/Text.cpp.o
2026-09-29T06:22:43.9270871Z [ 23%] Linking CXX executable sample_device_mock
2026-09-29T06:22:44.0672413Z [ 23%] Built target sample_device_mock
2026-09-29T06:22:44.0724069Z [ 23%] Building CXX object samples/CMakeFiles/sample_cpu_gpu_fpga_cpu.dir/cpu_gpu_fpga_cpu.cpp.o
2026-09-29T06:22:44.5316807Z [ 23%] Building CXX object _deps/rapidcheck-build/CMakeFiles/rapidcheck.dir/src/gen/detail/ExecHandler.cpp.o
2026-09-29T06:22:44.9740969Z [ 23%] Building CXX object _deps/rapidcheck-build/CMakeFiles/rapidcheck.dir/src/gen/detail/GenerationHandler.cpp.o
2026-09-29T06:22:45.2194688Z [ 24%] Building CXX object _deps/rapidcheck-build/CMakeFiles/rapidcheck.dir/src/gen/detail/Recipe.cpp.o
2026-09-29T06:22:45.2332576Z [ 25%] Linking CXX executable sample_cpu_gpu_fpga_cpu
2026-09-29T06:22:45.4011434Z [ 25%] Built target sample_cpu_gpu_fpga_cpu
2026-09-29T06:22:45.4068702Z [ 25%] Building CXX object samples/CMakeFiles/sample_live_control_typed.dir/live_control_typed.cpp.o
2026-09-29T06:22:45.8837369Z [ 25%] Building CXX object _deps/rapidcheck-build/CMakeFiles/rapidcheck.dir/src/gen/detail/ScaleInteger.cpp.o
2026-09-29T06:22:46.2175705Z [ 25%] Linking CXX static library librapidcheck.a
2026-09-29T06:22:46.3795556Z [ 25%] Built target rapidcheck
2026-09-29T06:22:46.3845738Z [ 25%] Building CXX object samples/CMakeFiles/sample_cuda_lifetime.dir/cuda_physics/lifetime/main.cpp.o
2026-09-29T06:22:46.7333207Z [ 25%] Linking CXX executable sample_live_control_typed
2026-09-29T06:22:46.8725249Z [ 25%] Built target sample_live_control_typed
2026-09-29T06:22:46.8774994Z [ 25%] Building CXX object samples/CMakeFiles/sample_hello_runtime.dir/hello_runtime/main.cpp.o
2026-09-29T06:22:47.3293881Z [ 25%] Linking CXX executable sample_hello_runtime
2026-09-29T06:22:47.4621463Z [ 25%] Built target sample_hello_runtime
2026-09-29T06:22:47.4671186Z [ 25%] Building CXX object samples/CMakeFiles/sample_typed_runtime.dir/typed_runtime/main.cpp.o
2026-09-29T06:22:47.9974803Z [ 25%] Linking CXX executable sample_cuda_lifetime
2026-09-29T06:22:48.0924464Z [ 25%] Linking CXX executable sample_typed_runtime
2026-09-29T06:22:48.1414487Z [ 25%] Built target sample_cuda_lifetime
2026-09-29T06:22:48.1464187Z [ 26%] Building CXX object samples/CMakeFiles/sample_backend_authoring.dir/backend_authoring/main.cpp.o
2026-09-29T06:22:48.2300513Z [ 26%] Built target sample_typed_runtime
2026-09-29T06:22:48.2353038Z [ 26%] Building CXX object samples/CMakeFiles/sample_cil_plant.dir/cil_shared_memory/plant.cpp.o
2026-09-29T06:22:49.0879401Z [ 26%] Linking CXX executable sample_cil_plant
2026-09-29T06:22:49.1268950Z [ 26%] Linking CXX executable sample_backend_authoring
2026-09-29T06:22:49.2297509Z [ 26%] Built target sample_cil_plant
2026-09-29T06:22:49.2348491Z [ 26%] Building CXX object samples/CMakeFiles/sample_cil_controller.dir/cil_shared_memory/controller.cpp.o
2026-09-29T06:22:49.2726477Z [ 26%] Built target sample_backend_authoring
2026-09-29T06:22:49.2775131Z [ 26%] Building CXX object samples/CMakeFiles/sample_host_adapter.dir/host_adapter/main.cpp.o
2026-09-29T06:22:49.9713959Z [ 27%] Linking CXX executable sample_cil_controller
2026-09-29T06:22:50.0122629Z [ 27%] Built target sample_cil_controller
2026-09-29T06:22:50.0172259Z [ 27%] Building CXX object samples/CMakeFiles/sample_golden_system.dir/golden_system/main.cpp.o
2026-09-29T06:22:50.2187264Z [ 28%] Linking CXX executable sample_host_adapter
2026-09-29T06:22:50.3593262Z [ 28%] Built target sample_host_adapter
2026-09-29T06:22:50.3645048Z [ 29%] Building CXX object samples/CMakeFiles/sample_golden_controller.dir/golden_system/controller.cpp.o
2026-09-29T06:22:51.1485593Z [ 29%] Linking CXX executable sample_golden_controller
2026-09-29T06:22:51.1907210Z [ 29%] Built target sample_golden_controller
2026-09-29T06:22:51.1957075Z [ 29%] Building CXX object samples/recipes/CMakeFiles/recipe_raw_cpp.dir/__/__/tests/package_consumer/cpp_consumer.cpp.o
2026-09-29T06:22:52.0209755Z [ 30%] Linking CXX executable recipe_raw_cpp
2026-09-29T06:22:52.1580463Z [ 30%] Built target recipe_raw_cpp
2026-09-29T06:22:52.1631489Z [ 30%] Building CXX object samples/recipes/CMakeFiles/recipe_profile.dir/__/__/tests/package_consumer/profile_consumer.cpp.o
2026-09-29T06:22:52.5754797Z [ 31%] Linking CXX executable recipe_profile
2026-09-29T06:22:52.7139817Z [ 31%] Built target recipe_profile
2026-09-29T06:22:52.7192106Z [ 32%] Building CXX object samples/recipes/CMakeFiles/recipe_mixed_rate.dir/__/__/tests/package_consumer/mixed_rate_consumer.cpp.o
2026-09-29T06:22:54.1354490Z [ 32%] Linking CXX executable recipe_mixed_rate
2026-09-29T06:22:54.2750754Z [ 32%] Built target recipe_mixed_rate
2026-09-29T06:22:54.2803347Z [ 32%] Building CXX object samples/recipes/CMakeFiles/recipe_live_control.dir/__/__/tests/package_consumer/live_control_consumer.cpp.o
2026-09-29T06:22:54.4715839Z [ 33%] Linking CXX executable sample_golden_system
2026-09-29T06:22:54.6197818Z [ 33%] Built target sample_golden_system
2026-09-29T06:22:54.6249930Z [ 33%] Building CXX object samples/recipes/CMakeFiles/recipe_replay.dir/__/__/tests/package_consumer/live_control_replay_consumer.cpp.o
2026-09-29T06:22:54.8433926Z [ 33%] Linking CXX executable recipe_live_control
2026-09-29T06:22:54.9801182Z [ 33%] Built target recipe_live_control
2026-09-29T06:22:54.9853284Z [ 34%] Building CXX object samples/recipes/CMakeFiles/recipe_cuda_boundary.dir/__/__/tests/package_consumer/cuda_consumer.cpp.o
2026-09-29T06:22:55.2457048Z [ 34%] Linking CXX executable recipe_replay
2026-09-29T06:22:55.2938628Z [ 34%] Linking CXX executable recipe_cuda_boundary
2026-09-29T06:22:55.3384651Z [ 34%] Built target recipe_cuda_boundary
2026-09-29T06:22:55.3434183Z [ 34%] Building CXX object samples/recipes/CMakeFiles/recipe_xdma_boundary.dir/__/__/tests/package_consumer/xdma_consumer.cpp.o
2026-09-29T06:22:55.3851536Z [ 34%] Built target recipe_replay
2026-09-29T06:22:55.3900868Z [ 34%] Building CXX object bench/CMakeFiles/rtfw_benchmark.dir/src/benchmark.cpp.o
2026-09-29T06:22:55.6336340Z [ 35%] Linking CXX executable recipe_xdma_boundary
2026-09-29T06:22:55.6770737Z [ 35%] Built target recipe_xdma_boundary
2026-09-29T06:22:55.6820005Z [ 35%] Building CXX object bench/CMakeFiles/bench_aosoa_vs_soa.dir/bench_aosoa_vs_soa.cpp.o
2026-09-29T06:22:56.4712391Z [ 35%] Linking CXX executable bench_aosoa_vs_soa
2026-09-29T06:22:56.5161619Z [ 35%] Built target bench_aosoa_vs_soa
2026-09-29T06:22:56.5214894Z [ 36%] Building C object tests/CMakeFiles/test_incompatible_plugin.dir/sample_plugin_bad.c.o
2026-09-29T06:22:56.6184921Z [ 36%] Linking C shared library libbad_plugin.so
2026-09-29T06:22:56.6283662Z [ 36%] Built target test_incompatible_plugin
2026-09-29T06:22:56.6331806Z [ 36%] Building C object tests/CMakeFiles/test_extension_fixture.dir/extension_fixture.c.o
2026-09-29T06:22:56.7753373Z [ 37%] Linking C shared library libextension_fixture.so
2026-09-29T06:22:56.7895439Z [ 37%] Built target test_extension_fixture
2026-09-29T06:22:56.7943490Z [ 37%] Building C object tests/CMakeFiles/test_extension_fixture_bad.dir/extension_fixture_bad.c.o
2026-09-29T06:22:56.8122448Z [ 37%] Linking C shared library libextension_fixture_bad.so
2026-09-29T06:22:56.8265295Z [ 37%] Built target test_extension_fixture_bad
2026-09-29T06:22:56.8312965Z [ 37%] Building C object tests/CMakeFiles/test_sample_plugin.dir/sample_plugin.c.o
2026-09-29T06:22:56.8440081Z [ 37%] Linking C shared library libsample_plugin.so
2026-09-29T06:22:56.8532934Z [ 37%] Built target test_sample_plugin
2026-09-29T06:22:56.8577848Z [ 38%] Building CXX object tests/CMakeFiles/rtfw_cuda_physics_tests.dir/test_cuda_physics.cpp.o
2026-09-29T06:22:58.7028668Z [ 38%] Linking CXX executable rtfw_cuda_physics_tests
2026-09-29T06:22:58.8517283Z [ 38%] Built target rtfw_cuda_physics_tests
2026-09-29T06:22:58.8569243Z [ 38%] Building CXX object tests/CMakeFiles/rtfw_cpu_gpu_fpga_cpu_sample_tests.dir/test_cpu_gpu_fpga_cpu_sample.cpp.o
2026-09-29T06:22:59.1014304Z [ 38%] Linking CXX static library librtfw_benchmark.a
2026-09-29T06:22:59.3250741Z [ 38%] Built target rtfw_benchmark
2026-09-29T06:22:59.3303482Z [ 38%] Building CXX object tests/golden_system/CMakeFiles/test_golden_system.dir/test_system.cpp.o
2026-09-29T06:23:00.4374438Z [ 38%] Linking CXX executable rtfw_cpu_gpu_fpga_cpu_sample_tests
2026-09-29T06:23:00.5859135Z [ 38%] Built target rtfw_cpu_gpu_fpga_cpu_sample_tests
2026-09-29T06:23:00.5910552Z [ 38%] Building CXX object tests/CMakeFiles/rtfw_simulation_timing_noalloc.dir/device_rate_simulation/noalloc.cpp.o
2026-09-29T06:23:01.5912555Z [ 38%] Linking CXX executable rtfw_simulation_timing_noalloc
2026-09-29T06:23:01.7331213Z [ 38%] Built target rtfw_simulation_timing_noalloc
2026-09-29T06:23:01.7387417Z [ 38%] Building CXX object tests/host_adapter/CMakeFiles/test_host_adapter.dir/test_host.cpp.o
2026-09-29T06:23:03.2584232Z [ 39%] Linking CXX executable test_golden_system
2026-09-29T06:23:03.3158720Z [ 39%] Linking CXX executable test_host_adapter
2026-09-29T06:23:03.4028326Z [ 39%] Built target test_golden_system
2026-09-29T06:23:03.4079378Z [ 39%] Building CXX object tests/CMakeFiles/rtfw_runtime_profile_tests.dir/runtime_profile_tests.cpp.o
2026-09-29T06:23:03.4542235Z [ 39%] Built target test_host_adapter
2026-09-29T06:23:03.4591622Z [ 40%] Building CXX object tests/CMakeFiles/rtfw_xdma_backend_tests.dir/xdma_backend_tests.cpp.o
2026-09-29T06:23:04.0721158Z [ 40%] Linking CXX executable rtfw_runtime_profile_tests
2026-09-29T06:23:04.2183638Z [ 40%] Built target rtfw_runtime_profile_tests
2026-09-29T06:23:04.2237551Z [ 40%] Building CXX object tests/CMakeFiles/rtfw_cuda_pipeline_tests.dir/test_cuda_pipeline.cpp.o
2026-09-29T06:23:04.3958096Z [ 40%] Linking CXX executable rtfw_xdma_backend_tests
2026-09-29T06:23:04.4465908Z [ 40%] Built target rtfw_xdma_backend_tests
2026-09-29T06:23:04.4521992Z [ 40%] Building CXX object tests/CMakeFiles/rtfw_cuda_lifetime_tests.dir/test_cuda_lifetime.cpp.o
2026-09-29T06:23:06.2024982Z [ 41%] Linking CXX executable rtfw_cuda_lifetime_tests
2026-09-29T06:23:06.3459350Z [ 41%] Built target rtfw_cuda_lifetime_tests
2026-09-29T06:23:06.3510599Z [ 41%] Building CXX object tests/hello_runtime/CMakeFiles/hello_capacity_failure.dir/capacity.cpp.o
2026-09-29T06:23:06.4131101Z [ 41%] Linking CXX executable rtfw_cuda_pipeline_tests
2026-09-29T06:23:06.5584827Z [ 41%] Built target rtfw_cuda_pipeline_tests
2026-09-29T06:23:06.5634470Z [ 41%] Building CXX object tests/hello_runtime/CMakeFiles/hello_step_failure.dir/step.cpp.o
2026-09-29T06:23:06.8034584Z [ 41%] Linking CXX executable hello_capacity_failure
2026-09-29T06:23:06.9406898Z [ 41%] Built target hello_capacity_failure
2026-09-29T06:23:06.9458985Z [ 42%] Building CXX object tests/typed_runtime/CMakeFiles/test_typed_sdk.dir/test_sdk.cpp.o
2026-09-29T06:23:07.0132001Z [ 43%] Linking CXX executable hello_step_failure
2026-09-29T06:23:07.1535787Z [ 43%] Built target hello_step_failure
2026-09-29T06:23:07.1587665Z [ 44%] Building CXX object tests/backend_authoring/CMakeFiles/test_backend_authoring.dir/test_backend.cpp.o
2026-09-29T06:23:08.2020521Z [ 44%] Linking CXX executable test_typed_sdk
2026-09-29T06:23:08.3436077Z [ 44%] Built target test_typed_sdk
2026-09-29T06:23:08.3488987Z [ 44%] Building CXX object tests/cil_shared_memory/CMakeFiles/test_cil_shared_memory.dir/test_cil.cpp.o
2026-09-29T06:23:08.6048744Z [ 44%] Linking CXX executable test_backend_authoring
2026-09-29T06:23:08.7424936Z [ 44%] Built target test_backend_authoring
2026-09-29T06:23:08.7478102Z [ 45%] Building CXX object CMakeFiles/simcore_rt.dir/rt/src/runtime.cpp.o
2026-09-29T06:23:09.6532089Z [ 45%] Linking CXX executable test_cil_shared_memory
2026-09-29T06:23:09.7954529Z [ 45%] Built target test_cil_shared_memory
2026-09-29T06:23:09.8006803Z [ 46%] Building CXX object CMakeFiles/rtfw_shared.dir/src/c_abi.cpp.o
2026-09-29T06:23:10.9463499Z [ 46%] Linking CXX shared library librtfw.so
2026-09-29T06:23:11.0891222Z [ 46%] Built target rtfw_shared
2026-09-29T06:23:11.0941118Z [ 47%] Building CXX object CMakeFiles/rtfw_static.dir/src/c_abi.cpp.o
2026-09-29T06:23:11.5081439Z [ 47%] Building CXX object CMakeFiles/simcore_rt.dir/rt/src/fiber_pool.cpp.o
2026-09-29T06:23:12.3271009Z [ 47%] Linking CXX static library librtfw_static.a
2026-09-29T06:23:12.3281708Z [ 47%] Linking CXX static library libsimcore_rt.a
2026-09-29T06:23:12.3959027Z [ 47%] Built target rtfw_static
2026-09-29T06:23:12.4005394Z [ 47%] Building CXX object CMakeFiles/rtfw_runtime_demo.dir/src/runtime_profile_demo.cpp.o
2026-09-29T06:23:12.4032137Z [ 47%] Built target simcore_rt
2026-09-29T06:23:12.4079441Z [ 48%] Building CXX object _deps/googletest/googlemock/CMakeFiles/gmock.dir/src/gmock-all.cc.o
2026-09-29T06:23:13.5573677Z [ 49%] Linking CXX executable rtfw_runtime_demo
2026-09-29T06:23:13.7009784Z [ 49%] Built target rtfw_runtime_demo
2026-09-29T06:23:13.7062510Z [ 49%] Building CXX object _deps/googletest/googletest/CMakeFiles/gtest_main.dir/src/gtest_main.cc.o
2026-09-29T06:23:14.4873822Z [ 50%] Linking CXX static library ../../../lib/libgtest_main.a
2026-09-29T06:23:14.5549762Z [ 50%] Built target gtest_main
2026-09-29T06:23:14.5598396Z [ 50%] Building CXX object samples/CMakeFiles/sample_cuda_pipeline.dir/cuda_physics/pipeline/main.cpp.o
2026-09-29T06:23:15.2767149Z [ 50%] Linking CXX static library ../../../lib/libgmock.a
2026-09-29T06:23:15.3544293Z [ 50%] Built target gmock
2026-09-29T06:23:15.3596406Z [ 50%] Building CXX object samples/CMakeFiles/sample_cuda_physics.dir/cuda_physics/main.cpp.o
2026-09-29T06:23:15.7163515Z [ 50%] Linking CXX executable sample_cuda_pipeline
2026-09-29T06:23:15.8615299Z [ 50%] Built target sample_cuda_pipeline
2026-09-29T06:23:15.8665440Z [ 50%] Building C object samples/CMakeFiles/sample_embed_c.dir/embed_c/mini_app.c.o
2026-09-29T06:23:15.9262054Z [ 50%] Linking C executable sample_embed_c
2026-09-29T06:23:15.9680617Z [ 50%] Built target sample_embed_c
2026-09-29T06:23:15.9730205Z [ 51%] Building C object samples/CMakeFiles/sample_embed_c_static.dir/embed_c/mini_app.c.o
2026-09-29T06:23:16.0314135Z [ 51%] Linking CXX executable sample_embed_c_static
2026-09-29T06:23:16.1708740Z [ 51%] Built target sample_embed_c_static
2026-09-29T06:23:16.1761775Z [ 51%] Building C object samples/recipes/CMakeFiles/recipe_raw_c.dir/__/__/tests/package_consumer/c_consumer.c.o
2026-09-29T06:23:16.1946934Z [ 51%] Linking CXX executable recipe_raw_c
2026-09-29T06:23:16.2579358Z [ 52%] Linking CXX executable sample_cuda_physics
2026-09-29T06:23:16.3374497Z [ 52%] Built target recipe_raw_c
2026-09-29T06:23:16.3426758Z [ 52%] Building CXX object bench/CMakeFiles/rtfw_benchmark_runtime.dir/providers/runtime_provider.cpp.o
2026-09-29T06:23:16.4029442Z [ 52%] Built target sample_cuda_physics
2026-09-29T06:23:16.4081200Z [ 53%] Building CXX object bench/CMakeFiles/rtfw_benchmark_device.dir/providers/device_provider.cpp.o
2026-09-29T06:23:17.5275078Z [ 53%] Building CXX object bench/CMakeFiles/rtfw_benchmark_runtime.dir/providers/runtime_cases/rates.cpp.o
2026-09-29T06:23:19.0346206Z [ 53%] Linking CXX static library librtfw_benchmark_device.a
2026-09-29T06:23:19.2273038Z [ 53%] Built target rtfw_benchmark_device
2026-09-29T06:23:19.2324009Z [ 53%] Building CXX object bench/CMakeFiles/rtfw_benchmark_cpu.dir/providers/cpu_provider.cpp.o
2026-09-29T06:23:20.8649621Z [ 53%] Linking CXX static library librtfw_benchmark_cpu.a
2026-09-29T06:23:20.9408294Z [ 53%] Built target rtfw_benchmark_cpu
2026-09-29T06:23:20.9456895Z [ 53%] Building CXX object bench/CMakeFiles/rtfw-bench-template.dir/extension/main.cpp.o
2026-09-29T06:23:21.6584922Z [ 53%] Building CXX object bench/CMakeFiles/rtfw-bench-template.dir/extension/provider.cpp.o
2026-09-29T06:23:21.7502687Z [ 54%] Building CXX object bench/CMakeFiles/rtfw_benchmark_runtime.dir/providers/runtime_cases/controls.cpp.o
2026-09-29T06:23:22.5309502Z [ 55%] Linking CXX executable rtfw-bench-template
2026-09-29T06:23:22.5910993Z [ 55%] Built target rtfw-bench-template
2026-09-29T06:23:22.5959922Z [ 55%] Building CXX object bench/CMakeFiles/rtfw_benchmark_device_consumer.dir/__/tests/package_consumer/benchmark_device_consumer.cpp.o
2026-09-29T06:23:23.4157212Z [ 56%] Linking CXX executable rtfw_benchmark_device_consumer
2026-09-29T06:23:23.6237234Z [ 56%] Built target rtfw_benchmark_device_consumer
2026-09-29T06:23:23.6305910Z [ 56%] Building CXX object bench/CMakeFiles/rtfw_benchmark_device_noalloc.dir/__/tests/benchmark_fixtures/device_consumer/noalloc.cpp.o
2026-09-29T06:23:24.2068739Z [ 56%] Linking CXX executable rtfw_benchmark_device_noalloc
2026-09-29T06:23:24.3742420Z [ 56%] Built target rtfw_benchmark_device_noalloc
2026-09-29T06:23:24.3795597Z [ 57%] Building CXX object bench/CMakeFiles/rtfw_benchmark_cpu_consumer.dir/__/tests/package_consumer/benchmark_cpu_consumer.cpp.o
2026-09-29T06:23:25.0938885Z [ 57%] Linking CXX executable rtfw_benchmark_cpu_consumer
2026-09-29T06:23:25.2520971Z [ 57%] Built target rtfw_benchmark_cpu_consumer
2026-09-29T06:23:25.2573575Z [ 57%] Building CXX object bench/CMakeFiles/rtfw_benchmark_cpu_noalloc.dir/__/tests/benchmark_fixtures/cpu_consumer/noalloc.cpp.o
2026-09-29T06:23:25.8619924Z [ 57%] Linking CXX executable rtfw_benchmark_cpu_noalloc
2026-09-29T06:23:26.0210342Z [ 57%] Built target rtfw_benchmark_cpu_noalloc
2026-09-29T06:23:26.0263516Z [ 57%] Building CXX object bench/CMakeFiles/rtfw_benchmark_consumer.dir/__/tests/package_consumer/benchmark_consumer.cpp.o
2026-09-29T06:23:26.7214009Z [ 58%] Linking CXX executable rtfw_benchmark_consumer
2026-09-29T06:23:26.7767583Z [ 58%] Built target rtfw_benchmark_consumer
2026-09-29T06:23:26.7817843Z [ 58%] Building CXX object bench/CMakeFiles/rtfw_benchmark_extension_tests.dir/__/tests/benchmark_fixtures/extension_consumer/lifecycle.cpp.o
2026-09-29T06:23:27.9203909Z [ 59%] Building CXX object bench/CMakeFiles/rtfw_benchmark_extension_tests.dir/extension/provider.cpp.o
2026-09-29T06:23:28.7577722Z [ 59%] Linking CXX executable rtfw_benchmark_extension_tests
2026-09-29T06:23:28.8164400Z [ 59%] Built target rtfw_benchmark_extension_tests
2026-09-29T06:23:28.8213589Z [ 59%] Building CXX object bench/CMakeFiles/rtfw_cuda_particle_benchmark.dir/__/samples/cuda_physics/benchmark/provider.cpp.o
2026-09-29T06:23:30.3838320Z [ 59%] Linking CXX static library librtfw_cuda_particle_benchmark.a
2026-09-29T06:23:30.4548851Z [ 59%] Built target rtfw_cuda_particle_benchmark
2026-09-29T06:23:30.4598742Z [ 59%] Building CXX object tests/CMakeFiles/rtfw_thread_policy_rollback_test.dir/test_thread_policy.cpp.o
2026-09-29T06:23:34.4310292Z [ 60%] Linking CXX executable rtfw_thread_policy_rollback_test
2026-09-29T06:23:34.6159086Z [ 60%] Built target rtfw_thread_policy_rollback_test
2026-09-29T06:23:35.8496587Z golden state, controls, replay, recovery, allocation: PASS
2026-09-29T06:23:35.9119222Z golden ticks=24 callbacks=108 replay=24 peer=ok cleanup=ok
2026-09-29T06:23:35.9235474Z PASS: portable golden run/state/replay; hardware and RT qualification not performed
2026-09-29T06:23:35.9834440Z golden ticks=24 callbacks=108 replay=24 peer=ok cleanup=ok
2026-09-29T06:23:35.9968180Z PASS: portable golden run/state/replay; hardware and RT qualification not performed
2026-09-29T06:23:36.0028127Z [ 60%] Built target golden_determinism_check
2026-09-29T06:23:36.0086184Z [ 60%] Building C object tests/CMakeFiles/test_cabi_dlopen.dir/test_cabi_dlopen.c.o
2026-09-29T06:23:36.4558254Z [ 61%] Linking C executable test_cabi_dlopen
2026-09-29T06:23:36.4707978Z [ 61%] Built target test_cabi_dlopen
2026-09-29T06:23:36.4754626Z [ 61%] Building CXX object tests/CMakeFiles/rtfw_host_adapter_tests.dir/host_adapter_tests.cpp.o
2026-09-29T06:23:37.0472229Z [ 62%] Linking CXX executable rtfw_host_adapter_tests
2026-09-29T06:23:37.1901923Z [ 62%] Built target rtfw_host_adapter_tests
2026-09-29T06:23:37.1919425Z [ 62%] Building CXX object bench/CMakeFiles/rtfw_benchmark_runtime.dir/providers/runtime_cases/checkpoint.cpp.o
2026-09-29T06:23:38.2098191Z [ 62%] Building CXX object bench/CMakeFiles/rtfw_benchmark_runtime.dir/providers/runtime_cases/replay.cpp.o
2026-09-29T06:23:39.4003734Z [ 63%] Building CXX object bench/CMakeFiles/rtfw_benchmark_runtime.dir/providers/runtime_cases/observability.cpp.o
2026-09-29T06:23:45.0129824Z [ 63%] Building CXX object bench/CMakeFiles/rtfw_benchmark_runtime.dir/providers/runtime_cases/capacity.cpp.o
2026-09-29T06:23:46.1275737Z [ 63%] Building CXX object bench/CMakeFiles/rtfw_benchmark_runtime.dir/providers/runtime_cases/device.cpp.o
2026-09-29T06:24:10.7254431Z [ 63%] Building CXX object CMakeFiles/rtfw_experimental.dir/rt/src/plugin_manager.cpp.o
2026-09-29T06:24:10.9054849Z [ 63%] Building CXX object CMakeFiles/rtfw_experimental.dir/rt/src/scheduler.cpp.o
2026-09-29T06:24:12.2452464Z [ 64%] Building CXX object CMakeFiles/rtfw_experimental.dir/rt/src/crashdump_posix.cpp.o
2026-09-29T06:24:12.7432312Z [ 64%] Linking CXX static library librtfw_experimental.a
2026-09-29T06:24:12.8153359Z [ 64%] Built target rtfw_experimental
2026-09-29T06:24:12.8203567Z [ 64%] Building CXX object CMakeFiles/simcore_app.dir/src/main.cpp.o
2026-09-29T06:24:18.8999693Z [ 64%] Linking CXX executable rtfw_demo
2026-09-29T06:24:18.9764386Z [ 64%] Built target simcore_app
2026-09-29T06:24:18.9815720Z [ 64%] Building CXX object _deps/googletest/googlemock/CMakeFiles/gmock_main.dir/src/gmock_main.cc.o
2026-09-29T06:24:19.8887475Z [ 64%] Linking CXX static library librtfw_benchmark_runtime.a
2026-09-29T06:24:19.9704657Z [ 64%] Linking CXX static library ../../../lib/libgmock_main.a
2026-09-29T06:24:20.0366623Z [ 64%] Built target rtfw_benchmark_runtime
2026-09-29T06:24:20.0416890Z [ 64%] Built target gmock_main
2026-09-29T06:24:20.0426770Z [ 65%] Building CXX object bench/CMakeFiles/rtfw-bench-cuda-physics.dir/__/samples/cuda_physics/benchmark/main.cpp.o
2026-09-29T06:24:20.0465480Z [ 65%] Building CXX object bench/CMakeFiles/rtfw_cuda_benchmark_tests.dir/__/tests/test_cuda_benchmark.cpp.o
2026-09-29T06:24:21.0956510Z [ 65%] Linking CXX executable rtfw-bench-cuda-physics
2026-09-29T06:24:21.1813957Z [ 65%] Linking CXX executable rtfw_cuda_benchmark_tests
2026-09-29T06:24:21.2646824Z [ 65%] Built target rtfw-bench-cuda-physics
2026-09-29T06:24:21.2726980Z [ 65%] Building CXX object tests/CMakeFiles/simcore_tests.dir/test_simcore_basic.cpp.o
2026-09-29T06:24:21.3526493Z [ 65%] Built target rtfw_cuda_benchmark_tests
2026-09-29T06:24:21.3582333Z [ 66%] Building CXX object tests/CMakeFiles/rtfw_determinism_artifact.dir/determinism_artifact.cpp.o
2026-09-29T06:24:21.9348752Z [ 66%] Linking CXX executable rtfw_determinism_artifact
2026-09-29T06:24:22.0775308Z [ 66%] Built target rtfw_determinism_artifact
2026-09-29T06:24:22.0792272Z [ 67%] Building CXX object tests/CMakeFiles/simcore_tests.dir/test_simcore_determinism.cpp.o
2026-09-29T06:24:26.8386591Z [ 67%] Building CXX object tests/CMakeFiles/simcore_tests.dir/test_logging.cpp.o
2026-09-29T06:24:28.2528118Z [ 67%] Building CXX object tests/CMakeFiles/simcore_tests.dir/test_async_logger.cpp.o
2026-09-29T06:24:29.6568640Z [ 67%] Building CXX object bench/CMakeFiles/rtfw-bench.dir/src/benchmark_cli.cpp.o
2026-09-29T06:24:30.4010345Z [ 67%] Building CXX object tests/CMakeFiles/simcore_tests.dir/test_logger_backpressure.cpp.o
2026-09-29T06:24:30.7629299Z [ 67%] Linking CXX executable rtfw-bench
2026-09-29T06:24:30.9986414Z [ 67%] Built target rtfw-bench
2026-09-29T06:24:31.0047985Z [ 68%] Building CXX object bench/CMakeFiles/rtfw_benchmark_runtime_consumer.dir/__/tests/package_consumer/benchmark_runtime_consumer.cpp.o
2026-09-29T06:24:31.7620043Z [ 68%] Linking CXX executable rtfw_benchmark_runtime_consumer
2026-09-29T06:24:31.9713378Z [ 68%] Built target rtfw_benchmark_runtime_consumer
2026-09-29T06:24:31.9768766Z [ 68%] Building CXX object bench/CMakeFiles/rtfw_benchmark_runtime_noalloc.dir/__/tests/benchmark_fixtures/runtime_consumer/noalloc.cpp.o
2026-09-29T06:24:32.5559964Z [ 69%] Linking CXX executable rtfw_benchmark_runtime_noalloc
2026-09-29T06:24:32.7566314Z [ 69%] Built target rtfw_benchmark_runtime_noalloc
2026-09-29T06:24:32.7584479Z [ 70%] Building CXX object tests/CMakeFiles/simcore_tests.dir/test_profiler.cpp.o
2026-09-29T06:24:36.6235073Z [ 70%] Building CXX object tests/CMakeFiles/simcore_tests.dir/test_adaptive_param.cpp.o
2026-09-29T06:24:38.4711491Z [ 70%] Building CXX object tests/CMakeFiles/simcore_tests.dir/test_soa.cpp.o
2026-09-29T06:24:39.7153399Z [ 71%] Building CXX object tests/CMakeFiles/simcore_tests.dir/test_sparse_set.cpp.o
2026-09-29T06:24:41.1279716Z [ 71%] Building CXX object tests/CMakeFiles/simcore_tests.dir/test_soa_view.cpp.o
2026-09-29T06:24:42.0428604Z [ 71%] Building CXX object tests/CMakeFiles/simcore_tests.dir/test_jobqueue.cpp.o
2026-09-29T06:24:42.1689796Z [ 71%] Building CXX object tests/CMakeFiles/simcore_tests.dir/test_queue_metrics.cpp.o
2026-09-29T06:24:44.3410754Z [ 72%] Building CXX object tests/CMakeFiles/simcore_tests.dir/test_metrics_json.cpp.o
2026-09-29T06:24:45.0813208Z [ 72%] Building CXX object tests/CMakeFiles/simcore_tests.dir/test_jobqueue_perf.cpp.o
2026-09-29T06:24:47.0380522Z [ 72%] Building CXX object tests/CMakeFiles/simcore_tests.dir/test_workerpool_priority.cpp.o
2026-09-29T06:24:49.4884836Z [ 73%] Building CXX object tests/CMakeFiles/simcore_tests.dir/test_phase_graph.cpp.o
2026-09-29T06:24:51.3450170Z [ 73%] Building CXX object tests/CMakeFiles/simcore_tests.dir/test_static_phase_graph.cpp.o
2026-09-29T06:24:52.7957148Z [ 73%] Building CXX object tests/CMakeFiles/simcore_tests.dir/test_chunk_autotune.cpp.o
2026-09-29T06:24:55.2629801Z [ 73%] Building CXX object tests/CMakeFiles/simcore_tests.dir/test_deterministic_reduce.cpp.o
2026-09-29T06:24:58.6322345Z [ 74%] Building CXX object tests/CMakeFiles/simcore_tests.dir/test_differential_output.cpp.o
2026-09-29T06:24:59.8182600Z [ 74%] Building CXX object tests/CMakeFiles/simcore_tests.dir/test_robust_fp.cpp.o
2026-09-29T06:25:00.7919587Z [ 74%] Building CXX object tests/CMakeFiles/simcore_tests.dir/test_budget_monitor.cpp.o
2026-09-29T06:25:01.1854004Z [ 74%] Building CXX object tests/CMakeFiles/simcore_tests.dir/test_fault_injection.cpp.o
2026-09-29T06:25:06.3117484Z [ 75%] Building CXX object tests/CMakeFiles/simcore_tests.dir/test_simd.cpp.o
2026-09-29T06:25:06.7124673Z [ 75%] Building CXX object tests/CMakeFiles/simcore_tests.dir/test_aosoa_autotune.cpp.o
2026-09-29T06:25:07.5702634Z [ 75%] Building CXX object tests/CMakeFiles/simcore_tests.dir/test_rt_pool.cpp.o
2026-09-29T06:25:08.0311420Z [ 76%] Building CXX object tests/CMakeFiles/simcore_tests.dir/test_rt_arena.cpp.o
2026-09-29T06:25:08.8198173Z [ 76%] Building CXX object tests/CMakeFiles/simcore_tests.dir/test_arena_binding_assert.cpp.o
2026-09-29T06:25:09.2698706Z [ 76%] Building CXX object tests/CMakeFiles/simcore_tests.dir/test_rt_overflow_death.cpp.o
2026-09-29T06:25:09.7437949Z [ 76%] Building CXX object tests/CMakeFiles/simcore_tests.dir/test_fiber_pool.cpp.o
2026-09-29T06:25:10.7536407Z [ 77%] Building CXX object tests/CMakeFiles/simcore_tests.dir/test_fiber_pool_race.cpp.o
2026-09-29T06:25:14.0417148Z [ 77%] Building CXX object tests/CMakeFiles/simcore_tests.dir/test_bintrace.cpp.o
2026-09-29T06:25:15.2716086Z [ 77%] Building CXX object tests/CMakeFiles/simcore_tests.dir/test_budget_degrade.cpp.o
2026-09-29T06:25:19.7890640Z [ 77%] Building CXX object tests/CMakeFiles/simcore_tests.dir/test_predictive_adaptive.cpp.o
2026-09-29T06:25:20.9301076Z [ 78%] Building CXX object tests/CMakeFiles/simcore_tests.dir/test_small_array_balance.cpp.o
2026-09-29T06:25:25.3545766Z [ 78%] Building CXX object tests/CMakeFiles/simcore_tests.dir/test_phase_telemetry.cpp.o
2026-09-29T06:25:26.5229645Z [ 78%] Building CXX object tests/CMakeFiles/simcore_tests.dir/test_aligned_allocator.cpp.o
2026-09-29T06:25:27.6254981Z [ 79%] Building CXX object tests/CMakeFiles/simcore_tests.dir/test_highres_clock.cpp.o
2026-09-29T06:25:28.7169971Z [ 79%] Building CXX object tests/CMakeFiles/simcore_tests.dir/test_highres_clock_integration.cpp.o
2026-09-29T06:25:29.6984443Z [ 79%] Building CXX object tests/CMakeFiles/simcore_tests.dir/test_rate_governor.cpp.o
2026-09-29T06:25:31.0535940Z [ 79%] Building CXX object tests/CMakeFiles/simcore_tests.dir/test_hazard_ptr.cpp.o
2026-09-29T06:25:31.1115301Z [ 80%] Building CXX object tests/CMakeFiles/simcore_tests.dir/test_lockfree_queue.cpp.o
2026-09-29T06:25:32.4502472Z [ 80%] Building CXX object tests/CMakeFiles/simcore_tests.dir/test_seqlock_config.cpp.o
2026-09-29T06:25:32.8149114Z [ 80%] Building CXX object tests/CMakeFiles/simcore_tests.dir/test_backpressure.cpp.o
2026-09-29T06:25:33.4390020Z [ 81%] Building CXX object tests/CMakeFiles/simcore_tests.dir/test_physics_integrators.cpp.o
2026-09-29T06:25:33.8661428Z [ 81%] Building CXX object tests/CMakeFiles/simcore_tests.dir/test_constraint_solver.cpp.o
2026-09-29T06:25:34.6169834Z [ 81%] Building CXX object tests/CMakeFiles/simcore_tests.dir/test_narrowphase.cpp.o
2026-09-29T06:25:34.8601083Z [ 81%] Building CXX object tests/CMakeFiles/simcore_tests.dir/test_hal.cpp.o
2026-09-29T06:25:35.8326035Z [ 82%] Building CXX object tests/CMakeFiles/simcore_tests.dir/test_gpu_stub.cpp.o
2026-09-29T06:25:36.3210023Z [ 82%] Building CXX object tests/CMakeFiles/simcore_tests.dir/test_gpu_overlap.cpp.o
2026-09-29T06:25:38.9969109Z [ 82%] Building CXX object tests/CMakeFiles/simcore_tests.dir/test_frame_graph.cpp.o
2026-09-29T06:25:40.3473524Z [ 82%] Building CXX object tests/CMakeFiles/simcore_tests.dir/test_watchdog.cpp.o
2026-09-29T06:25:41.3478841Z [ 83%] Building CXX object tests/CMakeFiles/simcore_tests.dir/test_rt_watchdog.cpp.o
2026-09-29T06:25:41.5491141Z [ 83%] Building CXX object tests/CMakeFiles/simcore_tests.dir/test_crashdump.cpp.o
2026-09-29T06:25:42.4110004Z [ 83%] Building CXX object tests/CMakeFiles/simcore_tests.dir/test_numerics.cpp.o
2026-09-29T06:25:42.4737725Z [ 84%] Building CXX object tests/CMakeFiles/simcore_tests.dir/test_prng_determinism.cpp.o
2026-09-29T06:25:43.8307672Z [ 84%] Building CXX object tests/CMakeFiles/simcore_tests.dir/test_snapshot.cpp.o
2026-09-29T06:25:48.1724692Z [ 84%] Building CXX object tests/CMakeFiles/simcore_tests.dir/test_trace_export.cpp.o
2026-09-29T06:25:49.6603610Z [ 84%] Building CXX object tests/CMakeFiles/simcore_tests.dir/test_trace_noalloc.cpp.o
2026-09-29T06:25:49.9723737Z [ 85%] Building CXX object tests/CMakeFiles/simcore_tests.dir/test_units.cpp.o
2026-09-29T06:25:50.8537410Z [ 85%] Building CXX object tests/CMakeFiles/simcore_tests.dir/test_huge_page.cpp.o
2026-09-29T06:25:51.9998779Z [ 85%] Building CXX object tests/CMakeFiles/simcore_tests.dir/test_thermal_limp.cpp.o
2026-09-29T06:25:53.2933466Z [ 86%] Building CXX object tests/CMakeFiles/simcore_tests.dir/test_limp_mode.cpp.o
2026-09-29T06:25:57.5322626Z [ 86%] Building CXX object tests/CMakeFiles/simcore_tests.dir/test_config_hot_reload.cpp.o
2026-09-29T06:25:57.7315558Z [ 86%] Building CXX object tests/CMakeFiles/simcore_tests.dir/test_plugin_manager.cpp.o
2026-09-29T06:25:58.7279603Z [ 86%] Building CXX object tests/CMakeFiles/simcore_tests.dir/test_sandbox.cpp.o
2026-09-29T06:25:58.8482236Z [ 87%] Building CXX object tests/CMakeFiles/simcore_tests.dir/test_minidump_symbols.cpp.o
2026-09-29T06:25:59.7930342Z [ 87%] Building CXX object tests/CMakeFiles/simcore_tests.dir/test_perf_artifacts.cpp.o
2026-09-29T06:25:59.9265649Z [ 87%] Building CXX object tests/CMakeFiles/simcore_tests.dir/test_scheduler.cpp.o
2026-09-29T06:26:01.2257881Z [ 87%] Building CXX object tests/CMakeFiles/simcore_tests.dir/test_host_runtime.cpp.o
2026-09-29T06:26:01.2299238Z [ 88%] Building CXX object tests/CMakeFiles/simcore_tests.dir/test_periodic_runtime.cpp.o
2026-09-29T06:26:03.0395055Z [ 88%] Building CXX object tests/CMakeFiles/simcore_tests.dir/test_platform_preflight.cpp.o
2026-09-29T06:26:04.0503415Z [ 88%] Building CXX object tests/CMakeFiles/simcore_tests.dir/test_compiled_graph.cpp.o
2026-09-29T06:26:04.5598170Z [ 89%] Building CXX object tests/CMakeFiles/simcore_tests.dir/test_executor.cpp.o
2026-09-29T06:26:06.5710716Z [ 89%] Building CXX object tests/CMakeFiles/simcore_tests.dir/test_memory_plan.cpp.o
2026-09-29T06:26:06.9557579Z [ 89%] Building CXX object tests/CMakeFiles/simcore_tests.dir/test_observability.cpp.o
2026-09-29T06:26:08.4876641Z [ 89%] Building CXX object tests/CMakeFiles/simcore_tests.dir/test_determinism_replay.cpp.o
2026-09-29T06:26:09.2524342Z [ 90%] Building CXX object tests/CMakeFiles/simcore_tests.dir/test_device_runtime.cpp.o
2026-09-29T06:26:10.8775296Z [ 90%] Building CXX object tests/CMakeFiles/simcore_tests.dir/test_cuda_backend.cpp.o
2026-09-29T06:26:14.0061438Z [ 90%] Building CXX object tests/CMakeFiles/simcore_tests.dir/test_vendor_hal_v2.cpp.o
2026-09-29T06:26:16.9565993Z [ 90%] Building CXX object tests/CMakeFiles/simcore_tests.dir/test_rt_pipeline.cpp.o
2026-09-29T06:26:17.4194572Z [ 91%] Building CXX object tests/CMakeFiles/simcore_tests.dir/test_platform_gate.cpp.o
2026-09-29T06:26:18.7698954Z [ 91%] Building CXX object tests/CMakeFiles/simcore_tests.dir/integration/test_determinism.cpp.o
2026-09-29T06:26:20.5827881Z [ 91%] Building CXX object tests/CMakeFiles/simcore_tests.dir/test_extension_registration.cpp.o
2026-09-29T06:26:23.3611885Z [ 92%] Building CXX object tests/CMakeFiles/simcore_tests.dir/test_command_batch.cpp.o
2026-09-29T06:26:23.6100841Z [ 92%] Building CXX object tests/CMakeFiles/simcore_tests.dir/test_device_rate_simulation.cpp.o
2026-09-29T06:26:28.6708278Z [ 92%] Building CXX object tests/CMakeFiles/simcore_tests.dir/test_heterogeneous_memory.cpp.o
2026-09-29T06:26:33.8409049Z [ 92%] Building CXX object tests/CMakeFiles/simcore_tests.dir/test_hal_v2.cpp.o
2026-09-29T06:26:36.4901619Z [ 93%] Building CXX object tests/CMakeFiles/simcore_tests.dir/test_cross_rate_data.cpp.o
2026-09-29T06:26:38.8036625Z [ 93%] Building CXX object tests/CMakeFiles/simcore_tests.dir/test_rate_dispatch.cpp.o
2026-09-29T06:26:41.5181790Z [ 93%] Building CXX object tests/CMakeFiles/simcore_tests.dir/test_rate_telemetry.cpp.o
2026-09-29T06:26:44.8063448Z [ 94%] Building CXX object tests/CMakeFiles/simcore_tests.dir/test_rate_timeline.cpp.o
2026-09-29T06:26:45.4292447Z [ 94%] Building CXX object tests/CMakeFiles/simcore_tests.dir/test_sampled_io.cpp.o
2026-09-29T06:26:49.1540880Z [ 94%] Building CXX object tests/CMakeFiles/simcore_tests.dir/test_loopback_backend.cpp.o
2026-09-29T06:26:49.5884457Z [ 94%] Building CXX object tests/CMakeFiles/simcore_tests.dir/test_live_control_mailbox.cpp.o
2026-09-29T06:26:51.5980914Z [ 95%] Building CXX object tests/CMakeFiles/simcore_tests.dir/test_live_control_actions.cpp.o
2026-09-29T06:26:52.9559634Z [ 95%] Building CXX object tests/CMakeFiles/simcore_tests.dir/test_live_control_sdk.cpp.o
2026-09-29T06:26:55.2840210Z [ 95%] Building CXX object tests/CMakeFiles/simcore_tests.dir/test_live_control_stress.cpp.o
2026-09-29T06:26:57.9276812Z [ 95%] Building CXX object tests/CMakeFiles/simcore_tests.dir/test_live_control_active_replay.cpp.o
2026-09-29T06:27:00.2920301Z [ 96%] Building CXX object tests/CMakeFiles/simcore_tests.dir/test_mixed_rate_actions.cpp.o
2026-09-29T06:27:02.8366282Z [ 96%] Building CXX object tests/CMakeFiles/simcore_tests.dir/test_mixed_rate_replay.cpp.o
2026-09-29T06:27:06.0901135Z [ 96%] Building CXX object tests/CMakeFiles/simcore_tests.dir/test_mixed_rate_conformance.cpp.o
2026-09-29T06:27:06.2061761Z [ 97%] Building CXX object tests/CMakeFiles/simcore_tests.dir/test_cpu_memory_policy.cpp.o
2026-09-29T06:27:08.6050736Z [ 97%] Building CXX object tests/CMakeFiles/simcore_tests.dir/test_memory_policy.cpp.o
2026-09-29T06:27:10.7937643Z [ 97%] Building CXX object tests/CMakeFiles/simcore_tests.dir/test_thread_policy.cpp.o
2026-09-29T06:27:14.5312117Z [ 97%] Building CXX object tests/CMakeFiles/simcore_tests.dir/test_affinity.cpp.o
2026-09-29T06:27:16.5594933Z [ 98%] Building CXX object tests/CMakeFiles/simcore_tests.dir/test_numa_pool.cpp.o
2026-09-29T06:27:17.5192249Z [ 98%] Building CXX object tests/CMakeFiles/simcore_tests.dir/test_numa_integration.cpp.o
2026-09-29T06:27:19.6874544Z [ 98%] Building CXX object tests/CMakeFiles/simcore_tests.dir/test_benchmark_contract.cpp.o
2026-09-29T06:27:19.8152052Z [ 98%] Building CXX object tests/CMakeFiles/simcore_tests.dir/test_benchmark_runner.cpp.o
2026-09-29T06:27:22.4273845Z [ 99%] Building CXX object tests/CMakeFiles/simcore_tests.dir/test_benchmark_artifacts.cpp.o
2026-09-29T06:27:22.6369040Z [ 99%] Building CXX object tests/CMakeFiles/simcore_tests.dir/test_benchmark_cpu.cpp.o
2026-09-29T06:27:25.7440795Z [ 99%] Building CXX object tests/CMakeFiles/simcore_tests.dir/test_benchmark_runtime.cpp.o
2026-09-29T06:27:25.7816828Z [100%] Building CXX object tests/CMakeFiles/simcore_tests.dir/test_benchmark_device.cpp.o
2026-09-29T06:27:29.2074992Z [100%] Linking CXX executable simcore_tests
2026-09-29T06:27:31.0187154Z [100%] Built target simcore_tests
2026-09-29T06:27:31.0518909Z ##[group]Run ctest --test-dir build -C RelWithDebInfo --output-on-failure -R simcore_all
2026-09-29T06:27:31.0519400Z [36;1mctest --test-dir build -C RelWithDebInfo --output-on-failure -R simcore_all[0m
2026-09-29T06:27:31.0553348Z shell: /usr/bin/bash --noprofile --norc -e -o pipefail {0}
2026-09-29T06:27:31.0553717Z env:
2026-09-29T06:27:31.0553930Z   CC: gcc-11
2026-09-29T06:27:31.0554130Z   CXX: g++-11
2026-09-29T06:27:31.0554400Z   ASAN_OPTIONS: abort_on_error=1:detect_leaks=0
2026-09-29T06:27:31.0554697Z   UBSAN_OPTIONS: print_stacktrace=1:halt_on_error=1
2026-09-29T06:27:31.0554987Z   GTEST_DEATH_TEST_STYLE: threadsafe
2026-09-29T06:27:31.0555259Z   GTEST_FILTER: MetricsJson.*
2026-09-29T06:27:31.0555521Z ##[endgroup]
2026-09-29T06:27:31.6703477Z Internal ctest changing into directory: /home/runner/work/cpp-rt-car/cpp-rt-car/build
2026-09-29T06:27:31.7167208Z Test project /home/runner/work/cpp-rt-car/cpp-rt-car/build
2026-09-29T06:27:31.7545633Z     Start 45: simcore_all
2026-09-29T06:27:31.9181389Z 1/1 Test #45: simcore_all ......................   Passed    0.16 sec
2026-09-29T06:27:31.9184182Z 
2026-09-29T06:27:31.9184780Z 100% tests passed, 0 tests failed out of 1
2026-09-29T06:27:31.9185312Z 
2026-09-29T06:27:31.9185481Z Total Test time (real) =   0.20 sec
2026-09-29T06:27:31.9444083Z ##[group]Run ctest --test-dir build -C RelWithDebInfo --output-on-failure -R simcore_all
2026-09-29T06:27:31.9444661Z [36;1mctest --test-dir build -C RelWithDebInfo --output-on-failure -R simcore_all[0m
2026-09-29T06:27:31.9480797Z shell: /usr/bin/bash --noprofile --norc -e -o pipefail {0}
2026-09-29T06:27:31.9481205Z env:
2026-09-29T06:27:31.9481443Z   CC: gcc-11
2026-09-29T06:27:31.9481675Z   CXX: g++-11
2026-09-29T06:27:31.9481981Z   ASAN_OPTIONS: abort_on_error=1:detect_leaks=0
2026-09-29T06:27:31.9482334Z   UBSAN_OPTIONS: print_stacktrace=1:halt_on_error=1
2026-09-29T06:27:31.9482862Z   GTEST_DEATH_TEST_STYLE: threadsafe
2026-09-29T06:27:31.9483276Z   GTEST_FILTER: DeviceRuntime.CrossInstanceDeviceStateIsIsolated
2026-09-29T06:27:31.9483618Z ##[endgroup]
2026-09-29T06:27:31.9549310Z Internal ctest changing into directory: /home/runner/work/cpp-rt-car/cpp-rt-car/build
2026-09-29T06:27:31.9551140Z Test project /home/runner/work/cpp-rt-car/cpp-rt-car/build
2026-09-29T06:27:31.9568517Z     Start 45: simcore_all
2026-09-29T06:27:31.9723741Z 1/1 Test #45: simcore_all ......................   Passed    0.02 sec
2026-09-29T06:27:31.9726070Z 
2026-09-29T06:27:31.9726508Z 100% tests passed, 0 tests failed out of 1
2026-09-29T06:27:31.9726794Z 
2026-09-29T06:27:31.9726916Z Total Test time (real) =   0.02 sec
2026-09-29T06:27:31.9765575Z ##[group]Run ctest --test-dir build -C RelWithDebInfo --output-on-failure
2026-09-29T06:27:31.9766081Z [36;1mctest --test-dir build -C RelWithDebInfo --output-on-failure[0m
2026-09-29T06:27:31.9797406Z shell: /usr/bin/bash --noprofile --norc -e -o pipefail {0}
2026-09-29T06:27:31.9797806Z env:
2026-09-29T06:27:31.9798084Z   CC: gcc-11
2026-09-29T06:27:31.9798376Z   CXX: g++-11
2026-09-29T06:27:31.9798675Z   ASAN_OPTIONS: abort_on_error=1:detect_leaks=0
2026-09-29T06:27:31.9799062Z   UBSAN_OPTIONS: print_stacktrace=1:halt_on_error=1
2026-09-29T06:27:31.9799453Z   GTEST_DEATH_TEST_STYLE: threadsafe
2026-09-29T06:27:31.9799745Z ##[endgroup]
2026-09-29T06:27:31.9862930Z Internal ctest changing into directory: /home/runner/work/cpp-rt-car/cpp-rt-car/build
2026-09-29T06:27:31.9864519Z Test project /home/runner/work/cpp-rt-car/cpp-rt-car/build
2026-09-29T06:27:31.9884167Z       Start  1: sample_cuda_pipeline
2026-09-29T06:27:32.0003830Z  1/92 Test  #1: sample_cuda_pipeline .....................   Passed    0.01 sec
2026-09-29T06:27:32.0005175Z       Start  2: sample_cuda_physics
2026-09-29T06:27:32.0758389Z  2/92 Test  #2: sample_cuda_physics ......................   Passed    0.08 sec
2026-09-29T06:27:32.0759194Z       Start  3: sample_particles
2026-09-29T06:27:32.0773737Z  3/92 Test  #3: sample_particles .........................   Passed    0.00 sec
2026-09-29T06:27:32.0774768Z       Start  4: sample_tyre_belt
2026-09-29T06:27:32.0789952Z  4/92 Test  #4: sample_tyre_belt .........................   Passed    0.00 sec
2026-09-29T06:27:32.0790654Z       Start  5: sample_async_gpu
2026-09-29T06:27:32.0803632Z  5/92 Test  #5: sample_async_gpu .........................   Passed    0.00 sec
2026-09-29T06:27:32.0804702Z       Start  6: sample_embed_c
2026-09-29T06:27:32.0966489Z  6/92 Test  #6: sample_embed_c ...........................   Passed    0.02 sec
2026-09-29T06:27:32.0966970Z       Start  7: sample_embed_c_static
2026-09-29T06:27:32.1123645Z  7/92 Test  #7: sample_embed_c_static ....................   Passed    0.02 sec
2026-09-29T06:27:32.1124446Z       Start  8: sample_embed_cpp
2026-09-29T06:27:32.1281806Z  8/92 Test  #8: sample_embed_cpp .........................   Passed    0.02 sec
2026-09-29T06:27:32.1282375Z       Start  9: sample_device_mock
2026-09-29T06:27:32.1345519Z  9/92 Test  #9: sample_device_mock .......................   Passed    0.01 sec
2026-09-29T06:27:32.1346321Z       Start 10: sample_live_control_typed
2026-09-29T06:27:32.1437398Z 10/92 Test #10: sample_live_control_typed ................   Passed    0.01 sec
2026-09-29T06:27:32.1438536Z       Start 11: sample_cpu_gpu_fpga_cpu
2026-09-29T06:27:32.1531784Z 11/92 Test #11: sample_cpu_gpu_fpga_cpu ..................   Passed    0.01 sec
2026-09-29T06:27:32.1532558Z       Start 12: sample_cuda_lifetime
2026-09-29T06:27:52.7714717Z 12/92 Test #12: sample_cuda_lifetime .....................   Passed   20.62 sec
2026-09-29T06:27:52.7715606Z       Start 13: hello_runtime_output
2026-09-29T06:27:52.7796646Z 13/92 Test #13: hello_runtime_output .....................   Passed    0.01 sec
2026-09-29T06:27:52.7797229Z       Start 14: typed_runtime_output
2026-09-29T06:27:52.7868506Z 14/92 Test #14: typed_runtime_output .....................   Passed    0.01 sec
2026-09-29T06:27:52.7869151Z       Start 15: backend_authoring_output
2026-09-29T06:27:52.7957909Z 15/92 Test #15: backend_authoring_output .................   Passed    0.01 sec
2026-09-29T06:27:52.7958532Z       Start 16: cil_shared_memory_processes
2026-09-29T06:28:07.9581939Z 16/92 Test #16: cil_shared_memory_processes ..............   Passed   15.16 sec
2026-09-29T06:28:07.9582599Z       Start 17: host_adapter_native
2026-09-29T06:28:07.9723864Z 17/92 Test #17: host_adapter_native ......................   Passed    0.01 sec
2026-09-29T06:28:07.9724453Z       Start 18: host_adapter_host
2026-09-29T06:28:07.9768577Z 18/92 Test #18: host_adapter_host ........................   Passed    0.00 sec
2026-09-29T06:28:07.9769017Z       Start 19: recipe_raw_c
2026-09-29T06:28:07.9813508Z 19/92 Test #19: recipe_raw_c .............................   Passed    0.00 sec
2026-09-29T06:28:07.9813939Z       Start 20: recipe_raw_cpp
2026-09-29T06:28:07.9843857Z 20/92 Test #20: recipe_raw_cpp ...........................   Passed    0.00 sec
2026-09-29T06:28:07.9844999Z       Start 21: recipe_profile
2026-09-29T06:28:07.9856354Z 21/92 Test #21: recipe_profile ...........................   Passed    0.00 sec
2026-09-29T06:28:07.9856843Z       Start 22: recipe_mixed_rate
2026-09-29T06:28:08.0198634Z 22/92 Test #22: recipe_mixed_rate ........................   Passed    0.03 sec
2026-09-29T06:28:08.0199545Z       Start 23: recipe_live_control
2026-09-29T06:28:08.0247790Z 23/92 Test #23: recipe_live_control ......................   Passed    0.00 sec
2026-09-29T06:28:08.0248873Z       Start 24: recipe_replay
2026-09-29T06:28:08.0282437Z 24/92 Test #24: recipe_replay ............................   Passed    0.00 sec
2026-09-29T06:28:08.0283113Z       Start 25: recipe_replay_replaced
2026-09-29T06:28:08.0315207Z 25/92 Test #25: recipe_replay_replaced ...................   Passed    0.00 sec
2026-09-29T06:28:08.0315877Z       Start 26: recipe_replay_rejected
2026-09-29T06:28:08.0347270Z 26/92 Test #26: recipe_replay_rejected ...................   Passed    0.00 sec
2026-09-29T06:28:08.0347874Z       Start 27: recipe_cuda_boundary
2026-09-29T06:28:08.0357515Z 27/92 Test #27: recipe_cuda_boundary .....................   Passed    0.00 sec
2026-09-29T06:28:08.0357961Z       Start 28: recipe_xdma_boundary
2026-09-29T06:28:08.0367738Z 28/92 Test #28: recipe_xdma_boundary .....................   Passed    0.00 sec
2026-09-29T06:28:08.0368220Z       Start 29: benchmark_device_package_consumer
2026-09-29T06:28:08.0381792Z 29/92 Test #29: benchmark_device_package_consumer ........   Passed    0.00 sec
2026-09-29T06:28:08.0382217Z       Start 30: m23_benchmark_device_noalloc
2026-09-29T06:28:08.2598190Z 30/92 Test #30: m23_benchmark_device_noalloc .............   Passed    0.22 sec
2026-09-29T06:28:08.2598780Z       Start 31: benchmark_runtime_package_consumer
2026-09-29T06:28:08.2635264Z 31/92 Test #31: benchmark_runtime_package_consumer .......   Passed    0.00 sec
2026-09-29T06:28:08.2635769Z       Start 32: m23_benchmark_runtime_noalloc
2026-09-29T06:28:10.8297732Z 32/92 Test #32: m23_benchmark_runtime_noalloc ............   Passed    2.57 sec
2026-09-29T06:28:10.8298369Z       Start 33: benchmark_cpu_package_consumer
2026-09-29T06:28:10.8321413Z 33/92 Test #33: benchmark_cpu_package_consumer ...........   Passed    0.00 sec
2026-09-29T06:28:10.8321941Z       Start 34: m23_benchmark_cpu_noalloc
2026-09-29T06:28:10.8872386Z 34/92 Test #34: m23_benchmark_cpu_noalloc ................   Passed    0.05 sec
2026-09-29T06:28:10.8873334Z       Start 35: benchmark_package_consumer
2026-09-29T06:28:10.8887993Z 35/92 Test #35: benchmark_package_consumer ...............   Passed    0.00 sec
2026-09-29T06:28:10.8888581Z       Start 36: m23_benchmark_extension_lifecycle
2026-09-29T06:28:10.9395958Z 36/92 Test #36: m23_benchmark_extension_lifecycle ........   Passed    0.05 sec
2026-09-29T06:28:10.9396480Z       Start 37: m23_benchmark_analysis
2026-09-29T06:28:16.9499159Z 37/92 Test #37: m23_benchmark_analysis ...................   Passed    6.01 sec
2026-09-29T06:28:16.9500367Z       Start 38: m23_benchmark_device_inventory
2026-09-29T06:28:20.5530835Z 38/92 Test #38: m23_benchmark_device_inventory ...........   Passed    3.60 sec
2026-09-29T06:28:20.5531547Z       Start 39: m23_benchmark_runtime_inventory
2026-09-29T06:28:26.5033981Z 39/92 Test #39: m23_benchmark_runtime_inventory ..........   Passed    5.95 sec
2026-09-29T06:28:26.5034836Z       Start 40: m23_benchmark_cpu_inventory
2026-09-29T06:28:29.4488173Z 40/92 Test #40: m23_benchmark_cpu_inventory ..............   Passed    2.95 sec
2026-09-29T06:28:29.4488872Z       Start 41: m23_benchmark_artifact_validator
2026-09-29T06:28:30.5395751Z 41/92 Test #41: m23_benchmark_artifact_validator .........   Passed    1.09 sec
2026-09-29T06:28:30.5397136Z       Start 42: m24_cuda_benchmark
2026-09-29T06:28:30.8079711Z 42/92 Test #42: m24_cuda_benchmark .......................   Passed    0.27 sec
2026-09-29T06:28:30.8080272Z       Start 43: m24_cuda_benchmark_cli
2026-09-29T06:28:31.9171160Z 43/92 Test #43: m24_cuda_benchmark_cli ...................   Passed    1.11 sec
2026-09-29T06:28:31.9171710Z       Start 44: m23_benchmark
2026-09-29T06:28:36.3198771Z 44/92 Test #44: m23_benchmark ............................   Passed    4.40 sec
2026-09-29T06:28:36.3199923Z       Start 45: simcore_all
2026-09-29T06:29:25.7693814Z 45/92 Test #45: simcore_all ..............................   Passed   49.45 sec
2026-09-29T06:29:25.7695098Z       Start 46: m22_live_control_mailbox
2026-09-29T06:29:25.9223206Z 46/92 Test #46: m22_live_control_mailbox .................   Passed    0.15 sec
2026-09-29T06:29:25.9224019Z       Start 47: m22_live_control_sdk
2026-09-29T06:29:25.9270453Z 47/92 Test #47: m22_live_control_sdk .....................   Passed    0.00 sec
2026-09-29T06:29:25.9271385Z       Start 48: m22_live_control_stress
2026-09-29T06:29:26.0308227Z 48/92 Test #48: m22_live_control_stress ..................   Passed    0.10 sec
2026-09-29T06:29:26.0308998Z       Start 49: m19_extension_registration
2026-09-29T06:29:26.0481842Z 49/92 Test #49: m19_extension_registration ...............   Passed    0.02 sec
2026-09-29T06:29:26.0483784Z       Start 50: m17_command_batch_timeline
2026-09-29T06:29:27.0157965Z 50/92 Test #50: m17_command_batch_timeline ...............***Failed    0.97 sec
2026-09-29T06:29:27.0158762Z Running main() from /home/runner/work/cpp-rt-car/cpp-rt-car/external/googletest/googletest/src/gtest_main.cc
2026-09-29T06:29:27.0159990Z Note: Google Test filter = CommandBatch.*:HalV2.*Batch*:DeviceRuntime.*Batch*:HeterogeneousMemory.*Batch*:ThreadPolicy.*DeviceSubmission*:CpuMemoryPolicy.*DeviceSubmission*:MemoryPlan.*Batch*:DeterminismReplay.*Batch*:TraceNoAlloc.*Batch*
2026-09-29T06:29:27.0160827Z [==========] Running 38 tests from 1 test suite.
2026-09-29T06:29:27.0161211Z [----------] Global test environment set-up.
2026-09-29T06:29:27.0161574Z [----------] 38 tests from CommandBatch
2026-09-29T06:29:27.0161969Z [ RUN      ] CommandBatch.GraphPublicationObservesRetiredBatch
2026-09-29T06:29:27.0162433Z [       OK ] CommandBatch.GraphPublicationObservesRetiredBatch (0 ms)
2026-09-29T06:29:27.0163048Z [ RUN      ] CommandBatch.GraphPublicationCannotRetireTheNextOccupant
2026-09-29T06:29:27.0163528Z [       OK ] CommandBatch.GraphPublicationCannotRetireTheNextOccupant (0 ms)
2026-09-29T06:29:27.0164017Z [ RUN      ] CommandBatch.RetirementCapturesMetadataBeforeSlotReuse
2026-09-29T06:29:27.0164804Z [       OK ] CommandBatch.RetirementCapturesMetadataBeforeSlotReuse (0 ms)
2026-09-29T06:29:27.0165212Z [ RUN      ] CommandBatch.PreviouslyReleasedGraphStillRetiresOnce
2026-09-29T06:29:27.0165656Z [       OK ] CommandBatch.PreviouslyReleasedGraphStillRetiresOnce (0 ms)
2026-09-29T06:29:27.0166081Z [ RUN      ] CommandBatch.NotificationAfterEmptySelectionDoesNotParkWithQueuedWork
2026-09-29T06:29:27.0166604Z [       OK ] CommandBatch.NotificationAfterEmptySelectionDoesNotParkWithQueuedWork (0 ms)
2026-09-29T06:29:27.0167040Z [ RUN      ] CommandBatch.SubmissionSelectionAndStopDoNotPark
2026-09-29T06:29:27.0167406Z [       OK ] CommandBatch.SubmissionSelectionAndStopDoNotPark (0 ms)
2026-09-29T06:29:27.0167846Z [ RUN      ] CommandBatch.PublicConstantsLayoutsDefaultsAndAggregatePrefixAreExact
2026-09-29T06:29:27.0168329Z [       OK ] CommandBatch.PublicConstantsLayoutsDefaultsAndAggregatePrefixAreExact (0 ms)
2026-09-29T06:29:27.0168824Z [ RUN      ] CommandBatch.DeviceRateModelCompilesInspectsAccountsAndStarts
2026-09-29T06:29:27.0169273Z [       OK ] CommandBatch.DeviceRateModelCompilesInspectsAccountsAndStarts (5 ms)
2026-09-29T06:29:27.0169707Z [ RUN      ] CommandBatch.CpuToDeviceCrossRatePayloadIsCopiedBeforeProvider
2026-09-29T06:29:27.0170159Z [       OK ] CommandBatch.CpuToDeviceCrossRatePayloadIsCopiedBeforeProvider (5 ms)
2026-09-29T06:29:27.0170739Z [ RUN      ] CommandBatch.DeviceToCpuCrossRatePayloadPublishesOnlyOnCompletion
2026-09-29T06:29:27.0171224Z [       OK ] CommandBatch.DeviceToCpuCrossRatePayloadPublishesOnlyOnCompletion (7 ms)
2026-09-29T06:29:27.0171678Z [ RUN      ] CommandBatch.ActiveRateDispatchOverlapsIndependentDeviceReleases
2026-09-29T06:29:27.0172118Z [       OK ] CommandBatch.ActiveRateDispatchOverlapsIndependentDeviceReleases (7 ms)
2026-09-29T06:29:27.0172657Z [ RUN      ] CommandBatch.ActiveRateTimeoutIsCanceledOnceAndLateCompletionIsQuarantined
2026-09-29T06:29:27.0173325Z [       OK ] CommandBatch.ActiveRateTimeoutIsCanceledOnceAndLateCompletionIsQuarantined (10 ms)
2026-09-29T06:29:27.0173898Z [ RUN      ] CommandBatch.DeviceRateBindingRejectsLegacyAndSupportsCorrection
2026-09-29T06:29:27.0174343Z [       OK ] CommandBatch.DeviceRateBindingRejectsLegacyAndSupportsCorrection (0 ms)
2026-09-29T06:29:27.0174787Z [ RUN      ] CommandBatch.DeviceRateIdentityIsCanonicalAndIncludesAdmissionPolicy
2026-09-29T06:29:27.0175300Z [       OK ] CommandBatch.DeviceRateIdentityIsCanonicalAndIncludesAdmissionPolicy (0 ms)
2026-09-29T06:29:27.0175760Z [ RUN      ] CommandBatch.ExtensionDiscoveryRejectsMalformedAndPartialResults
2026-09-29T06:29:27.0176252Z [       OK ] CommandBatch.ExtensionDiscoveryRejectsMalformedAndPartialResults (0 ms)
2026-09-29T06:29:27.0176746Z [ RUN      ] CommandBatch.CapabilityDiscoverySeedsExactHeaderRejectsMalformedAndRetriesCleanly
2026-09-29T06:29:27.0177298Z [       OK ] CommandBatch.CapabilityDiscoverySeedsExactHeaderRejectsMalformedAndRetriesCleanly (0 ms)
2026-09-29T06:29:27.0177873Z [ RUN      ] CommandBatch.TimelineRegistrationIsBoundedFrozenAndInstanceIsolated
2026-09-29T06:29:27.0178338Z [       OK ] CommandBatch.TimelineRegistrationIsBoundedFrozenAndInstanceIsolated (0 ms)
2026-09-29T06:29:27.0178813Z [ RUN      ] CommandBatch.ResourceBoundsRejectSeventeenthTimelineAndNinthPhase
2026-09-29T06:29:27.0179276Z [       OK ] CommandBatch.ResourceBoundsRejectSeventeenthTimelineAndNinthPhase (0 ms)
2026-09-29T06:29:27.0179730Z [ RUN      ] CommandBatch.DispatchCompletesOnSubmissionAndServiceLanes
2026-09-29T06:29:27.0180156Z [       OK ] CommandBatch.DispatchCompletesOnSubmissionAndServiceLanes (5 ms)
2026-09-29T06:29:27.0180606Z [ RUN      ] CommandBatch.RepeatedSubmissionLifecyclesKeepIndependentOwnersDrained
2026-09-29T06:29:27.0181091Z [       OK ] CommandBatch.RepeatedSubmissionLifecyclesKeepIndependentOwnersDrained (137 ms)
2026-09-29T06:29:27.0181546Z [ RUN      ] CommandBatch.PriorAcceptedWaitMayAdvanceTheSameTimeline
2026-09-29T06:29:27.0181955Z [       OK ] CommandBatch.PriorAcceptedWaitMayAdvanceTheSameTimeline (5 ms)
2026-09-29T06:29:27.0182471Z [ RUN      ] CommandBatch.SubmitErrorsAndExceptionsProduceOneTerminalResult
2026-09-29T06:29:27.0183088Z [       OK ] CommandBatch.SubmitErrorsAndExceptionsProduceOneTerminalResult (10 ms)
2026-09-29T06:29:27.0183565Z [ RUN      ] CommandBatch.ProviderAndCompletionFailuresAreTerminalWithoutPublication
2026-09-29T06:29:27.0184090Z [       OK ] CommandBatch.ProviderAndCompletionFailuresAreTerminalWithoutPublication (10 ms)
2026-09-29T06:29:27.0184571Z [ RUN      ] CommandBatch.TimeoutCancelsAndBlockedSubmitIsReleasedByStopRequest
2026-09-29T06:29:27.0185039Z [       OK ] CommandBatch.TimeoutCancelsAndBlockedSubmitIsReleasedByStopRequest (11 ms)
2026-09-29T06:29:27.0185519Z [ RUN      ] CommandBatch.SaturationAcceptsOnlyTheFixedPrefixWithoutRetryOrSpill
2026-09-29T06:29:27.0185975Z [       OK ] CommandBatch.SaturationAcceptsOnlyTheFixedPrefixWithoutRetryOrSpill (14 ms)
2026-09-29T06:29:27.0186515Z [ RUN      ] CommandBatch.ExplicitFlushAndInvalidateOrderIsRequiredAndPreserved
2026-09-29T06:29:27.0186972Z [       OK ] CommandBatch.ExplicitFlushAndInvalidateOrderIsRequiredAndPreserved (10 ms)
2026-09-29T06:29:27.0187463Z [ RUN      ] CommandBatch.ActiveSubmitFailureRetiresWhileTimeoutLaneObserves
2026-09-29T06:29:27.0187899Z [       OK ] CommandBatch.ActiveSubmitFailureRetiresWhileTimeoutLaneObserves (347 ms)
2026-09-29T06:29:27.0188302Z [ RUN      ] CommandBatch.SimulationHostDelayPreservesLogicalBudget
2026-09-29T06:29:27.0188797Z [       OK ] CommandBatch.SimulationHostDelayPreservesLogicalBudget (24 ms)
2026-09-29T06:29:27.0189226Z [ RUN      ] CommandBatch.SimulationDefaultPathNegativeControlRetainsWallDeadline
2026-09-29T06:29:27.0189764Z [       OK ] CommandBatch.SimulationDefaultPathNegativeControlRetainsWallDeadline (5 ms)
2026-09-29T06:29:27.0190192Z [ RUN      ] CommandBatch.SimulationFrozenClockStillHasFiniteWatchdog
2026-09-29T06:29:27.0190698Z [       OK ] CommandBatch.SimulationFrozenClockStillHasFiniteWatchdog (54 ms)
2026-09-29T06:29:27.0191176Z [ RUN      ] CommandBatch.SimulationLogicalExpiryCannotPublishLateCompletion
2026-09-29T06:29:27.0191617Z [       OK ] CommandBatch.SimulationLogicalExpiryCannotPublishLateCompletion (8 ms)
2026-09-29T06:29:27.0192108Z [ RUN      ] CommandBatch.SimulationSubmittingAndEarlyCompletionRetainOwnership
2026-09-29T06:29:27.0192560Z [       OK ] CommandBatch.SimulationSubmittingAndEarlyCompletionRetainOwnership (108 ms)
2026-09-29T06:29:27.0193194Z [ RUN      ] CommandBatch.SimulationCleanupFailuresKeepOwnershipForRetry
2026-09-29T06:29:27.0193649Z [       OK ] CommandBatch.SimulationCleanupFailuresKeepOwnershipForRetry (54 ms)
2026-09-29T06:29:27.0194092Z [ RUN      ] CommandBatch.SimulationPolicyValidationReplacementAndFrozenMutation
2026-09-29T06:29:27.0194553Z [       OK ] CommandBatch.SimulationPolicyValidationReplacementAndFrozenMutation (0 ms)
2026-09-29T06:29:27.0194982Z [ RUN      ] CommandBatch.SimulationNativeCapabilityCannotOptIn
2026-09-29T06:29:27.0195360Z [       OK ] CommandBatch.SimulationNativeCapabilityCannotOptIn (0 ms)
2026-09-29T06:29:27.0195800Z [ RUN      ] CommandBatch.SimulationIndependentOwnersAndMemoryAccounting
2026-09-29T06:29:27.0196219Z [       OK ] CommandBatch.SimulationIndependentOwnersAndMemoryAccounting (8 ms)
2026-09-29T06:29:27.0196647Z [ RUN      ] CommandBatch.SimulationQueuedWatchdogExpiresBehindBlockedSubmit
2026-09-29T06:29:27.0197111Z /home/runner/work/cpp-rt-car/cpp-rt-car/tests/test_device_rate_simulation.cpp:312: Failure
2026-09-29T06:29:27.0197683Z Expected equality of these values:
2026-09-29T06:29:27.0197997Z   f.completed()
2026-09-29T06:29:27.0198260Z     Which is: 0
2026-09-29T06:29:27.0198503Z   1u
2026-09-29T06:29:27.0198814Z     Which is: 1
2026-09-29T06:29:27.0198945Z 
2026-09-29T06:29:27.0199247Z [  FAILED  ] CommandBatch.SimulationQueuedWatchdogExpiresBehindBlockedSubmit (104 ms)
2026-09-29T06:29:27.0199856Z [ RUN      ] CommandBatch.SimulationFailedBackendCompletionCannotAdvanceTimeline
2026-09-29T06:29:27.0200379Z [       OK ] CommandBatch.SimulationFailedBackendCompletionCannotAdvanceTimeline (4 ms)
2026-09-29T06:29:27.0200925Z [----------] 38 tests from CommandBatch (964 ms total)
2026-09-29T06:29:27.0201164Z 
2026-09-29T06:29:27.0201274Z [----------] Global test environment tear-down
2026-09-29T06:29:27.0201563Z [==========] 38 tests from 1 test suite ran. (964 ms total)
2026-09-29T06:29:27.0201895Z [  PASSED  ] 37 tests.
2026-09-29T06:29:27.0202124Z [  FAILED  ] 1 test, listed below:
2026-09-29T06:29:27.0202452Z [  FAILED  ] CommandBatch.SimulationQueuedWatchdogExpiresBehindBlockedSubmit
2026-09-29T06:29:27.0202931Z 
2026-09-29T06:29:27.0203073Z  1 FAILED TEST
2026-09-29T06:29:27.0203183Z 
2026-09-29T06:29:27.0203347Z       Start 51: m17_hal_v2_compatibility
2026-09-29T06:29:27.2339860Z 51/92 Test #51: m17_hal_v2_compatibility .................   Passed    0.22 sec
2026-09-29T06:29:27.2340908Z       Start 52: m17_heterogeneous_memory_topology
2026-09-29T06:29:27.2739014Z 52/92 Test #52: m17_heterogeneous_memory_topology ........   Passed    0.04 sec
2026-09-29T06:29:27.2740309Z       Start 53: m17_cuda_graph
2026-09-29T06:29:37.3736363Z 53/92 Test #53: m17_cuda_graph ...........................   Passed   10.10 sec
2026-09-29T06:29:37.3736920Z       Start 54: m17_xdma_control
2026-09-29T06:29:37.3820479Z 54/92 Test #54: m17_xdma_control .........................   Passed    0.01 sec
2026-09-29T06:29:37.3821492Z       Start 55: m16_rate_timeline
2026-09-29T06:29:37.4385268Z 55/92 Test #55: m16_rate_timeline ........................   Passed    0.06 sec
2026-09-29T06:29:37.4385797Z       Start 56: m21_device_rate_model
2026-09-29T06:29:37.4504713Z 56/92 Test #56: m21_device_rate_model ....................   Passed    0.01 sec
2026-09-29T06:29:37.4505238Z       Start 57: m21_cross_rate_payload
2026-09-29T06:29:37.4691127Z 57/92 Test #57: m21_cross_rate_payload ...................   Passed    0.02 sec
2026-09-29T06:29:37.4691652Z       Start 58: m16_rate_dispatch
2026-09-29T06:29:37.5043786Z 58/92 Test #58: m16_rate_dispatch ........................   Passed    0.04 sec
2026-09-29T06:29:37.5044555Z       Start 59: m16_shedding_telemetry
2026-09-29T06:29:37.5298885Z 59/92 Test #59: m16_shedding_telemetry ...................   Passed    0.03 sec
2026-09-29T06:29:37.5300079Z       Start 60: m16_cross_rate_data
2026-09-29T06:29:37.5698742Z 60/92 Test #60: m16_cross_rate_data ......................   Passed    0.04 sec
2026-09-29T06:29:37.5699965Z       Start 61: m15_accounting_closure
2026-09-29T06:29:37.5834025Z 61/92 Test #61: m15_accounting_closure ...................   Passed    0.01 sec
2026-09-29T06:29:37.5834546Z       Start 62: m15_stack_lifecycle
2026-09-29T06:29:37.5935699Z 62/92 Test #62: m15_stack_lifecycle ......................   Passed    0.01 sec
2026-09-29T06:29:37.5936273Z       Start 63: m15_cross_category_rollback
2026-09-29T06:29:37.6055605Z 63/92 Test #63: m15_cross_category_rollback ..............   Passed    0.01 sec
2026-09-29T06:29:37.6056038Z       Start 64: thread_policy_rollback
2026-09-29T06:29:37.6123020Z 64/92 Test #64: thread_policy_rollback ...................   Passed    0.01 sec
2026-09-29T06:29:37.6124002Z       Start 65: thread_policy_recovery
2026-09-29T06:29:37.6473066Z 65/92 Test #65: thread_policy_recovery ...................   Passed    0.03 sec
2026-09-29T06:29:37.6473819Z       Start 66: sbom_dependencies
2026-09-29T06:29:37.6806177Z 66/92 Test #66: sbom_dependencies ........................   Passed    0.03 sec
2026-09-29T06:29:37.6806909Z       Start 67: m24_cuda_physics
2026-09-29T06:29:38.4249117Z 67/92 Test #67: m24_cuda_physics .........................   Passed    0.74 sec
2026-09-29T06:29:38.4249769Z       Start 68: m24_cuda_physics_cli
2026-09-29T06:29:39.2883804Z 68/92 Test #68: m24_cuda_physics_cli .....................   Passed    0.86 sec
2026-09-29T06:29:39.2884558Z       Start 69: m17_cpu_gpu_fpga_cpu_sample
2026-09-29T06:29:39.4545735Z 69/92 Test #69: m17_cpu_gpu_fpga_cpu_sample ..............   Passed    0.17 sec
2026-09-29T06:29:39.4546310Z       Start 70: cabi_dlopen
2026-09-29T06:29:39.4646699Z 70/92 Test #70: cabi_dlopen ..............................   Passed    0.01 sec
2026-09-29T06:29:39.4647684Z       Start 71: host_adapter
2026-09-29T06:29:39.4670920Z 71/92 Test #71: host_adapter .............................   Passed    0.00 sec
2026-09-29T06:29:39.4671853Z       Start 72: runtime_profile
2026-09-29T06:29:39.4709490Z 72/92 Test #72: runtime_profile ..........................   Passed    0.00 sec
2026-09-29T06:29:39.4710018Z       Start 73: simcore_thread_violation_build
2026-09-29T06:29:41.1220078Z 73/92 Test #73: simcore_thread_violation_build ...........   Passed    1.65 sec
2026-09-29T06:29:41.1220608Z       Start 74: xdma_backend
2026-09-29T06:29:41.1264868Z 74/92 Test #74: xdma_backend .............................   Passed    0.00 sec
2026-09-29T06:29:41.1265486Z       Start 75: m24_cuda_pipeline
2026-09-29T06:29:46.4652055Z 75/92 Test #75: m24_cuda_pipeline ........................   Passed    5.34 sec
2026-09-29T06:29:46.4653191Z       Start 76: m24_cuda_pipeline_cli
2026-09-29T06:29:48.3628837Z 76/92 Test #76: m24_cuda_pipeline_cli ....................   Passed    1.90 sec
2026-09-29T06:29:48.3630407Z       Start 77: m24_cuda_lifetime
2026-09-29T06:30:08.9624311Z 77/92 Test #77: m24_cuda_lifetime ........................   Passed   20.60 sec
2026-09-29T06:30:08.9625521Z       Start 78: m24_cuda_lifetime_cli
2026-09-29T06:30:29.1314558Z 78/92 Test #78: m24_cuda_lifetime_cli ....................   Passed   20.17 sec
2026-09-29T06:30:29.1315360Z       Start 79: m24_cuda_capabilities
2026-09-29T06:30:29.5111104Z 79/92 Test #79: m24_cuda_capabilities ....................   Passed    0.38 sec
2026-09-29T06:30:29.5111655Z       Start 80: host_adapter_simulation_timing_noalloc
2026-09-29T06:30:29.5184082Z 80/92 Test #80: host_adapter_simulation_timing_noalloc ...   Passed    0.01 sec
2026-09-29T06:30:29.5184486Z       Start 81: hello_capacity_failure
2026-09-29T06:30:29.5220176Z 81/92 Test #81: hello_capacity_failure ...................   Passed    0.00 sec
2026-09-29T06:30:29.5220666Z       Start 82: hello_step_failure
2026-09-29T06:30:29.5282929Z 82/92 Test #82: hello_step_failure .......................   Passed    0.01 sec
2026-09-29T06:30:29.5283500Z       Start 83: typed_sdk
2026-09-29T06:30:29.5531729Z 83/92 Test #83: typed_sdk ................................   Passed    0.02 sec
2026-09-29T06:30:29.5532486Z       Start 84: typed_sdk_stop_failure
2026-09-29T06:30:29.5638034Z 84/92 Test #84: typed_sdk_stop_failure ...................   Passed    0.01 sec
2026-09-29T06:30:29.5639324Z       Start 85: backend_authoring_conformance
2026-09-29T06:30:29.6137116Z 85/92 Test #85: backend_authoring_conformance ............   Passed    0.05 sec
2026-09-29T06:30:29.6137684Z       Start 86: cil_shared_memory_contract
2026-09-29T06:30:29.6364189Z 86/92 Test #86: cil_shared_memory_contract ...............   Passed    0.02 sec
2026-09-29T06:30:29.6365061Z       Start 87: host_adapter_contract
2026-09-29T06:30:29.6597537Z 87/92 Test #87: host_adapter_contract ....................   Passed    0.02 sec
2026-09-29T06:30:29.6598087Z       Start 88: host_adapter_golden_system_contract
2026-09-29T06:30:30.9185113Z 88/92 Test #88: host_adapter_golden_system_contract ......   Passed    1.26 sec
2026-09-29T06:30:30.9186202Z       Start 89: host_adapter_golden_system_native
2026-09-29T06:30:30.9923605Z 89/92 Test #89: host_adapter_golden_system_native ........   Passed    0.07 sec
2026-09-29T06:30:30.9924129Z       Start 90: host_adapter_golden_system_host
2026-09-29T06:30:31.0615234Z 90/92 Test #90: host_adapter_golden_system_host ..........   Passed    0.07 sec
2026-09-29T06:30:31.0615693Z       Start 91: host_adapter_golden_system_external
2026-09-29T06:30:31.1516474Z 91/92 Test #91: host_adapter_golden_system_external ......   Passed    0.09 sec
2026-09-29T06:30:31.1517018Z       Start 92: host_adapter_golden_system_process
2026-09-29T06:30:43.5185629Z 92/92 Test #92: host_adapter_golden_system_process .......   Passed   12.37 sec
2026-09-29T06:30:43.5195002Z 
2026-09-29T06:30:43.5195855Z 99% tests passed, 1 tests failed out of 92
2026-09-29T06:30:43.5196098Z 
2026-09-29T06:30:43.5196740Z Total Test time (real) = 191.53 sec
2026-09-29T06:30:43.5196973Z 
2026-09-29T06:30:43.5197163Z The following tests FAILED:
2026-09-29T06:30:43.5197483Z 	 50 - m17_command_batch_timeline (Failed)
2026-09-29T06:30:43.5199542Z Errors while running CTest
2026-09-29T06:30:43.5220013Z ##[error]Process completed with exit code 8.
2026-09-29T06:30:43.5445049Z Post job cleanup.
2026-09-29T06:30:43.6145846Z [command]/usr/bin/git version
2026-09-29T06:30:43.6186972Z git version 2.55.0
2026-09-29T06:30:43.6221071Z Temporarily overriding HOME='/home/runner/work/_temp/8af53bbc-da0e-445d-b314-fa7cd877fdec' before making global git config changes
2026-09-29T06:30:43.6221774Z Adding repository directory to the temporary git global config as a safe directory
2026-09-29T06:30:43.6226595Z [command]/usr/bin/git config --global --add safe.directory /home/runner/work/cpp-rt-car/cpp-rt-car
2026-09-29T06:30:43.6261991Z [command]/usr/bin/git config --local --name-only --get-regexp core\.sshCommand
2026-09-29T06:30:43.6291579Z [command]/usr/bin/git submodule foreach --recursive sh -c "git config --local --name-only --get-regexp 'core\.sshCommand' && git config --local --unset-all 'core.sshCommand' || :"
2026-09-29T06:30:43.6460785Z Entering 'external/googletest'
2026-09-29T06:30:43.6504830Z [command]/usr/bin/git config --local --name-only --get-regexp http\.https\:\/\/github\.com\/\.extraheader
2026-09-29T06:30:43.6523484Z http.https://github.com/.extraheader
2026-09-29T06:30:43.6533263Z [command]/usr/bin/git config --local --unset-all http.https://github.com/.extraheader
2026-09-29T06:30:43.6562215Z [command]/usr/bin/git submodule foreach --recursive sh -c "git config --local --name-only --get-regexp 'http\.https\:\/\/github\.com\/\.extraheader' && git config --local --unset-all 'http.https://github.com/.extraheader' || :"
2026-09-29T06:30:43.6733553Z Entering 'external/googletest'
2026-09-29T06:30:43.6751361Z http.https://github.com/.extraheader
2026-09-29T06:30:43.6795958Z [command]/usr/bin/git config --local --name-only --get-regexp ^includeIf\.gitdir:
2026-09-29T06:30:43.6828994Z [command]/usr/bin/git submodule foreach --recursive git config --local --show-origin --name-only --get-regexp remote.origin.url
2026-09-29T06:30:43.6997024Z Entering 'external/googletest'
2026-09-29T06:30:43.7014761Z file:/home/runner/work/cpp-rt-car/cpp-rt-car/.git/modules/external/googletest/config	remote.origin.url
2026-09-29T06:30:43.7040806Z [command]/usr/bin/git config --file /home/runner/work/cpp-rt-car/cpp-rt-car/.git/modules/external/googletest/config --name-only --get-regexp ^includeIf\.gitdir:
2026-09-29T06:30:43.7203332Z Cleaning up orphan processes
2026-09-29T06:30:43.7421806Z ##[warning]Node.js 20 is deprecated. The following actions target Node.js 20 but are being forced to run on Node.js 24: actions/checkout@11d5960a326750d5838078e36cf38b85af677262. For more information see: https://github.blog/changelog/2025-09-19-deprecation-of-node-20-on-github-actions-runners/
