Running main() from /home/kbianco/.local/share/portfolio-control/worktrees/targets/cpp-rt-car-m26-03r/external/googletest/googletest/src/gtest_main.cc
Note: Google Test filter = CommandBatch.*:RateDispatch.*:MixedRateReplay.*
[==========] Running 60 tests from 3 test suites.
[----------] Global test environment set-up.
[----------] 38 tests from CommandBatch
[ RUN      ] CommandBatch.GraphPublicationObservesRetiredBatch
[       OK ] CommandBatch.GraphPublicationObservesRetiredBatch (0 ms)
[ RUN      ] CommandBatch.GraphPublicationCannotRetireTheNextOccupant
[       OK ] CommandBatch.GraphPublicationCannotRetireTheNextOccupant (0 ms)
[ RUN      ] CommandBatch.RetirementCapturesMetadataBeforeSlotReuse
[       OK ] CommandBatch.RetirementCapturesMetadataBeforeSlotReuse (0 ms)
[ RUN      ] CommandBatch.PreviouslyReleasedGraphStillRetiresOnce
[       OK ] CommandBatch.PreviouslyReleasedGraphStillRetiresOnce (0 ms)
[ RUN      ] CommandBatch.NotificationAfterEmptySelectionDoesNotParkWithQueuedWork
[       OK ] CommandBatch.NotificationAfterEmptySelectionDoesNotParkWithQueuedWork (0 ms)
[ RUN      ] CommandBatch.SubmissionSelectionAndStopDoNotPark
[       OK ] CommandBatch.SubmissionSelectionAndStopDoNotPark (0 ms)
[ RUN      ] CommandBatch.PublicConstantsLayoutsDefaultsAndAggregatePrefixAreExact
[       OK ] CommandBatch.PublicConstantsLayoutsDefaultsAndAggregatePrefixAreExact (0 ms)
[ RUN      ] CommandBatch.DeviceRateModelCompilesInspectsAccountsAndStarts
[       OK ] CommandBatch.DeviceRateModelCompilesInspectsAccountsAndStarts (11 ms)
[ RUN      ] CommandBatch.CpuToDeviceCrossRatePayloadIsCopiedBeforeProvider
[       OK ] CommandBatch.CpuToDeviceCrossRatePayloadIsCopiedBeforeProvider (9 ms)
[ RUN      ] CommandBatch.DeviceToCpuCrossRatePayloadPublishesOnlyOnCompletion
[       OK ] CommandBatch.DeviceToCpuCrossRatePayloadPublishesOnlyOnCompletion (11 ms)
[ RUN      ] CommandBatch.ActiveRateDispatchOverlapsIndependentDeviceReleases
[       OK ] CommandBatch.ActiveRateDispatchOverlapsIndependentDeviceReleases (10 ms)
[ RUN      ] CommandBatch.ActiveRateTimeoutIsCanceledOnceAndLateCompletionIsQuarantined
[       OK ] CommandBatch.ActiveRateTimeoutIsCanceledOnceAndLateCompletionIsQuarantined (16 ms)
[ RUN      ] CommandBatch.DeviceRateBindingRejectsLegacyAndSupportsCorrection
[       OK ] CommandBatch.DeviceRateBindingRejectsLegacyAndSupportsCorrection (0 ms)
[ RUN      ] CommandBatch.DeviceRateIdentityIsCanonicalAndIncludesAdmissionPolicy
[       OK ] CommandBatch.DeviceRateIdentityIsCanonicalAndIncludesAdmissionPolicy (1 ms)
[ RUN      ] CommandBatch.ExtensionDiscoveryRejectsMalformedAndPartialResults
[       OK ] CommandBatch.ExtensionDiscoveryRejectsMalformedAndPartialResults (0 ms)
[ RUN      ] CommandBatch.CapabilityDiscoverySeedsExactHeaderRejectsMalformedAndRetriesCleanly
[       OK ] CommandBatch.CapabilityDiscoverySeedsExactHeaderRejectsMalformedAndRetriesCleanly (0 ms)
[ RUN      ] CommandBatch.TimelineRegistrationIsBoundedFrozenAndInstanceIsolated
[       OK ] CommandBatch.TimelineRegistrationIsBoundedFrozenAndInstanceIsolated (0 ms)
[ RUN      ] CommandBatch.ResourceBoundsRejectSeventeenthTimelineAndNinthPhase
[       OK ] CommandBatch.ResourceBoundsRejectSeventeenthTimelineAndNinthPhase (0 ms)
[ RUN      ] CommandBatch.DispatchCompletesOnSubmissionAndServiceLanes
[       OK ] CommandBatch.DispatchCompletesOnSubmissionAndServiceLanes (9 ms)
[ RUN      ] CommandBatch.RepeatedSubmissionLifecyclesKeepIndependentOwnersDrained
[       OK ] CommandBatch.RepeatedSubmissionLifecyclesKeepIndependentOwnersDrained (114 ms)
[ RUN      ] CommandBatch.PriorAcceptedWaitMayAdvanceTheSameTimeline
[       OK ] CommandBatch.PriorAcceptedWaitMayAdvanceTheSameTimeline (8 ms)
[ RUN      ] CommandBatch.SubmitErrorsAndExceptionsProduceOneTerminalResult
[       OK ] CommandBatch.SubmitErrorsAndExceptionsProduceOneTerminalResult (18 ms)
[ RUN      ] CommandBatch.ProviderAndCompletionFailuresAreTerminalWithoutPublication
[       OK ] CommandBatch.ProviderAndCompletionFailuresAreTerminalWithoutPublication (17 ms)
[ RUN      ] CommandBatch.TimeoutCancelsAndBlockedSubmitIsReleasedByStopRequest
[       OK ] CommandBatch.TimeoutCancelsAndBlockedSubmitIsReleasedByStopRequest (30 ms)
[ RUN      ] CommandBatch.SaturationAcceptsOnlyTheFixedPrefixWithoutRetryOrSpill
[       OK ] CommandBatch.SaturationAcceptsOnlyTheFixedPrefixWithoutRetryOrSpill (23 ms)
[ RUN      ] CommandBatch.ExplicitFlushAndInvalidateOrderIsRequiredAndPreserved
[       OK ] CommandBatch.ExplicitFlushAndInvalidateOrderIsRequiredAndPreserved (17 ms)
[ RUN      ] CommandBatch.ActiveSubmitFailureRetiresWhileTimeoutLaneObserves
[       OK ] CommandBatch.ActiveSubmitFailureRetiresWhileTimeoutLaneObserves (677 ms)
[ RUN      ] CommandBatch.SimulationHostDelayPreservesLogicalBudget
[       OK ] CommandBatch.SimulationHostDelayPreservesLogicalBudget (28 ms)
[ RUN      ] CommandBatch.SimulationDefaultPathNegativeControlRetainsWallDeadline
[       OK ] CommandBatch.SimulationDefaultPathNegativeControlRetainsWallDeadline (9 ms)
[ RUN      ] CommandBatch.SimulationFrozenClockStillHasFiniteWatchdog
[       OK ] CommandBatch.SimulationFrozenClockStillHasFiniteWatchdog (58 ms)
[ RUN      ] CommandBatch.SimulationLogicalExpiryCannotPublishLateCompletion
[       OK ] CommandBatch.SimulationLogicalExpiryCannotPublishLateCompletion (18 ms)
[ RUN      ] CommandBatch.SimulationSubmittingAndEarlyCompletionRetainOwnership
[       OK ] CommandBatch.SimulationSubmittingAndEarlyCompletionRetainOwnership (114 ms)
[ RUN      ] CommandBatch.SimulationCleanupFailuresKeepOwnershipForRetry
[       OK ] CommandBatch.SimulationCleanupFailuresKeepOwnershipForRetry (57 ms)
[ RUN      ] CommandBatch.SimulationPolicyValidationReplacementAndFrozenMutation
[       OK ] CommandBatch.SimulationPolicyValidationReplacementAndFrozenMutation (1 ms)
[ RUN      ] CommandBatch.SimulationNativeCapabilityCannotOptIn
[       OK ] CommandBatch.SimulationNativeCapabilityCannotOptIn (0 ms)
[ RUN      ] CommandBatch.SimulationIndependentOwnersAndMemoryAccounting
[       OK ] CommandBatch.SimulationIndependentOwnersAndMemoryAccounting (16 ms)
[ RUN      ] CommandBatch.SimulationQueuedWatchdogExpiresBehindBlockedSubmit
[       OK ] CommandBatch.SimulationQueuedWatchdogExpiresBehindBlockedSubmit (110 ms)
[ RUN      ] CommandBatch.SimulationFailedBackendCompletionCannotAdvanceTimeline
[       OK ] CommandBatch.SimulationFailedBackendCompletionCannotAdvanceTimeline (7 ms)
[----------] 38 tests from CommandBatch (1406 ms total)

[----------] 7 tests from MixedRateReplay
[ RUN      ] MixedRateReplay.SimulationPolicyIdentityRejectsForeignCheckpointBeforeMutation
[       OK ] MixedRateReplay.SimulationPolicyIdentityRejectsForeignCheckpointBeforeMutation (13 ms)
[ RUN      ] MixedRateReplay.SimulationReplayUsesRecordedTimeAndKeepsHostWatchdog
[       OK ] MixedRateReplay.SimulationReplayUsesRecordedTimeAndKeepsHostWatchdog (57 ms)
[ RUN      ] MixedRateReplay.SimulationFailedCompletionRetainsBackendTimestamp
[       OK ] MixedRateReplay.SimulationFailedCompletionRetainsBackendTimestamp (36 ms)
[ RUN      ] MixedRateReplay.WatchdogTransitionsPreserveActualPriorLevelAtSaturation
[       OK ] MixedRateReplay.WatchdogTransitionsPreserveActualPriorLevelAtSaturation (35 ms)
[ RUN      ] MixedRateReplay.LiveControlWatchdogReplayClosesSaturatedFrames
[       OK ] MixedRateReplay.LiveControlWatchdogReplayClosesSaturatedFrames (61 ms)
[ RUN      ] MixedRateReplay.ActiveArtifactRoundTripsAndDrivesTranscriptDecisions
[       OK ] MixedRateReplay.ActiveArtifactRoundTripsAndDrivesTranscriptDecisions (3 ms)
[ RUN      ] MixedRateReplay.ParserRejectsMutationTrailingBytesAndShortOutput
[       OK ] MixedRateReplay.ParserRejectsMutationTrailingBytesAndShortOutput (3 ms)
[----------] 7 tests from MixedRateReplay (211 ms total)

[----------] 15 tests from RateDispatch
[ RUN      ] RateDispatch.DeviceRateCyclicAdmissionModelsWrapAndHalfOpenCapacity
[       OK ] RateDispatch.DeviceRateCyclicAdmissionModelsWrapAndHalfOpenCapacity (0 ms)
[ RUN      ] RateDispatch.DeviceRateRejectsPayloadAndCompletionCapacityMismatch
[       OK ] RateDispatch.DeviceRateRejectsPayloadAndCompletionCapacityMismatch (0 ms)
[ RUN      ] RateDispatch.DeviceRateAllowsDistinctBackendOverlapAndRejectsWaitCycle
[       OK ] RateDispatch.DeviceRateAllowsDistinctBackendOverlapAndRejectsWaitCycle (0 ms)
[ RUN      ] RateDispatch.PolicyIsOptInCopiedFrozenAndLegacyDispatchIsExact
[       OK ] RateDispatch.PolicyIsOptInCopiedFrozenAndLegacyDispatchIsExact (11 ms)
[ RUN      ] RateDispatch.AdmissionRejectsMalformedAndInfeasibleActivePlans
[       OK ] RateDispatch.AdmissionRejectsMalformedAndInfeasibleActivePlans (0 ms)
[ RUN      ] RateDispatch.AdmissionMatchesIndependentCompleteSupercycleSimulation
[       OK ] RateDispatch.AdmissionMatchesIndependentCompleteSupercycleSimulation (0 ms)
[ RUN      ] RateDispatch.RejectsD1CrossDomainDependenciesAndSkipProducers
[       OK ] RateDispatch.RejectsD1CrossDomainDependenciesAndSkipProducers (0 ms)
[ RUN      ] RateDispatch.ExecutesExactHalfOpenWindowsAndReportsContextAndCaps
[       OK ] RateDispatch.ExecutesExactHalfOpenWindowsAndReportsContextAndCaps (2 ms)
[ RUN      ] RateDispatch.CallbackFailureRejectsEveryUnattemptedSubstep
[       OK ] RateDispatch.CallbackFailureRejectsEveryUnattemptedSubstep (2 ms)
[ RUN      ] RateDispatch.AppliesSkipCatchUpDegradeAndFailPolicies
[       OK ] RateDispatch.AppliesSkipCatchUpDegradeAndFailPolicies (17 ms)
[ RUN      ] RateDispatch.PublishesCopiesHoldsAndRejectsDuplicateOrMissingPayloads
[       OK ] RateDispatch.PublishesCopiesHoldsAndRejectsDuplicateOrMissingPayloads (21 ms)
[ RUN      ] RateDispatch.PublishesEverySubstepAndUsesExactHeldSelection
[       OK ] RateDispatch.PublishesEverySubstepAndUsesExactHeldSelection (2 ms)
[ RUN      ] RateDispatch.PeriodicUsesAbsoluteReleaseAndAggregatesRateSummaries
[       OK ] RateDispatch.PeriodicUsesAbsoluteReleaseAndAggregatesRateSummaries (3 ms)
[ RUN      ] RateDispatch.TwoActiveRuntimeEpochsAndCursorsRemainIsolated
[       OK ] RateDispatch.TwoActiveRuntimeEpochsAndCursorsRemainIsolated (7 ms)
[ RUN      ] RateDispatch.ActiveCheckpointRoundTripsAndReplayIsExplicitlyRejected
[       OK ] RateDispatch.ActiveCheckpointRoundTripsAndReplayIsExplicitlyRejected (7 ms)
[----------] 15 tests from RateDispatch (79 ms total)

[----------] Global test environment tear-down
[==========] 60 tests from 3 test suites ran. (1697 ms total)
[  PASSED  ] 60 tests.
