Running main() from /home/kbianco/.local/share/portfolio-control/worktrees/targets/cpp-rt-car-m26-03r/external/googletest/googletest/src/gtest_main.cc
Note: Google Test filter = CommandBatch.Simulation*:MixedRateReplay.Simulation*
[==========] Running 11 tests from 2 test suites.
[----------] Global test environment set-up.
[----------] 9 tests from CommandBatch
[ RUN      ] CommandBatch.SimulationHostDelayPreservesLogicalBudget
[       OK ] CommandBatch.SimulationHostDelayPreservesLogicalBudget (30 ms)
[ RUN      ] CommandBatch.SimulationDefaultPathNegativeControlRetainsWallDeadline
[       OK ] CommandBatch.SimulationDefaultPathNegativeControlRetainsWallDeadline (12 ms)
[ RUN      ] CommandBatch.SimulationFrozenClockStillHasFiniteWatchdog
[       OK ] CommandBatch.SimulationFrozenClockStillHasFiniteWatchdog (59 ms)
[ RUN      ] CommandBatch.SimulationLogicalExpiryCannotPublishLateCompletion
[       OK ] CommandBatch.SimulationLogicalExpiryCannotPublishLateCompletion (28 ms)
[ RUN      ] CommandBatch.SimulationSubmittingAndEarlyCompletionRetainOwnership
[       OK ] CommandBatch.SimulationSubmittingAndEarlyCompletionRetainOwnership (118 ms)
[ RUN      ] CommandBatch.SimulationCleanupFailuresKeepOwnershipForRetry
[       OK ] CommandBatch.SimulationCleanupFailuresKeepOwnershipForRetry (57 ms)
[ RUN      ] CommandBatch.SimulationPolicyValidationReplacementAndFrozenMutation
[       OK ] CommandBatch.SimulationPolicyValidationReplacementAndFrozenMutation (0 ms)
[ RUN      ] CommandBatch.SimulationNativeCapabilityCannotOptIn
[       OK ] CommandBatch.SimulationNativeCapabilityCannotOptIn (0 ms)
[ RUN      ] CommandBatch.SimulationIndependentOwnersAndMemoryAccounting
[       OK ] CommandBatch.SimulationIndependentOwnersAndMemoryAccounting (15 ms)
[----------] 9 tests from CommandBatch (324 ms total)

[----------] 2 tests from MixedRateReplay
[ RUN      ] MixedRateReplay.SimulationPolicyIdentityRejectsForeignCheckpointBeforeMutation
[       OK ] MixedRateReplay.SimulationPolicyIdentityRejectsForeignCheckpointBeforeMutation (12 ms)
[ RUN      ] MixedRateReplay.SimulationReplayUsesRecordedTimeAndKeepsHostWatchdog
[       OK ] MixedRateReplay.SimulationReplayUsesRecordedTimeAndKeepsHostWatchdog (56 ms)
[----------] 2 tests from MixedRateReplay (69 ms total)

[----------] Global test environment tear-down
[==========] 11 tests from 2 test suites ran. (394 ms total)
[  PASSED  ] 11 tests.
