[  2%] Building CXX object CMakeFiles/rtfw_runtime.dir/rt/src/compiled_graph.cpp.o
[  4%] Building C object tests/CMakeFiles/test_extension_fixture_bad.dir/extension_fixture_bad.c.o
[  4%] Linking C shared library libextension_fixture_bad.so
[  4%] Built target test_extension_fixture_bad
[  6%] Building CXX object CMakeFiles/rtfw_cuda_backend.dir/rt/src/cuda_backend.cpp.o
[  6%] Building CXX object CMakeFiles/rtfw_runtime.dir/rt/src/cross_rate_data.cpp.o
[  8%] Linking CXX static library librtfw_cuda_backend.a
[  8%] Built target rtfw_cuda_backend
[ 11%] Building CXX object CMakeFiles/rtfw_xdma_backend.dir/rt/src/xdma_backend.cpp.o
[ 13%] Building CXX object CMakeFiles/rtfw_runtime.dir/rt/src/command_batch.cpp.o
[ 13%] Linking CXX static library librtfw_xdma_backend.a
[ 13%] Built target rtfw_xdma_backend
[ 13%] Building CXX object _deps/googletest/googletest/CMakeFiles/gtest.dir/src/gtest-all.cc.o
[ 13%] Building CXX object CMakeFiles/rtfw_runtime.dir/rt/src/hal_v2.cpp.o
[ 15%] Building CXX object CMakeFiles/rtfw_runtime.dir/rt/src/heterogeneous_memory.cpp.o
[ 17%] Building CXX object CMakeFiles/rtfw_runtime.dir/rt/src/device_manager.cpp.o
[ 17%] Building CXX object CMakeFiles/rtfw_runtime.dir/rt/src/executor.cpp.o
[ 20%] Building CXX object CMakeFiles/rtfw_runtime.dir/rt/src/extension_registration.cpp.o
[ 22%] Linking CXX static library ../../../lib/libgtest.a
[ 22%] Built target gtest
[ 22%] Building C object tests/CMakeFiles/test_extension_fixture.dir/extension_fixture.c.o
[ 24%] Linking C shared library libextension_fixture.so
[ 24%] Built target test_extension_fixture
[ 24%] Building CXX object _deps/googletest/googlemock/CMakeFiles/gmock.dir/src/gmock-all.cc.o
[ 24%] Building CXX object CMakeFiles/rtfw_runtime.dir/rt/src/host_runtime.cpp.o
[ 26%] Linking CXX static library ../../../lib/libgmock.a
[ 26%] Built target gmock
[ 26%] Building CXX object _deps/googletest/googletest/CMakeFiles/gtest_main.dir/src/gtest_main.cc.o
[ 28%] Linking CXX static library ../../../lib/libgtest_main.a
[ 28%] Built target gtest_main
[ 31%] Building CXX object CMakeFiles/rtfw_runtime.dir/rt/src/live_control_actions.cpp.o
[ 31%] Building CXX object CMakeFiles/rtfw_runtime.dir/rt/src/live_control_mailbox.cpp.o
[ 33%] Building CXX object CMakeFiles/rtfw_runtime.dir/rt/src/live_control_replay.cpp.o
[ 35%] Building CXX object CMakeFiles/rtfw_runtime.dir/rt/src/memory_policy.cpp.o
[ 35%] Building CXX object CMakeFiles/rtfw_runtime.dir/rt/src/mixed_rate_actions.cpp.o
[ 37%] Building CXX object CMakeFiles/rtfw_runtime.dir/rt/src/mixed_rate_replay.cpp.o
[ 37%] Building CXX object CMakeFiles/rtfw_runtime.dir/rt/src/mock_device.cpp.o
[ 40%] Building CXX object CMakeFiles/rtfw_runtime.dir/rt/src/native_platform_preflight.cpp.o
[ 40%] Building CXX object CMakeFiles/rtfw_runtime.dir/rt/src/observability_export.cpp.o
[ 42%] Building CXX object CMakeFiles/rtfw_runtime.dir/rt/src/rate_dispatch.cpp.o
[ 44%] Building CXX object CMakeFiles/rtfw_runtime.dir/rt/src/rate_telemetry.cpp.o
[ 44%] Building CXX object CMakeFiles/rtfw_runtime.dir/rt/src/rate_timeline.cpp.o
[ 46%] Building CXX object CMakeFiles/rtfw_runtime.dir/rt/src/resource_policy.cpp.o
[ 46%] Building CXX object CMakeFiles/rtfw_runtime.dir/rt/src/runtime_compat.cpp.o
[ 48%] Building CXX object CMakeFiles/rtfw_runtime.dir/rt/src/runtime_profile.cpp.o
[ 48%] Building CXX object CMakeFiles/rtfw_runtime.dir/rt/src/sampled_io.cpp.o
[ 51%] Building CXX object CMakeFiles/rtfw_runtime.dir/rt/src/loopback_backend.cpp.o
[ 51%] Building CXX object CMakeFiles/rtfw_runtime.dir/rt/src/snapshot_codec.cpp.o
[ 53%] Building CXX object CMakeFiles/rtfw_runtime.dir/rt/src/telemetry.cpp.o
[ 55%] Building CXX object CMakeFiles/rtfw_runtime.dir/rt/src/thread_policy.cpp.o
[ 55%] Building CXX object CMakeFiles/rtfw_runtime.dir/rt/src/watchdog_monitor.cpp.o
[ 57%] Linking CXX static library librtfw_runtime.a
[ 57%] Built target rtfw_runtime
[ 60%] Building CXX object tests/CMakeFiles/simcore_tests.dir/test_host_runtime.cpp.o
[ 60%] Building CXX object tests/CMakeFiles/simcore_tests.dir/test_periodic_runtime.cpp.o
[ 62%] Building CXX object tests/CMakeFiles/simcore_tests.dir/test_platform_preflight.cpp.o
[ 64%] Building CXX object tests/CMakeFiles/simcore_tests.dir/test_compiled_graph.cpp.o
[ 64%] Building CXX object tests/CMakeFiles/simcore_tests.dir/test_executor.cpp.o
[ 66%] Building CXX object tests/CMakeFiles/simcore_tests.dir/test_memory_plan.cpp.o
[ 66%] Building CXX object tests/CMakeFiles/simcore_tests.dir/test_observability.cpp.o
[ 68%] Building CXX object tests/CMakeFiles/simcore_tests.dir/test_determinism_replay.cpp.o
[ 68%] Building CXX object tests/CMakeFiles/simcore_tests.dir/test_device_runtime.cpp.o
[ 71%] Building CXX object tests/CMakeFiles/simcore_tests.dir/test_cuda_backend.cpp.o
[ 71%] Building CXX object tests/CMakeFiles/simcore_tests.dir/test_vendor_hal_v2.cpp.o
[ 73%] Building CXX object tests/CMakeFiles/simcore_tests.dir/test_extension_registration.cpp.o
[ 75%] Building CXX object tests/CMakeFiles/simcore_tests.dir/test_command_batch.cpp.o
[ 75%] Building CXX object tests/CMakeFiles/simcore_tests.dir/test_device_rate_simulation.cpp.o
[ 77%] Building CXX object tests/CMakeFiles/simcore_tests.dir/test_heterogeneous_memory.cpp.o
[ 77%] Building CXX object tests/CMakeFiles/simcore_tests.dir/test_hal_v2.cpp.o
[ 80%] Building CXX object tests/CMakeFiles/simcore_tests.dir/test_cross_rate_data.cpp.o
[ 80%] Building CXX object tests/CMakeFiles/simcore_tests.dir/test_rate_dispatch.cpp.o
[ 82%] Building CXX object tests/CMakeFiles/simcore_tests.dir/test_rate_telemetry.cpp.o
[ 84%] Building CXX object tests/CMakeFiles/simcore_tests.dir/test_rate_timeline.cpp.o
[ 84%] Building CXX object tests/CMakeFiles/simcore_tests.dir/test_sampled_io.cpp.o
[ 86%] Building CXX object tests/CMakeFiles/simcore_tests.dir/test_loopback_backend.cpp.o
[ 86%] Building CXX object tests/CMakeFiles/simcore_tests.dir/test_live_control_mailbox.cpp.o
[ 88%] Building CXX object tests/CMakeFiles/simcore_tests.dir/test_live_control_actions.cpp.o
[ 88%] Building CXX object tests/CMakeFiles/simcore_tests.dir/test_live_control_sdk.cpp.o
[ 91%] Building CXX object tests/CMakeFiles/simcore_tests.dir/test_live_control_stress.cpp.o
[ 93%] Building CXX object tests/CMakeFiles/simcore_tests.dir/test_live_control_active_replay.cpp.o
[ 93%] Building CXX object tests/CMakeFiles/simcore_tests.dir/test_mixed_rate_actions.cpp.o
[ 95%] Building CXX object tests/CMakeFiles/simcore_tests.dir/test_mixed_rate_replay.cpp.o
[ 95%] Building CXX object tests/CMakeFiles/simcore_tests.dir/test_mixed_rate_conformance.cpp.o
[ 97%] Building CXX object tests/CMakeFiles/simcore_tests.dir/test_cpu_memory_policy.cpp.o
[ 97%] Building CXX object tests/CMakeFiles/simcore_tests.dir/test_memory_policy.cpp.o
[100%] Building CXX object tests/CMakeFiles/simcore_tests.dir/test_thread_policy.cpp.o
[100%] Linking CXX executable simcore_tests
[100%] Built target simcore_tests
[  5%] Building CXX object CMakeFiles/rtfw_runtime.dir/rt/src/device_manager.cpp.o
[ 10%] Linking CXX static library librtfw_runtime.a
[ 94%] Built target rtfw_runtime
[100%] Building CXX object tests/CMakeFiles/rtfw_simulation_timing_noalloc.dir/device_rate_simulation/noalloc.cpp.o
[100%] Linking CXX executable rtfw_simulation_timing_noalloc
[100%] Built target rtfw_simulation_timing_noalloc
