-- The C compiler identification is GNU 12.2.0
-- The CXX compiler identification is GNU 12.2.0
-- Detecting C compiler ABI info
-- Detecting C compiler ABI info - done
-- Check for working C compiler: /usr/bin/cc - skipped
-- Detecting C compile features
-- Detecting C compile features - done
-- Detecting CXX compiler ABI info
-- Detecting CXX compiler ABI info - done
-- Check for working CXX compiler: /usr/bin/c++ - skipped
-- Detecting CXX compile features
-- Detecting CXX compile features - done
-- Performing Test CMAKE_HAVE_LIBC_PTHREAD
-- Performing Test CMAKE_HAVE_LIBC_PTHREAD - Success
-- Found Threads: TRUE  
-- Enabling sanitizers: thread
-- Sanitizer runtimes for rtfw_shared: using fallback /usr/lib/gcc/x86_64-linux-gnu/12/libtsan.so
-- Found Python3: /home/kbianco/.local/bin/python3.12 (found version "3.12.13") found components: Interpreter 
-- Configuring done
-- Generating done
-- Build files have been written to: /home/kbianco/.local/share/portfolio-control/worktrees/targets/cpp-rt-car-m26-03r/build/m26-03r-tsan
