Running main() from /home/kbianco/.local/share/portfolio-control/worktrees/targets/cpp-rt-car-m26-03r/external/googletest/googletest/src/gtest_main.cc

Repeating all tests (iteration 1) . . .

Note: Google Test filter = CommandBatch.SimulationQueuedWatchdogExpiresBehindBlockedSubmit
[==========] Running 1 test from 1 test suite.
[----------] Global test environment set-up.
[----------] 1 test from CommandBatch
[ RUN      ] CommandBatch.SimulationQueuedWatchdogExpiresBehindBlockedSubmit
[       OK ] CommandBatch.SimulationQueuedWatchdogExpiresBehindBlockedSubmit (111 ms)
[----------] 1 test from CommandBatch (111 ms total)

[==========] 1 test from 1 test suite ran. (111 ms total)
[  PASSED  ] 1 test.

Repeating all tests (iteration 2) . . .

Note: Google Test filter = CommandBatch.SimulationQueuedWatchdogExpiresBehindBlockedSubmit
[==========] Running 1 test from 1 test suite.
[----------] 1 test from CommandBatch
[ RUN      ] CommandBatch.SimulationQueuedWatchdogExpiresBehindBlockedSubmit
[       OK ] CommandBatch.SimulationQueuedWatchdogExpiresBehindBlockedSubmit (111 ms)
[----------] 1 test from CommandBatch (111 ms total)

[==========] 1 test from 1 test suite ran. (111 ms total)
[  PASSED  ] 1 test.

Repeating all tests (iteration 3) . . .

Note: Google Test filter = CommandBatch.SimulationQueuedWatchdogExpiresBehindBlockedSubmit
[==========] Running 1 test from 1 test suite.
[----------] 1 test from CommandBatch
[ RUN      ] CommandBatch.SimulationQueuedWatchdogExpiresBehindBlockedSubmit
[       OK ] CommandBatch.SimulationQueuedWatchdogExpiresBehindBlockedSubmit (119 ms)
[----------] 1 test from CommandBatch (120 ms total)

[==========] 1 test from 1 test suite ran. (120 ms total)
[  PASSED  ] 1 test.

Repeating all tests (iteration 4) . . .

Note: Google Test filter = CommandBatch.SimulationQueuedWatchdogExpiresBehindBlockedSubmit
[==========] Running 1 test from 1 test suite.
[----------] 1 test from CommandBatch
[ RUN      ] CommandBatch.SimulationQueuedWatchdogExpiresBehindBlockedSubmit
[       OK ] CommandBatch.SimulationQueuedWatchdogExpiresBehindBlockedSubmit (110 ms)
[----------] 1 test from CommandBatch (110 ms total)

[==========] 1 test from 1 test suite ran. (110 ms total)
[  PASSED  ] 1 test.

Repeating all tests (iteration 5) . . .

Note: Google Test filter = CommandBatch.SimulationQueuedWatchdogExpiresBehindBlockedSubmit
[==========] Running 1 test from 1 test suite.
[----------] 1 test from CommandBatch
[ RUN      ] CommandBatch.SimulationQueuedWatchdogExpiresBehindBlockedSubmit
[       OK ] CommandBatch.SimulationQueuedWatchdogExpiresBehindBlockedSubmit (113 ms)
[----------] 1 test from CommandBatch (113 ms total)

[==========] 1 test from 1 test suite ran. (113 ms total)
[  PASSED  ] 1 test.

Repeating all tests (iteration 6) . . .

Note: Google Test filter = CommandBatch.SimulationQueuedWatchdogExpiresBehindBlockedSubmit
[==========] Running 1 test from 1 test suite.
[----------] 1 test from CommandBatch
[ RUN      ] CommandBatch.SimulationQueuedWatchdogExpiresBehindBlockedSubmit
[       OK ] CommandBatch.SimulationQueuedWatchdogExpiresBehindBlockedSubmit (108 ms)
[----------] 1 test from CommandBatch (108 ms total)

[==========] 1 test from 1 test suite ran. (108 ms total)
[  PASSED  ] 1 test.

Repeating all tests (iteration 7) . . .

Note: Google Test filter = CommandBatch.SimulationQueuedWatchdogExpiresBehindBlockedSubmit
[==========] Running 1 test from 1 test suite.
[----------] 1 test from CommandBatch
[ RUN      ] CommandBatch.SimulationQueuedWatchdogExpiresBehindBlockedSubmit
[       OK ] CommandBatch.SimulationQueuedWatchdogExpiresBehindBlockedSubmit (107 ms)
[----------] 1 test from CommandBatch (107 ms total)

[==========] 1 test from 1 test suite ran. (107 ms total)
[  PASSED  ] 1 test.

Repeating all tests (iteration 8) . . .

Note: Google Test filter = CommandBatch.SimulationQueuedWatchdogExpiresBehindBlockedSubmit
[==========] Running 1 test from 1 test suite.
[----------] 1 test from CommandBatch
[ RUN      ] CommandBatch.SimulationQueuedWatchdogExpiresBehindBlockedSubmit
[       OK ] CommandBatch.SimulationQueuedWatchdogExpiresBehindBlockedSubmit (108 ms)
[----------] 1 test from CommandBatch (108 ms total)

[==========] 1 test from 1 test suite ran. (108 ms total)
[  PASSED  ] 1 test.

Repeating all tests (iteration 9) . . .

Note: Google Test filter = CommandBatch.SimulationQueuedWatchdogExpiresBehindBlockedSubmit
[==========] Running 1 test from 1 test suite.
[----------] 1 test from CommandBatch
[ RUN      ] CommandBatch.SimulationQueuedWatchdogExpiresBehindBlockedSubmit
[       OK ] CommandBatch.SimulationQueuedWatchdogExpiresBehindBlockedSubmit (108 ms)
[----------] 1 test from CommandBatch (108 ms total)

[==========] 1 test from 1 test suite ran. (108 ms total)
[  PASSED  ] 1 test.

Repeating all tests (iteration 10) . . .

Note: Google Test filter = CommandBatch.SimulationQueuedWatchdogExpiresBehindBlockedSubmit
[==========] Running 1 test from 1 test suite.
[----------] 1 test from CommandBatch
[ RUN      ] CommandBatch.SimulationQueuedWatchdogExpiresBehindBlockedSubmit
[       OK ] CommandBatch.SimulationQueuedWatchdogExpiresBehindBlockedSubmit (109 ms)
[----------] 1 test from CommandBatch (109 ms total)

[==========] 1 test from 1 test suite ran. (109 ms total)
[  PASSED  ] 1 test.

Repeating all tests (iteration 11) . . .

Note: Google Test filter = CommandBatch.SimulationQueuedWatchdogExpiresBehindBlockedSubmit
[==========] Running 1 test from 1 test suite.
[----------] 1 test from CommandBatch
[ RUN      ] CommandBatch.SimulationQueuedWatchdogExpiresBehindBlockedSubmit
[       OK ] CommandBatch.SimulationQueuedWatchdogExpiresBehindBlockedSubmit (110 ms)
[----------] 1 test from CommandBatch (110 ms total)

[==========] 1 test from 1 test suite ran. (110 ms total)
[  PASSED  ] 1 test.

Repeating all tests (iteration 12) . . .

Note: Google Test filter = CommandBatch.SimulationQueuedWatchdogExpiresBehindBlockedSubmit
[==========] Running 1 test from 1 test suite.
[----------] 1 test from CommandBatch
[ RUN      ] CommandBatch.SimulationQueuedWatchdogExpiresBehindBlockedSubmit
[       OK ] CommandBatch.SimulationQueuedWatchdogExpiresBehindBlockedSubmit (108 ms)
[----------] 1 test from CommandBatch (108 ms total)

[==========] 1 test from 1 test suite ran. (108 ms total)
[  PASSED  ] 1 test.

Repeating all tests (iteration 13) . . .

Note: Google Test filter = CommandBatch.SimulationQueuedWatchdogExpiresBehindBlockedSubmit
[==========] Running 1 test from 1 test suite.
[----------] 1 test from CommandBatch
[ RUN      ] CommandBatch.SimulationQueuedWatchdogExpiresBehindBlockedSubmit
[       OK ] CommandBatch.SimulationQueuedWatchdogExpiresBehindBlockedSubmit (108 ms)
[----------] 1 test from CommandBatch (108 ms total)

[==========] 1 test from 1 test suite ran. (108 ms total)
[  PASSED  ] 1 test.

Repeating all tests (iteration 14) . . .

Note: Google Test filter = CommandBatch.SimulationQueuedWatchdogExpiresBehindBlockedSubmit
[==========] Running 1 test from 1 test suite.
[----------] 1 test from CommandBatch
[ RUN      ] CommandBatch.SimulationQueuedWatchdogExpiresBehindBlockedSubmit
[       OK ] CommandBatch.SimulationQueuedWatchdogExpiresBehindBlockedSubmit (107 ms)
[----------] 1 test from CommandBatch (107 ms total)

[==========] 1 test from 1 test suite ran. (107 ms total)
[  PASSED  ] 1 test.

Repeating all tests (iteration 15) . . .

Note: Google Test filter = CommandBatch.SimulationQueuedWatchdogExpiresBehindBlockedSubmit
[==========] Running 1 test from 1 test suite.
[----------] 1 test from CommandBatch
[ RUN      ] CommandBatch.SimulationQueuedWatchdogExpiresBehindBlockedSubmit
[       OK ] CommandBatch.SimulationQueuedWatchdogExpiresBehindBlockedSubmit (107 ms)
[----------] 1 test from CommandBatch (107 ms total)

[==========] 1 test from 1 test suite ran. (107 ms total)
[  PASSED  ] 1 test.

Repeating all tests (iteration 16) . . .

Note: Google Test filter = CommandBatch.SimulationQueuedWatchdogExpiresBehindBlockedSubmit
[==========] Running 1 test from 1 test suite.
[----------] 1 test from CommandBatch
[ RUN      ] CommandBatch.SimulationQueuedWatchdogExpiresBehindBlockedSubmit
[       OK ] CommandBatch.SimulationQueuedWatchdogExpiresBehindBlockedSubmit (107 ms)
[----------] 1 test from CommandBatch (108 ms total)

[==========] 1 test from 1 test suite ran. (108 ms total)
[  PASSED  ] 1 test.

Repeating all tests (iteration 17) . . .

Note: Google Test filter = CommandBatch.SimulationQueuedWatchdogExpiresBehindBlockedSubmit
[==========] Running 1 test from 1 test suite.
[----------] 1 test from CommandBatch
[ RUN      ] CommandBatch.SimulationQueuedWatchdogExpiresBehindBlockedSubmit
[       OK ] CommandBatch.SimulationQueuedWatchdogExpiresBehindBlockedSubmit (107 ms)
[----------] 1 test from CommandBatch (107 ms total)

[==========] 1 test from 1 test suite ran. (107 ms total)
[  PASSED  ] 1 test.

Repeating all tests (iteration 18) . . .

Note: Google Test filter = CommandBatch.SimulationQueuedWatchdogExpiresBehindBlockedSubmit
[==========] Running 1 test from 1 test suite.
[----------] 1 test from CommandBatch
[ RUN      ] CommandBatch.SimulationQueuedWatchdogExpiresBehindBlockedSubmit
[       OK ] CommandBatch.SimulationQueuedWatchdogExpiresBehindBlockedSubmit (111 ms)
[----------] 1 test from CommandBatch (111 ms total)

[==========] 1 test from 1 test suite ran. (111 ms total)
[  PASSED  ] 1 test.

Repeating all tests (iteration 19) . . .

Note: Google Test filter = CommandBatch.SimulationQueuedWatchdogExpiresBehindBlockedSubmit
[==========] Running 1 test from 1 test suite.
[----------] 1 test from CommandBatch
[ RUN      ] CommandBatch.SimulationQueuedWatchdogExpiresBehindBlockedSubmit
[       OK ] CommandBatch.SimulationQueuedWatchdogExpiresBehindBlockedSubmit (108 ms)
[----------] 1 test from CommandBatch (108 ms total)

[==========] 1 test from 1 test suite ran. (108 ms total)
[  PASSED  ] 1 test.

Repeating all tests (iteration 20) . . .

Note: Google Test filter = CommandBatch.SimulationQueuedWatchdogExpiresBehindBlockedSubmit
[==========] Running 1 test from 1 test suite.
[----------] 1 test from CommandBatch
[ RUN      ] CommandBatch.SimulationQueuedWatchdogExpiresBehindBlockedSubmit
[       OK ] CommandBatch.SimulationQueuedWatchdogExpiresBehindBlockedSubmit (108 ms)
[----------] 1 test from CommandBatch (108 ms total)

[==========] 1 test from 1 test suite ran. (108 ms total)
[  PASSED  ] 1 test.

Repeating all tests (iteration 21) . . .

Note: Google Test filter = CommandBatch.SimulationQueuedWatchdogExpiresBehindBlockedSubmit
[==========] Running 1 test from 1 test suite.
[----------] 1 test from CommandBatch
[ RUN      ] CommandBatch.SimulationQueuedWatchdogExpiresBehindBlockedSubmit
[       OK ] CommandBatch.SimulationQueuedWatchdogExpiresBehindBlockedSubmit (111 ms)
[----------] 1 test from CommandBatch (112 ms total)

[==========] 1 test from 1 test suite ran. (112 ms total)
[  PASSED  ] 1 test.

Repeating all tests (iteration 22) . . .

Note: Google Test filter = CommandBatch.SimulationQueuedWatchdogExpiresBehindBlockedSubmit
[==========] Running 1 test from 1 test suite.
[----------] 1 test from CommandBatch
[ RUN      ] CommandBatch.SimulationQueuedWatchdogExpiresBehindBlockedSubmit
[       OK ] CommandBatch.SimulationQueuedWatchdogExpiresBehindBlockedSubmit (107 ms)
[----------] 1 test from CommandBatch (107 ms total)

[==========] 1 test from 1 test suite ran. (107 ms total)
[  PASSED  ] 1 test.

Repeating all tests (iteration 23) . . .

Note: Google Test filter = CommandBatch.SimulationQueuedWatchdogExpiresBehindBlockedSubmit
[==========] Running 1 test from 1 test suite.
[----------] 1 test from CommandBatch
[ RUN      ] CommandBatch.SimulationQueuedWatchdogExpiresBehindBlockedSubmit
[       OK ] CommandBatch.SimulationQueuedWatchdogExpiresBehindBlockedSubmit (107 ms)
[----------] 1 test from CommandBatch (108 ms total)

[==========] 1 test from 1 test suite ran. (108 ms total)
[  PASSED  ] 1 test.

Repeating all tests (iteration 24) . . .

Note: Google Test filter = CommandBatch.SimulationQueuedWatchdogExpiresBehindBlockedSubmit
[==========] Running 1 test from 1 test suite.
[----------] 1 test from CommandBatch
[ RUN      ] CommandBatch.SimulationQueuedWatchdogExpiresBehindBlockedSubmit
[       OK ] CommandBatch.SimulationQueuedWatchdogExpiresBehindBlockedSubmit (109 ms)
[----------] 1 test from CommandBatch (110 ms total)

[==========] 1 test from 1 test suite ran. (110 ms total)
[  PASSED  ] 1 test.

Repeating all tests (iteration 25) . . .

Note: Google Test filter = CommandBatch.SimulationQueuedWatchdogExpiresBehindBlockedSubmit
[==========] Running 1 test from 1 test suite.
[----------] 1 test from CommandBatch
[ RUN      ] CommandBatch.SimulationQueuedWatchdogExpiresBehindBlockedSubmit
[       OK ] CommandBatch.SimulationQueuedWatchdogExpiresBehindBlockedSubmit (109 ms)
[----------] 1 test from CommandBatch (109 ms total)

[==========] 1 test from 1 test suite ran. (109 ms total)
[  PASSED  ] 1 test.

Repeating all tests (iteration 26) . . .

Note: Google Test filter = CommandBatch.SimulationQueuedWatchdogExpiresBehindBlockedSubmit
[==========] Running 1 test from 1 test suite.
[----------] 1 test from CommandBatch
[ RUN      ] CommandBatch.SimulationQueuedWatchdogExpiresBehindBlockedSubmit
[       OK ] CommandBatch.SimulationQueuedWatchdogExpiresBehindBlockedSubmit (113 ms)
[----------] 1 test from CommandBatch (113 ms total)

[==========] 1 test from 1 test suite ran. (113 ms total)
[  PASSED  ] 1 test.

Repeating all tests (iteration 27) . . .

Note: Google Test filter = CommandBatch.SimulationQueuedWatchdogExpiresBehindBlockedSubmit
[==========] Running 1 test from 1 test suite.
[----------] 1 test from CommandBatch
[ RUN      ] CommandBatch.SimulationQueuedWatchdogExpiresBehindBlockedSubmit
[       OK ] CommandBatch.SimulationQueuedWatchdogExpiresBehindBlockedSubmit (110 ms)
[----------] 1 test from CommandBatch (110 ms total)

[==========] 1 test from 1 test suite ran. (110 ms total)
[  PASSED  ] 1 test.

Repeating all tests (iteration 28) . . .

Note: Google Test filter = CommandBatch.SimulationQueuedWatchdogExpiresBehindBlockedSubmit
[==========] Running 1 test from 1 test suite.
[----------] 1 test from CommandBatch
[ RUN      ] CommandBatch.SimulationQueuedWatchdogExpiresBehindBlockedSubmit
[       OK ] CommandBatch.SimulationQueuedWatchdogExpiresBehindBlockedSubmit (108 ms)
[----------] 1 test from CommandBatch (108 ms total)

[==========] 1 test from 1 test suite ran. (108 ms total)
[  PASSED  ] 1 test.

Repeating all tests (iteration 29) . . .

Note: Google Test filter = CommandBatch.SimulationQueuedWatchdogExpiresBehindBlockedSubmit
[==========] Running 1 test from 1 test suite.
[----------] 1 test from CommandBatch
[ RUN      ] CommandBatch.SimulationQueuedWatchdogExpiresBehindBlockedSubmit
[       OK ] CommandBatch.SimulationQueuedWatchdogExpiresBehindBlockedSubmit (108 ms)
[----------] 1 test from CommandBatch (108 ms total)

[==========] 1 test from 1 test suite ran. (108 ms total)
[  PASSED  ] 1 test.

Repeating all tests (iteration 30) . . .

Note: Google Test filter = CommandBatch.SimulationQueuedWatchdogExpiresBehindBlockedSubmit
[==========] Running 1 test from 1 test suite.
[----------] 1 test from CommandBatch
[ RUN      ] CommandBatch.SimulationQueuedWatchdogExpiresBehindBlockedSubmit
[       OK ] CommandBatch.SimulationQueuedWatchdogExpiresBehindBlockedSubmit (109 ms)
[----------] 1 test from CommandBatch (110 ms total)

[==========] 1 test from 1 test suite ran. (110 ms total)
[  PASSED  ] 1 test.

Repeating all tests (iteration 31) . . .

Note: Google Test filter = CommandBatch.SimulationQueuedWatchdogExpiresBehindBlockedSubmit
[==========] Running 1 test from 1 test suite.
[----------] 1 test from CommandBatch
[ RUN      ] CommandBatch.SimulationQueuedWatchdogExpiresBehindBlockedSubmit
[       OK ] CommandBatch.SimulationQueuedWatchdogExpiresBehindBlockedSubmit (109 ms)
[----------] 1 test from CommandBatch (109 ms total)

[==========] 1 test from 1 test suite ran. (109 ms total)
[  PASSED  ] 1 test.

Repeating all tests (iteration 32) . . .

Note: Google Test filter = CommandBatch.SimulationQueuedWatchdogExpiresBehindBlockedSubmit
[==========] Running 1 test from 1 test suite.
[----------] 1 test from CommandBatch
[ RUN      ] CommandBatch.SimulationQueuedWatchdogExpiresBehindBlockedSubmit
[       OK ] CommandBatch.SimulationQueuedWatchdogExpiresBehindBlockedSubmit (108 ms)
[----------] 1 test from CommandBatch (108 ms total)

[==========] 1 test from 1 test suite ran. (108 ms total)
[  PASSED  ] 1 test.

Repeating all tests (iteration 33) . . .

Note: Google Test filter = CommandBatch.SimulationQueuedWatchdogExpiresBehindBlockedSubmit
[==========] Running 1 test from 1 test suite.
[----------] 1 test from CommandBatch
[ RUN      ] CommandBatch.SimulationQueuedWatchdogExpiresBehindBlockedSubmit
[       OK ] CommandBatch.SimulationQueuedWatchdogExpiresBehindBlockedSubmit (108 ms)
[----------] 1 test from CommandBatch (108 ms total)

[==========] 1 test from 1 test suite ran. (108 ms total)
[  PASSED  ] 1 test.

Repeating all tests (iteration 34) . . .

Note: Google Test filter = CommandBatch.SimulationQueuedWatchdogExpiresBehindBlockedSubmit
[==========] Running 1 test from 1 test suite.
[----------] 1 test from CommandBatch
[ RUN      ] CommandBatch.SimulationQueuedWatchdogExpiresBehindBlockedSubmit
[       OK ] CommandBatch.SimulationQueuedWatchdogExpiresBehindBlockedSubmit (111 ms)
[----------] 1 test from CommandBatch (111 ms total)

[==========] 1 test from 1 test suite ran. (111 ms total)
[  PASSED  ] 1 test.

Repeating all tests (iteration 35) . . .

Note: Google Test filter = CommandBatch.SimulationQueuedWatchdogExpiresBehindBlockedSubmit
[==========] Running 1 test from 1 test suite.
[----------] 1 test from CommandBatch
[ RUN      ] CommandBatch.SimulationQueuedWatchdogExpiresBehindBlockedSubmit
[       OK ] CommandBatch.SimulationQueuedWatchdogExpiresBehindBlockedSubmit (107 ms)
[----------] 1 test from CommandBatch (107 ms total)

[==========] 1 test from 1 test suite ran. (107 ms total)
[  PASSED  ] 1 test.

Repeating all tests (iteration 36) . . .

Note: Google Test filter = CommandBatch.SimulationQueuedWatchdogExpiresBehindBlockedSubmit
[==========] Running 1 test from 1 test suite.
[----------] 1 test from CommandBatch
[ RUN      ] CommandBatch.SimulationQueuedWatchdogExpiresBehindBlockedSubmit
[       OK ] CommandBatch.SimulationQueuedWatchdogExpiresBehindBlockedSubmit (111 ms)
[----------] 1 test from CommandBatch (111 ms total)

[==========] 1 test from 1 test suite ran. (111 ms total)
[  PASSED  ] 1 test.

Repeating all tests (iteration 37) . . .

Note: Google Test filter = CommandBatch.SimulationQueuedWatchdogExpiresBehindBlockedSubmit
[==========] Running 1 test from 1 test suite.
[----------] 1 test from CommandBatch
[ RUN      ] CommandBatch.SimulationQueuedWatchdogExpiresBehindBlockedSubmit
[       OK ] CommandBatch.SimulationQueuedWatchdogExpiresBehindBlockedSubmit (107 ms)
[----------] 1 test from CommandBatch (107 ms total)

[==========] 1 test from 1 test suite ran. (107 ms total)
[  PASSED  ] 1 test.

Repeating all tests (iteration 38) . . .

Note: Google Test filter = CommandBatch.SimulationQueuedWatchdogExpiresBehindBlockedSubmit
[==========] Running 1 test from 1 test suite.
[----------] 1 test from CommandBatch
[ RUN      ] CommandBatch.SimulationQueuedWatchdogExpiresBehindBlockedSubmit
[       OK ] CommandBatch.SimulationQueuedWatchdogExpiresBehindBlockedSubmit (110 ms)
[----------] 1 test from CommandBatch (110 ms total)

[==========] 1 test from 1 test suite ran. (110 ms total)
[  PASSED  ] 1 test.

Repeating all tests (iteration 39) . . .

Note: Google Test filter = CommandBatch.SimulationQueuedWatchdogExpiresBehindBlockedSubmit
[==========] Running 1 test from 1 test suite.
[----------] 1 test from CommandBatch
[ RUN      ] CommandBatch.SimulationQueuedWatchdogExpiresBehindBlockedSubmit
[       OK ] CommandBatch.SimulationQueuedWatchdogExpiresBehindBlockedSubmit (111 ms)
[----------] 1 test from CommandBatch (111 ms total)

[==========] 1 test from 1 test suite ran. (111 ms total)
[  PASSED  ] 1 test.

Repeating all tests (iteration 40) . . .

Note: Google Test filter = CommandBatch.SimulationQueuedWatchdogExpiresBehindBlockedSubmit
[==========] Running 1 test from 1 test suite.
[----------] 1 test from CommandBatch
[ RUN      ] CommandBatch.SimulationQueuedWatchdogExpiresBehindBlockedSubmit
[       OK ] CommandBatch.SimulationQueuedWatchdogExpiresBehindBlockedSubmit (110 ms)
[----------] 1 test from CommandBatch (110 ms total)

[==========] 1 test from 1 test suite ran. (110 ms total)
[  PASSED  ] 1 test.

Repeating all tests (iteration 41) . . .

Note: Google Test filter = CommandBatch.SimulationQueuedWatchdogExpiresBehindBlockedSubmit
[==========] Running 1 test from 1 test suite.
[----------] 1 test from CommandBatch
[ RUN      ] CommandBatch.SimulationQueuedWatchdogExpiresBehindBlockedSubmit
[       OK ] CommandBatch.SimulationQueuedWatchdogExpiresBehindBlockedSubmit (108 ms)
[----------] 1 test from CommandBatch (108 ms total)

[==========] 1 test from 1 test suite ran. (108 ms total)
[  PASSED  ] 1 test.

Repeating all tests (iteration 42) . . .

Note: Google Test filter = CommandBatch.SimulationQueuedWatchdogExpiresBehindBlockedSubmit
[==========] Running 1 test from 1 test suite.
[----------] 1 test from CommandBatch
[ RUN      ] CommandBatch.SimulationQueuedWatchdogExpiresBehindBlockedSubmit
[       OK ] CommandBatch.SimulationQueuedWatchdogExpiresBehindBlockedSubmit (113 ms)
[----------] 1 test from CommandBatch (113 ms total)

[==========] 1 test from 1 test suite ran. (114 ms total)
[  PASSED  ] 1 test.

Repeating all tests (iteration 43) . . .

Note: Google Test filter = CommandBatch.SimulationQueuedWatchdogExpiresBehindBlockedSubmit
[==========] Running 1 test from 1 test suite.
[----------] 1 test from CommandBatch
[ RUN      ] CommandBatch.SimulationQueuedWatchdogExpiresBehindBlockedSubmit
[       OK ] CommandBatch.SimulationQueuedWatchdogExpiresBehindBlockedSubmit (110 ms)
[----------] 1 test from CommandBatch (110 ms total)

[==========] 1 test from 1 test suite ran. (110 ms total)
[  PASSED  ] 1 test.

Repeating all tests (iteration 44) . . .

Note: Google Test filter = CommandBatch.SimulationQueuedWatchdogExpiresBehindBlockedSubmit
[==========] Running 1 test from 1 test suite.
[----------] 1 test from CommandBatch
[ RUN      ] CommandBatch.SimulationQueuedWatchdogExpiresBehindBlockedSubmit
[       OK ] CommandBatch.SimulationQueuedWatchdogExpiresBehindBlockedSubmit (109 ms)
[----------] 1 test from CommandBatch (109 ms total)

[==========] 1 test from 1 test suite ran. (110 ms total)
[  PASSED  ] 1 test.

Repeating all tests (iteration 45) . . .

Note: Google Test filter = CommandBatch.SimulationQueuedWatchdogExpiresBehindBlockedSubmit
[==========] Running 1 test from 1 test suite.
[----------] 1 test from CommandBatch
[ RUN      ] CommandBatch.SimulationQueuedWatchdogExpiresBehindBlockedSubmit
[       OK ] CommandBatch.SimulationQueuedWatchdogExpiresBehindBlockedSubmit (108 ms)
[----------] 1 test from CommandBatch (108 ms total)

[==========] 1 test from 1 test suite ran. (108 ms total)
[  PASSED  ] 1 test.

Repeating all tests (iteration 46) . . .

Note: Google Test filter = CommandBatch.SimulationQueuedWatchdogExpiresBehindBlockedSubmit
[==========] Running 1 test from 1 test suite.
[----------] 1 test from CommandBatch
[ RUN      ] CommandBatch.SimulationQueuedWatchdogExpiresBehindBlockedSubmit
[       OK ] CommandBatch.SimulationQueuedWatchdogExpiresBehindBlockedSubmit (110 ms)
[----------] 1 test from CommandBatch (110 ms total)

[==========] 1 test from 1 test suite ran. (110 ms total)
[  PASSED  ] 1 test.

Repeating all tests (iteration 47) . . .

Note: Google Test filter = CommandBatch.SimulationQueuedWatchdogExpiresBehindBlockedSubmit
[==========] Running 1 test from 1 test suite.
[----------] 1 test from CommandBatch
[ RUN      ] CommandBatch.SimulationQueuedWatchdogExpiresBehindBlockedSubmit
[       OK ] CommandBatch.SimulationQueuedWatchdogExpiresBehindBlockedSubmit (114 ms)
[----------] 1 test from CommandBatch (114 ms total)

[==========] 1 test from 1 test suite ran. (114 ms total)
[  PASSED  ] 1 test.

Repeating all tests (iteration 48) . . .

Note: Google Test filter = CommandBatch.SimulationQueuedWatchdogExpiresBehindBlockedSubmit
[==========] Running 1 test from 1 test suite.
[----------] 1 test from CommandBatch
[ RUN      ] CommandBatch.SimulationQueuedWatchdogExpiresBehindBlockedSubmit
[       OK ] CommandBatch.SimulationQueuedWatchdogExpiresBehindBlockedSubmit (108 ms)
[----------] 1 test from CommandBatch (108 ms total)

[==========] 1 test from 1 test suite ran. (108 ms total)
[  PASSED  ] 1 test.

Repeating all tests (iteration 49) . . .

Note: Google Test filter = CommandBatch.SimulationQueuedWatchdogExpiresBehindBlockedSubmit
[==========] Running 1 test from 1 test suite.
[----------] 1 test from CommandBatch
[ RUN      ] CommandBatch.SimulationQueuedWatchdogExpiresBehindBlockedSubmit
[       OK ] CommandBatch.SimulationQueuedWatchdogExpiresBehindBlockedSubmit (113 ms)
[----------] 1 test from CommandBatch (113 ms total)

[==========] 1 test from 1 test suite ran. (113 ms total)
[  PASSED  ] 1 test.

Repeating all tests (iteration 50) . . .

Note: Google Test filter = CommandBatch.SimulationQueuedWatchdogExpiresBehindBlockedSubmit
[==========] Running 1 test from 1 test suite.
[----------] 1 test from CommandBatch
[ RUN      ] CommandBatch.SimulationQueuedWatchdogExpiresBehindBlockedSubmit
[       OK ] CommandBatch.SimulationQueuedWatchdogExpiresBehindBlockedSubmit (110 ms)
[----------] 1 test from CommandBatch (110 ms total)

[==========] 1 test from 1 test suite ran. (110 ms total)
[  PASSED  ] 1 test.

Repeating all tests (iteration 51) . . .

Note: Google Test filter = CommandBatch.SimulationQueuedWatchdogExpiresBehindBlockedSubmit
[==========] Running 1 test from 1 test suite.
[----------] 1 test from CommandBatch
[ RUN      ] CommandBatch.SimulationQueuedWatchdogExpiresBehindBlockedSubmit
[       OK ] CommandBatch.SimulationQueuedWatchdogExpiresBehindBlockedSubmit (108 ms)
[----------] 1 test from CommandBatch (108 ms total)

[==========] 1 test from 1 test suite ran. (108 ms total)
[  PASSED  ] 1 test.

Repeating all tests (iteration 52) . . .

Note: Google Test filter = CommandBatch.SimulationQueuedWatchdogExpiresBehindBlockedSubmit
[==========] Running 1 test from 1 test suite.
[----------] 1 test from CommandBatch
[ RUN      ] CommandBatch.SimulationQueuedWatchdogExpiresBehindBlockedSubmit
[       OK ] CommandBatch.SimulationQueuedWatchdogExpiresBehindBlockedSubmit (112 ms)
[----------] 1 test from CommandBatch (112 ms total)

[==========] 1 test from 1 test suite ran. (112 ms total)
[  PASSED  ] 1 test.

Repeating all tests (iteration 53) . . .

Note: Google Test filter = CommandBatch.SimulationQueuedWatchdogExpiresBehindBlockedSubmit
[==========] Running 1 test from 1 test suite.
[----------] 1 test from CommandBatch
[ RUN      ] CommandBatch.SimulationQueuedWatchdogExpiresBehindBlockedSubmit
[       OK ] CommandBatch.SimulationQueuedWatchdogExpiresBehindBlockedSubmit (111 ms)
[----------] 1 test from CommandBatch (112 ms total)

[==========] 1 test from 1 test suite ran. (112 ms total)
[  PASSED  ] 1 test.

Repeating all tests (iteration 54) . . .

Note: Google Test filter = CommandBatch.SimulationQueuedWatchdogExpiresBehindBlockedSubmit
[==========] Running 1 test from 1 test suite.
[----------] 1 test from CommandBatch
[ RUN      ] CommandBatch.SimulationQueuedWatchdogExpiresBehindBlockedSubmit
[       OK ] CommandBatch.SimulationQueuedWatchdogExpiresBehindBlockedSubmit (109 ms)
[----------] 1 test from CommandBatch (109 ms total)

[==========] 1 test from 1 test suite ran. (109 ms total)
[  PASSED  ] 1 test.

Repeating all tests (iteration 55) . . .

Note: Google Test filter = CommandBatch.SimulationQueuedWatchdogExpiresBehindBlockedSubmit
[==========] Running 1 test from 1 test suite.
[----------] 1 test from CommandBatch
[ RUN      ] CommandBatch.SimulationQueuedWatchdogExpiresBehindBlockedSubmit
[       OK ] CommandBatch.SimulationQueuedWatchdogExpiresBehindBlockedSubmit (112 ms)
[----------] 1 test from CommandBatch (112 ms total)

[==========] 1 test from 1 test suite ran. (112 ms total)
[  PASSED  ] 1 test.

Repeating all tests (iteration 56) . . .

Note: Google Test filter = CommandBatch.SimulationQueuedWatchdogExpiresBehindBlockedSubmit
[==========] Running 1 test from 1 test suite.
[----------] 1 test from CommandBatch
[ RUN      ] CommandBatch.SimulationQueuedWatchdogExpiresBehindBlockedSubmit
[       OK ] CommandBatch.SimulationQueuedWatchdogExpiresBehindBlockedSubmit (110 ms)
[----------] 1 test from CommandBatch (110 ms total)

[==========] 1 test from 1 test suite ran. (110 ms total)
[  PASSED  ] 1 test.

Repeating all tests (iteration 57) . . .

Note: Google Test filter = CommandBatch.SimulationQueuedWatchdogExpiresBehindBlockedSubmit
[==========] Running 1 test from 1 test suite.
[----------] 1 test from CommandBatch
[ RUN      ] CommandBatch.SimulationQueuedWatchdogExpiresBehindBlockedSubmit
[       OK ] CommandBatch.SimulationQueuedWatchdogExpiresBehindBlockedSubmit (114 ms)
[----------] 1 test from CommandBatch (114 ms total)

[==========] 1 test from 1 test suite ran. (114 ms total)
[  PASSED  ] 1 test.

Repeating all tests (iteration 58) . . .

Note: Google Test filter = CommandBatch.SimulationQueuedWatchdogExpiresBehindBlockedSubmit
[==========] Running 1 test from 1 test suite.
[----------] 1 test from CommandBatch
[ RUN      ] CommandBatch.SimulationQueuedWatchdogExpiresBehindBlockedSubmit
[       OK ] CommandBatch.SimulationQueuedWatchdogExpiresBehindBlockedSubmit (110 ms)
[----------] 1 test from CommandBatch (110 ms total)

[==========] 1 test from 1 test suite ran. (110 ms total)
[  PASSED  ] 1 test.

Repeating all tests (iteration 59) . . .

Note: Google Test filter = CommandBatch.SimulationQueuedWatchdogExpiresBehindBlockedSubmit
[==========] Running 1 test from 1 test suite.
[----------] 1 test from CommandBatch
[ RUN      ] CommandBatch.SimulationQueuedWatchdogExpiresBehindBlockedSubmit
[       OK ] CommandBatch.SimulationQueuedWatchdogExpiresBehindBlockedSubmit (109 ms)
[----------] 1 test from CommandBatch (109 ms total)

[==========] 1 test from 1 test suite ran. (110 ms total)
[  PASSED  ] 1 test.

Repeating all tests (iteration 60) . . .

Note: Google Test filter = CommandBatch.SimulationQueuedWatchdogExpiresBehindBlockedSubmit
[==========] Running 1 test from 1 test suite.
[----------] 1 test from CommandBatch
[ RUN      ] CommandBatch.SimulationQueuedWatchdogExpiresBehindBlockedSubmit
[       OK ] CommandBatch.SimulationQueuedWatchdogExpiresBehindBlockedSubmit (112 ms)
[----------] 1 test from CommandBatch (112 ms total)

[==========] 1 test from 1 test suite ran. (112 ms total)
[  PASSED  ] 1 test.

Repeating all tests (iteration 61) . . .

Note: Google Test filter = CommandBatch.SimulationQueuedWatchdogExpiresBehindBlockedSubmit
[==========] Running 1 test from 1 test suite.
[----------] 1 test from CommandBatch
[ RUN      ] CommandBatch.SimulationQueuedWatchdogExpiresBehindBlockedSubmit
[       OK ] CommandBatch.SimulationQueuedWatchdogExpiresBehindBlockedSubmit (113 ms)
[----------] 1 test from CommandBatch (113 ms total)

[==========] 1 test from 1 test suite ran. (113 ms total)
[  PASSED  ] 1 test.

Repeating all tests (iteration 62) . . .

Note: Google Test filter = CommandBatch.SimulationQueuedWatchdogExpiresBehindBlockedSubmit
[==========] Running 1 test from 1 test suite.
[----------] 1 test from CommandBatch
[ RUN      ] CommandBatch.SimulationQueuedWatchdogExpiresBehindBlockedSubmit
[       OK ] CommandBatch.SimulationQueuedWatchdogExpiresBehindBlockedSubmit (109 ms)
[----------] 1 test from CommandBatch (109 ms total)

[==========] 1 test from 1 test suite ran. (109 ms total)
[  PASSED  ] 1 test.

Repeating all tests (iteration 63) . . .

Note: Google Test filter = CommandBatch.SimulationQueuedWatchdogExpiresBehindBlockedSubmit
[==========] Running 1 test from 1 test suite.
[----------] 1 test from CommandBatch
[ RUN      ] CommandBatch.SimulationQueuedWatchdogExpiresBehindBlockedSubmit
[       OK ] CommandBatch.SimulationQueuedWatchdogExpiresBehindBlockedSubmit (112 ms)
[----------] 1 test from CommandBatch (112 ms total)

[==========] 1 test from 1 test suite ran. (112 ms total)
[  PASSED  ] 1 test.

Repeating all tests (iteration 64) . . .

Note: Google Test filter = CommandBatch.SimulationQueuedWatchdogExpiresBehindBlockedSubmit
[==========] Running 1 test from 1 test suite.
[----------] 1 test from CommandBatch
[ RUN      ] CommandBatch.SimulationQueuedWatchdogExpiresBehindBlockedSubmit
[       OK ] CommandBatch.SimulationQueuedWatchdogExpiresBehindBlockedSubmit (112 ms)
[----------] 1 test from CommandBatch (112 ms total)

[==========] 1 test from 1 test suite ran. (112 ms total)
[  PASSED  ] 1 test.

Repeating all tests (iteration 65) . . .

Note: Google Test filter = CommandBatch.SimulationQueuedWatchdogExpiresBehindBlockedSubmit
[==========] Running 1 test from 1 test suite.
[----------] 1 test from CommandBatch
[ RUN      ] CommandBatch.SimulationQueuedWatchdogExpiresBehindBlockedSubmit
[       OK ] CommandBatch.SimulationQueuedWatchdogExpiresBehindBlockedSubmit (110 ms)
[----------] 1 test from CommandBatch (110 ms total)

[==========] 1 test from 1 test suite ran. (110 ms total)
[  PASSED  ] 1 test.

Repeating all tests (iteration 66) . . .

Note: Google Test filter = CommandBatch.SimulationQueuedWatchdogExpiresBehindBlockedSubmit
[==========] Running 1 test from 1 test suite.
[----------] 1 test from CommandBatch
[ RUN      ] CommandBatch.SimulationQueuedWatchdogExpiresBehindBlockedSubmit
[       OK ] CommandBatch.SimulationQueuedWatchdogExpiresBehindBlockedSubmit (112 ms)
[----------] 1 test from CommandBatch (112 ms total)

[==========] 1 test from 1 test suite ran. (112 ms total)
[  PASSED  ] 1 test.

Repeating all tests (iteration 67) . . .

Note: Google Test filter = CommandBatch.SimulationQueuedWatchdogExpiresBehindBlockedSubmit
[==========] Running 1 test from 1 test suite.
[----------] 1 test from CommandBatch
[ RUN      ] CommandBatch.SimulationQueuedWatchdogExpiresBehindBlockedSubmit
[       OK ] CommandBatch.SimulationQueuedWatchdogExpiresBehindBlockedSubmit (110 ms)
[----------] 1 test from CommandBatch (110 ms total)

[==========] 1 test from 1 test suite ran. (110 ms total)
[  PASSED  ] 1 test.

Repeating all tests (iteration 68) . . .

Note: Google Test filter = CommandBatch.SimulationQueuedWatchdogExpiresBehindBlockedSubmit
[==========] Running 1 test from 1 test suite.
[----------] 1 test from CommandBatch
[ RUN      ] CommandBatch.SimulationQueuedWatchdogExpiresBehindBlockedSubmit
[       OK ] CommandBatch.SimulationQueuedWatchdogExpiresBehindBlockedSubmit (108 ms)
[----------] 1 test from CommandBatch (108 ms total)

[==========] 1 test from 1 test suite ran. (108 ms total)
[  PASSED  ] 1 test.

Repeating all tests (iteration 69) . . .

Note: Google Test filter = CommandBatch.SimulationQueuedWatchdogExpiresBehindBlockedSubmit
[==========] Running 1 test from 1 test suite.
[----------] 1 test from CommandBatch
[ RUN      ] CommandBatch.SimulationQueuedWatchdogExpiresBehindBlockedSubmit
[       OK ] CommandBatch.SimulationQueuedWatchdogExpiresBehindBlockedSubmit (112 ms)
[----------] 1 test from CommandBatch (112 ms total)

[==========] 1 test from 1 test suite ran. (112 ms total)
[  PASSED  ] 1 test.

Repeating all tests (iteration 70) . . .

Note: Google Test filter = CommandBatch.SimulationQueuedWatchdogExpiresBehindBlockedSubmit
[==========] Running 1 test from 1 test suite.
[----------] 1 test from CommandBatch
[ RUN      ] CommandBatch.SimulationQueuedWatchdogExpiresBehindBlockedSubmit
[       OK ] CommandBatch.SimulationQueuedWatchdogExpiresBehindBlockedSubmit (110 ms)
[----------] 1 test from CommandBatch (110 ms total)

[==========] 1 test from 1 test suite ran. (110 ms total)
[  PASSED  ] 1 test.

Repeating all tests (iteration 71) . . .

Note: Google Test filter = CommandBatch.SimulationQueuedWatchdogExpiresBehindBlockedSubmit
[==========] Running 1 test from 1 test suite.
[----------] 1 test from CommandBatch
[ RUN      ] CommandBatch.SimulationQueuedWatchdogExpiresBehindBlockedSubmit
[       OK ] CommandBatch.SimulationQueuedWatchdogExpiresBehindBlockedSubmit (110 ms)
[----------] 1 test from CommandBatch (111 ms total)

[==========] 1 test from 1 test suite ran. (111 ms total)
[  PASSED  ] 1 test.

Repeating all tests (iteration 72) . . .

Note: Google Test filter = CommandBatch.SimulationQueuedWatchdogExpiresBehindBlockedSubmit
[==========] Running 1 test from 1 test suite.
[----------] 1 test from CommandBatch
[ RUN      ] CommandBatch.SimulationQueuedWatchdogExpiresBehindBlockedSubmit
[       OK ] CommandBatch.SimulationQueuedWatchdogExpiresBehindBlockedSubmit (108 ms)
[----------] 1 test from CommandBatch (108 ms total)

[==========] 1 test from 1 test suite ran. (108 ms total)
[  PASSED  ] 1 test.

Repeating all tests (iteration 73) . . .

Note: Google Test filter = CommandBatch.SimulationQueuedWatchdogExpiresBehindBlockedSubmit
[==========] Running 1 test from 1 test suite.
[----------] 1 test from CommandBatch
[ RUN      ] CommandBatch.SimulationQueuedWatchdogExpiresBehindBlockedSubmit
[       OK ] CommandBatch.SimulationQueuedWatchdogExpiresBehindBlockedSubmit (108 ms)
[----------] 1 test from CommandBatch (108 ms total)

[==========] 1 test from 1 test suite ran. (108 ms total)
[  PASSED  ] 1 test.

Repeating all tests (iteration 74) . . .

Note: Google Test filter = CommandBatch.SimulationQueuedWatchdogExpiresBehindBlockedSubmit
[==========] Running 1 test from 1 test suite.
[----------] 1 test from CommandBatch
[ RUN      ] CommandBatch.SimulationQueuedWatchdogExpiresBehindBlockedSubmit
[       OK ] CommandBatch.SimulationQueuedWatchdogExpiresBehindBlockedSubmit (107 ms)
[----------] 1 test from CommandBatch (107 ms total)

[==========] 1 test from 1 test suite ran. (107 ms total)
[  PASSED  ] 1 test.

Repeating all tests (iteration 75) . . .

Note: Google Test filter = CommandBatch.SimulationQueuedWatchdogExpiresBehindBlockedSubmit
[==========] Running 1 test from 1 test suite.
[----------] 1 test from CommandBatch
[ RUN      ] CommandBatch.SimulationQueuedWatchdogExpiresBehindBlockedSubmit
[       OK ] CommandBatch.SimulationQueuedWatchdogExpiresBehindBlockedSubmit (111 ms)
[----------] 1 test from CommandBatch (111 ms total)

[==========] 1 test from 1 test suite ran. (111 ms total)
[  PASSED  ] 1 test.

Repeating all tests (iteration 76) . . .

Note: Google Test filter = CommandBatch.SimulationQueuedWatchdogExpiresBehindBlockedSubmit
[==========] Running 1 test from 1 test suite.
[----------] 1 test from CommandBatch
[ RUN      ] CommandBatch.SimulationQueuedWatchdogExpiresBehindBlockedSubmit
[       OK ] CommandBatch.SimulationQueuedWatchdogExpiresBehindBlockedSubmit (110 ms)
[----------] 1 test from CommandBatch (110 ms total)

[==========] 1 test from 1 test suite ran. (110 ms total)
[  PASSED  ] 1 test.

Repeating all tests (iteration 77) . . .

Note: Google Test filter = CommandBatch.SimulationQueuedWatchdogExpiresBehindBlockedSubmit
[==========] Running 1 test from 1 test suite.
[----------] 1 test from CommandBatch
[ RUN      ] CommandBatch.SimulationQueuedWatchdogExpiresBehindBlockedSubmit
[       OK ] CommandBatch.SimulationQueuedWatchdogExpiresBehindBlockedSubmit (110 ms)
[----------] 1 test from CommandBatch (110 ms total)

[==========] 1 test from 1 test suite ran. (110 ms total)
[  PASSED  ] 1 test.

Repeating all tests (iteration 78) . . .

Note: Google Test filter = CommandBatch.SimulationQueuedWatchdogExpiresBehindBlockedSubmit
[==========] Running 1 test from 1 test suite.
[----------] 1 test from CommandBatch
[ RUN      ] CommandBatch.SimulationQueuedWatchdogExpiresBehindBlockedSubmit
[       OK ] CommandBatch.SimulationQueuedWatchdogExpiresBehindBlockedSubmit (107 ms)
[----------] 1 test from CommandBatch (107 ms total)

[==========] 1 test from 1 test suite ran. (107 ms total)
[  PASSED  ] 1 test.

Repeating all tests (iteration 79) . . .

Note: Google Test filter = CommandBatch.SimulationQueuedWatchdogExpiresBehindBlockedSubmit
[==========] Running 1 test from 1 test suite.
[----------] 1 test from CommandBatch
[ RUN      ] CommandBatch.SimulationQueuedWatchdogExpiresBehindBlockedSubmit
[       OK ] CommandBatch.SimulationQueuedWatchdogExpiresBehindBlockedSubmit (108 ms)
[----------] 1 test from CommandBatch (108 ms total)

[==========] 1 test from 1 test suite ran. (108 ms total)
[  PASSED  ] 1 test.

Repeating all tests (iteration 80) . . .

Note: Google Test filter = CommandBatch.SimulationQueuedWatchdogExpiresBehindBlockedSubmit
[==========] Running 1 test from 1 test suite.
[----------] 1 test from CommandBatch
[ RUN      ] CommandBatch.SimulationQueuedWatchdogExpiresBehindBlockedSubmit
[       OK ] CommandBatch.SimulationQueuedWatchdogExpiresBehindBlockedSubmit (108 ms)
[----------] 1 test from CommandBatch (108 ms total)

[==========] 1 test from 1 test suite ran. (108 ms total)
[  PASSED  ] 1 test.

Repeating all tests (iteration 81) . . .

Note: Google Test filter = CommandBatch.SimulationQueuedWatchdogExpiresBehindBlockedSubmit
[==========] Running 1 test from 1 test suite.
[----------] 1 test from CommandBatch
[ RUN      ] CommandBatch.SimulationQueuedWatchdogExpiresBehindBlockedSubmit
[       OK ] CommandBatch.SimulationQueuedWatchdogExpiresBehindBlockedSubmit (109 ms)
[----------] 1 test from CommandBatch (109 ms total)

[==========] 1 test from 1 test suite ran. (109 ms total)
[  PASSED  ] 1 test.

Repeating all tests (iteration 82) . . .

Note: Google Test filter = CommandBatch.SimulationQueuedWatchdogExpiresBehindBlockedSubmit
[==========] Running 1 test from 1 test suite.
[----------] 1 test from CommandBatch
[ RUN      ] CommandBatch.SimulationQueuedWatchdogExpiresBehindBlockedSubmit
[       OK ] CommandBatch.SimulationQueuedWatchdogExpiresBehindBlockedSubmit (106 ms)
[----------] 1 test from CommandBatch (106 ms total)

[==========] 1 test from 1 test suite ran. (106 ms total)
[  PASSED  ] 1 test.

Repeating all tests (iteration 83) . . .

Note: Google Test filter = CommandBatch.SimulationQueuedWatchdogExpiresBehindBlockedSubmit
[==========] Running 1 test from 1 test suite.
[----------] 1 test from CommandBatch
[ RUN      ] CommandBatch.SimulationQueuedWatchdogExpiresBehindBlockedSubmit
[       OK ] CommandBatch.SimulationQueuedWatchdogExpiresBehindBlockedSubmit (106 ms)
[----------] 1 test from CommandBatch (106 ms total)

[==========] 1 test from 1 test suite ran. (106 ms total)
[  PASSED  ] 1 test.

Repeating all tests (iteration 84) . . .

Note: Google Test filter = CommandBatch.SimulationQueuedWatchdogExpiresBehindBlockedSubmit
[==========] Running 1 test from 1 test suite.
[----------] 1 test from CommandBatch
[ RUN      ] CommandBatch.SimulationQueuedWatchdogExpiresBehindBlockedSubmit
[       OK ] CommandBatch.SimulationQueuedWatchdogExpiresBehindBlockedSubmit (107 ms)
[----------] 1 test from CommandBatch (107 ms total)

[==========] 1 test from 1 test suite ran. (107 ms total)
[  PASSED  ] 1 test.

Repeating all tests (iteration 85) . . .

Note: Google Test filter = CommandBatch.SimulationQueuedWatchdogExpiresBehindBlockedSubmit
[==========] Running 1 test from 1 test suite.
[----------] 1 test from CommandBatch
[ RUN      ] CommandBatch.SimulationQueuedWatchdogExpiresBehindBlockedSubmit
[       OK ] CommandBatch.SimulationQueuedWatchdogExpiresBehindBlockedSubmit (113 ms)
[----------] 1 test from CommandBatch (113 ms total)

[==========] 1 test from 1 test suite ran. (113 ms total)
[  PASSED  ] 1 test.

Repeating all tests (iteration 86) . . .

Note: Google Test filter = CommandBatch.SimulationQueuedWatchdogExpiresBehindBlockedSubmit
[==========] Running 1 test from 1 test suite.
[----------] 1 test from CommandBatch
[ RUN      ] CommandBatch.SimulationQueuedWatchdogExpiresBehindBlockedSubmit
[       OK ] CommandBatch.SimulationQueuedWatchdogExpiresBehindBlockedSubmit (110 ms)
[----------] 1 test from CommandBatch (110 ms total)

[==========] 1 test from 1 test suite ran. (111 ms total)
[  PASSED  ] 1 test.

Repeating all tests (iteration 87) . . .

Note: Google Test filter = CommandBatch.SimulationQueuedWatchdogExpiresBehindBlockedSubmit
[==========] Running 1 test from 1 test suite.
[----------] 1 test from CommandBatch
[ RUN      ] CommandBatch.SimulationQueuedWatchdogExpiresBehindBlockedSubmit
[       OK ] CommandBatch.SimulationQueuedWatchdogExpiresBehindBlockedSubmit (107 ms)
[----------] 1 test from CommandBatch (107 ms total)

[==========] 1 test from 1 test suite ran. (107 ms total)
[  PASSED  ] 1 test.

Repeating all tests (iteration 88) . . .

Note: Google Test filter = CommandBatch.SimulationQueuedWatchdogExpiresBehindBlockedSubmit
[==========] Running 1 test from 1 test suite.
[----------] 1 test from CommandBatch
[ RUN      ] CommandBatch.SimulationQueuedWatchdogExpiresBehindBlockedSubmit
[       OK ] CommandBatch.SimulationQueuedWatchdogExpiresBehindBlockedSubmit (112 ms)
[----------] 1 test from CommandBatch (112 ms total)

[==========] 1 test from 1 test suite ran. (112 ms total)
[  PASSED  ] 1 test.

Repeating all tests (iteration 89) . . .

Note: Google Test filter = CommandBatch.SimulationQueuedWatchdogExpiresBehindBlockedSubmit
[==========] Running 1 test from 1 test suite.
[----------] 1 test from CommandBatch
[ RUN      ] CommandBatch.SimulationQueuedWatchdogExpiresBehindBlockedSubmit
[       OK ] CommandBatch.SimulationQueuedWatchdogExpiresBehindBlockedSubmit (109 ms)
[----------] 1 test from CommandBatch (109 ms total)

[==========] 1 test from 1 test suite ran. (109 ms total)
[  PASSED  ] 1 test.

Repeating all tests (iteration 90) . . .

Note: Google Test filter = CommandBatch.SimulationQueuedWatchdogExpiresBehindBlockedSubmit
[==========] Running 1 test from 1 test suite.
[----------] 1 test from CommandBatch
[ RUN      ] CommandBatch.SimulationQueuedWatchdogExpiresBehindBlockedSubmit
[       OK ] CommandBatch.SimulationQueuedWatchdogExpiresBehindBlockedSubmit (109 ms)
[----------] 1 test from CommandBatch (109 ms total)

[==========] 1 test from 1 test suite ran. (109 ms total)
[  PASSED  ] 1 test.

Repeating all tests (iteration 91) . . .

Note: Google Test filter = CommandBatch.SimulationQueuedWatchdogExpiresBehindBlockedSubmit
[==========] Running 1 test from 1 test suite.
[----------] 1 test from CommandBatch
[ RUN      ] CommandBatch.SimulationQueuedWatchdogExpiresBehindBlockedSubmit
[       OK ] CommandBatch.SimulationQueuedWatchdogExpiresBehindBlockedSubmit (107 ms)
[----------] 1 test from CommandBatch (107 ms total)

[==========] 1 test from 1 test suite ran. (107 ms total)
[  PASSED  ] 1 test.

Repeating all tests (iteration 92) . . .

Note: Google Test filter = CommandBatch.SimulationQueuedWatchdogExpiresBehindBlockedSubmit
[==========] Running 1 test from 1 test suite.
[----------] 1 test from CommandBatch
[ RUN      ] CommandBatch.SimulationQueuedWatchdogExpiresBehindBlockedSubmit
[       OK ] CommandBatch.SimulationQueuedWatchdogExpiresBehindBlockedSubmit (109 ms)
[----------] 1 test from CommandBatch (109 ms total)

[==========] 1 test from 1 test suite ran. (109 ms total)
[  PASSED  ] 1 test.

Repeating all tests (iteration 93) . . .

Note: Google Test filter = CommandBatch.SimulationQueuedWatchdogExpiresBehindBlockedSubmit
[==========] Running 1 test from 1 test suite.
[----------] 1 test from CommandBatch
[ RUN      ] CommandBatch.SimulationQueuedWatchdogExpiresBehindBlockedSubmit
[       OK ] CommandBatch.SimulationQueuedWatchdogExpiresBehindBlockedSubmit (107 ms)
[----------] 1 test from CommandBatch (107 ms total)

[==========] 1 test from 1 test suite ran. (107 ms total)
[  PASSED  ] 1 test.

Repeating all tests (iteration 94) . . .

Note: Google Test filter = CommandBatch.SimulationQueuedWatchdogExpiresBehindBlockedSubmit
[==========] Running 1 test from 1 test suite.
[----------] 1 test from CommandBatch
[ RUN      ] CommandBatch.SimulationQueuedWatchdogExpiresBehindBlockedSubmit
[       OK ] CommandBatch.SimulationQueuedWatchdogExpiresBehindBlockedSubmit (107 ms)
[----------] 1 test from CommandBatch (107 ms total)

[==========] 1 test from 1 test suite ran. (107 ms total)
[  PASSED  ] 1 test.

Repeating all tests (iteration 95) . . .

Note: Google Test filter = CommandBatch.SimulationQueuedWatchdogExpiresBehindBlockedSubmit
[==========] Running 1 test from 1 test suite.
[----------] 1 test from CommandBatch
[ RUN      ] CommandBatch.SimulationQueuedWatchdogExpiresBehindBlockedSubmit
[       OK ] CommandBatch.SimulationQueuedWatchdogExpiresBehindBlockedSubmit (107 ms)
[----------] 1 test from CommandBatch (107 ms total)

[==========] 1 test from 1 test suite ran. (107 ms total)
[  PASSED  ] 1 test.

Repeating all tests (iteration 96) . . .

Note: Google Test filter = CommandBatch.SimulationQueuedWatchdogExpiresBehindBlockedSubmit
[==========] Running 1 test from 1 test suite.
[----------] 1 test from CommandBatch
[ RUN      ] CommandBatch.SimulationQueuedWatchdogExpiresBehindBlockedSubmit
[       OK ] CommandBatch.SimulationQueuedWatchdogExpiresBehindBlockedSubmit (108 ms)
[----------] 1 test from CommandBatch (108 ms total)

[==========] 1 test from 1 test suite ran. (108 ms total)
[  PASSED  ] 1 test.

Repeating all tests (iteration 97) . . .

Note: Google Test filter = CommandBatch.SimulationQueuedWatchdogExpiresBehindBlockedSubmit
[==========] Running 1 test from 1 test suite.
[----------] 1 test from CommandBatch
[ RUN      ] CommandBatch.SimulationQueuedWatchdogExpiresBehindBlockedSubmit
[       OK ] CommandBatch.SimulationQueuedWatchdogExpiresBehindBlockedSubmit (110 ms)
[----------] 1 test from CommandBatch (110 ms total)

[==========] 1 test from 1 test suite ran. (110 ms total)
[  PASSED  ] 1 test.

Repeating all tests (iteration 98) . . .

Note: Google Test filter = CommandBatch.SimulationQueuedWatchdogExpiresBehindBlockedSubmit
[==========] Running 1 test from 1 test suite.
[----------] 1 test from CommandBatch
[ RUN      ] CommandBatch.SimulationQueuedWatchdogExpiresBehindBlockedSubmit
[       OK ] CommandBatch.SimulationQueuedWatchdogExpiresBehindBlockedSubmit (110 ms)
[----------] 1 test from CommandBatch (110 ms total)

[==========] 1 test from 1 test suite ran. (110 ms total)
[  PASSED  ] 1 test.

Repeating all tests (iteration 99) . . .

Note: Google Test filter = CommandBatch.SimulationQueuedWatchdogExpiresBehindBlockedSubmit
[==========] Running 1 test from 1 test suite.
[----------] 1 test from CommandBatch
[ RUN      ] CommandBatch.SimulationQueuedWatchdogExpiresBehindBlockedSubmit
[       OK ] CommandBatch.SimulationQueuedWatchdogExpiresBehindBlockedSubmit (109 ms)
[----------] 1 test from CommandBatch (109 ms total)

[==========] 1 test from 1 test suite ran. (109 ms total)
[  PASSED  ] 1 test.

Repeating all tests (iteration 100) . . .

Note: Google Test filter = CommandBatch.SimulationQueuedWatchdogExpiresBehindBlockedSubmit
[==========] Running 1 test from 1 test suite.
[----------] 1 test from CommandBatch
[ RUN      ] CommandBatch.SimulationQueuedWatchdogExpiresBehindBlockedSubmit
[       OK ] CommandBatch.SimulationQueuedWatchdogExpiresBehindBlockedSubmit (109 ms)
[----------] 1 test from CommandBatch (109 ms total)

[----------] Global test environment tear-down
[==========] 1 test from 1 test suite ran. (109 ms total)
[  PASSED  ] 1 test.
