-- Configuring done
-- Generating done
-- Build files have been written to: /home/kbianco/.local/share/portfolio-control/worktrees/targets/cpp-rt-car-m26-03r/build/m26-03r-assurance/static
3 warnings generated.
Suppressed 3 warnings (3 with check filters).
6 warnings generated.
Suppressed 6 warnings (6 with check filters).
6 warnings generated.
Suppressed 6 warnings (6 with check filters).
4 warnings generated.
Suppressed 4 warnings (4 with check filters).
6 warnings generated.
Suppressed 6 warnings (6 with check filters).
6 warnings generated.
Suppressed 6 warnings (6 with check filters).
6 warnings generated.
Suppressed 6 warnings (6 with check filters).
6 warnings generated.
Suppressed 6 warnings (6 with check filters).
4 warnings generated.
Suppressed 4 warnings (4 with check filters).
4 warnings generated.
Suppressed 4 warnings (4 with check filters).
6 warnings generated.
Suppressed 6 warnings (6 with check filters).
6 warnings generated.
Suppressed 6 warnings (6 with check filters).
6 warnings generated.
Suppressed 6 warnings (6 with check filters).
6 warnings generated.
Suppressed 6 warnings (6 with check filters).
6 warnings generated.
Suppressed 6 warnings (6 with check filters).
6 warnings generated.
Suppressed 6 warnings (6 with check filters).
6 warnings generated.
Suppressed 6 warnings (6 with check filters).
6 warnings generated.
Suppressed 6 warnings (6 with check filters).
4 warnings generated.
Suppressed 4 warnings (4 with check filters).
6 warnings generated.
Suppressed 6 warnings (6 with check filters).
6 warnings generated.
Suppressed 6 warnings (6 with check filters).
6 warnings generated.
Suppressed 6 warnings (6 with check filters).
6 warnings generated.
Suppressed 6 warnings (6 with check filters).
6 warnings generated.
Suppressed 6 warnings (6 with check filters).
6 warnings generated.
Suppressed 6 warnings (6 with check filters).
6 warnings generated.
Suppressed 6 warnings (6 with check filters).
6 warnings generated.
Suppressed 6 warnings (6 with check filters).
6 warnings generated.
Suppressed 6 warnings (6 with check filters).
6 warnings generated.
Suppressed 6 warnings (6 with check filters).
6 warnings generated.
Suppressed 6 warnings (6 with check filters).
6 warnings generated.
Suppressed 6 warnings (6 with check filters).
6 warnings generated.
Suppressed 6 warnings (6 with check filters).
6 warnings generated.
Suppressed 6 warnings (6 with check filters).
5 warnings generated.
Suppressed 5 warnings (5 with check filters).
6 warnings generated.
12 warnings generated.
Suppressed 12 warnings (12 with check filters).
6 warnings generated.
12 warnings generated.
Suppressed 12 warnings (12 with check filters).
Portable static analysis failed: output already exists: /home/kbianco/.local/share/portfolio-control/worktrees/targets/cpp-rt-car-m26-03r/build/m26-03r-assurance/static-report.json
