Running main() from /home/kbianco/.local/share/portfolio-control/worktrees/targets/cpp-rt-car-m26-03r/external/googletest/googletest/src/gtest_main.cc
Note: Google Test filter = MixedRateReplay.SimulationFailedCompletionRetainsBackendTimestamp
[==========] Running 1 test from 1 test suite.
[----------] Global test environment set-up.
[----------] 1 test from MixedRateReplay
[ RUN      ] MixedRateReplay.SimulationFailedCompletionRetainsBackendTimestamp
/home/kbianco/.local/share/portfolio-control/worktrees/targets/cpp-rt-car-m26-03r/tests/test_device_rate_simulation.cpp:356: Failure
Expected equality of these values:
  actions[i].timestamp_domain_identity
    Which is: 0
  201u
    Which is: 201

/home/kbianco/.local/share/portfolio-control/worktrees/targets/cpp-rt-car-m26-03r/tests/test_device_rate_simulation.cpp:357: Failure
Expected equality of these values:
  actions[i].timestamp
    Which is: 0
  900'000'000'000ull
    Which is: 900000000000

[  FAILED  ] MixedRateReplay.SimulationFailedCompletionRetainsBackendTimestamp (37 ms)
[----------] 1 test from MixedRateReplay (38 ms total)

[----------] Global test environment tear-down
[==========] 1 test from 1 test suite ran. (38 ms total)
[  PASSED  ] 0 tests.
[  FAILED  ] 1 test, listed below:
[  FAILED  ] MixedRateReplay.SimulationFailedCompletionRetainsBackendTimestamp

 1 FAILED TEST
