Running main() from /home/kbianco/.local/share/portfolio-control/worktrees/targets/cpp-rt-car-m26-03r/external/googletest/googletest/src/gtest_main.cc
Note: Google Test filter = CommandBatch.*:RateDispatch.*:MixedRateReplay.*
[==========] Running 59 tests from 3 test suites.
[----------] Global test environment set-up.
[----------] 38 tests from CommandBatch
[ RUN      ] CommandBatch.GraphPublicationObservesRetiredBatch
[       OK ] CommandBatch.GraphPublicationObservesRetiredBatch (0 ms)
[ RUN      ] CommandBatch.GraphPublicationCannotRetireTheNextOccupant
[       OK ] CommandBatch.GraphPublicationCannotRetireTheNextOccupant (0 ms)
[ RUN      ] CommandBatch.RetirementCapturesMetadataBeforeSlotReuse
[       OK ] CommandBatch.RetirementCapturesMetadataBeforeSlotReuse (0 ms)
[ RUN      ] CommandBatch.PreviouslyReleasedGraphStillRetiresOnce
[       OK ] CommandBatch.PreviouslyReleasedGraphStillRetiresOnce (0 ms)
[ RUN      ] CommandBatch.NotificationAfterEmptySelectionDoesNotParkWithQueuedWork
[       OK ] CommandBatch.NotificationAfterEmptySelectionDoesNotParkWithQueuedWork (0 ms)
[ RUN      ] CommandBatch.SubmissionSelectionAndStopDoNotPark
[       OK ] CommandBatch.SubmissionSelectionAndStopDoNotPark (0 ms)
[ RUN      ] CommandBatch.PublicConstantsLayoutsDefaultsAndAggregatePrefixAreExact
[       OK ] CommandBatch.PublicConstantsLayoutsDefaultsAndAggregatePrefixAreExact (0 ms)
[ RUN      ] CommandBatch.DeviceRateModelCompilesInspectsAccountsAndStarts
[       OK ] CommandBatch.DeviceRateModelCompilesInspectsAccountsAndStarts (12 ms)
[ RUN      ] CommandBatch.CpuToDeviceCrossRatePayloadIsCopiedBeforeProvider
[       OK ] CommandBatch.CpuToDeviceCrossRatePayloadIsCopiedBeforeProvider (11 ms)
[ RUN      ] CommandBatch.DeviceToCpuCrossRatePayloadPublishesOnlyOnCompletion
[       OK ] CommandBatch.DeviceToCpuCrossRatePayloadPublishesOnlyOnCompletion (12 ms)
[ RUN      ] CommandBatch.ActiveRateDispatchOverlapsIndependentDeviceReleases
[       OK ] CommandBatch.ActiveRateDispatchOverlapsIndependentDeviceReleases (14 ms)
[ RUN      ] CommandBatch.ActiveRateTimeoutIsCanceledOnceAndLateCompletionIsQuarantined
[       OK ] CommandBatch.ActiveRateTimeoutIsCanceledOnceAndLateCompletionIsQuarantined (16 ms)
[ RUN      ] CommandBatch.DeviceRateBindingRejectsLegacyAndSupportsCorrection
[       OK ] CommandBatch.DeviceRateBindingRejectsLegacyAndSupportsCorrection (1 ms)
[ RUN      ] CommandBatch.DeviceRateIdentityIsCanonicalAndIncludesAdmissionPolicy
[       OK ] CommandBatch.DeviceRateIdentityIsCanonicalAndIncludesAdmissionPolicy (1 ms)
[ RUN      ] CommandBatch.ExtensionDiscoveryRejectsMalformedAndPartialResults
[       OK ] CommandBatch.ExtensionDiscoveryRejectsMalformedAndPartialResults (0 ms)
[ RUN      ] CommandBatch.CapabilityDiscoverySeedsExactHeaderRejectsMalformedAndRetriesCleanly
[       OK ] CommandBatch.CapabilityDiscoverySeedsExactHeaderRejectsMalformedAndRetriesCleanly (0 ms)
[ RUN      ] CommandBatch.TimelineRegistrationIsBoundedFrozenAndInstanceIsolated
[       OK ] CommandBatch.TimelineRegistrationIsBoundedFrozenAndInstanceIsolated (0 ms)
[ RUN      ] CommandBatch.ResourceBoundsRejectSeventeenthTimelineAndNinthPhase
[       OK ] CommandBatch.ResourceBoundsRejectSeventeenthTimelineAndNinthPhase (0 ms)
[ RUN      ] CommandBatch.DispatchCompletesOnSubmissionAndServiceLanes
[       OK ] CommandBatch.DispatchCompletesOnSubmissionAndServiceLanes (9 ms)
[ RUN      ] CommandBatch.RepeatedSubmissionLifecyclesKeepIndependentOwnersDrained
[       OK ] CommandBatch.RepeatedSubmissionLifecyclesKeepIndependentOwnersDrained (138 ms)
[ RUN      ] CommandBatch.PriorAcceptedWaitMayAdvanceTheSameTimeline
[       OK ] CommandBatch.PriorAcceptedWaitMayAdvanceTheSameTimeline (8 ms)
[ RUN      ] CommandBatch.SubmitErrorsAndExceptionsProduceOneTerminalResult
[       OK ] CommandBatch.SubmitErrorsAndExceptionsProduceOneTerminalResult (18 ms)
[ RUN      ] CommandBatch.ProviderAndCompletionFailuresAreTerminalWithoutPublication
[       OK ] CommandBatch.ProviderAndCompletionFailuresAreTerminalWithoutPublication (19 ms)
[ RUN      ] CommandBatch.TimeoutCancelsAndBlockedSubmitIsReleasedByStopRequest
[       OK ] CommandBatch.TimeoutCancelsAndBlockedSubmitIsReleasedByStopRequest (22 ms)
[ RUN      ] CommandBatch.SaturationAcceptsOnlyTheFixedPrefixWithoutRetryOrSpill
[       OK ] CommandBatch.SaturationAcceptsOnlyTheFixedPrefixWithoutRetryOrSpill (19 ms)
[ RUN      ] CommandBatch.ExplicitFlushAndInvalidateOrderIsRequiredAndPreserved
[       OK ] CommandBatch.ExplicitFlushAndInvalidateOrderIsRequiredAndPreserved (32 ms)
[ RUN      ] CommandBatch.ActiveSubmitFailureRetiresWhileTimeoutLaneObserves
[       OK ] CommandBatch.ActiveSubmitFailureRetiresWhileTimeoutLaneObserves (761 ms)
[ RUN      ] CommandBatch.SimulationHostDelayPreservesLogicalBudget
[       OK ] CommandBatch.SimulationHostDelayPreservesLogicalBudget (27 ms)
[ RUN      ] CommandBatch.SimulationDefaultPathNegativeControlRetainsWallDeadline
[       OK ] CommandBatch.SimulationDefaultPathNegativeControlRetainsWallDeadline (12 ms)
[ RUN      ] CommandBatch.SimulationFrozenClockStillHasFiniteWatchdog
[       OK ] CommandBatch.SimulationFrozenClockStillHasFiniteWatchdog (57 ms)
[ RUN      ] CommandBatch.SimulationLogicalExpiryCannotPublishLateCompletion
[       OK ] CommandBatch.SimulationLogicalExpiryCannotPublishLateCompletion (24 ms)
[ RUN      ] CommandBatch.SimulationSubmittingAndEarlyCompletionRetainOwnership
[       OK ] CommandBatch.SimulationSubmittingAndEarlyCompletionRetainOwnership (115 ms)
[ RUN      ] CommandBatch.SimulationCleanupFailuresKeepOwnershipForRetry
[       OK ] CommandBatch.SimulationCleanupFailuresKeepOwnershipForRetry (56 ms)
[ RUN      ] CommandBatch.SimulationPolicyValidationReplacementAndFrozenMutation
[       OK ] CommandBatch.SimulationPolicyValidationReplacementAndFrozenMutation (0 ms)
[ RUN      ] CommandBatch.SimulationNativeCapabilityCannotOptIn
[       OK ] CommandBatch.SimulationNativeCapabilityCannotOptIn (0 ms)
[ RUN      ] CommandBatch.SimulationIndependentOwnersAndMemoryAccounting
[       OK ] CommandBatch.SimulationIndependentOwnersAndMemoryAccounting (18 ms)
[ RUN      ] CommandBatch.SimulationQueuedWatchdogExpiresBehindBlockedSubmit
[       OK ] CommandBatch.SimulationQueuedWatchdogExpiresBehindBlockedSubmit (109 ms)
[ RUN      ] CommandBatch.SimulationFailedBackendCompletionCannotAdvanceTimeline
[       OK ] CommandBatch.SimulationFailedBackendCompletionCannotAdvanceTimeline (7 ms)
[----------] 38 tests from CommandBatch (1532 ms total)

[----------] 6 tests from MixedRateReplay
[ RUN      ] MixedRateReplay.SimulationPolicyIdentityRejectsForeignCheckpointBeforeMutation
[       OK ] MixedRateReplay.SimulationPolicyIdentityRejectsForeignCheckpointBeforeMutation (15 ms)
[ RUN      ] MixedRateReplay.SimulationReplayUsesRecordedTimeAndKeepsHostWatchdog
[       OK ] MixedRateReplay.SimulationReplayUsesRecordedTimeAndKeepsHostWatchdog (58 ms)
[ RUN      ] MixedRateReplay.WatchdogTransitionsPreserveActualPriorLevelAtSaturation
[       OK ] MixedRateReplay.WatchdogTransitionsPreserveActualPriorLevelAtSaturation (27 ms)
[ RUN      ] MixedRateReplay.LiveControlWatchdogReplayClosesSaturatedFrames
[       OK ] MixedRateReplay.LiveControlWatchdogReplayClosesSaturatedFrames (39 ms)
[ RUN      ] MixedRateReplay.ActiveArtifactRoundTripsAndDrivesTranscriptDecisions
[       OK ] MixedRateReplay.ActiveArtifactRoundTripsAndDrivesTranscriptDecisions (4 ms)
[ RUN      ] MixedRateReplay.ParserRejectsMutationTrailingBytesAndShortOutput
[       OK ] MixedRateReplay.ParserRejectsMutationTrailingBytesAndShortOutput (3 ms)
[----------] 6 tests from MixedRateReplay (149 ms total)

[----------] 15 tests from RateDispatch
[ RUN      ] RateDispatch.DeviceRateCyclicAdmissionModelsWrapAndHalfOpenCapacity
[       OK ] RateDispatch.DeviceRateCyclicAdmissionModelsWrapAndHalfOpenCapacity (0 ms)
[ RUN      ] RateDispatch.DeviceRateRejectsPayloadAndCompletionCapacityMismatch
[       OK ] RateDispatch.DeviceRateRejectsPayloadAndCompletionCapacityMismatch (0 ms)
[ RUN      ] RateDispatch.DeviceRateAllowsDistinctBackendOverlapAndRejectsWaitCycle
[       OK ] RateDispatch.DeviceRateAllowsDistinctBackendOverlapAndRejectsWaitCycle (0 ms)
[ RUN      ] RateDispatch.PolicyIsOptInCopiedFrozenAndLegacyDispatchIsExact
[       OK ] RateDispatch.PolicyIsOptInCopiedFrozenAndLegacyDispatchIsExact (9 ms)
[ RUN      ] RateDispatch.AdmissionRejectsMalformedAndInfeasibleActivePlans
[       OK ] RateDispatch.AdmissionRejectsMalformedAndInfeasibleActivePlans (0 ms)
[ RUN      ] RateDispatch.AdmissionMatchesIndependentCompleteSupercycleSimulation
[       OK ] RateDispatch.AdmissionMatchesIndependentCompleteSupercycleSimulation (0 ms)
[ RUN      ] RateDispatch.RejectsD1CrossDomainDependenciesAndSkipProducers
[       OK ] RateDispatch.RejectsD1CrossDomainDependenciesAndSkipProducers (0 ms)
[ RUN      ] RateDispatch.ExecutesExactHalfOpenWindowsAndReportsContextAndCaps
[       OK ] RateDispatch.ExecutesExactHalfOpenWindowsAndReportsContextAndCaps (3 ms)
[ RUN      ] RateDispatch.CallbackFailureRejectsEveryUnattemptedSubstep
[       OK ] RateDispatch.CallbackFailureRejectsEveryUnattemptedSubstep (3 ms)
[ RUN      ] RateDispatch.AppliesSkipCatchUpDegradeAndFailPolicies
[       OK ] RateDispatch.AppliesSkipCatchUpDegradeAndFailPolicies (16 ms)
[ RUN      ] RateDispatch.PublishesCopiesHoldsAndRejectsDuplicateOrMissingPayloads
[       OK ] RateDispatch.PublishesCopiesHoldsAndRejectsDuplicateOrMissingPayloads (21 ms)
[ RUN      ] RateDispatch.PublishesEverySubstepAndUsesExactHeldSelection
[       OK ] RateDispatch.PublishesEverySubstepAndUsesExactHeldSelection (2 ms)
[ RUN      ] RateDispatch.PeriodicUsesAbsoluteReleaseAndAggregatesRateSummaries
[       OK ] RateDispatch.PeriodicUsesAbsoluteReleaseAndAggregatesRateSummaries (3 ms)
[ RUN      ] RateDispatch.TwoActiveRuntimeEpochsAndCursorsRemainIsolated
[       OK ] RateDispatch.TwoActiveRuntimeEpochsAndCursorsRemainIsolated (7 ms)
[ RUN      ] RateDispatch.ActiveCheckpointRoundTripsAndReplayIsExplicitlyRejected
[       OK ] RateDispatch.ActiveCheckpointRoundTripsAndReplayIsExplicitlyRejected (6 ms)
[----------] 15 tests from RateDispatch (75 ms total)

[----------] Global test environment tear-down
[==========] 59 tests from 3 test suites ran. (1757 ms total)
[  PASSED  ] 59 tests.
