Internal ctest changing into directory: /home/kbianco/.local/share/portfolio-control/worktrees/targets/cpp-rt-car-m24/build/agent-quick
Test project /home/kbianco/.local/share/portfolio-control/worktrees/targets/cpp-rt-car-m24/build/agent-quick
      Start 68: host_adapter_golden_system_contract
 1/16 Test #68: host_adapter_golden_system_contract ........   Passed    1.87 sec
      Start 69: host_adapter_golden_system_native
 2/16 Test #69: host_adapter_golden_system_native ..........   Passed    0.13 sec
      Start 70: host_adapter_golden_system_host
 3/16 Test #70: host_adapter_golden_system_host ............   Passed    0.13 sec
      Start 71: host_adapter_golden_system_external
 4/16 Test #71: host_adapter_golden_system_external ........   Passed    0.16 sec
      Start 72: host_adapter_golden_system_process
 5/16 Test #72: host_adapter_golden_system_process .........   Passed   14.05 sec
      Start 73: host_adapter_golden_cuda_contract
 6/16 Test #73: host_adapter_golden_cuda_contract ..........***Failed   17.56 sec
native replay rejected status=-3 active replay requires deterministic mock/loopback backends
foreign rejected=-16 
foreign rejected=-16 
parity host=0 count=1 ticks=24 workers=1 grain=1
parity host=0 count=17 ticks=24 workers=2 grain=4
parity host=0 count=16 ticks=24 workers=3 grain=16
parity host=0 count=256 ticks=24 workers=1 grain=64
parity host=0 count=16 ticks=24 workers=2 grain=4
parity host=0 count=16 ticks=24 workers=2 grain=4
parity host=0 count=16 ticks=24 workers=2 grain=4
parity host=0 count=16 ticks=24 workers=2 grain=4
parity host=0 count=256 ticks=1024 workers=3 grain=64
parity host=1 count=1 ticks=24 workers=1 grain=1
parity:83 failed: parked

      Start 74: host_adapter_golden_cuda_native_cpu
 7/16 Test #74: host_adapter_golden_cuda_native_cpu ........   Passed    0.13 sec
      Start 75: host_adapter_golden_cuda_native_kernel
 8/16 Test #75: host_adapter_golden_cuda_native_kernel .....   Passed    0.23 sec
      Start 76: host_adapter_golden_cuda_native_graph
 9/16 Test #76: host_adapter_golden_cuda_native_graph ......   Passed    0.15 sec
      Start 77: host_adapter_golden_cuda_host_cpu
10/16 Test #77: host_adapter_golden_cuda_host_cpu ..........   Passed    0.12 sec
      Start 78: host_adapter_golden_cuda_host_kernel
11/16 Test #78: host_adapter_golden_cuda_host_kernel .......   Passed    0.15 sec
      Start 79: host_adapter_golden_cuda_host_graph
12/16 Test #79: host_adapter_golden_cuda_host_graph ........   Passed    0.15 sec
      Start 80: host_adapter_golden_cuda_external_cpu
13/16 Test #80: host_adapter_golden_cuda_external_cpu ......   Passed    0.18 sec
      Start 81: host_adapter_golden_cuda_external_kernel
14/16 Test #81: host_adapter_golden_cuda_external_kernel ...   Passed    0.19 sec
      Start 82: host_adapter_golden_cuda_external_graph
15/16 Test #82: host_adapter_golden_cuda_external_graph ....   Passed    0.17 sec
      Start 83: host_adapter_golden_cuda_process
16/16 Test #83: host_adapter_golden_cuda_process ...........   Passed    9.47 sec

94% tests passed, 1 tests failed out of 16

Total Test time (real) =  44.85 sec

The following tests FAILED:
	 73 - host_adapter_golden_cuda_contract (Failed)
Errors while running CTest
