golden ticks=24 callbacks=108 replay=24 peer=ok cleanup=ok
golden ticks=24 callbacks=108 replay=18 peer=ok cleanup=ok
golden ticks=24 callbacks=108 replay=24 peer=ok cleanup=ok
golden ticks=24 callbacks=108 replay=24 peer=ok cleanup=ok
golden ticks=24 callbacks=108 replay=24 peer=ok cleanup=ok
golden ticks=24 callbacks=108 replay=24 peer=ok cleanup=ok
golden ticks=24 callbacks=108 replay=24 peer=ok cleanup=ok
golden ticks=24 callbacks=108 replay=18 peer=ok cleanup=ok
golden ticks=24 callbacks=108 replay=24 peer=ok cleanup=ok
golden ticks=24 callbacks=108 replay=24 peer=ok cleanup=ok
golden ticks=24 callbacks=108 replay=24 peer=ok cleanup=ok
golden ticks=24 callbacks=108 replay=24 peer=ok cleanup=ok
golden ticks=24 callbacks=108 replay=18 peer=ok cleanup=ok
golden ticks=24 callbacks=108 replay=18 peer=ok cleanup=ok
golden ticks=24 callbacks=108 replay=24 peer=ok cleanup=ok
golden ticks=24 callbacks=108 replay=18 peer=ok cleanup=ok
golden ticks=24 callbacks=108 replay=24 peer=ok cleanup=ok
golden ticks=24 callbacks=108 replay=24 peer=ok cleanup=ok
golden ticks=24 callbacks=108 replay=24 peer=ok cleanup=ok
golden ticks=24 callbacks=108 replay=24 peer=ok cleanup=ok
golden ticks=24 callbacks=108 replay=18 peer=ok cleanup=ok
golden ticks=24 callbacks=108 replay=18 peer=ok cleanup=ok
golden ticks=24 callbacks=108 replay=24 peer=ok cleanup=ok
golden ticks=24 callbacks=108 replay=18 peer=ok cleanup=ok
golden ticks=24 callbacks=108 replay=24 peer=ok cleanup=ok
golden ticks=24 callbacks=108 replay=24 peer=ok cleanup=ok
golden ticks=24 callbacks=108 replay=24 peer=ok cleanup=ok
golden ticks=24 callbacks=108 replay=24 peer=ok cleanup=ok
golden ticks=24 callbacks=108 replay=24 peer=ok cleanup=ok
golden ticks=24 callbacks=108 replay=18 peer=ok cleanup=ok
golden ticks=24 callbacks=108 replay=24 peer=ok cleanup=ok
golden ticks=24 callbacks=108 replay=24 peer=ok cleanup=ok
golden ticks=24 callbacks=108 replay=24 peer=ok cleanup=ok
golden ticks=24 callbacks=108 replay=24 peer=ok cleanup=ok
golden ticks=24 callbacks=108 replay=18 peer=ok cleanup=ok
golden ticks=24 callbacks=108 replay=18 peer=ok cleanup=ok
golden ticks=24 callbacks=108 replay=24 peer=ok cleanup=ok
golden ticks=24 callbacks=108 replay=18 peer=ok cleanup=ok
golden ticks=24 callbacks=108 replay=24 peer=ok cleanup=ok
golden ticks=24 callbacks=108 replay=24 peer=ok cleanup=ok
golden ticks=24 callbacks=108 replay=24 peer=ok cleanup=ok
golden ticks=24 callbacks=108 replay=24 peer=ok cleanup=ok
golden ticks=24 callbacks=108 replay=18 peer=ok cleanup=ok
golden ticks=24 callbacks=108 replay=18 peer=ok cleanup=ok
ready plant
golden ticks=24 callbacks=108 replay=24 peer=ok cleanup=ok
ready controller
controller status=ok sent=8
ready plant
golden ticks=24 callbacks=108 replay=24 peer=ok cleanup=ok
ready controller
controller status=ok sent=8
ready plant
golden ticks=24 callbacks=108 replay=24 peer=ok cleanup=ok
ready controller
controller status=ok sent=8
ready plant
golden ticks=24 callbacks=108 replay=24 peer=ok cleanup=ok
ready controller
controller status=ok sent=8
ready plant
golden ticks=24 callbacks=108 replay=24 peer=ok cleanup=ok
ready controller
controller status=ok sent=8
ready plant
golden ticks=24 callbacks=108 replay=24 peer=ok cleanup=ok
ready controller
controller status=ok sent=8
ready plant
golden ticks=24 callbacks=108 replay=24 peer=expired cleanup=ok
ready controller
controller status=ok sent=2
ready plant
golden ticks=24 callbacks=108 replay=24 peer=schema cleanup=ok
ready controller
controller status=ok sent=1
ready plant
golden ticks=24 callbacks=108 replay=24 peer=timeout cleanup=no_ack
ready controller
ready plant
golden ticks=24 callbacks=108 replay=24 peer=timeout cleanup=ok
ready controller
controller status=ok sent=0
usage: golden_cuda [--dispatch cpu|kernel|graph] [--fault none|device_loss|reset_failure] [--mode native|host] [--count 1..256] [--ticks 1..1024] [--workers 1..3] [--grain 1|4|16|64] [--campaign NAME] [--output DIRECTORY] [--peer NAME --generation N --timeout-ms N]
[Errno 2] No such file or directory: '/tmp/golden CUDA processes tyh6dwob/absent'
PASS 54 CLI/process cases and 40 false-evidence negatives
