golden ticks=24 callbacks=108 replay=24 peer=ok cleanup=ok
golden ticks=24 callbacks=108 replay=18 peer=ok cleanup=ok
golden ticks=24 callbacks=108 replay=24 peer=ok cleanup=ok
golden ticks=24 callbacks=108 replay=24 peer=ok cleanup=ok
golden ticks=24 callbacks=108 replay=24 peer=ok cleanup=ok
golden ticks=24 callbacks=108 replay=24 peer=ok cleanup=ok
golden ticks=24 callbacks=108 replay=24 peer=ok cleanup=ok
golden ticks=24 callbacks=108 replay=18 peer=ok cleanup=ok
golden ticks=24 callbacks=108 replay=24 peer=ok cleanup=ok
golden ticks=24 callbacks=108 replay=24 peer=ok cleanup=ok
golden ticks=24 callbacks=108 replay=24 peer=ok cleanup=ok
golden ticks=24 callbacks=108 replay=24 peer=ok cleanup=ok
golden ticks=24 callbacks=108 replay=18 peer=ok cleanup=ok
golden ticks=24 callbacks=108 replay=18 peer=ok cleanup=ok
golden ticks=24 callbacks=108 replay=24 peer=ok cleanup=ok
golden ticks=24 callbacks=108 replay=18 peer=ok cleanup=ok
golden ticks=24 callbacks=108 replay=24 peer=ok cleanup=ok
golden ticks=24 callbacks=108 replay=24 peer=ok cleanup=ok
golden ticks=24 callbacks=108 replay=24 peer=ok cleanup=ok
golden ticks=24 callbacks=108 replay=24 peer=ok cleanup=ok
golden ticks=24 callbacks=108 replay=18 peer=ok cleanup=ok
golden ticks=24 callbacks=108 replay=18 peer=ok cleanup=ok
PASS 22 native CLI cases
group native exit 0 seconds 66.34975189599209
golden ticks=24 callbacks=108 replay=24 peer=ok cleanup=ok
golden ticks=24 callbacks=108 replay=18 peer=ok cleanup=ok
golden ticks=24 callbacks=108 replay=24 peer=ok cleanup=ok
golden ticks=24 callbacks=108 replay=24 peer=ok cleanup=ok
golden ticks=24 callbacks=108 replay=24 peer=ok cleanup=ok
golden ticks=24 callbacks=108 replay=24 peer=ok cleanup=ok
golden ticks=24 callbacks=108 replay=24 peer=ok cleanup=ok
golden ticks=24 callbacks=108 replay=18 peer=ok cleanup=ok
golden ticks=24 callbacks=108 replay=24 peer=ok cleanup=ok
golden ticks=24 callbacks=108 replay=24 peer=ok cleanup=ok
golden ticks=24 callbacks=108 replay=24 peer=ok cleanup=ok
golden ticks=24 callbacks=108 replay=24 peer=ok cleanup=ok
golden ticks=24 callbacks=108 replay=18 peer=ok cleanup=ok
golden ticks=24 callbacks=108 replay=18 peer=ok cleanup=ok
golden ticks=24 callbacks=108 replay=24 peer=ok cleanup=ok
golden ticks=24 callbacks=108 replay=18 peer=ok cleanup=ok
golden ticks=24 callbacks=108 replay=24 peer=ok cleanup=ok
golden ticks=24 callbacks=108 replay=24 peer=ok cleanup=ok
golden ticks=24 callbacks=108 replay=24 peer=ok cleanup=ok
golden ticks=24 callbacks=108 replay=24 peer=ok cleanup=ok
golden ticks=24 callbacks=108 replay=18 peer=ok cleanup=ok
golden ticks=24 callbacks=108 replay=18 peer=ok cleanup=ok
PASS 22 host CLI cases
group host exit 0 seconds 45.891646787989885
ready plant
golden ticks=24 callbacks=108 replay=24 peer=ok cleanup=ok
ready controller
controller status=ok sent=8
ready plant
golden ticks=24 callbacks=108 replay=24 peer=ok cleanup=ok
ready controller
controller status=ok sent=8
ready plant
golden ticks=24 callbacks=108 replay=24 peer=ok cleanup=ok
ready controller
controller status=ok sent=8
ready plant
golden ticks=24 callbacks=108 replay=24 peer=ok cleanup=ok
ready controller
controller status=ok sent=8
ready plant
golden ticks=24 callbacks=108 replay=24 peer=ok cleanup=ok
ready controller
controller status=ok sent=8
ready plant
golden ticks=24 callbacks=108 replay=24 peer=ok cleanup=ok
ready controller
controller status=ok sent=8
ready plant
golden ticks=24 callbacks=108 replay=24 peer=expired cleanup=ok
ready controller
controller status=ok sent=2
ready plant
golden ticks=24 callbacks=108 replay=24 peer=schema cleanup=ok
ready controller
controller status=ok sent=1
ready plant
golden ticks=24 callbacks=108 replay=24 peer=timeout cleanup=no_ack
ready controller
ready plant
golden ticks=24 callbacks=108 replay=24 peer=timeout cleanup=ok
ready controller
controller status=ok sent=0
golden ticks=24 callbacks=108 replay=24 peer=ok cleanup=ok
usage: golden_cuda [--dispatch cpu|kernel|graph] [--fault none|device_loss|reset_failure] [--mode native|host] [--count 1..256] [--ticks 1..1024] [--workers 1..3] [--grain 1|4|16|64] [--campaign NAME] [--output DIRECTORY] [--peer NAME --generation N --timeout-ms N]
[Errno 2] No such file or directory: '/tmp/golden CUDA processes xmvz0zm6/absent'
PASS 11 CLI/process cases and 40 false-evidence negatives
group external exit 0 seconds 38.87102763808798
PASS all original CLI/process and mutation assertions under TSan, each group bounded120seconds
