Internal ctest changing into directory: /home/kbianco/.local/share/portfolio-control/worktrees/targets/cpp-rt-car-m24/build/agent-quick
Test project /home/kbianco/.local/share/portfolio-control/worktrees/targets/cpp-rt-car-m24/build/agent-quick
      Start  73: host_adapter_golden_cuda_contract
 1/35 Test  #73: host_adapter_golden_cuda_contract ...........   Passed   11.21 sec
      Start  74: host_adapter_golden_cuda_parity_1
 2/35 Test  #74: host_adapter_golden_cuda_parity_1 ...........   Passed    0.16 sec
      Start  75: host_adapter_golden_cuda_parity_2
 3/35 Test  #75: host_adapter_golden_cuda_parity_2 ...........   Passed    0.19 sec
      Start  76: host_adapter_golden_cuda_parity_3
 4/35 Test  #76: host_adapter_golden_cuda_parity_3 ...........   Passed    0.24 sec
      Start  77: host_adapter_golden_cuda_parity_4
 5/35 Test  #77: host_adapter_golden_cuda_parity_4 ...........   Passed    0.18 sec
      Start  78: host_adapter_golden_cuda_parity_5
 6/35 Test  #78: host_adapter_golden_cuda_parity_5 ...........   Passed    0.22 sec
      Start  79: host_adapter_golden_cuda_parity_6
 7/35 Test  #79: host_adapter_golden_cuda_parity_6 ...........   Passed    0.22 sec
      Start  80: host_adapter_golden_cuda_parity_7
 8/35 Test  #80: host_adapter_golden_cuda_parity_7 ...........   Passed    0.20 sec
      Start  81: host_adapter_golden_cuda_parity_8
 9/35 Test  #81: host_adapter_golden_cuda_parity_8 ...........   Passed    0.23 sec
      Start  82: host_adapter_golden_cuda_parity_9
10/35 Test  #82: host_adapter_golden_cuda_parity_9 ...........   Passed    2.44 sec
      Start  83: host_adapter_golden_cuda_parity_9_kernel
11/35 Test  #83: host_adapter_golden_cuda_parity_9_kernel ....   Passed    2.67 sec
      Start  84: host_adapter_golden_cuda_parity_9_graph
12/35 Test  #84: host_adapter_golden_cuda_parity_9_graph .....   Passed    2.52 sec
      Start  85: host_adapter_golden_cuda_parity_10
13/35 Test  #85: host_adapter_golden_cuda_parity_10 ..........   Passed    0.16 sec
      Start  86: host_adapter_golden_cuda_parity_11
14/35 Test  #86: host_adapter_golden_cuda_parity_11 ..........   Passed    0.16 sec
      Start  87: host_adapter_golden_cuda_parity_12
15/35 Test  #87: host_adapter_golden_cuda_parity_12 ..........   Passed    0.13 sec
      Start  88: host_adapter_golden_cuda_parity_13
16/35 Test  #88: host_adapter_golden_cuda_parity_13 ..........   Passed    0.15 sec
      Start  89: host_adapter_golden_cuda_parity_14
17/35 Test  #89: host_adapter_golden_cuda_parity_14 ..........   Passed    0.15 sec
      Start  90: host_adapter_golden_cuda_parity_15
18/35 Test  #90: host_adapter_golden_cuda_parity_15 ..........   Passed    0.14 sec
      Start  91: host_adapter_golden_cuda_parity_16
19/35 Test  #91: host_adapter_golden_cuda_parity_16 ..........   Passed    0.14 sec
      Start  92: host_adapter_golden_cuda_parity_17
20/35 Test  #92: host_adapter_golden_cuda_parity_17 ..........   Passed    0.14 sec
      Start  93: host_adapter_golden_cuda_parity_18
21/35 Test  #93: host_adapter_golden_cuda_parity_18 ..........   Passed    0.99 sec
      Start  94: host_adapter_golden_cuda_parity_18_kernel
22/35 Test  #94: host_adapter_golden_cuda_parity_18_kernel ...   Passed    1.04 sec
      Start  95: host_adapter_golden_cuda_parity_18_graph
23/35 Test  #95: host_adapter_golden_cuda_parity_18_graph ....   Passed    1.02 sec
      Start  96: host_adapter_golden_cuda_native_cpu
24/35 Test  #96: host_adapter_golden_cuda_native_cpu .........   Passed    0.13 sec
      Start  97: host_adapter_golden_cuda_native_kernel
25/35 Test  #97: host_adapter_golden_cuda_native_kernel ......   Passed    0.15 sec
      Start  98: host_adapter_golden_cuda_native_graph
26/35 Test  #98: host_adapter_golden_cuda_native_graph .......   Passed    0.15 sec
      Start  99: host_adapter_golden_cuda_host_cpu
27/35 Test  #99: host_adapter_golden_cuda_host_cpu ...........   Passed    0.12 sec
      Start 100: host_adapter_golden_cuda_host_kernel
28/35 Test #100: host_adapter_golden_cuda_host_kernel ........   Passed    0.14 sec
      Start 101: host_adapter_golden_cuda_host_graph
29/35 Test #101: host_adapter_golden_cuda_host_graph .........   Passed    0.15 sec
      Start 102: host_adapter_golden_cuda_external_cpu
30/35 Test #102: host_adapter_golden_cuda_external_cpu .......   Passed    0.18 sec
      Start 103: host_adapter_golden_cuda_external_kernel
31/35 Test #103: host_adapter_golden_cuda_external_kernel ....   Passed    0.19 sec
      Start 104: host_adapter_golden_cuda_external_graph
32/35 Test #104: host_adapter_golden_cuda_external_graph .....   Passed    0.20 sec
      Start 105: host_adapter_golden_cuda_process
33/35 Test #105: host_adapter_golden_cuda_process ............   Passed    5.00 sec
      Start 106: host_adapter_golden_cuda_process_native
34/35 Test #106: host_adapter_golden_cuda_process_native .....   Passed    2.86 sec
      Start 107: host_adapter_golden_cuda_process_host
35/35 Test #107: host_adapter_golden_cuda_process_host .......   Passed    2.52 sec

100% tests passed, 0 tests failed out of 35

Total Test time (real) =  36.52 sec
