native replay rejected status=-3 active replay requires deterministic mock/loopback backends
foreign rejected=-16 
foreign rejected=-16 
parity host=0 count=1 ticks=24 workers=1 grain=1
dispatch=0 begin
dispatch=0 steps complete
dispatch=0 replay complete
dispatch=1 begin
dispatch=1 steps complete
dispatch=1 replay complete
dispatch=2 begin
dispatch=2 steps complete
dispatch=2 replay complete
parity host=0 count=17 ticks=24 workers=2 grain=4
dispatch=0 begin
dispatch=0 steps complete
dispatch=0 replay complete
dispatch=1 begin
dispatch=1 steps complete
dispatch=1 replay complete
dispatch=2 begin
dispatch=2 steps complete
dispatch=2 replay complete
parity host=0 count=16 ticks=24 workers=3 grain=16
dispatch=0 begin
dispatch=0 steps complete
dispatch=0 replay complete
dispatch=1 begin
dispatch=1 steps complete
dispatch=1 replay complete
dispatch=2 begin
dispatch=2 steps complete
dispatch=2 replay complete
parity host=0 count=256 ticks=24 workers=1 grain=64
dispatch=0 begin
dispatch=0 steps complete
dispatch=0 replay complete
dispatch=1 begin
dispatch=1 steps complete
dispatch=1 replay complete
dispatch=2 begin
dispatch=2 steps complete
dispatch=2 replay complete
parity host=0 count=16 ticks=24 workers=2 grain=4
dispatch=0 begin
dispatch=0 steps complete
dispatch=0 replay complete
dispatch=1 begin
dispatch=1 steps complete
dispatch=1 replay complete
dispatch=2 begin
dispatch=2 steps complete
dispatch=2 replay complete
parity host=0 count=16 ticks=24 workers=2 grain=4
dispatch=0 begin
dispatch=0 steps complete
dispatch=0 replay complete
dispatch=1 begin
dispatch=1 steps complete
dispatch=1 replay complete
dispatch=2 begin
dispatch=2 steps complete
dispatch=2 replay complete
parity host=0 count=16 ticks=24 workers=2 grain=4
dispatch=0 begin
dispatch=0 steps complete
dispatch=0 replay complete
dispatch=1 begin
dispatch=1 steps complete
dispatch=1 replay complete
dispatch=2 begin
dispatch=2 steps complete
dispatch=2 replay complete
parity host=0 count=16 ticks=24 workers=2 grain=4
dispatch=0 begin
dispatch=0 steps complete
dispatch=0 replay complete
dispatch=1 begin
dispatch=1 steps complete
dispatch=1 replay complete
dispatch=2 begin
dispatch=2 steps complete
dispatch=2 replay complete
parity host=0 count=256 ticks=1024 workers=3 grain=64
dispatch=0 begin
dispatch=0 steps complete
dispatch=0 replay complete
dispatch=1 begin
dispatch=1 steps complete
dispatch=1 replay complete
dispatch=2 begin
dispatch=2 steps complete
dispatch=2 replay complete
parity host=1 count=1 ticks=24 workers=1 grain=1
dispatch=0 begin
dispatch=0 steps complete
dispatch=0 replay complete
dispatch=1 begin
dispatch=1 steps complete
dispatch=1 replay complete
dispatch=2 begin
dispatch=2 steps complete
dispatch=2 replay complete
parity host=1 count=17 ticks=24 workers=2 grain=4
dispatch=0 begin
dispatch=0 steps complete
dispatch=0 replay complete
dispatch=1 begin
dispatch=1 steps complete
dispatch=1 replay complete
dispatch=2 begin
dispatch=2 steps complete
dispatch=2 replay complete
parity host=1 count=16 ticks=24 workers=3 grain=16
dispatch=0 begin
dispatch=0 steps complete
dispatch=0 replay complete
dispatch=1 begin
dispatch=1 steps complete
dispatch=1 replay complete
dispatch=2 begin
dispatch=2 steps complete
dispatch=2 replay complete
parity host=1 count=256 ticks=24 workers=1 grain=64
dispatch=0 begin
dispatch=0 steps complete
dispatch=0 replay complete
dispatch=1 begin
dispatch=1 steps complete
dispatch=1 replay complete
dispatch=2 begin
dispatch=2 steps complete
dispatch=2 replay complete
parity host=1 count=16 ticks=24 workers=2 grain=4
dispatch=0 begin
dispatch=0 steps complete
dispatch=0 replay complete
dispatch=1 begin
dispatch=1 steps complete
dispatch=1 replay complete
dispatch=2 begin
dispatch=2 steps complete
dispatch=2 replay complete
parity host=1 count=16 ticks=24 workers=2 grain=4
dispatch=0 begin
dispatch=0 steps complete
dispatch=0 replay complete
dispatch=1 begin
dispatch=1 steps complete
dispatch=1 replay complete
dispatch=2 begin
dispatch=2 steps complete
dispatch=2 replay complete
parity host=1 count=16 ticks=24 workers=2 grain=4
dispatch=0 begin
dispatch=0 steps complete
dispatch=0 replay complete
dispatch=1 begin
dispatch=1 steps complete
dispatch=1 replay complete
dispatch=2 begin
dispatch=2 steps complete
dispatch=2 replay complete
parity host=1 count=16 ticks=24 workers=2 grain=4
dispatch=0 begin
dispatch=0 steps complete
dispatch=0 replay complete
dispatch=1 begin
dispatch=1 steps complete
dispatch=1 replay complete
dispatch=2 begin
dispatch=2 steps complete
dispatch=2 replay complete
parity host=1 count=256 ticks=1024 workers=3 grain=64
dispatch=0 begin
dispatch=0 steps complete
dispatch=0 replay complete
dispatch=1 begin
dispatch=1 steps complete
dispatch=1 replay complete
dispatch=2 begin
dispatch=2 steps complete
dispatch=2 replay complete
PASS requested golden CUDA test cases
