Internal ctest changing into directory: /home/kbianco/.local/share/portfolio-control/worktrees/targets/cpp-rt-car-m24/build/m26-03-toolkit-consumer
Test project /home/kbianco/.local/share/portfolio-control/worktrees/targets/cpp-rt-car-m24/build/m26-03-toolkit-consumer
      Start  1: installed_c_shared
 1/51 Test  #1: installed_c_shared ........................   Passed    0.01 sec
      Start  2: installed_c_static
 2/51 Test  #2: installed_c_static ........................   Passed    0.01 sec
      Start  3: installed_c_shared_compat
 3/51 Test  #3: installed_c_shared_compat .................   Passed    0.01 sec
      Start  4: installed_c_static_compat
 4/51 Test  #4: installed_c_static_compat .................   Passed    0.01 sec
      Start  5: installed_cpp_runtime
 5/51 Test  #5: installed_cpp_runtime .....................   Passed    0.01 sec
      Start  6: installed_loopback
 6/51 Test  #6: installed_loopback ........................   Passed    0.00 sec
      Start  7: installed_mixed_rate
 7/51 Test  #7: installed_mixed_rate ......................   Passed    0.02 sec
      Start  8: installed_live_control
 8/51 Test  #8: installed_live_control ....................   Passed    0.01 sec
      Start  9: installed_live_control_replay
 9/51 Test  #9: installed_live_control_replay .............   Passed    0.01 sec
      Start 10: installed_live_control_replay_replaced
10/51 Test #10: installed_live_control_replay_replaced ....   Passed    0.01 sec
      Start 11: installed_live_control_replay_rejected
11/51 Test #11: installed_live_control_replay_rejected ....   Passed    0.01 sec
      Start 12: installed_live_control_sdk
12/51 Test #12: installed_live_control_sdk ................   Passed    0.01 sec
      Start 13: installed_extension_c
13/51 Test #13: installed_extension_c .....................   Passed    0.00 sec
      Start 14: installed_extension_cpp
14/51 Test #14: installed_extension_cpp ...................   Passed    0.01 sec
      Start 15: installed_cpp_compat
15/51 Test #15: installed_cpp_compat ......................   Passed    0.00 sec
      Start 16: installed_cpp_profile
16/51 Test #16: installed_cpp_profile .....................   Passed    0.00 sec
      Start 17: installed_cuda_backend
17/51 Test #17: installed_cuda_backend ....................   Passed    0.00 sec
      Start 18: installed_xdma_backend
18/51 Test #18: installed_xdma_backend ....................   Passed    0.00 sec
      Start 19: installed_policy_isolation
19/51 Test #19: installed_policy_isolation ................   Passed    0.00 sec
      Start 20: installed_cuda_driver
20/51 Test #20: installed_cuda_driver .....................   Passed    0.00 sec
      Start 21: installed_pure_c_project
21/51 Test #21: installed_pure_c_project ..................   Passed    0.23 sec
      Start 22: device_rate_simulation_package_consumer
22/51 Test #22: device_rate_simulation_package_consumer ...   Passed    0.01 sec
      Start 23: rtfw_golden_cuda_real_help
23/51 Test #23: rtfw_golden_cuda_real_help ................   Passed    0.00 sec
      Start 24: hello_runtime_output
24/51 Test #24: hello_runtime_output ......................   Passed    0.02 sec
      Start 25: typed_runtime_output
25/51 Test #25: typed_runtime_output ......................   Passed    0.02 sec
      Start 26: backend_authoring_output
26/51 Test #26: backend_authoring_output ..................   Passed    0.02 sec
      Start 27: cil_shared_memory_processes
27/51 Test #27: cil_shared_memory_processes ...............   Passed   15.28 sec
      Start 28: host_adapter_native
28/51 Test #28: host_adapter_native .......................   Passed    0.04 sec
      Start 29: host_adapter_host
29/51 Test #29: host_adapter_host .........................   Passed    0.02 sec
      Start 30: recipe_raw_c
30/51 Test #30: recipe_raw_c ..............................   Passed    0.01 sec
      Start 31: recipe_raw_cpp
31/51 Test #31: recipe_raw_cpp ............................   Passed    0.01 sec
      Start 32: recipe_profile
32/51 Test #32: recipe_profile ............................   Passed    0.00 sec
      Start 33: recipe_mixed_rate
33/51 Test #33: recipe_mixed_rate .........................   Passed    0.02 sec
      Start 34: recipe_live_control
34/51 Test #34: recipe_live_control .......................   Passed    0.01 sec
      Start 35: recipe_replay
35/51 Test #35: recipe_replay .............................   Passed    0.01 sec
      Start 36: recipe_replay_replaced
36/51 Test #36: recipe_replay_replaced ....................   Passed    0.01 sec
      Start 37: recipe_replay_rejected
37/51 Test #37: recipe_replay_rejected ....................   Passed    0.01 sec
      Start 38: recipe_cuda_boundary
38/51 Test #38: recipe_cuda_boundary ......................   Passed    0.00 sec
      Start 39: recipe_xdma_boundary
39/51 Test #39: recipe_xdma_boundary ......................   Passed    0.00 sec
      Start 40: golden_kit_native
40/51 Test #40: golden_kit_native .........................   Passed    0.13 sec
      Start 41: golden_kit_host
41/51 Test #41: golden_kit_host ...........................   Passed    0.13 sec
      Start 42: golden_kit_external
42/51 Test #42: golden_kit_external .......................   Passed    0.18 sec
      Start 43: golden_cuda_kit_native_cpu
43/51 Test #43: golden_cuda_kit_native_cpu ................   Passed    0.13 sec
      Start 44: golden_cuda_kit_native_kernel
44/51 Test #44: golden_cuda_kit_native_kernel .............   Passed    0.16 sec
      Start 45: golden_cuda_kit_native_graph
45/51 Test #45: golden_cuda_kit_native_graph ..............   Passed    0.16 sec
      Start 46: golden_cuda_kit_host_cpu
46/51 Test #46: golden_cuda_kit_host_cpu ..................   Passed    0.13 sec
      Start 47: golden_cuda_kit_host_kernel
47/51 Test #47: golden_cuda_kit_host_kernel ...............   Passed    0.14 sec
      Start 48: golden_cuda_kit_host_graph
48/51 Test #48: golden_cuda_kit_host_graph ................   Passed    0.14 sec
      Start 49: golden_cuda_kit_external_cpu
49/51 Test #49: golden_cuda_kit_external_cpu ..............   Passed    0.17 sec
      Start 50: golden_cuda_kit_external_kernel
50/51 Test #50: golden_cuda_kit_external_kernel ...........   Passed    0.25 sec
      Start 51: golden_cuda_kit_external_graph
51/51 Test #51: golden_cuda_kit_external_graph ............   Passed    0.20 sec

100% tests passed, 0 tests failed out of 51

Total Test time (real) =  17.76 sec
