Internal ctest changing into directory: /home/kbianco/.local/share/portfolio-control/worktrees/targets/cpp-rt-car-m24/build/agent-quick
Test project /home/kbianco/.local/share/portfolio-control/worktrees/targets/cpp-rt-car-m24/build/agent-quick
      Start  68: host_adapter_golden_system_contract
 1/40 Test  #68: host_adapter_golden_system_contract .........   Passed    1.99 sec
      Start  69: host_adapter_golden_system_native
 2/40 Test  #69: host_adapter_golden_system_native ...........   Passed    0.14 sec
      Start  70: host_adapter_golden_system_host
 3/40 Test  #70: host_adapter_golden_system_host .............   Passed    0.14 sec
      Start  71: host_adapter_golden_system_external
 4/40 Test  #71: host_adapter_golden_system_external .........   Passed    0.16 sec
      Start  72: host_adapter_golden_system_process
 5/40 Test  #72: host_adapter_golden_system_process ..........   Passed   13.91 sec
      Start  73: host_adapter_golden_cuda_contract
 6/40 Test  #73: host_adapter_golden_cuda_contract ...........   Passed   11.17 sec
      Start  74: host_adapter_golden_cuda_parity_1
 7/40 Test  #74: host_adapter_golden_cuda_parity_1 ...........   Passed    0.16 sec
      Start  75: host_adapter_golden_cuda_parity_2
 8/40 Test  #75: host_adapter_golden_cuda_parity_2 ...........   Passed    0.19 sec
      Start  76: host_adapter_golden_cuda_parity_3
 9/40 Test  #76: host_adapter_golden_cuda_parity_3 ...........   Passed    0.23 sec
      Start  77: host_adapter_golden_cuda_parity_4
10/40 Test  #77: host_adapter_golden_cuda_parity_4 ...........   Passed    0.17 sec
      Start  78: host_adapter_golden_cuda_parity_5
11/40 Test  #78: host_adapter_golden_cuda_parity_5 ...........   Passed    0.18 sec
      Start  79: host_adapter_golden_cuda_parity_6
12/40 Test  #79: host_adapter_golden_cuda_parity_6 ...........   Passed    0.15 sec
      Start  80: host_adapter_golden_cuda_parity_7
13/40 Test  #80: host_adapter_golden_cuda_parity_7 ...........   Passed    0.19 sec
      Start  81: host_adapter_golden_cuda_parity_8
14/40 Test  #81: host_adapter_golden_cuda_parity_8 ...........   Passed    0.18 sec
      Start  82: host_adapter_golden_cuda_parity_9
15/40 Test  #82: host_adapter_golden_cuda_parity_9 ...........   Passed    2.31 sec
      Start  83: host_adapter_golden_cuda_parity_9_kernel
16/40 Test  #83: host_adapter_golden_cuda_parity_9_kernel ....   Passed    1.59 sec
      Start  84: host_adapter_golden_cuda_parity_9_graph
17/40 Test  #84: host_adapter_golden_cuda_parity_9_graph .....   Passed    2.30 sec
      Start  85: host_adapter_golden_cuda_parity_10
18/40 Test  #85: host_adapter_golden_cuda_parity_10 ..........   Passed    0.13 sec
      Start  86: host_adapter_golden_cuda_parity_11
19/40 Test  #86: host_adapter_golden_cuda_parity_11 ..........   Passed    0.14 sec
      Start  87: host_adapter_golden_cuda_parity_12
20/40 Test  #87: host_adapter_golden_cuda_parity_12 ..........   Passed    0.14 sec
      Start  88: host_adapter_golden_cuda_parity_13
21/40 Test  #88: host_adapter_golden_cuda_parity_13 ..........   Passed    0.13 sec
      Start  89: host_adapter_golden_cuda_parity_14
22/40 Test  #89: host_adapter_golden_cuda_parity_14 ..........   Passed    0.19 sec
      Start  90: host_adapter_golden_cuda_parity_15
23/40 Test  #90: host_adapter_golden_cuda_parity_15 ..........   Passed    0.17 sec
      Start  91: host_adapter_golden_cuda_parity_16
24/40 Test  #91: host_adapter_golden_cuda_parity_16 ..........   Passed    0.14 sec
      Start  92: host_adapter_golden_cuda_parity_17
25/40 Test  #92: host_adapter_golden_cuda_parity_17 ..........   Passed    0.15 sec
      Start  93: host_adapter_golden_cuda_parity_18
26/40 Test  #93: host_adapter_golden_cuda_parity_18 ..........   Passed    0.92 sec
      Start  94: host_adapter_golden_cuda_parity_18_kernel
27/40 Test  #94: host_adapter_golden_cuda_parity_18_kernel ...   Passed    1.16 sec
      Start  95: host_adapter_golden_cuda_parity_18_graph
28/40 Test  #95: host_adapter_golden_cuda_parity_18_graph ....   Passed    1.01 sec
      Start  96: host_adapter_golden_cuda_native_cpu
29/40 Test  #96: host_adapter_golden_cuda_native_cpu .........   Passed    0.12 sec
      Start  97: host_adapter_golden_cuda_native_kernel
30/40 Test  #97: host_adapter_golden_cuda_native_kernel ......   Passed    0.14 sec
      Start  98: host_adapter_golden_cuda_native_graph
31/40 Test  #98: host_adapter_golden_cuda_native_graph .......   Passed    0.15 sec
      Start  99: host_adapter_golden_cuda_host_cpu
32/40 Test  #99: host_adapter_golden_cuda_host_cpu ...........   Passed    0.11 sec
      Start 100: host_adapter_golden_cuda_host_kernel
33/40 Test #100: host_adapter_golden_cuda_host_kernel ........   Passed    0.16 sec
      Start 101: host_adapter_golden_cuda_host_graph
34/40 Test #101: host_adapter_golden_cuda_host_graph .........   Passed    0.19 sec
      Start 102: host_adapter_golden_cuda_external_cpu
35/40 Test #102: host_adapter_golden_cuda_external_cpu .......   Passed    0.19 sec
      Start 103: host_adapter_golden_cuda_external_kernel
36/40 Test #103: host_adapter_golden_cuda_external_kernel ....   Passed    0.21 sec
      Start 104: host_adapter_golden_cuda_external_graph
37/40 Test #104: host_adapter_golden_cuda_external_graph .....   Passed    0.25 sec
      Start 105: host_adapter_golden_cuda_process
38/40 Test #105: host_adapter_golden_cuda_process ............   Passed    4.68 sec
      Start 106: host_adapter_golden_cuda_process_native
39/40 Test #106: host_adapter_golden_cuda_process_native .....   Passed    2.73 sec
      Start 107: host_adapter_golden_cuda_process_host
40/40 Test #107: host_adapter_golden_cuda_process_host .......   Passed    2.44 sec

100% tests passed, 0 tests failed out of 40

Total Test time (real) =  50.81 sec
