BUILD ['c++', '-std=c++20', '-O1', '-g', '-fno-omit-frame-pointer', '-fsanitize=address,undefined', '-fno-pie', '-no-pie', '-Irt/include', '-Icore/include', '-Iinclude', 'tests/golden_cuda/test_cuda.cpp', 'tests/golden_cuda/allocation.cpp', '/home/kbianco/.local/share/portfolio-control/worktrees/targets/cpp-rt-car-m26-03r/build/m26-03r-asan/librtfw_cuda_backend.a', '/home/kbianco/.local/share/portfolio-control/worktrees/targets/cpp-rt-car-m26-03r/build/m26-03r-asan/librtfw_runtime.a', '-pthread', '-o', '/tmp/cpp-m26-03-asan-final']
RUN ['/tmp/cpp-m26-03-asan-final', '--case', '0']
native replay rejected status=-3 active replay requires deterministic mock/loopback backends
foreign rejected=-16 
foreign rejected=-16 
PASS requested golden CUDA test cases
PASS seconds 14.35
RUN ['/tmp/cpp-m26-03-asan-final', '--case', '1']
parity host=0 count=1 ticks=24 workers=1 grain=1
dispatch=0 begin
dispatch=0 steps complete
dispatch=0 replay complete
dispatch=1 begin
dispatch=1 steps complete
dispatch=1 replay complete
dispatch=2 begin
dispatch=2 steps complete
dispatch=2 replay complete
PASS requested golden CUDA test cases
PASS seconds 1.17
RUN ['/tmp/cpp-m26-03-asan-final', '--case', '2']
parity host=0 count=17 ticks=24 workers=2 grain=4
dispatch=0 begin
dispatch=0 steps complete
dispatch=0 replay complete
dispatch=1 begin
dispatch=1 steps complete
dispatch=1 replay complete
dispatch=2 begin
dispatch=2 steps complete
dispatch=2 replay complete
PASS requested golden CUDA test cases
PASS seconds 1.27
RUN ['/tmp/cpp-m26-03-asan-final', '--case', '3']
parity host=0 count=16 ticks=24 workers=3 grain=16
dispatch=0 begin
dispatch=0 steps complete
dispatch=0 replay complete
dispatch=1 begin
dispatch=1 steps complete
dispatch=1 replay complete
dispatch=2 begin
dispatch=2 steps complete
dispatch=2 replay complete
PASS requested golden CUDA test cases
PASS seconds 1.37
RUN ['/tmp/cpp-m26-03-asan-final', '--case', '4']
parity host=0 count=256 ticks=24 workers=1 grain=64
dispatch=0 begin
dispatch=0 steps complete
dispatch=0 replay complete
dispatch=1 begin
dispatch=1 steps complete
dispatch=1 replay complete
dispatch=2 begin
dispatch=2 steps complete
dispatch=2 replay complete
PASS requested golden CUDA test cases
PASS seconds 1.27
RUN ['/tmp/cpp-m26-03-asan-final', '--case', '5']
parity host=0 count=16 ticks=24 workers=2 grain=4
dispatch=0 begin
dispatch=0 steps complete
dispatch=0 replay complete
dispatch=1 begin
dispatch=1 steps complete
dispatch=1 replay complete
dispatch=2 begin
dispatch=2 steps complete
dispatch=2 replay complete
PASS requested golden CUDA test cases
PASS seconds 1.32
RUN ['/tmp/cpp-m26-03-asan-final', '--case', '6']
parity host=0 count=16 ticks=24 workers=2 grain=4
dispatch=0 begin
dispatch=0 steps complete
dispatch=0 replay complete
dispatch=1 begin
dispatch=1 steps complete
dispatch=1 replay complete
dispatch=2 begin
dispatch=2 steps complete
dispatch=2 replay complete
PASS requested golden CUDA test cases
PASS seconds 1.32
RUN ['/tmp/cpp-m26-03-asan-final', '--case', '7']
parity host=0 count=16 ticks=24 workers=2 grain=4
dispatch=0 begin
dispatch=0 steps complete
dispatch=0 replay complete
dispatch=1 begin
dispatch=1 steps complete
dispatch=1 replay complete
dispatch=2 begin
dispatch=2 steps complete
dispatch=2 replay complete
PASS requested golden CUDA test cases
PASS seconds 1.32
RUN ['/tmp/cpp-m26-03-asan-final', '--case', '8']
parity host=0 count=16 ticks=24 workers=2 grain=4
dispatch=0 begin
dispatch=0 steps complete
dispatch=0 replay complete
dispatch=1 begin
dispatch=1 steps complete
dispatch=1 replay complete
dispatch=2 begin
dispatch=2 steps complete
dispatch=2 replay complete
PASS requested golden CUDA test cases
PASS seconds 1.32
RUN ['/tmp/cpp-m26-03-asan-final', '--case', '9', '--dispatch', 'cpu', '--reference', '/tmp/cpp-m26-03-asan-final-reference-9']
parity host=0 count=256 ticks=1024 workers=3 grain=64
dispatch=0 begin
dispatch=0 steps complete
dispatch=0 replay complete
PASS requested golden CUDA test cases
PASS seconds 12.35
RUN ['/tmp/cpp-m26-03-asan-final', '--case', '9', '--dispatch', 'kernel', '--reference', '/tmp/cpp-m26-03-asan-final-reference-9']
parity host=0 count=256 ticks=1024 workers=3 grain=64
dispatch=1 begin
dispatch=1 steps complete
dispatch=1 replay complete
PASS requested golden CUDA test cases
PASS seconds 14.05
RUN ['/tmp/cpp-m26-03-asan-final', '--case', '9', '--dispatch', 'graph', '--reference', '/tmp/cpp-m26-03-asan-final-reference-9']
parity host=0 count=256 ticks=1024 workers=3 grain=64
dispatch=2 begin
dispatch=2 steps complete
dispatch=2 replay complete
PASS requested golden CUDA test cases
PASS seconds 13.5
RUN ['/tmp/cpp-m26-03-asan-final', '--case', '10']
parity host=1 count=1 ticks=24 workers=1 grain=1
dispatch=0 begin
dispatch=0 steps complete
dispatch=0 replay complete
dispatch=1 begin
dispatch=1 steps complete
dispatch=1 replay complete
dispatch=2 begin
dispatch=2 steps complete
dispatch=2 replay complete
PASS requested golden CUDA test cases
PASS seconds 1.12
RUN ['/tmp/cpp-m26-03-asan-final', '--case', '11']
parity host=1 count=17 ticks=24 workers=2 grain=4
dispatch=0 begin
dispatch=0 steps complete
dispatch=0 replay complete
dispatch=1 begin
dispatch=1 steps complete
dispatch=1 replay complete
dispatch=2 begin
dispatch=2 steps complete
dispatch=2 replay complete
PASS requested golden CUDA test cases
PASS seconds 0.97
RUN ['/tmp/cpp-m26-03-asan-final', '--case', '12']
parity host=1 count=16 ticks=24 workers=3 grain=16
dispatch=0 begin
dispatch=0 steps complete
dispatch=0 replay complete
dispatch=1 begin
dispatch=1 steps complete
dispatch=1 replay complete
dispatch=2 begin
dispatch=2 steps complete
dispatch=2 replay complete
PASS requested golden CUDA test cases
PASS seconds 0.92
RUN ['/tmp/cpp-m26-03-asan-final', '--case', '13']
parity host=1 count=256 ticks=24 workers=1 grain=64
dispatch=0 begin
dispatch=0 steps complete
dispatch=0 replay complete
dispatch=1 begin
dispatch=1 steps complete
dispatch=1 replay complete
dispatch=2 begin
dispatch=2 steps complete
dispatch=2 replay complete
PASS requested golden CUDA test cases
PASS seconds 0.97
RUN ['/tmp/cpp-m26-03-asan-final', '--case', '14']
parity host=1 count=16 ticks=24 workers=2 grain=4
dispatch=0 begin
dispatch=0 steps complete
dispatch=0 replay complete
dispatch=1 begin
dispatch=1 steps complete
dispatch=1 replay complete
dispatch=2 begin
dispatch=2 steps complete
dispatch=2 replay complete
PASS requested golden CUDA test cases
PASS seconds 1.07
RUN ['/tmp/cpp-m26-03-asan-final', '--case', '15']
parity host=1 count=16 ticks=24 workers=2 grain=4
dispatch=0 begin
dispatch=0 steps complete
dispatch=0 replay complete
dispatch=1 begin
dispatch=1 steps complete
dispatch=1 replay complete
dispatch=2 begin
dispatch=2 steps complete
dispatch=2 replay complete
PASS requested golden CUDA test cases
PASS seconds 1.02
RUN ['/tmp/cpp-m26-03-asan-final', '--case', '16']
parity host=1 count=16 ticks=24 workers=2 grain=4
dispatch=0 begin
dispatch=0 steps complete
dispatch=0 replay complete
dispatch=1 begin
dispatch=1 steps complete
dispatch=1 replay complete
dispatch=2 begin
dispatch=2 steps complete
dispatch=2 replay complete
PASS requested golden CUDA test cases
PASS seconds 1.17
RUN ['/tmp/cpp-m26-03-asan-final', '--case', '17']
parity host=1 count=16 ticks=24 workers=2 grain=4
dispatch=0 begin
dispatch=0 steps complete
dispatch=0 replay complete
dispatch=1 begin
dispatch=1 steps complete
dispatch=1 replay complete
dispatch=2 begin
dispatch=2 steps complete
dispatch=2 replay complete
PASS requested golden CUDA test cases
PASS seconds 1.12
RUN ['/tmp/cpp-m26-03-asan-final', '--case', '18', '--dispatch', 'cpu', '--reference', '/tmp/cpp-m26-03-asan-final-reference-18']
parity host=1 count=256 ticks=1024 workers=3 grain=64
dispatch=0 begin
dispatch=0 steps complete
dispatch=0 replay complete
PASS requested golden CUDA test cases
PASS seconds 7.58
RUN ['/tmp/cpp-m26-03-asan-final', '--case', '18', '--dispatch', 'kernel', '--reference', '/tmp/cpp-m26-03-asan-final-reference-18']
parity host=1 count=256 ticks=1024 workers=3 grain=64
dispatch=1 begin
dispatch=1 steps complete
dispatch=1 replay complete
PASS requested golden CUDA test cases
PASS seconds 9.79
RUN ['/tmp/cpp-m26-03-asan-final', '--case', '18', '--dispatch', 'graph', '--reference', '/tmp/cpp-m26-03-asan-final-reference-18']
parity host=1 count=256 ticks=1024 workers=3 grain=64
dispatch=2 begin
dispatch=2 steps complete
dispatch=2 replay complete
PASS requested golden CUDA test cases
PASS seconds 8.59
PASS asan 23 cases
