Internal ctest changing into directory: /home/kbianco/.local/share/portfolio-control/worktrees/targets/cpp-rt-car-m24/build/agent-quick
Test project /home/kbianco/.local/share/portfolio-control/worktrees/targets/cpp-rt-car-m24/build/agent-quick
      Start  68: host_adapter_golden_system_contract
 1/34 Test  #68: host_adapter_golden_system_contract ........   Passed    2.14 sec
      Start  69: host_adapter_golden_system_native
 2/34 Test  #69: host_adapter_golden_system_native ..........   Passed    0.13 sec
      Start  70: host_adapter_golden_system_host
 3/34 Test  #70: host_adapter_golden_system_host ............   Passed    0.14 sec
      Start  71: host_adapter_golden_system_external
 4/34 Test  #71: host_adapter_golden_system_external ........   Passed    0.15 sec
      Start  72: host_adapter_golden_system_process
 5/34 Test  #72: host_adapter_golden_system_process .........   Passed   14.28 sec
      Start  73: host_adapter_golden_cuda_contract
 6/34 Test  #73: host_adapter_golden_cuda_contract ..........   Passed   11.07 sec
      Start  74: host_adapter_golden_cuda_parity_1
 7/34 Test  #74: host_adapter_golden_cuda_parity_1 ..........   Passed    0.18 sec
      Start  75: host_adapter_golden_cuda_parity_2
 8/34 Test  #75: host_adapter_golden_cuda_parity_2 ..........   Passed    0.17 sec
      Start  76: host_adapter_golden_cuda_parity_3
 9/34 Test  #76: host_adapter_golden_cuda_parity_3 ..........   Passed    0.26 sec
      Start  77: host_adapter_golden_cuda_parity_4
10/34 Test  #77: host_adapter_golden_cuda_parity_4 ..........   Passed    0.20 sec
      Start  78: host_adapter_golden_cuda_parity_5
11/34 Test  #78: host_adapter_golden_cuda_parity_5 ..........   Passed    0.19 sec
      Start  79: host_adapter_golden_cuda_parity_6
12/34 Test  #79: host_adapter_golden_cuda_parity_6 ..........   Passed    0.21 sec
      Start  80: host_adapter_golden_cuda_parity_7
13/34 Test  #80: host_adapter_golden_cuda_parity_7 ..........   Passed    0.17 sec
      Start  81: host_adapter_golden_cuda_parity_8
14/34 Test  #81: host_adapter_golden_cuda_parity_8 ..........   Passed    0.20 sec
      Start  82: host_adapter_golden_cuda_parity_9
15/34 Test  #82: host_adapter_golden_cuda_parity_9 ..........   Passed    7.10 sec
      Start  83: host_adapter_golden_cuda_parity_10
16/34 Test  #83: host_adapter_golden_cuda_parity_10 .........   Passed    0.14 sec
      Start  84: host_adapter_golden_cuda_parity_11
17/34 Test  #84: host_adapter_golden_cuda_parity_11 .........   Passed    0.15 sec
      Start  85: host_adapter_golden_cuda_parity_12
18/34 Test  #85: host_adapter_golden_cuda_parity_12 .........   Passed    0.14 sec
      Start  86: host_adapter_golden_cuda_parity_13
19/34 Test  #86: host_adapter_golden_cuda_parity_13 .........   Passed    0.17 sec
      Start  87: host_adapter_golden_cuda_parity_14
20/34 Test  #87: host_adapter_golden_cuda_parity_14 .........   Passed    0.14 sec
      Start  88: host_adapter_golden_cuda_parity_15
21/34 Test  #88: host_adapter_golden_cuda_parity_15 .........   Passed    0.13 sec
      Start  89: host_adapter_golden_cuda_parity_16
22/34 Test  #89: host_adapter_golden_cuda_parity_16 .........   Passed    0.14 sec
      Start  90: host_adapter_golden_cuda_parity_17
23/34 Test  #90: host_adapter_golden_cuda_parity_17 .........   Passed    0.12 sec
      Start  91: host_adapter_golden_cuda_parity_18
24/34 Test  #91: host_adapter_golden_cuda_parity_18 .........   Passed    3.00 sec
      Start  92: host_adapter_golden_cuda_native_cpu
25/34 Test  #92: host_adapter_golden_cuda_native_cpu ........   Passed    0.11 sec
      Start  93: host_adapter_golden_cuda_native_kernel
26/34 Test  #93: host_adapter_golden_cuda_native_kernel .....   Passed    0.18 sec
      Start  94: host_adapter_golden_cuda_native_graph
27/34 Test  #94: host_adapter_golden_cuda_native_graph ......   Passed    0.13 sec
      Start  95: host_adapter_golden_cuda_host_cpu
28/34 Test  #95: host_adapter_golden_cuda_host_cpu ..........   Passed    0.12 sec
      Start  96: host_adapter_golden_cuda_host_kernel
29/34 Test  #96: host_adapter_golden_cuda_host_kernel .......   Passed    0.14 sec
      Start  97: host_adapter_golden_cuda_host_graph
30/34 Test  #97: host_adapter_golden_cuda_host_graph ........   Passed    0.13 sec
      Start  98: host_adapter_golden_cuda_external_cpu
31/34 Test  #98: host_adapter_golden_cuda_external_cpu ......   Passed    0.22 sec
      Start  99: host_adapter_golden_cuda_external_kernel
32/34 Test  #99: host_adapter_golden_cuda_external_kernel ...   Passed    0.19 sec
      Start 100: host_adapter_golden_cuda_external_graph
33/34 Test #100: host_adapter_golden_cuda_external_graph ....   Passed    0.18 sec
      Start 101: host_adapter_golden_cuda_process
34/34 Test #101: host_adapter_golden_cuda_process ...........   Passed    9.66 sec

100% tests passed, 0 tests failed out of 34

Total Test time (real) =  51.80 sec
