['build/m26-03-toolkit-consumer/rtfw_golden_cuda_real', '--help']
golden_cuda_real [--dispatch kernel|graph] [--mode native|host] [--count 1..256] [--ticks 1..1024] [--workers 1..3] [--grain 1|4|16|64] [--output DIRECTORY]
Native replay unsupported; absent driver/device exits3 NOT_RUN.
exit=0
['build/m26-03-toolkit-consumer/rtfw_golden_cuda_real']
status=NOT_RUN reason=CUDA_driver_library_unavailable
exit=3
build/m26-03-toolkit-consumer/rtfw_golden_cuda_real

Dynamic section at offset 0x2dc8 contains 27 entries:
  Tag        Type                         Name/Value
 0x0000000000000001 (NEEDED)             Shared library: [libstdc++.so.6]
 0x0000000000000001 (NEEDED)             Shared library: [libc.so.6]
 0x000000000000000c (INIT)               0x1000
 0x000000000000000d (FINI)               0x12ac
 0x0000000000000019 (INIT_ARRAY)         0x3db0
 0x000000000000001b (INIT_ARRAYSZ)       16 (bytes)
 0x000000000000001a (FINI_ARRAY)         0x3dc0
 0x000000000000001c (FINI_ARRAYSZ)       8 (bytes)
 0x000000006ffffef5 (GNU_HASH)           0x3a0
 0x0000000000000005 (STRTAB)             0x568
 0x0000000000000006 (SYMTAB)             0x3d0
 0x000000000000000a (STRSZ)              371 (bytes)
 0x000000000000000b (SYMENT)             24 (bytes)
 0x0000000000000015 (DEBUG)              0x0
 0x0000000000000003 (PLTGOT)             0x3fe8
 0x0000000000000002 (PLTRELSZ)           192 (bytes)
 0x0000000000000014 (PLTREL)             RELA
 0x0000000000000017 (JMPREL)             0x880
 0x0000000000000007 (RELA)               0x760
 0x0000000000000008 (RELASZ)             288 (bytes)
 0x0000000000000009 (RELAENT)            24 (bytes)
 0x000000006ffffffb (FLAGS_1)            Flags: PIE
 0x000000006ffffffe (VERNEED)            0x700
 0x000000006fffffff (VERNEEDNUM)         2
 0x000000006ffffff0 (VERSYM)             0x6dc
 0x000000006ffffff9 (RELACOUNT)          4
 0x0000000000000000 (NULL)               0x0
build/m26-03-toolkit-consumer/rtfw_golden_cuda_real_driver

Dynamic section at offset 0xebd30 contains 32 entries:
  Tag        Type                         Name/Value
 0x0000000000000001 (NEEDED)             Shared library: [libcuda.so.1]
 0x0000000000000001 (NEEDED)             Shared library: [libstdc++.so.6]
 0x0000000000000001 (NEEDED)             Shared library: [libm.so.6]
 0x0000000000000001 (NEEDED)             Shared library: [libgcc_s.so.1]
 0x0000000000000001 (NEEDED)             Shared library: [libc.so.6]
 0x0000000000000001 (NEEDED)             Shared library: [ld-linux-x86-64.so.2]
 0x000000000000001d (RUNPATH)            Library runpath: [/tmp/cpp-m24-cuda-toolkit/lib/stubs]
 0x000000000000000c (INIT)               0x5000
 0x000000000000000d (FINI)               0xcfbd0
 0x0000000000000019 (INIT_ARRAY)         0xeb208
 0x000000000000001b (INIT_ARRAYSZ)       16 (bytes)
 0x000000000000001a (FINI_ARRAY)         0xeb218
 0x000000000000001c (FINI_ARRAYSZ)       8 (bytes)
 0x000000006ffffef5 (GNU_HASH)           0x3d8
 0x0000000000000005 (STRTAB)             0x1578
 0x0000000000000006 (SYMTAB)             0x420
 0x000000000000000a (STRSZ)              4483 (bytes)
 0x000000000000000b (SYMENT)             24 (bytes)
 0x0000000000000015 (DEBUG)              0x0
 0x0000000000000003 (PLTGOT)             0xebfe8
 0x0000000000000002 (PLTRELSZ)           3816 (bytes)
 0x0000000000000014 (PLTREL)             RELA
 0x0000000000000017 (JMPREL)             0x3b18
 0x0000000000000007 (RELA)               0x2a20
 0x0000000000000008 (RELASZ)             4344 (bytes)
 0x0000000000000009 (RELAENT)            24 (bytes)
 0x000000006ffffffb (FLAGS_1)            Flags: PIE
 0x000000006ffffffe (VERNEED)            0x2870
 0x000000006fffffff (VERNEEDNUM)         5
 0x000000006ffffff0 (VERSYM)             0x26fc
 0x000000006ffffff9 (RELACOUNT)          146
 0x0000000000000000 (NULL)               0x0
PASS installed launcher help/missing driver and isolated loader dependency
