repository=/home/kbianco/.local/share/portfolio-control/worktrees/targets/cpp-rt-car-m24
mode=full
started=2026-09-29T07:47:14+00:00
head=e7c09d765eaf86e846453075e2c030d0b6cc10df

>>> [contract] git diff --check

>>> [contract] python3 tools/check_docs_contract.py
PASS: SDK manual/API/source inventory and local fragments (116 files)
Documentation contract OK

>>> [contract] python3 tools/generate_golden_config.py --check
PASS: compiled golden constants match frozen contract

>>> [contract] python3 -m unittest discover -s tests/golden_system -p "test_*.py"
.........................
----------------------------------------------------------------------
Ran 25 tests in 0.306s

OK

>>> [contract] python3 -m unittest discover -s tests/installed_docs -p "test_*.py"
.....+ ["/usr/bin/python3", "-c", "import sys;print(sys.argv[1])", "path with spaces $(never-execute) `literal`"]
path with spaces $(never-execute) `literal`
.+ ["/usr/bin/python3", "-c", "raise SystemExit(3)"]
+ ["/usr/bin/python3", "-c", "print(\"actual\")"]
actual
.
----------------------------------------------------------------------
Ran 7 tests in 0.070s

OK

>>> [contract] python3 tools/check_release_contract.py
Release contract OK

>>> [contract] python3 tests/test_release_tools.py
...................................
----------------------------------------------------------------------
Ran 35 tests in 1.133s

OK

>>> [contract] python3 tools/check_c_abi.py
C ABI v8 verified: 70 symbols, fingerprint 0xd0e7a5a14bf35f97

>>> [contract] python3 tools/sbom.py verify-dependencies --policy tools/sbom_expected.json
{"dependencies": [{"identity": "7e17b15f1547bb8dd9c2fed91043b7af3437387f", "license": "BSD-3-Clause", "name": "googletest", "purpose": "build/test only"}, {"identity": "6e8dadfdafa3a74eabb52ead87f8787f72eccd0b", "license": "BSD-2-Clause", "name": "rapidcheck", "purpose": "build/test only"}, {"identity": "3f7e1436a0b11806abbddce274164a491091223e", "license": "MIT", "name": "vcpkg", "purpose": "build input only"}], "identity_only": true, "schema_version": 1, "vulnerability_clearance": false, "workflow_actions": [{"commit": "11d5960a326750d5838078e36cf38b85af677262", "name": "actions/checkout"}, {"commit": "2031cfc080254a8a887f58cffee85186f0e49e48", "name": "actions/dependency-review-action"}, {"commit": "d3f86a106a0bac45b974a628896c90dbdf5c8093", "name": "actions/download-artifact"}, {"commit": "a26af69be951a213d495a4c3e4e4022e16d87065", "name": "actions/setup-python"}, {"commit": "ea165f8d65b6e75b540449e92b4886f43607fa02", "name": "actions/upload-artifact"}, {"commit": "e22c389904149dbc22b58101806040fa8d37a610", "name": "anchore/sbom-action"}]}

>>> [contract] python3 tools/provenance.py verify-fixture --repo-root . --policy release/portable-assurance-policy.json
{"cryptographic_fixture_verified": true, "current_revocation_checked": false, "key_id": "b1833d5789db9754f9af98125ca2320e7fcbf69d5b57fc300a782485e3612ccf", "schema_version": 1, "target_authenticated": false}

>>> [quick] cmake -S . -B build/agent-quick -DCMAKE_BUILD_TYPE=RelWithDebInfo -DENABLE_TESTS=ON -DRTFW_BUILD_EXPERIMENTAL=OFF -DSIM_WERROR=OFF
-- Configuring done
-- Generating done
-- Build files have been written to: /home/kbianco/.local/share/portfolio-control/worktrees/targets/cpp-rt-car-m24/build/agent-quick

>>> [quick] cmake --build build/agent-quick --parallel 2
[  1%] Built target rtfw_cuda_backend
[ 18%] Built target rtfw_runtime
[ 19%] Built target rtfw_xdma_backend
[ 19%] Building CXX object samples/CMakeFiles/sample_cuda_pipeline.dir/cuda_physics/pipeline/main.cpp.o
[ 20%] Built target gtest
[ 20%] Building CXX object samples/CMakeFiles/sample_cuda_physics.dir/cuda_physics/main.cpp.o
[ 21%] Linking CXX executable sample_cuda_physics
[ 21%] Built target sample_cuda_physics
[ 22%] Building CXX object samples/CMakeFiles/sample_embed_cpp.dir/embed_cpp/mini_app.cpp.o
[ 23%] Linking CXX executable sample_cuda_pipeline
[ 23%] Built target sample_cuda_pipeline
[ 24%] Building CXX object samples/CMakeFiles/sample_device_mock.dir/device_mock.cpp.o
[ 24%] Linking CXX executable sample_embed_cpp
[ 24%] Built target sample_embed_cpp
[ 24%] Building CXX object samples/CMakeFiles/sample_cpu_gpu_fpga_cpu.dir/cpu_gpu_fpga_cpu.cpp.o
[ 24%] Linking CXX executable sample_device_mock
[ 24%] Built target sample_device_mock
[ 24%] Building CXX object samples/CMakeFiles/sample_live_control_typed.dir/live_control_typed.cpp.o
[ 25%] Linking CXX executable sample_cpu_gpu_fpga_cpu
[ 25%] Built target sample_cpu_gpu_fpga_cpu
[ 25%] Building CXX object samples/CMakeFiles/sample_cuda_lifetime.dir/cuda_physics/lifetime/main.cpp.o
[ 26%] Linking CXX executable sample_live_control_typed
[ 26%] Built target sample_live_control_typed
[ 26%] Building CXX object samples/CMakeFiles/sample_hello_runtime.dir/hello_runtime/main.cpp.o
[ 27%] Linking CXX executable sample_hello_runtime
[ 27%] Built target sample_hello_runtime
[ 28%] Building CXX object samples/CMakeFiles/sample_typed_runtime.dir/typed_runtime/main.cpp.o
[ 28%] Linking CXX executable sample_typed_runtime
[ 28%] Built target sample_typed_runtime
[ 29%] Building CXX object samples/CMakeFiles/sample_backend_authoring.dir/backend_authoring/main.cpp.o
[ 30%] Linking CXX executable sample_cuda_lifetime
[ 30%] Built target sample_cuda_lifetime
[ 31%] Building CXX object samples/CMakeFiles/sample_cil_plant.dir/cil_shared_memory/plant.cpp.o
[ 31%] Linking CXX executable sample_backend_authoring
[ 31%] Built target sample_backend_authoring
[ 32%] Linking CXX executable sample_cil_plant
[ 32%] Linking CXX executable sample_cil_controller
[ 33%] Built target sample_cil_controller
[ 33%] Building CXX object samples/CMakeFiles/sample_host_adapter.dir/host_adapter/main.cpp.o
[ 33%] Built target sample_cil_plant
[ 34%] Built target sample_golden_system
[ 35%] Built target sample_golden_controller
[ 37%] Built target sample_golden_cuda
[ 37%] Building CXX object samples/recipes/CMakeFiles/recipe_raw_cpp.dir/__/__/tests/package_consumer/cpp_consumer.cpp.o
[ 38%] Linking CXX executable recipe_raw_cpp
[ 38%] Built target recipe_raw_cpp
[ 39%] Building CXX object samples/recipes/CMakeFiles/recipe_profile.dir/__/__/tests/package_consumer/profile_consumer.cpp.o
[ 40%] Linking CXX executable sample_host_adapter
[ 40%] Built target sample_host_adapter
[ 41%] Building CXX object samples/recipes/CMakeFiles/recipe_mixed_rate.dir/__/__/tests/package_consumer/mixed_rate_consumer.cpp.o
[ 42%] Linking CXX executable recipe_profile
[ 42%] Built target recipe_profile
[ 43%] Building CXX object samples/recipes/CMakeFiles/recipe_live_control.dir/__/__/tests/package_consumer/live_control_consumer.cpp.o
[ 43%] Linking CXX executable recipe_mixed_rate
[ 43%] Built target recipe_mixed_rate
[ 43%] Building CXX object samples/recipes/CMakeFiles/recipe_replay.dir/__/__/tests/package_consumer/live_control_replay_consumer.cpp.o
[ 43%] Linking CXX executable recipe_live_control
[ 43%] Built target recipe_live_control
[ 44%] Built target recipe_cuda_boundary
[ 45%] Built target recipe_xdma_boundary
[ 46%] Built target test_extension_fixture_bad
[ 47%] Built target test_extension_fixture
[ 48%] Building CXX object tests/CMakeFiles/rtfw_cuda_physics_tests.dir/test_cuda_physics.cpp.o
[ 49%] Linking CXX executable recipe_replay
[ 49%] Built target recipe_replay
[ 50%] Building CXX object tests/CMakeFiles/rtfw_cpu_gpu_fpga_cpu_sample_tests.dir/test_cpu_gpu_fpga_cpu_sample.cpp.o
[ 50%] Linking CXX executable rtfw_cuda_physics_tests
[ 50%] Built target rtfw_cuda_physics_tests
[ 51%] Built target test_golden_cuda
[ 52%] Building CXX object tests/golden_system/CMakeFiles/test_golden_system.dir/test_system.cpp.o
[ 52%] Linking CXX executable rtfw_cpu_gpu_fpga_cpu_sample_tests
[ 52%] Built target rtfw_cpu_gpu_fpga_cpu_sample_tests
[ 53%] Building CXX object tests/CMakeFiles/rtfw_simulation_timing_noalloc.dir/device_rate_simulation/noalloc.cpp.o
[ 53%] Linking CXX executable rtfw_simulation_timing_noalloc
[ 53%] Built target rtfw_simulation_timing_noalloc
[ 54%] Building CXX object tests/host_adapter/CMakeFiles/test_host_adapter.dir/test_host.cpp.o
[ 54%] Linking CXX executable test_golden_system
[ 54%] Built target test_golden_system
[ 54%] Building CXX object tests/CMakeFiles/rtfw_runtime_profile_tests.dir/runtime_profile_tests.cpp.o
[ 54%] Linking CXX executable test_host_adapter
[ 54%] Built target test_host_adapter
[ 55%] Built target rtfw_xdma_backend_tests
[ 56%] Building CXX object tests/CMakeFiles/rtfw_cuda_pipeline_tests.dir/test_cuda_pipeline.cpp.o
[ 57%] Linking CXX executable rtfw_runtime_profile_tests
[ 57%] Built target rtfw_runtime_profile_tests
[ 58%] Building CXX object tests/CMakeFiles/rtfw_cuda_lifetime_tests.dir/test_cuda_lifetime.cpp.o
[ 58%] Linking CXX executable rtfw_cuda_pipeline_tests
[ 58%] Linking CXX executable rtfw_cuda_lifetime_tests
[ 58%] Built target rtfw_cuda_pipeline_tests
[ 58%] Building CXX object tests/hello_runtime/CMakeFiles/hello_capacity_failure.dir/capacity.cpp.o
[ 58%] Built target rtfw_cuda_lifetime_tests
[ 59%] Building CXX object tests/hello_runtime/CMakeFiles/hello_step_failure.dir/step.cpp.o
[ 60%] Linking CXX executable hello_capacity_failure
[ 60%] Linking CXX executable hello_step_failure
[ 60%] Built target hello_step_failure
[ 61%] Building CXX object tests/typed_runtime/CMakeFiles/test_typed_sdk.dir/test_sdk.cpp.o
[ 61%] Built target hello_capacity_failure
[ 61%] Building CXX object tests/backend_authoring/CMakeFiles/test_backend_authoring.dir/test_backend.cpp.o
[ 62%] Linking CXX executable test_typed_sdk
[ 62%] Built target test_typed_sdk
[ 62%] Building CXX object tests/cil_shared_memory/CMakeFiles/test_cil_shared_memory.dir/test_cil.cpp.o
[ 63%] Linking CXX executable test_backend_authoring
[ 63%] Built target test_backend_authoring
[ 64%] Building CXX object CMakeFiles/simcore_rt.dir/rt/src/runtime.cpp.o
[ 65%] Linking CXX executable test_cil_shared_memory
[ 65%] Built target test_cil_shared_memory
[ 66%] Building CXX object CMakeFiles/rtfw_shared.dir/src/c_abi.cpp.o
[ 66%] Linking CXX shared library librtfw.so
[ 66%] Built target rtfw_shared
[ 67%] Building CXX object CMakeFiles/rtfw_static.dir/src/c_abi.cpp.o
[ 68%] Linking CXX static library libsimcore_rt.a
[ 68%] Linking CXX static library librtfw_static.a
[ 68%] Built target simcore_rt
[ 68%] Building CXX object CMakeFiles/rtfw_runtime_demo.dir/src/runtime_profile_demo.cpp.o
[ 68%] Built target rtfw_static
[ 69%] Built target gmock
[ 70%] Built target gtest_main
[ 70%] Linking C executable sample_embed_c
[ 71%] Built target sample_embed_c
[ 71%] Linking CXX executable sample_embed_c_static
[ 72%] Built target sample_embed_c_static
[ 73%] Linking CXX executable recipe_raw_c
[ 73%] Built target recipe_raw_c
[ 73%] Building CXX object tests/CMakeFiles/simcore_tests.dir/test_host_runtime.cpp.o
[ 74%] Linking CXX executable rtfw_runtime_demo
[ 74%] Built target rtfw_runtime_demo
[ 74%] Building CXX object tests/CMakeFiles/rtfw_thread_policy_rollback_test.dir/test_thread_policy.cpp.o
[ 75%] Building CXX object tests/CMakeFiles/simcore_tests.dir/test_periodic_runtime.cpp.o
[ 76%] Linking CXX executable rtfw_thread_policy_rollback_test
[ 76%] Built target rtfw_thread_policy_rollback_test
[ 76%] Building CXX object tests/CMakeFiles/simcore_tests.dir/test_platform_preflight.cpp.o
[ 77%] Building CXX object tests/CMakeFiles/simcore_tests.dir/test_compiled_graph.cpp.o
[ 78%] Building CXX object tests/CMakeFiles/simcore_tests.dir/test_executor.cpp.o
[ 78%] Building CXX object tests/CMakeFiles/simcore_tests.dir/test_memory_plan.cpp.o
[ 79%] Building CXX object tests/CMakeFiles/simcore_tests.dir/test_observability.cpp.o
native replay rejected status=-3 active replay requires deterministic mock/loopback backends
foreign rejected=-16 
foreign rejected=-16 
PASS CPU/kernel/Graph semantic parity, exact oracles, counters, zero allocation and trusted replay
[ 79%] Built target golden_cuda_determinism_check
golden state, controls, replay, recovery, allocation: PASS
golden ticks=24 callbacks=108 replay=24 peer=ok cleanup=ok
PASS: portable golden run/state/replay; hardware and RT qualification not performed
golden ticks=24 callbacks=108 replay=24 peer=ok cleanup=ok
PASS: portable golden run/state/replay; hardware and RT qualification not performed
[ 79%] Built target golden_determinism_check
[ 79%] Building CXX object tests/CMakeFiles/simcore_tests.dir/test_determinism_replay.cpp.o
[ 80%] Built target test_cabi_dlopen
[ 80%] Building CXX object tests/CMakeFiles/rtfw_host_adapter_tests.dir/host_adapter_tests.cpp.o
[ 81%] Linking CXX executable rtfw_host_adapter_tests
[ 81%] Built target rtfw_host_adapter_tests
[ 82%] Built target gmock_main
[ 83%] Building CXX object tests/CMakeFiles/rtfw_determinism_artifact.dir/determinism_artifact.cpp.o
[ 84%] Linking CXX executable rtfw_determinism_artifact
[ 84%] Built target rtfw_determinism_artifact
[ 85%] Building CXX object tests/CMakeFiles/simcore_tests.dir/test_device_runtime.cpp.o
[ 85%] Building CXX object tests/CMakeFiles/simcore_tests.dir/test_cuda_backend.cpp.o
[ 86%] Building CXX object tests/CMakeFiles/simcore_tests.dir/test_vendor_hal_v2.cpp.o
[ 86%] Building CXX object tests/CMakeFiles/simcore_tests.dir/test_extension_registration.cpp.o
[ 87%] Building CXX object tests/CMakeFiles/simcore_tests.dir/test_command_batch.cpp.o
[ 88%] Building CXX object tests/CMakeFiles/simcore_tests.dir/test_device_rate_simulation.cpp.o
[ 88%] Building CXX object tests/CMakeFiles/simcore_tests.dir/test_heterogeneous_memory.cpp.o
[ 89%] Building CXX object tests/CMakeFiles/simcore_tests.dir/test_hal_v2.cpp.o
[ 89%] Building CXX object tests/CMakeFiles/simcore_tests.dir/test_cross_rate_data.cpp.o
[ 90%] Building CXX object tests/CMakeFiles/simcore_tests.dir/test_rate_dispatch.cpp.o
[ 90%] Building CXX object tests/CMakeFiles/simcore_tests.dir/test_rate_telemetry.cpp.o
[ 91%] Building CXX object tests/CMakeFiles/simcore_tests.dir/test_rate_timeline.cpp.o
[ 91%] Building CXX object tests/CMakeFiles/simcore_tests.dir/test_sampled_io.cpp.o
[ 92%] Building CXX object tests/CMakeFiles/simcore_tests.dir/test_loopback_backend.cpp.o
[ 92%] Building CXX object tests/CMakeFiles/simcore_tests.dir/test_live_control_mailbox.cpp.o
[ 93%] Building CXX object tests/CMakeFiles/simcore_tests.dir/test_live_control_actions.cpp.o
[ 94%] Building CXX object tests/CMakeFiles/simcore_tests.dir/test_live_control_sdk.cpp.o
[ 94%] Building CXX object tests/CMakeFiles/simcore_tests.dir/test_live_control_stress.cpp.o
[ 95%] Building CXX object tests/CMakeFiles/simcore_tests.dir/test_live_control_active_replay.cpp.o
[ 95%] Building CXX object tests/CMakeFiles/simcore_tests.dir/test_mixed_rate_actions.cpp.o
[ 96%] Building CXX object tests/CMakeFiles/simcore_tests.dir/test_mixed_rate_replay.cpp.o
[ 96%] Building CXX object tests/CMakeFiles/simcore_tests.dir/test_mixed_rate_conformance.cpp.o
[ 97%] Building CXX object tests/CMakeFiles/simcore_tests.dir/test_cpu_memory_policy.cpp.o
[ 97%] Building CXX object tests/CMakeFiles/simcore_tests.dir/test_memory_policy.cpp.o
[ 98%] Building CXX object tests/CMakeFiles/simcore_tests.dir/test_thread_policy.cpp.o
[100%] Linking CXX executable simcore_tests
[100%] Built target simcore_tests

>>> [quick] ctest --test-dir build/agent-quick --output-on-failure
Internal ctest changing into directory: /home/kbianco/.local/share/portfolio-control/worktrees/targets/cpp-rt-car-m24/build/agent-quick
Test project /home/kbianco/.local/share/portfolio-control/worktrees/targets/cpp-rt-car-m24/build/agent-quick
      Start  1: sample_cuda_pipeline
 1/83 Test  #1: sample_cuda_pipeline .......................   Passed    0.04 sec
      Start  2: sample_cuda_physics
 2/83 Test  #2: sample_cuda_physics ........................   Passed    0.02 sec
      Start  3: sample_embed_c
 3/83 Test  #3: sample_embed_c .............................   Passed    0.02 sec
      Start  4: sample_embed_c_static
 4/83 Test  #4: sample_embed_c_static ......................   Passed    0.02 sec
      Start  5: sample_embed_cpp
 5/83 Test  #5: sample_embed_cpp ...........................   Passed    0.02 sec
      Start  6: sample_device_mock
 6/83 Test  #6: sample_device_mock .........................   Passed    0.01 sec
      Start  7: sample_live_control_typed
 7/83 Test  #7: sample_live_control_typed ..................   Passed    0.02 sec
      Start  8: sample_cpu_gpu_fpga_cpu
 8/83 Test  #8: sample_cpu_gpu_fpga_cpu ....................   Passed    0.03 sec
      Start  9: sample_cuda_lifetime
 9/83 Test  #9: sample_cuda_lifetime .......................   Passed   21.04 sec
      Start 10: hello_runtime_output
10/83 Test #10: hello_runtime_output .......................   Passed    0.02 sec
      Start 11: typed_runtime_output
11/83 Test #11: typed_runtime_output .......................   Passed    0.02 sec
      Start 12: backend_authoring_output
12/83 Test #12: backend_authoring_output ...................   Passed    0.02 sec
      Start 13: cil_shared_memory_processes
13/83 Test #13: cil_shared_memory_processes ................   Passed   15.31 sec
      Start 14: host_adapter_native
14/83 Test #14: host_adapter_native ........................   Passed    0.04 sec
      Start 15: host_adapter_host
15/83 Test #15: host_adapter_host ..........................   Passed    0.02 sec
      Start 16: recipe_raw_c
16/83 Test #16: recipe_raw_c ...............................   Passed    0.01 sec
      Start 17: recipe_raw_cpp
17/83 Test #17: recipe_raw_cpp .............................   Passed    0.01 sec
      Start 18: recipe_profile
18/83 Test #18: recipe_profile .............................   Passed    0.00 sec
      Start 19: recipe_mixed_rate
19/83 Test #19: recipe_mixed_rate ..........................   Passed    0.02 sec
      Start 20: recipe_live_control
20/83 Test #20: recipe_live_control ........................   Passed    0.01 sec
      Start 21: recipe_replay
21/83 Test #21: recipe_replay ..............................   Passed    0.01 sec
      Start 22: recipe_replay_replaced
22/83 Test #22: recipe_replay_replaced .....................   Passed    0.01 sec
      Start 23: recipe_replay_rejected
23/83 Test #23: recipe_replay_rejected .....................   Passed    0.01 sec
      Start 24: recipe_cuda_boundary
24/83 Test #24: recipe_cuda_boundary .......................   Passed    0.00 sec
      Start 25: recipe_xdma_boundary
25/83 Test #25: recipe_xdma_boundary .......................   Passed    0.00 sec
      Start 26: simcore_all
26/83 Test #26: simcore_all ................................   Passed   14.60 sec
      Start 27: m22_live_control_mailbox
27/83 Test #27: m22_live_control_mailbox ...................   Passed    0.32 sec
      Start 28: m22_live_control_sdk
28/83 Test #28: m22_live_control_sdk .......................   Passed    0.01 sec
      Start 29: m22_live_control_stress
29/83 Test #29: m22_live_control_stress ....................   Passed    0.23 sec
      Start 30: m19_extension_registration
30/83 Test #30: m19_extension_registration .................   Passed    0.03 sec
      Start 31: m17_command_batch_timeline
31/83 Test #31: m17_command_batch_timeline .................   Passed    1.44 sec
      Start 32: m17_hal_v2_compatibility
32/83 Test #32: m17_hal_v2_compatibility ...................   Passed    0.26 sec
      Start 33: m17_heterogeneous_memory_topology
33/83 Test #33: m17_heterogeneous_memory_topology ..........   Passed    0.08 sec
      Start 34: m17_cuda_graph
34/83 Test #34: m17_cuda_graph .............................   Passed   10.22 sec
      Start 35: m17_xdma_control
35/83 Test #35: m17_xdma_control ...........................   Passed    0.02 sec
      Start 36: m16_rate_timeline
36/83 Test #36: m16_rate_timeline ..........................   Passed    0.07 sec
      Start 37: m21_device_rate_model
37/83 Test #37: m21_device_rate_model ......................   Passed    0.02 sec
      Start 38: m21_cross_rate_payload
38/83 Test #38: m21_cross_rate_payload .....................   Passed    0.03 sec
      Start 39: m16_rate_dispatch
39/83 Test #39: m16_rate_dispatch ..........................   Passed    0.08 sec
      Start 40: m16_shedding_telemetry
40/83 Test #40: m16_shedding_telemetry .....................   Passed    0.05 sec
      Start 41: m16_cross_rate_data
41/83 Test #41: m16_cross_rate_data ........................   Passed    0.06 sec
      Start 42: m15_accounting_closure
42/83 Test #42: m15_accounting_closure .....................   Passed    0.03 sec
      Start 43: m15_stack_lifecycle
43/83 Test #43: m15_stack_lifecycle ........................   Passed    0.04 sec
      Start 44: m15_cross_category_rollback
44/83 Test #44: m15_cross_category_rollback ................   Passed    0.04 sec
      Start 45: thread_policy_rollback
45/83 Test #45: thread_policy_rollback .....................   Passed    0.02 sec
      Start 46: thread_policy_recovery
46/83 Test #46: thread_policy_recovery .....................   Passed    0.07 sec
      Start 47: sbom_dependencies
47/83 Test #47: sbom_dependencies ..........................   Passed    0.07 sec
      Start 48: m24_cuda_physics
48/83 Test #48: m24_cuda_physics ...........................   Passed    0.49 sec
      Start 49: m24_cuda_physics_cli
49/83 Test #49: m24_cuda_physics_cli .......................   Passed    0.56 sec
      Start 50: m17_cpu_gpu_fpga_cpu_sample
50/83 Test #50: m17_cpu_gpu_fpga_cpu_sample ................   Passed    0.19 sec
      Start 51: cabi_dlopen
51/83 Test #51: cabi_dlopen ................................   Passed    0.01 sec
      Start 52: host_adapter
52/83 Test #52: host_adapter ...............................   Passed    0.01 sec
      Start 53: runtime_profile
53/83 Test #53: runtime_profile ............................   Passed    0.01 sec
      Start 54: xdma_backend
54/83 Test #54: xdma_backend ...............................   Passed    0.00 sec
      Start 55: m24_cuda_pipeline
55/83 Test #55: m24_cuda_pipeline ..........................   Passed    2.80 sec
      Start 56: m24_cuda_pipeline_cli
56/83 Test #56: m24_cuda_pipeline_cli ......................   Passed    0.57 sec
      Start 57: m24_cuda_lifetime
57/83 Test #57: m24_cuda_lifetime ..........................   Passed   21.00 sec
      Start 58: m24_cuda_lifetime_cli
58/83 Test #58: m24_cuda_lifetime_cli ......................   Passed   20.38 sec
      Start 59: m24_cuda_capabilities
59/83 Test #59: m24_cuda_capabilities ......................   Passed    0.70 sec
      Start 60: host_adapter_simulation_timing_noalloc
60/83 Test #60: host_adapter_simulation_timing_noalloc .....   Passed    0.01 sec
      Start 61: hello_capacity_failure
61/83 Test #61: hello_capacity_failure .....................   Passed    0.02 sec
      Start 62: hello_step_failure
62/83 Test #62: hello_step_failure .........................   Passed    0.02 sec
      Start 63: typed_sdk
63/83 Test #63: typed_sdk ..................................   Passed    0.04 sec
      Start 64: typed_sdk_stop_failure
64/83 Test #64: typed_sdk_stop_failure .....................   Passed    0.03 sec
      Start 65: backend_authoring_conformance
65/83 Test #65: backend_authoring_conformance ..............   Passed    0.13 sec
      Start 66: cil_shared_memory_contract
66/83 Test #66: cil_shared_memory_contract .................   Passed    0.04 sec
      Start 67: host_adapter_contract
67/83 Test #67: host_adapter_contract ......................   Passed    0.04 sec
      Start 68: host_adapter_golden_system_contract
68/83 Test #68: host_adapter_golden_system_contract ........   Passed    2.06 sec
      Start 69: host_adapter_golden_system_native
69/83 Test #69: host_adapter_golden_system_native ..........   Passed    0.14 sec
      Start 70: host_adapter_golden_system_host
70/83 Test #70: host_adapter_golden_system_host ............   Passed    0.15 sec
      Start 71: host_adapter_golden_system_external
71/83 Test #71: host_adapter_golden_system_external ........   Passed    0.15 sec
      Start 72: host_adapter_golden_system_process
72/83 Test #72: host_adapter_golden_system_process .........   Passed   14.06 sec
      Start 73: host_adapter_golden_cuda_contract
73/83 Test #73: host_adapter_golden_cuda_contract ..........   Passed   27.46 sec
      Start 74: host_adapter_golden_cuda_native_cpu
74/83 Test #74: host_adapter_golden_cuda_native_cpu ........   Passed    0.14 sec
      Start 75: host_adapter_golden_cuda_native_kernel
75/83 Test #75: host_adapter_golden_cuda_native_kernel .....   Passed    0.16 sec
      Start 76: host_adapter_golden_cuda_native_graph
76/83 Test #76: host_adapter_golden_cuda_native_graph ......   Passed    0.15 sec
      Start 77: host_adapter_golden_cuda_host_cpu
77/83 Test #77: host_adapter_golden_cuda_host_cpu ..........   Passed    0.13 sec
      Start 78: host_adapter_golden_cuda_host_kernel
78/83 Test #78: host_adapter_golden_cuda_host_kernel .......   Passed    0.28 sec
      Start 79: host_adapter_golden_cuda_host_graph
79/83 Test #79: host_adapter_golden_cuda_host_graph ........   Passed    0.23 sec
      Start 80: host_adapter_golden_cuda_external_cpu
80/83 Test #80: host_adapter_golden_cuda_external_cpu ......   Passed    0.15 sec
      Start 81: host_adapter_golden_cuda_external_kernel
81/83 Test #81: host_adapter_golden_cuda_external_kernel ...   Passed    0.24 sec
      Start 82: host_adapter_golden_cuda_external_graph
82/83 Test #82: host_adapter_golden_cuda_external_graph ....   Passed    0.18 sec
      Start 83: host_adapter_golden_cuda_process
83/83 Test #83: host_adapter_golden_cuda_process ...........   Passed    9.41 sec

100% tests passed, 0 tests failed out of 83

Total Test time (real) = 166.70 sec

>>> [quick] ./build/agent-quick/rtfw_runtime_demo --config configs/default_safe.json --run 20ms --rt --metrics-json-interval
{"ok":true,"profile_schema_version":1,"profile_id":"autotune.c9006976199ff4d9","runtime_config_schema":7,"runtime_version":"1.2.1","config_id":4514517619591334796,"seed":1,"self_paced":true,"worker_override":false,"frames":20,"period_ns":1000000,"p50_frame_ms":0.147645,"p95_frame_ms":0.196953,"p99_frame_ms":1.929648,"mean_frame_ms":0.244885,"stdev_frame_ms":0.387107,"missed_frames":2,"watchdog_trips":0,"trace_events_dropped":0,"log_drops":0,"queue_rejections":0,"checksum":407893.106650,"phases":{"frame":{"p50_ms":0.147645,"p95_ms":0.196953,"p99_ms":1.929648}},"counters":{"missed_frames":2,"watchdog_trips":0,"trace.events_dropped":0,"log_drops":0,"executor.queue_rejections":0},"executor":{"policy":"static_deterministic","worker_count":1,"queue_capacity":128,"submitted_tasks":1380,"successful_steals":0}}

>>> [quick] test "$(./build/agent-quick/rtfw_runtime_demo --version)" = "$(cat VERSION.txt)"

>>> [quick] if ./build/agent-quick/rtfw_runtime_demo --definitely-not-an-option >/dev/null 2>&1; then echo "runtime demo accepted an unknown option" >&2; exit 1; fi

>>> [full] cmake -S . -B build/agent-full -DCMAKE_BUILD_TYPE=RelWithDebInfo -DENABLE_TESTS=ON -DRTFW_BUILD_EXPERIMENTAL=ON -DENABLE_RAPIDCHECK=ON -DSIM_SANITIZERS= -DSIM_WERROR=ON
-- Configuring done
-- Generating done
-- Build files have been written to: /home/kbianco/.local/share/portfolio-control/worktrees/targets/cpp-rt-car-m24/build/agent-full

>>> [full] cmake --build build/agent-full --parallel 2
[  0%] Building CXX object CMakeFiles/simcore_platform.dir/src/platform_init.cpp.o
[  0%] Building CXX object CMakeFiles/rtfw_runtime.dir/rt/src/compiled_graph.cpp.o
[  0%] Building CXX object CMakeFiles/rtfw_runtime.dir/rt/src/cross_rate_data.cpp.o
[  0%] Building CXX object CMakeFiles/simcore_platform.dir/src/metrics.cpp.o
[  0%] Building CXX object CMakeFiles/rtfw_runtime.dir/rt/src/command_batch.cpp.o
[  1%] Building CXX object CMakeFiles/rtfw_runtime.dir/rt/src/hal_v2.cpp.o
[  2%] Linking CXX static library libsimcore_platform.a
[  2%] Building CXX object CMakeFiles/rtfw_runtime.dir/rt/src/heterogeneous_memory.cpp.o
[  2%] Built target simcore_platform
[  3%] Building CXX object CMakeFiles/rtfw_cuda_backend.dir/rt/src/cuda_backend.cpp.o
[  3%] Building CXX object CMakeFiles/rtfw_runtime.dir/rt/src/device_manager.cpp.o
[  3%] Linking CXX static library librtfw_cuda_backend.a
[  3%] Built target rtfw_cuda_backend
[  3%] Building CXX object CMakeFiles/rtfw_xdma_backend.dir/rt/src/xdma_backend.cpp.o
[  3%] Linking CXX static library librtfw_xdma_backend.a
[  3%] Built target rtfw_xdma_backend
[  3%] Building CXX object CMakeFiles/trace_dump.dir/src/trace_dump.cpp.o
[  4%] Building CXX object CMakeFiles/rtfw_runtime.dir/rt/src/executor.cpp.o
[  5%] Linking CXX executable trace_dump
[  5%] Built target trace_dump
[  5%] Building CXX object _deps/googletest/googletest/CMakeFiles/gtest.dir/src/gtest-all.cc.o
[  5%] Building CXX object CMakeFiles/rtfw_runtime.dir/rt/src/extension_registration.cpp.o
[  5%] Building CXX object CMakeFiles/rtfw_runtime.dir/rt/src/host_runtime.cpp.o
[  6%] Linking CXX static library ../../../lib/libgtest.a
[  6%] Built target gtest
[  6%] Building CXX object _deps/rapidcheck-build/CMakeFiles/rapidcheck.dir/src/BeforeMinimalTestCase.cpp.o
[  6%] Building CXX object _deps/rapidcheck-build/CMakeFiles/rapidcheck.dir/src/Check.cpp.o
[  7%] Building CXX object _deps/rapidcheck-build/CMakeFiles/rapidcheck.dir/src/Classify.cpp.o
[  7%] Building CXX object _deps/rapidcheck-build/CMakeFiles/rapidcheck.dir/src/GenerationFailure.cpp.o
[  7%] Building CXX object _deps/rapidcheck-build/CMakeFiles/rapidcheck.dir/src/Log.cpp.o
[  8%] Building CXX object _deps/rapidcheck-build/CMakeFiles/rapidcheck.dir/src/Random.cpp.o
[  8%] Building CXX object _deps/rapidcheck-build/CMakeFiles/rapidcheck.dir/src/Show.cpp.o
[  8%] Building CXX object _deps/rapidcheck-build/CMakeFiles/rapidcheck.dir/src/detail/Any.cpp.o
[  8%] Building CXX object _deps/rapidcheck-build/CMakeFiles/rapidcheck.dir/src/detail/Assertions.cpp.o
[  9%] Building CXX object _deps/rapidcheck-build/CMakeFiles/rapidcheck.dir/src/detail/Base64.cpp.o
[  9%] Building CXX object _deps/rapidcheck-build/CMakeFiles/rapidcheck.dir/src/detail/Configuration.cpp.o
[  9%] Building CXX object _deps/rapidcheck-build/CMakeFiles/rapidcheck.dir/src/detail/DefaultTestListener.cpp.o
[ 10%] Building CXX object CMakeFiles/rtfw_runtime.dir/rt/src/live_control_actions.cpp.o
[ 11%] Building CXX object _deps/rapidcheck-build/CMakeFiles/rapidcheck.dir/src/detail/FrequencyMap.cpp.o
[ 11%] Building CXX object _deps/rapidcheck-build/CMakeFiles/rapidcheck.dir/src/detail/ImplicitParam.cpp.o
[ 11%] Building CXX object CMakeFiles/rtfw_runtime.dir/rt/src/live_control_mailbox.cpp.o
[ 11%] Building CXX object _deps/rapidcheck-build/CMakeFiles/rapidcheck.dir/src/detail/LogTestListener.cpp.o
[ 12%] Building CXX object _deps/rapidcheck-build/CMakeFiles/rapidcheck.dir/src/detail/MapParser.cpp.o
[ 12%] Building CXX object _deps/rapidcheck-build/CMakeFiles/rapidcheck.dir/src/detail/MulticastTestListener.cpp.o
[ 12%] Building CXX object _deps/rapidcheck-build/CMakeFiles/rapidcheck.dir/src/detail/ParseException.cpp.o
[ 13%] Building CXX object _deps/rapidcheck-build/CMakeFiles/rapidcheck.dir/src/detail/Platform.cpp.o
[ 13%] Building CXX object _deps/rapidcheck-build/CMakeFiles/rapidcheck.dir/src/detail/Property.cpp.o
[ 13%] Building CXX object CMakeFiles/rtfw_runtime.dir/rt/src/live_control_replay.cpp.o
[ 13%] Building CXX object _deps/rapidcheck-build/CMakeFiles/rapidcheck.dir/src/detail/PropertyContext.cpp.o
[ 14%] Building CXX object _deps/rapidcheck-build/CMakeFiles/rapidcheck.dir/src/detail/ReproduceListener.cpp.o
[ 15%] Building CXX object CMakeFiles/rtfw_runtime.dir/rt/src/memory_policy.cpp.o
[ 15%] Building CXX object _deps/rapidcheck-build/CMakeFiles/rapidcheck.dir/src/detail/Results.cpp.o
[ 15%] Building CXX object CMakeFiles/rtfw_runtime.dir/rt/src/mixed_rate_actions.cpp.o
[ 15%] Building CXX object _deps/rapidcheck-build/CMakeFiles/rapidcheck.dir/src/detail/Serialization.cpp.o
[ 15%] Building CXX object CMakeFiles/rtfw_runtime.dir/rt/src/mixed_rate_replay.cpp.o
[ 16%] Building CXX object _deps/rapidcheck-build/CMakeFiles/rapidcheck.dir/src/detail/StringSerialization.cpp.o
[ 16%] Building CXX object _deps/rapidcheck-build/CMakeFiles/rapidcheck.dir/src/detail/TestMetadata.cpp.o
[ 16%] Building CXX object _deps/rapidcheck-build/CMakeFiles/rapidcheck.dir/src/detail/TestParams.cpp.o
[ 17%] Building CXX object CMakeFiles/rtfw_runtime.dir/rt/src/mock_device.cpp.o
[ 18%] Building CXX object _deps/rapidcheck-build/CMakeFiles/rapidcheck.dir/src/detail/Testing.cpp.o
[ 18%] Building CXX object CMakeFiles/rtfw_runtime.dir/rt/src/native_platform_preflight.cpp.o
[ 18%] Building CXX object CMakeFiles/rtfw_runtime.dir/rt/src/observability_export.cpp.o
[ 18%] Building CXX object _deps/rapidcheck-build/CMakeFiles/rapidcheck.dir/src/gen/Numeric.cpp.o
[ 19%] Building CXX object CMakeFiles/rtfw_runtime.dir/rt/src/rate_dispatch.cpp.o
[ 19%] Building CXX object _deps/rapidcheck-build/CMakeFiles/rapidcheck.dir/src/gen/Text.cpp.o
[ 19%] Building CXX object _deps/rapidcheck-build/CMakeFiles/rapidcheck.dir/src/gen/detail/ExecHandler.cpp.o
[ 19%] Building CXX object CMakeFiles/rtfw_runtime.dir/rt/src/rate_telemetry.cpp.o
[ 20%] Building CXX object _deps/rapidcheck-build/CMakeFiles/rapidcheck.dir/src/gen/detail/GenerationHandler.cpp.o
[ 20%] Building CXX object CMakeFiles/rtfw_runtime.dir/rt/src/rate_timeline.cpp.o
[ 20%] Building CXX object _deps/rapidcheck-build/CMakeFiles/rapidcheck.dir/src/gen/detail/Recipe.cpp.o
[ 20%] Building CXX object _deps/rapidcheck-build/CMakeFiles/rapidcheck.dir/src/gen/detail/ScaleInteger.cpp.o
[ 21%] Building CXX object CMakeFiles/rtfw_runtime.dir/rt/src/resource_policy.cpp.o
[ 22%] Linking CXX static library librapidcheck.a
[ 22%] Built target rapidcheck
[ 22%] Building CXX object CMakeFiles/rtfw_runtime.dir/rt/src/runtime_compat.cpp.o
[ 22%] Building CXX object CMakeFiles/rtfw_runtime.dir/rt/src/runtime_profile.cpp.o
[ 22%] Building CXX object CMakeFiles/rtfw_runtime.dir/rt/src/sampled_io.cpp.o
[ 23%] Building CXX object CMakeFiles/rtfw_runtime.dir/rt/src/loopback_backend.cpp.o
[ 23%] Building CXX object CMakeFiles/rtfw_runtime.dir/rt/src/snapshot_codec.cpp.o
[ 23%] Building CXX object CMakeFiles/rtfw_runtime.dir/rt/src/telemetry.cpp.o
[ 24%] Building CXX object CMakeFiles/rtfw_runtime.dir/rt/src/thread_policy.cpp.o
[ 24%] Building CXX object CMakeFiles/rtfw_runtime.dir/rt/src/watchdog_monitor.cpp.o
[ 25%] Building CXX object samples/CMakeFiles/sample_particles.dir/particles.cpp.o
[ 25%] Linking CXX static library librtfw_runtime.a
[ 25%] Built target rtfw_runtime
[ 26%] Building CXX object samples/CMakeFiles/sample_tyre_belt.dir/tyre_belt_kernel.cpp.o
[ 26%] Linking CXX executable sample_particles
[ 26%] Built target sample_particles
[ 26%] Building CXX object samples/CMakeFiles/sample_async_gpu.dir/async_gpu_stub.cpp.o
[ 26%] Linking CXX executable sample_tyre_belt
[ 26%] Built target sample_tyre_belt
[ 26%] Building CXX object samples/CMakeFiles/sample_embed_cpp.dir/embed_cpp/mini_app.cpp.o
[ 26%] Linking CXX executable sample_async_gpu
[ 26%] Built target sample_async_gpu
[ 26%] Building CXX object samples/CMakeFiles/sample_device_mock.dir/device_mock.cpp.o
[ 26%] Linking CXX executable sample_embed_cpp
[ 26%] Built target sample_embed_cpp
[ 27%] Building CXX object samples/CMakeFiles/sample_cpu_gpu_fpga_cpu.dir/cpu_gpu_fpga_cpu.cpp.o
[ 27%] Linking CXX executable sample_device_mock
[ 27%] Built target sample_device_mock
[ 27%] Building CXX object samples/CMakeFiles/sample_live_control_typed.dir/live_control_typed.cpp.o
[ 27%] Linking CXX executable sample_cpu_gpu_fpga_cpu
[ 27%] Linking CXX executable sample_live_control_typed
[ 27%] Built target sample_cpu_gpu_fpga_cpu
[ 27%] Building CXX object samples/CMakeFiles/sample_cuda_lifetime.dir/cuda_physics/lifetime/main.cpp.o
[ 27%] Built target sample_live_control_typed
[ 28%] Building CXX object samples/CMakeFiles/sample_hello_runtime.dir/hello_runtime/main.cpp.o
[ 28%] Linking CXX executable sample_hello_runtime
[ 28%] Built target sample_hello_runtime
[ 28%] Building CXX object samples/CMakeFiles/sample_typed_runtime.dir/typed_runtime/main.cpp.o
[ 28%] Linking CXX executable sample_typed_runtime
[ 28%] Built target sample_typed_runtime
[ 29%] Building CXX object samples/CMakeFiles/sample_backend_authoring.dir/backend_authoring/main.cpp.o
[ 30%] Linking CXX executable sample_cuda_lifetime
[ 30%] Built target sample_cuda_lifetime
[ 30%] Building CXX object samples/CMakeFiles/sample_cil_plant.dir/cil_shared_memory/plant.cpp.o
[ 30%] Linking CXX executable sample_backend_authoring
[ 30%] Linking CXX executable sample_cil_plant
[ 30%] Built target sample_backend_authoring
[ 30%] Building CXX object samples/CMakeFiles/sample_cil_controller.dir/cil_shared_memory/controller.cpp.o
[ 30%] Built target sample_cil_plant
[ 30%] Building CXX object samples/CMakeFiles/sample_host_adapter.dir/host_adapter/main.cpp.o
[ 31%] Linking CXX executable sample_cil_controller
[ 31%] Built target sample_cil_controller
[ 31%] Building CXX object samples/CMakeFiles/sample_golden_system.dir/golden_system/main.cpp.o
[ 32%] Linking CXX executable sample_host_adapter
[ 32%] Built target sample_host_adapter
[ 33%] Building CXX object samples/CMakeFiles/sample_golden_controller.dir/golden_system/controller.cpp.o
[ 33%] Linking CXX executable sample_golden_controller
[ 33%] Built target sample_golden_controller
[ 33%] Building CXX object samples/CMakeFiles/sample_golden_cuda.dir/golden_cuda/main.cpp.o
[ 33%] Linking CXX executable sample_golden_system
[ 33%] Built target sample_golden_system
[ 33%] Building CXX object samples/recipes/CMakeFiles/recipe_raw_cpp.dir/__/__/tests/package_consumer/cpp_consumer.cpp.o
[ 34%] Linking CXX executable recipe_raw_cpp
[ 34%] Built target recipe_raw_cpp
[ 34%] Building CXX object samples/recipes/CMakeFiles/recipe_profile.dir/__/__/tests/package_consumer/profile_consumer.cpp.o
[ 34%] Linking CXX executable recipe_profile
[ 34%] Built target recipe_profile
[ 34%] Building CXX object samples/recipes/CMakeFiles/recipe_mixed_rate.dir/__/__/tests/package_consumer/mixed_rate_consumer.cpp.o
[ 35%] Linking CXX executable sample_golden_cuda
[ 35%] Built target sample_golden_cuda
[ 36%] Building CXX object samples/recipes/CMakeFiles/recipe_live_control.dir/__/__/tests/package_consumer/live_control_consumer.cpp.o
[ 37%] Linking CXX executable recipe_mixed_rate
[ 37%] Built target recipe_mixed_rate
[ 37%] Building CXX object samples/recipes/CMakeFiles/recipe_replay.dir/__/__/tests/package_consumer/live_control_replay_consumer.cpp.o
[ 37%] Linking CXX executable recipe_live_control
[ 37%] Built target recipe_live_control
[ 37%] Building CXX object samples/recipes/CMakeFiles/recipe_cuda_boundary.dir/__/__/tests/package_consumer/cuda_consumer.cpp.o
[ 37%] Linking CXX executable recipe_replay
[ 37%] Linking CXX executable recipe_cuda_boundary
[ 37%] Built target recipe_cuda_boundary
[ 38%] Building CXX object samples/recipes/CMakeFiles/recipe_xdma_boundary.dir/__/__/tests/package_consumer/xdma_consumer.cpp.o
[ 38%] Built target recipe_replay
[ 38%] Building C object tests/CMakeFiles/test_incompatible_plugin.dir/sample_plugin_bad.c.o
[ 39%] Linking C shared library libbad_plugin.so
[ 39%] Built target test_incompatible_plugin
[ 39%] Building C object tests/CMakeFiles/test_extension_fixture.dir/extension_fixture.c.o
[ 39%] Linking C shared library libextension_fixture.so
[ 39%] Built target test_extension_fixture
[ 40%] Building C object tests/CMakeFiles/test_extension_fixture_bad.dir/extension_fixture_bad.c.o
[ 40%] Linking C shared library libextension_fixture_bad.so
[ 40%] Built target test_extension_fixture_bad
[ 40%] Building C object tests/CMakeFiles/test_sample_plugin.dir/sample_plugin.c.o
[ 40%] Linking C shared library libsample_plugin.so
[ 40%] Built target test_sample_plugin
[ 40%] Building CXX object tests/CMakeFiles/rtfw_cuda_physics_tests.dir/test_cuda_physics.cpp.o
[ 40%] Linking CXX executable recipe_xdma_boundary
[ 40%] Built target recipe_xdma_boundary
[ 40%] Building CXX object tests/CMakeFiles/rtfw_cpu_gpu_fpga_cpu_sample_tests.dir/test_cpu_gpu_fpga_cpu_sample.cpp.o
[ 40%] Linking CXX executable rtfw_cpu_gpu_fpga_cpu_sample_tests
[ 40%] Linking CXX executable rtfw_cuda_physics_tests
[ 40%] Built target rtfw_cpu_gpu_fpga_cpu_sample_tests
[ 40%] Building CXX object tests/golden_cuda/CMakeFiles/test_golden_cuda.dir/test_cuda.cpp.o
[ 40%] Built target rtfw_cuda_physics_tests
[ 40%] Building CXX object tests/golden_system/CMakeFiles/test_golden_system.dir/test_system.cpp.o
[ 40%] Linking CXX executable test_golden_system
[ 40%] Built target test_golden_system
[ 41%] Building CXX object tests/CMakeFiles/rtfw_simulation_timing_noalloc.dir/device_rate_simulation/noalloc.cpp.o
[ 41%] Linking CXX executable rtfw_simulation_timing_noalloc
[ 42%] Linking CXX executable test_golden_cuda
[ 42%] Built target rtfw_simulation_timing_noalloc
[ 43%] Building CXX object tests/host_adapter/CMakeFiles/test_host_adapter.dir/test_host.cpp.o
[ 43%] Built target test_golden_cuda
[ 43%] Building CXX object tests/CMakeFiles/rtfw_runtime_profile_tests.dir/runtime_profile_tests.cpp.o
[ 44%] Linking CXX executable rtfw_runtime_profile_tests
[ 44%] Built target rtfw_runtime_profile_tests
[ 44%] Building CXX object tests/CMakeFiles/rtfw_xdma_backend_tests.dir/xdma_backend_tests.cpp.o
[ 44%] Linking CXX executable test_host_adapter
[ 45%] Linking CXX executable rtfw_xdma_backend_tests
[ 45%] Built target test_host_adapter
[ 46%] Building CXX object tests/CMakeFiles/rtfw_cuda_pipeline_tests.dir/test_cuda_pipeline.cpp.o
[ 46%] Built target rtfw_xdma_backend_tests
[ 46%] Building CXX object tests/CMakeFiles/rtfw_cuda_lifetime_tests.dir/test_cuda_lifetime.cpp.o
[ 47%] Linking CXX executable rtfw_cuda_lifetime_tests
[ 47%] Linking CXX executable rtfw_cuda_pipeline_tests
[ 47%] Built target rtfw_cuda_lifetime_tests
[ 48%] Building CXX object tests/hello_runtime/CMakeFiles/hello_capacity_failure.dir/capacity.cpp.o
[ 48%] Built target rtfw_cuda_pipeline_tests
[ 48%] Building CXX object tests/hello_runtime/CMakeFiles/hello_step_failure.dir/step.cpp.o
[ 48%] Linking CXX executable hello_capacity_failure
[ 48%] Built target hello_capacity_failure
[ 49%] Building CXX object tests/typed_runtime/CMakeFiles/test_typed_sdk.dir/test_sdk.cpp.o
[ 50%] Linking CXX executable hello_step_failure
[ 50%] Built target hello_step_failure
[ 50%] Building CXX object tests/backend_authoring/CMakeFiles/test_backend_authoring.dir/test_backend.cpp.o
[ 50%] Linking CXX executable test_typed_sdk
[ 50%] Built target test_typed_sdk
[ 50%] Building CXX object tests/cil_shared_memory/CMakeFiles/test_cil_shared_memory.dir/test_cil.cpp.o
[ 51%] Linking CXX executable test_backend_authoring
[ 51%] Built target test_backend_authoring
[ 51%] Building CXX object CMakeFiles/simcore_rt.dir/rt/src/runtime.cpp.o
[ 52%] Linking CXX executable test_cil_shared_memory
[ 52%] Built target test_cil_shared_memory
[ 52%] Building CXX object CMakeFiles/rtfw_shared.dir/src/c_abi.cpp.o
[ 52%] Linking CXX shared library librtfw.so
[ 52%] Built target rtfw_shared
[ 52%] Building CXX object CMakeFiles/rtfw_static.dir/src/c_abi.cpp.o
[ 52%] Building CXX object CMakeFiles/simcore_rt.dir/rt/src/fiber_pool.cpp.o
[ 53%] Linking CXX static library librtfw_static.a
[ 53%] Built target rtfw_static
[ 54%] Building CXX object CMakeFiles/rtfw_runtime_demo.dir/src/runtime_profile_demo.cpp.o
[ 55%] Linking CXX static library libsimcore_rt.a
[ 55%] Built target simcore_rt
[ 55%] Building CXX object _deps/googletest/googlemock/CMakeFiles/gmock.dir/src/gmock-all.cc.o
[ 55%] Linking CXX executable rtfw_runtime_demo
[ 55%] Built target rtfw_runtime_demo
[ 55%] Building CXX object _deps/googletest/googletest/CMakeFiles/gtest_main.dir/src/gtest_main.cc.o
[ 55%] Linking CXX static library ../../../lib/libgtest_main.a
[ 55%] Built target gtest_main
[ 56%] Building CXX object samples/CMakeFiles/sample_cuda_pipeline.dir/cuda_physics/pipeline/main.cpp.o
[ 56%] Linking CXX static library ../../../lib/libgmock.a
[ 56%] Built target gmock
[ 56%] Building CXX object samples/CMakeFiles/sample_cuda_physics.dir/cuda_physics/main.cpp.o
[ 56%] Linking CXX executable sample_cuda_pipeline
[ 56%] Built target sample_cuda_pipeline
[ 57%] Building C object samples/CMakeFiles/sample_embed_c.dir/embed_c/mini_app.c.o
[ 57%] Linking C executable sample_embed_c
[ 57%] Built target sample_embed_c
[ 57%] Building C object samples/CMakeFiles/sample_embed_c_static.dir/embed_c/mini_app.c.o
[ 58%] Linking CXX executable sample_embed_c_static
[ 58%] Linking CXX executable sample_cuda_physics
[ 58%] Built target sample_embed_c_static
[ 59%] Building C object samples/recipes/CMakeFiles/recipe_raw_c.dir/__/__/tests/package_consumer/c_consumer.c.o
[ 59%] Linking CXX executable recipe_raw_c
[ 59%] Built target sample_cuda_physics
[ 59%] Building CXX object tests/CMakeFiles/rtfw_thread_policy_rollback_test.dir/test_thread_policy.cpp.o
[ 59%] Built target recipe_raw_c
native replay rejected status=-3 active replay requires deterministic mock/loopback backends
foreign rejected=-16 
foreign rejected=-16 
[ 60%] Linking CXX executable rtfw_thread_policy_rollback_test
[ 60%] Built target rtfw_thread_policy_rollback_test
golden state, controls, replay, recovery, allocation: PASS
golden ticks=24 callbacks=108 replay=24 peer=ok cleanup=ok
PASS: portable golden run/state/replay; hardware and RT qualification not performed
golden ticks=24 callbacks=108 replay=24 peer=ok cleanup=ok
PASS: portable golden run/state/replay; hardware and RT qualification not performed
[ 60%] Built target golden_determinism_check
[ 60%] Building C object tests/CMakeFiles/test_cabi_dlopen.dir/test_cabi_dlopen.c.o
[ 60%] Linking C executable test_cabi_dlopen
[ 60%] Built target test_cabi_dlopen
[ 60%] Building CXX object tests/CMakeFiles/rtfw_host_adapter_tests.dir/host_adapter_tests.cpp.o
parity host=0 count=1 ticks=24 workers=1 grain=1
parity host=0 count=17 ticks=24 workers=2 grain=4
parity host=0 count=16 ticks=24 workers=3 grain=16
parity host=0 count=256 ticks=24 workers=1 grain=64
parity host=0 count=16 ticks=24 workers=2 grain=4
parity host=0 count=16 ticks=24 workers=2 grain=4
parity host=0 count=16 ticks=24 workers=2 grain=4
[ 61%] Linking CXX executable rtfw_host_adapter_tests
parity host=0 count=16 ticks=24 workers=2 grain=4
parity host=0 count=256 ticks=1024 workers=3 grain=64
[ 61%] Built target rtfw_host_adapter_tests
[ 61%] Building CXX object CMakeFiles/rtfw_experimental.dir/rt/src/plugin_manager.cpp.o
[ 61%] Building CXX object CMakeFiles/rtfw_experimental.dir/rt/src/scheduler.cpp.o
[ 62%] Building CXX object CMakeFiles/rtfw_experimental.dir/rt/src/crashdump_posix.cpp.o
[ 62%] Linking CXX static library librtfw_experimental.a
[ 62%] Built target rtfw_experimental
[ 62%] Building CXX object CMakeFiles/simcore_app.dir/src/main.cpp.o
parity host=1 count=1 ticks=24 workers=1 grain=1
parity host=1 count=17 ticks=24 workers=2 grain=4
parity host=1 count=16 ticks=24 workers=3 grain=16
parity host=1 count=256 ticks=24 workers=1 grain=64
parity host=1 count=16 ticks=24 workers=2 grain=4
parity host=1 count=16 ticks=24 workers=2 grain=4
parity host=1 count=16 ticks=24 workers=2 grain=4
parity host=1 count=16 ticks=24 workers=2 grain=4
parity host=1 count=256 ticks=1024 workers=3 grain=64
PASS CPU/kernel/Graph semantic parity, exact oracles, counters, zero allocation and trusted replay
[ 62%] Built target golden_cuda_determinism_check
[ 63%] Building CXX object _deps/googletest/googlemock/CMakeFiles/gmock_main.dir/src/gmock_main.cc.o
[ 63%] Linking CXX static library ../../../lib/libgmock_main.a
[ 63%] Built target gmock_main
[ 63%] Building CXX object tests/CMakeFiles/rtfw_determinism_artifact.dir/determinism_artifact.cpp.o
[ 64%] Linking CXX executable rtfw_determinism_artifact
[ 64%] Built target rtfw_determinism_artifact
[ 65%] Linking CXX executable rtfw_demo
[ 65%] Built target simcore_app
[ 65%] Building CXX object tests/CMakeFiles/simcore_tests.dir/test_simcore_basic.cpp.o
[ 65%] Building CXX object tests/CMakeFiles/simcore_tests.dir/test_simcore_determinism.cpp.o
[ 66%] Building CXX object tests/CMakeFiles/simcore_tests.dir/test_logging.cpp.o
[ 66%] Building CXX object tests/CMakeFiles/simcore_tests.dir/test_async_logger.cpp.o
[ 66%] Building CXX object tests/CMakeFiles/simcore_tests.dir/test_logger_backpressure.cpp.o
[ 67%] Building CXX object tests/CMakeFiles/simcore_tests.dir/test_profiler.cpp.o
[ 67%] Building CXX object tests/CMakeFiles/simcore_tests.dir/test_adaptive_param.cpp.o
[ 67%] Building CXX object tests/CMakeFiles/simcore_tests.dir/test_soa.cpp.o
[ 68%] Building CXX object tests/CMakeFiles/simcore_tests.dir/test_sparse_set.cpp.o
[ 68%] Building CXX object tests/CMakeFiles/simcore_tests.dir/test_soa_view.cpp.o
[ 68%] Building CXX object tests/CMakeFiles/simcore_tests.dir/test_jobqueue.cpp.o
[ 68%] Building CXX object tests/CMakeFiles/simcore_tests.dir/test_queue_metrics.cpp.o
[ 69%] Building CXX object tests/CMakeFiles/simcore_tests.dir/test_metrics_json.cpp.o
[ 69%] Building CXX object tests/CMakeFiles/simcore_tests.dir/test_jobqueue_perf.cpp.o
[ 69%] Building CXX object tests/CMakeFiles/simcore_tests.dir/test_workerpool_priority.cpp.o
[ 70%] Building CXX object tests/CMakeFiles/simcore_tests.dir/test_phase_graph.cpp.o
[ 70%] Building CXX object tests/CMakeFiles/simcore_tests.dir/test_static_phase_graph.cpp.o
[ 70%] Building CXX object tests/CMakeFiles/simcore_tests.dir/test_chunk_autotune.cpp.o
[ 71%] Building CXX object tests/CMakeFiles/simcore_tests.dir/test_deterministic_reduce.cpp.o
[ 71%] Building CXX object tests/CMakeFiles/simcore_tests.dir/test_differential_output.cpp.o
[ 71%] Building CXX object tests/CMakeFiles/simcore_tests.dir/test_robust_fp.cpp.o
[ 72%] Building CXX object tests/CMakeFiles/simcore_tests.dir/test_budget_monitor.cpp.o
[ 72%] Building CXX object tests/CMakeFiles/simcore_tests.dir/test_fault_injection.cpp.o
[ 72%] Building CXX object tests/CMakeFiles/simcore_tests.dir/test_simd.cpp.o
[ 73%] Building CXX object tests/CMakeFiles/simcore_tests.dir/test_aosoa_autotune.cpp.o
[ 73%] Building CXX object tests/CMakeFiles/simcore_tests.dir/test_rt_pool.cpp.o
[ 73%] Building CXX object tests/CMakeFiles/simcore_tests.dir/test_rt_arena.cpp.o
[ 74%] Building CXX object tests/CMakeFiles/simcore_tests.dir/test_arena_binding_assert.cpp.o
[ 74%] Building CXX object tests/CMakeFiles/simcore_tests.dir/test_rt_overflow_death.cpp.o
[ 74%] Building CXX object tests/CMakeFiles/simcore_tests.dir/test_fiber_pool.cpp.o
[ 74%] Building CXX object tests/CMakeFiles/simcore_tests.dir/test_fiber_pool_race.cpp.o
[ 75%] Building CXX object tests/CMakeFiles/simcore_tests.dir/test_bintrace.cpp.o
[ 75%] Building CXX object tests/CMakeFiles/simcore_tests.dir/test_budget_degrade.cpp.o
[ 75%] Building CXX object tests/CMakeFiles/simcore_tests.dir/test_predictive_adaptive.cpp.o
[ 76%] Building CXX object tests/CMakeFiles/simcore_tests.dir/test_small_array_balance.cpp.o
[ 76%] Building CXX object tests/CMakeFiles/simcore_tests.dir/test_phase_telemetry.cpp.o
[ 76%] Building CXX object tests/CMakeFiles/simcore_tests.dir/test_aligned_allocator.cpp.o
[ 77%] Building CXX object tests/CMakeFiles/simcore_tests.dir/test_highres_clock.cpp.o
[ 77%] Building CXX object tests/CMakeFiles/simcore_tests.dir/test_highres_clock_integration.cpp.o
[ 77%] Building CXX object tests/CMakeFiles/simcore_tests.dir/test_rate_governor.cpp.o
[ 78%] Building CXX object tests/CMakeFiles/simcore_tests.dir/test_hazard_ptr.cpp.o
[ 78%] Building CXX object tests/CMakeFiles/simcore_tests.dir/test_lockfree_queue.cpp.o
[ 78%] Building CXX object tests/CMakeFiles/simcore_tests.dir/test_seqlock_config.cpp.o
[ 79%] Building CXX object tests/CMakeFiles/simcore_tests.dir/test_backpressure.cpp.o
[ 79%] Building CXX object tests/CMakeFiles/simcore_tests.dir/test_physics_integrators.cpp.o
[ 79%] Building CXX object tests/CMakeFiles/simcore_tests.dir/test_constraint_solver.cpp.o
[ 80%] Building CXX object tests/CMakeFiles/simcore_tests.dir/test_narrowphase.cpp.o
[ 80%] Building CXX object tests/CMakeFiles/simcore_tests.dir/test_hal.cpp.o
[ 80%] Building CXX object tests/CMakeFiles/simcore_tests.dir/test_gpu_stub.cpp.o
[ 81%] Building CXX object tests/CMakeFiles/simcore_tests.dir/test_gpu_overlap.cpp.o
[ 81%] Building CXX object tests/CMakeFiles/simcore_tests.dir/test_frame_graph.cpp.o
[ 81%] Building CXX object tests/CMakeFiles/simcore_tests.dir/test_watchdog.cpp.o
[ 81%] Building CXX object tests/CMakeFiles/simcore_tests.dir/test_rt_watchdog.cpp.o
[ 82%] Building CXX object tests/CMakeFiles/simcore_tests.dir/test_crashdump.cpp.o
[ 82%] Building CXX object tests/CMakeFiles/simcore_tests.dir/test_numerics.cpp.o
[ 82%] Building CXX object tests/CMakeFiles/simcore_tests.dir/test_prng_determinism.cpp.o
[ 83%] Building CXX object tests/CMakeFiles/simcore_tests.dir/test_snapshot.cpp.o
[ 83%] Building CXX object tests/CMakeFiles/simcore_tests.dir/test_trace_export.cpp.o
[ 83%] Building CXX object tests/CMakeFiles/simcore_tests.dir/test_trace_noalloc.cpp.o
[ 84%] Building CXX object tests/CMakeFiles/simcore_tests.dir/test_units.cpp.o
[ 84%] Building CXX object tests/CMakeFiles/simcore_tests.dir/test_huge_page.cpp.o
[ 84%] Building CXX object tests/CMakeFiles/simcore_tests.dir/test_thermal_limp.cpp.o
[ 85%] Building CXX object tests/CMakeFiles/simcore_tests.dir/test_limp_mode.cpp.o
[ 85%] Building CXX object tests/CMakeFiles/simcore_tests.dir/test_config_hot_reload.cpp.o
[ 85%] Building CXX object tests/CMakeFiles/simcore_tests.dir/test_plugin_manager.cpp.o
[ 86%] Building CXX object tests/CMakeFiles/simcore_tests.dir/test_sandbox.cpp.o
[ 86%] Building CXX object tests/CMakeFiles/simcore_tests.dir/test_minidump_symbols.cpp.o
[ 86%] Building CXX object tests/CMakeFiles/simcore_tests.dir/test_perf_artifacts.cpp.o
[ 87%] Building CXX object tests/CMakeFiles/simcore_tests.dir/test_scheduler.cpp.o
[ 87%] Building CXX object tests/CMakeFiles/simcore_tests.dir/test_host_runtime.cpp.o
[ 87%] Building CXX object tests/CMakeFiles/simcore_tests.dir/test_periodic_runtime.cpp.o
[ 88%] Building CXX object tests/CMakeFiles/simcore_tests.dir/test_platform_preflight.cpp.o
[ 88%] Building CXX object tests/CMakeFiles/simcore_tests.dir/test_compiled_graph.cpp.o
[ 88%] Building CXX object tests/CMakeFiles/simcore_tests.dir/test_executor.cpp.o
[ 88%] Building CXX object tests/CMakeFiles/simcore_tests.dir/test_memory_plan.cpp.o
[ 89%] Building CXX object tests/CMakeFiles/simcore_tests.dir/test_observability.cpp.o
[ 89%] Building CXX object tests/CMakeFiles/simcore_tests.dir/test_determinism_replay.cpp.o
[ 89%] Building CXX object tests/CMakeFiles/simcore_tests.dir/test_device_runtime.cpp.o
[ 90%] Building CXX object tests/CMakeFiles/simcore_tests.dir/test_cuda_backend.cpp.o
[ 90%] Building CXX object tests/CMakeFiles/simcore_tests.dir/test_vendor_hal_v2.cpp.o
[ 90%] Building CXX object tests/CMakeFiles/simcore_tests.dir/test_rt_pipeline.cpp.o
[ 91%] Building CXX object tests/CMakeFiles/simcore_tests.dir/test_platform_gate.cpp.o
[ 91%] Building CXX object tests/CMakeFiles/simcore_tests.dir/integration/test_determinism.cpp.o
[ 91%] Building CXX object tests/CMakeFiles/simcore_tests.dir/test_extension_registration.cpp.o
[ 92%] Building CXX object tests/CMakeFiles/simcore_tests.dir/test_command_batch.cpp.o
[ 92%] Building CXX object tests/CMakeFiles/simcore_tests.dir/test_device_rate_simulation.cpp.o
[ 92%] Building CXX object tests/CMakeFiles/simcore_tests.dir/test_heterogeneous_memory.cpp.o
[ 93%] Building CXX object tests/CMakeFiles/simcore_tests.dir/test_hal_v2.cpp.o
[ 93%] Building CXX object tests/CMakeFiles/simcore_tests.dir/test_cross_rate_data.cpp.o
[ 93%] Building CXX object tests/CMakeFiles/simcore_tests.dir/test_rate_dispatch.cpp.o
[ 94%] Building CXX object tests/CMakeFiles/simcore_tests.dir/test_rate_telemetry.cpp.o
[ 94%] Building CXX object tests/CMakeFiles/simcore_tests.dir/test_rate_timeline.cpp.o
[ 94%] Building CXX object tests/CMakeFiles/simcore_tests.dir/test_sampled_io.cpp.o
[ 94%] Building CXX object tests/CMakeFiles/simcore_tests.dir/test_loopback_backend.cpp.o
[ 95%] Building CXX object tests/CMakeFiles/simcore_tests.dir/test_live_control_mailbox.cpp.o
[ 95%] Building CXX object tests/CMakeFiles/simcore_tests.dir/test_live_control_actions.cpp.o
[ 95%] Building CXX object tests/CMakeFiles/simcore_tests.dir/test_live_control_sdk.cpp.o
[ 96%] Building CXX object tests/CMakeFiles/simcore_tests.dir/test_live_control_stress.cpp.o
[ 96%] Building CXX object tests/CMakeFiles/simcore_tests.dir/test_live_control_active_replay.cpp.o
[ 96%] Building CXX object tests/CMakeFiles/simcore_tests.dir/test_mixed_rate_actions.cpp.o
[ 97%] Building CXX object tests/CMakeFiles/simcore_tests.dir/test_mixed_rate_replay.cpp.o
[ 97%] Building CXX object tests/CMakeFiles/simcore_tests.dir/test_mixed_rate_conformance.cpp.o
[ 97%] Building CXX object tests/CMakeFiles/simcore_tests.dir/test_cpu_memory_policy.cpp.o
[ 98%] Building CXX object tests/CMakeFiles/simcore_tests.dir/test_memory_policy.cpp.o
[ 98%] Building CXX object tests/CMakeFiles/simcore_tests.dir/test_thread_policy.cpp.o
[ 98%] Building CXX object tests/CMakeFiles/simcore_tests.dir/test_affinity.cpp.o
[100%] Building CXX object tests/CMakeFiles/simcore_tests.dir/test_numa_pool.cpp.o
[100%] Building CXX object tests/CMakeFiles/simcore_tests.dir/test_numa_integration.cpp.o
[100%] Linking CXX executable simcore_tests
[100%] Built target simcore_tests

>>> [full] ctest --test-dir build/agent-full --output-on-failure
Internal ctest changing into directory: /home/kbianco/.local/share/portfolio-control/worktrees/targets/cpp-rt-car-m24/build/agent-full
Test project /home/kbianco/.local/share/portfolio-control/worktrees/targets/cpp-rt-car-m24/build/agent-full
      Start  1: sample_cuda_pipeline
 1/87 Test  #1: sample_cuda_pipeline .......................   Passed    0.02 sec
      Start  2: sample_cuda_physics
 2/87 Test  #2: sample_cuda_physics ........................   Passed    0.02 sec
      Start  3: sample_particles
 3/87 Test  #3: sample_particles ...........................   Passed    0.00 sec
      Start  4: sample_tyre_belt
 4/87 Test  #4: sample_tyre_belt ...........................   Passed    0.00 sec
      Start  5: sample_async_gpu
 5/87 Test  #5: sample_async_gpu ...........................   Passed    0.00 sec
      Start  6: sample_embed_c
 6/87 Test  #6: sample_embed_c .............................   Passed    0.02 sec
      Start  7: sample_embed_c_static
 7/87 Test  #7: sample_embed_c_static ......................   Passed    0.02 sec
      Start  8: sample_embed_cpp
 8/87 Test  #8: sample_embed_cpp ...........................   Passed    0.02 sec
      Start  9: sample_device_mock
 9/87 Test  #9: sample_device_mock .........................   Passed    0.01 sec
      Start 10: sample_live_control_typed
10/87 Test #10: sample_live_control_typed ..................   Passed    0.01 sec
      Start 11: sample_cpu_gpu_fpga_cpu
11/87 Test #11: sample_cpu_gpu_fpga_cpu ....................   Passed    0.02 sec
      Start 12: sample_cuda_lifetime
12/87 Test #12: sample_cuda_lifetime .......................   Passed   21.14 sec
      Start 13: hello_runtime_output
13/87 Test #13: hello_runtime_output .......................   Passed    0.03 sec
      Start 14: typed_runtime_output
14/87 Test #14: typed_runtime_output .......................   Passed    0.03 sec
      Start 15: backend_authoring_output
15/87 Test #15: backend_authoring_output ...................   Passed    0.02 sec
      Start 16: cil_shared_memory_processes
16/87 Test #16: cil_shared_memory_processes ................   Passed   15.29 sec
      Start 17: host_adapter_native
17/87 Test #17: host_adapter_native ........................   Passed    0.05 sec
      Start 18: host_adapter_host
18/87 Test #18: host_adapter_host ..........................   Passed    0.02 sec
      Start 19: recipe_raw_c
19/87 Test #19: recipe_raw_c ...............................   Passed    0.01 sec
      Start 20: recipe_raw_cpp
20/87 Test #20: recipe_raw_cpp .............................   Passed    0.01 sec
      Start 21: recipe_profile
21/87 Test #21: recipe_profile .............................   Passed    0.00 sec
      Start 22: recipe_mixed_rate
22/87 Test #22: recipe_mixed_rate ..........................   Passed    0.03 sec
      Start 23: recipe_live_control
23/87 Test #23: recipe_live_control ........................   Passed    0.01 sec
      Start 24: recipe_replay
24/87 Test #24: recipe_replay ..............................   Passed    0.01 sec
      Start 25: recipe_replay_replaced
25/87 Test #25: recipe_replay_replaced .....................   Passed    0.01 sec
      Start 26: recipe_replay_rejected
26/87 Test #26: recipe_replay_rejected .....................   Passed    0.01 sec
      Start 27: recipe_cuda_boundary
27/87 Test #27: recipe_cuda_boundary .......................   Passed    0.00 sec
      Start 28: recipe_xdma_boundary
28/87 Test #28: recipe_xdma_boundary .......................   Passed    0.00 sec
      Start 29: simcore_all
29/87 Test #29: simcore_all ................................   Passed   47.53 sec
      Start 30: m22_live_control_mailbox
30/87 Test #30: m22_live_control_mailbox ...................   Passed    0.40 sec
      Start 31: m22_live_control_sdk
31/87 Test #31: m22_live_control_sdk .......................   Passed    0.01 sec
      Start 32: m22_live_control_stress
32/87 Test #32: m22_live_control_stress ....................   Passed    0.20 sec
      Start 33: m19_extension_registration
33/87 Test #33: m19_extension_registration .................   Passed    0.03 sec
      Start 34: m17_command_batch_timeline
34/87 Test #34: m17_command_batch_timeline .................   Passed    1.58 sec
      Start 35: m17_hal_v2_compatibility
35/87 Test #35: m17_hal_v2_compatibility ...................   Passed    0.27 sec
      Start 36: m17_heterogeneous_memory_topology
36/87 Test #36: m17_heterogeneous_memory_topology ..........   Passed    0.10 sec
      Start 37: m17_cuda_graph
37/87 Test #37: m17_cuda_graph .............................   Passed   10.22 sec
      Start 38: m17_xdma_control
38/87 Test #38: m17_xdma_control ...........................   Passed    0.02 sec
      Start 39: m16_rate_timeline
39/87 Test #39: m16_rate_timeline ..........................   Passed    0.09 sec
      Start 40: m21_device_rate_model
40/87 Test #40: m21_device_rate_model ......................   Passed    0.02 sec
      Start 41: m21_cross_rate_payload
41/87 Test #41: m21_cross_rate_payload .....................   Passed    0.03 sec
      Start 42: m16_rate_dispatch
42/87 Test #42: m16_rate_dispatch ..........................   Passed    0.08 sec
      Start 43: m16_shedding_telemetry
43/87 Test #43: m16_shedding_telemetry .....................   Passed    0.05 sec
      Start 44: m16_cross_rate_data
44/87 Test #44: m16_cross_rate_data ........................   Passed    0.08 sec
      Start 45: m15_accounting_closure
45/87 Test #45: m15_accounting_closure .....................   Passed    0.03 sec
      Start 46: m15_stack_lifecycle
46/87 Test #46: m15_stack_lifecycle ........................   Passed    0.03 sec
      Start 47: m15_cross_category_rollback
47/87 Test #47: m15_cross_category_rollback ................   Passed    0.02 sec
      Start 48: thread_policy_rollback
48/87 Test #48: thread_policy_rollback .....................   Passed    0.01 sec
      Start 49: thread_policy_recovery
49/87 Test #49: thread_policy_recovery .....................   Passed    0.07 sec
      Start 50: sbom_dependencies
50/87 Test #50: sbom_dependencies ..........................   Passed    0.08 sec
      Start 51: m24_cuda_physics
51/87 Test #51: m24_cuda_physics ...........................   Passed    0.39 sec
      Start 52: m24_cuda_physics_cli
52/87 Test #52: m24_cuda_physics_cli .......................   Passed    0.42 sec
      Start 53: m17_cpu_gpu_fpga_cpu_sample
53/87 Test #53: m17_cpu_gpu_fpga_cpu_sample ................   Passed    0.21 sec
      Start 54: cabi_dlopen
54/87 Test #54: cabi_dlopen ................................   Passed    0.02 sec
      Start 55: host_adapter
55/87 Test #55: host_adapter ...............................   Passed    0.00 sec
      Start 56: runtime_profile
56/87 Test #56: runtime_profile ............................   Passed    0.01 sec
      Start 57: simcore_thread_violation_build
57/87 Test #57: simcore_thread_violation_build .............   Passed    4.84 sec
      Start 58: xdma_backend
58/87 Test #58: xdma_backend ...............................   Passed    0.01 sec
      Start 59: m24_cuda_pipeline
59/87 Test #59: m24_cuda_pipeline ..........................   Passed    1.58 sec
      Start 60: m24_cuda_pipeline_cli
60/87 Test #60: m24_cuda_pipeline_cli ......................   Passed    0.81 sec
      Start 61: m24_cuda_lifetime
61/87 Test #61: m24_cuda_lifetime ..........................   Passed   21.19 sec
      Start 62: m24_cuda_lifetime_cli
62/87 Test #62: m24_cuda_lifetime_cli ......................   Passed   20.35 sec
      Start 63: m24_cuda_capabilities
63/87 Test #63: m24_cuda_capabilities ......................   Passed    0.63 sec
      Start 64: host_adapter_simulation_timing_noalloc
64/87 Test #64: host_adapter_simulation_timing_noalloc .....   Passed    0.02 sec
      Start 65: hello_capacity_failure
65/87 Test #65: hello_capacity_failure .....................   Passed    0.02 sec
      Start 66: hello_step_failure
66/87 Test #66: hello_step_failure .........................   Passed    0.02 sec
      Start 67: typed_sdk
67/87 Test #67: typed_sdk ..................................   Passed    0.05 sec
      Start 68: typed_sdk_stop_failure
68/87 Test #68: typed_sdk_stop_failure .....................   Passed    0.03 sec
      Start 69: backend_authoring_conformance
69/87 Test #69: backend_authoring_conformance ..............   Passed    0.11 sec
      Start 70: cil_shared_memory_contract
70/87 Test #70: cil_shared_memory_contract .................   Passed    0.05 sec
      Start 71: host_adapter_contract
71/87 Test #71: host_adapter_contract ......................   Passed    0.05 sec
      Start 72: host_adapter_golden_system_contract
72/87 Test #72: host_adapter_golden_system_contract ........   Passed    1.84 sec
      Start 73: host_adapter_golden_system_native
73/87 Test #73: host_adapter_golden_system_native ..........   Passed    0.14 sec
      Start 74: host_adapter_golden_system_host
74/87 Test #74: host_adapter_golden_system_host ............   Passed    0.14 sec
      Start 75: host_adapter_golden_system_external
75/87 Test #75: host_adapter_golden_system_external ........   Passed    0.16 sec
      Start 76: host_adapter_golden_system_process
76/87 Test #76: host_adapter_golden_system_process .........   Passed   14.36 sec
      Start 77: host_adapter_golden_cuda_contract
77/87 Test #77: host_adapter_golden_cuda_contract ..........   Passed   21.83 sec
      Start 78: host_adapter_golden_cuda_native_cpu
78/87 Test #78: host_adapter_golden_cuda_native_cpu ........   Passed    0.15 sec
      Start 79: host_adapter_golden_cuda_native_kernel
79/87 Test #79: host_adapter_golden_cuda_native_kernel .....   Passed    0.17 sec
      Start 80: host_adapter_golden_cuda_native_graph
80/87 Test #80: host_adapter_golden_cuda_native_graph ......   Passed    0.21 sec
      Start 81: host_adapter_golden_cuda_host_cpu
81/87 Test #81: host_adapter_golden_cuda_host_cpu ..........   Passed    0.13 sec
      Start 82: host_adapter_golden_cuda_host_kernel
82/87 Test #82: host_adapter_golden_cuda_host_kernel .......   Passed    0.14 sec
      Start 83: host_adapter_golden_cuda_host_graph
83/87 Test #83: host_adapter_golden_cuda_host_graph ........   Passed    0.15 sec
      Start 84: host_adapter_golden_cuda_external_cpu
84/87 Test #84: host_adapter_golden_cuda_external_cpu ......   Passed    0.19 sec
      Start 85: host_adapter_golden_cuda_external_kernel
85/87 Test #85: host_adapter_golden_cuda_external_kernel ...   Passed    0.19 sec
      Start 86: host_adapter_golden_cuda_external_graph
86/87 Test #86: host_adapter_golden_cuda_external_graph ....   Passed    0.22 sec
      Start 87: host_adapter_golden_cuda_process
87/87 Test #87: host_adapter_golden_cuda_process ...........   Passed   10.15 sec

100% tests passed, 0 tests failed out of 87

Total Test time (real) = 198.77 sec

completed=2026-09-29T08:06:38+00:00
log=/home/kbianco/.local/share/portfolio-control/worktrees/targets/cpp-rt-car-m24/docs/evidence/local/verify-full-20260929T074714Z.log
