parity host=0 count=256 ticks=1024 workers=3 grain=64
dispatch=0 begin
dispatch=0 steps complete
dispatch=0 replay complete
PASS CPU/kernel/Graph semantic parity, exact oracles, counters, zero allocation and trusted replay
case 9 cpu exit 0 elapsed 13.50084831402637
parity host=0 count=256 ticks=1024 workers=3 grain=64
dispatch=1 begin
dispatch=1 steps complete
dispatch=1 replay complete
PASS CPU/kernel/Graph semantic parity, exact oracles, counters, zero allocation and trusted replay
case 9 kernel exit 0 elapsed 15.557092649978586
parity host=0 count=256 ticks=1024 workers=3 grain=64
dispatch=2 begin
dispatch=2 steps complete
dispatch=2 replay complete
PASS CPU/kernel/Graph semantic parity, exact oracles, counters, zero allocation and trusted replay
case 9 graph exit 0 elapsed 15.306236236006953
parity host=1 count=256 ticks=1024 workers=3 grain=64
dispatch=0 begin
dispatch=0 steps complete
dispatch=0 replay complete
PASS CPU/kernel/Graph semantic parity, exact oracles, counters, zero allocation and trusted replay
case 18 cpu exit 0 elapsed 8.487542179063894
parity host=1 count=256 ticks=1024 workers=3 grain=64
dispatch=1 begin
dispatch=1 steps complete
dispatch=1 replay complete
PASS CPU/kernel/Graph semantic parity, exact oracles, counters, zero allocation and trusted replay
case 18 kernel exit 0 elapsed 9.139753308030777
parity host=1 count=256 ticks=1024 workers=3 grain=64
dispatch=2 begin
dispatch=2 steps complete
dispatch=2 replay complete
PASS CPU/kernel/Graph semantic parity, exact oracles, counters, zero allocation and trusted replay
case 18 graph exit 0 elapsed 9.33843323693145
native replay rejected status=-3 active replay requires deterministic mock/loopback backends
foreign rejected=-16 
foreign rejected=-16 
PASS CPU/kernel/Graph semantic parity, exact oracles, counters, zero allocation and trusted replay
case 0 None exit 0 elapsed 14.55656995298341
parity host=0 count=1 ticks=24 workers=1 grain=1
dispatch=0 begin
dispatch=0 steps complete
dispatch=0 replay complete
dispatch=1 begin
dispatch=1 steps complete
dispatch=1 replay complete
dispatch=2 begin
dispatch=2 steps complete
dispatch=2 replay complete
PASS CPU/kernel/Graph semantic parity, exact oracles, counters, zero allocation and trusted replay
case 1 None exit 0 elapsed 1.2179440769832581
parity host=0 count=17 ticks=24 workers=2 grain=4
dispatch=0 begin
dispatch=0 steps complete
dispatch=0 replay complete
dispatch=1 begin
dispatch=1 steps complete
dispatch=1 replay complete
dispatch=2 begin
dispatch=2 steps complete
dispatch=2 replay complete
PASS CPU/kernel/Graph semantic parity, exact oracles, counters, zero allocation and trusted replay
case 2 None exit 0 elapsed 1.2682618029648438
parity host=0 count=16 ticks=24 workers=3 grain=16
dispatch=0 begin
dispatch=0 steps complete
dispatch=0 replay complete
dispatch=1 begin
dispatch=1 steps complete
dispatch=1 replay complete
dispatch=2 begin
dispatch=2 steps complete
dispatch=2 replay complete
PASS CPU/kernel/Graph semantic parity, exact oracles, counters, zero allocation and trusted replay
case 3 None exit 0 elapsed 1.318616266013123
parity host=0 count=256 ticks=24 workers=1 grain=64
dispatch=0 begin
dispatch=0 steps complete
dispatch=0 replay complete
dispatch=1 begin
dispatch=1 steps complete
dispatch=1 replay complete
dispatch=2 begin
dispatch=2 steps complete
dispatch=2 replay complete
PASS CPU/kernel/Graph semantic parity, exact oracles, counters, zero allocation and trusted replay
case 4 None exit 0 elapsed 1.368203521007672
parity host=0 count=16 ticks=24 workers=2 grain=4
dispatch=0 begin
dispatch=0 steps complete
dispatch=0 replay complete
dispatch=1 begin
dispatch=1 steps complete
dispatch=1 replay complete
dispatch=2 begin
dispatch=2 steps complete
dispatch=2 replay complete
PASS CPU/kernel/Graph semantic parity, exact oracles, counters, zero allocation and trusted replay
case 5 None exit 0 elapsed 1.4181640779133886
parity host=0 count=16 ticks=24 workers=2 grain=4
dispatch=0 begin
dispatch=0 steps complete
dispatch=0 replay complete
dispatch=1 begin
dispatch=1 steps complete
dispatch=1 replay complete
dispatch=2 begin
dispatch=2 steps complete
dispatch=2 replay complete
PASS CPU/kernel/Graph semantic parity, exact oracles, counters, zero allocation and trusted replay
case 6 None exit 0 elapsed 1.418135792016983
parity host=0 count=16 ticks=24 workers=2 grain=4
dispatch=0 begin
dispatch=0 steps complete
dispatch=0 replay complete
dispatch=1 begin
dispatch=1 steps complete
dispatch=1 replay complete
dispatch=2 begin
dispatch=2 steps complete
dispatch=2 replay complete
PASS CPU/kernel/Graph semantic parity, exact oracles, counters, zero allocation and trusted replay
case 7 None exit 0 elapsed 1.4189133370527998
parity host=0 count=16 ticks=24 workers=2 grain=4
dispatch=0 begin
dispatch=0 steps complete
dispatch=0 replay complete
dispatch=1 begin
dispatch=1 steps complete
dispatch=1 replay complete
dispatch=2 begin
dispatch=2 steps complete
dispatch=2 replay complete
PASS CPU/kernel/Graph semantic parity, exact oracles, counters, zero allocation and trusted replay
case 8 None exit 0 elapsed 1.4184953359654173
parity host=1 count=1 ticks=24 workers=1 grain=1
dispatch=0 begin
dispatch=0 steps complete
dispatch=0 replay complete
dispatch=1 begin
dispatch=1 steps complete
dispatch=1 replay complete
dispatch=2 begin
dispatch=2 steps complete
dispatch=2 replay complete
PASS CPU/kernel/Graph semantic parity, exact oracles, counters, zero allocation and trusted replay
case 10 None exit 0 elapsed 1.1679013860411942
parity host=1 count=17 ticks=24 workers=2 grain=4
dispatch=0 begin
dispatch=0 steps complete
dispatch=0 replay complete
dispatch=1 begin
dispatch=1 steps complete
dispatch=1 replay complete
dispatch=2 begin
dispatch=2 steps complete
dispatch=2 replay complete
PASS CPU/kernel/Graph semantic parity, exact oracles, counters, zero allocation and trusted replay
case 11 None exit 0 elapsed 1.2181731560267508
parity host=1 count=16 ticks=24 workers=3 grain=16
dispatch=0 begin
dispatch=0 steps complete
dispatch=0 replay complete
dispatch=1 begin
dispatch=1 steps complete
dispatch=1 replay complete
dispatch=2 begin
dispatch=2 steps complete
dispatch=2 replay complete
PASS CPU/kernel/Graph semantic parity, exact oracles, counters, zero allocation and trusted replay
case 12 None exit 0 elapsed 1.1687815269688144
parity host=1 count=256 ticks=24 workers=1 grain=64
dispatch=0 begin
dispatch=0 steps complete
dispatch=0 replay complete
dispatch=1 begin
dispatch=1 steps complete
dispatch=1 replay complete
dispatch=2 begin
dispatch=2 steps complete
dispatch=2 replay complete
PASS CPU/kernel/Graph semantic parity, exact oracles, counters, zero allocation and trusted replay
case 13 None exit 0 elapsed 1.017293573007919
parity host=1 count=16 ticks=24 workers=2 grain=4
dispatch=0 begin
dispatch=0 steps complete
dispatch=0 replay complete
dispatch=1 begin
dispatch=1 steps complete
dispatch=1 replay complete
dispatch=2 begin
dispatch=2 steps complete
dispatch=2 replay complete
PASS CPU/kernel/Graph semantic parity, exact oracles, counters, zero allocation and trusted replay
case 14 None exit 0 elapsed 1.2684327750466764
parity host=1 count=16 ticks=24 workers=2 grain=4
dispatch=0 begin
dispatch=0 steps complete
dispatch=0 replay complete
dispatch=1 begin
dispatch=1 steps complete
dispatch=1 replay complete
dispatch=2 begin
dispatch=2 steps complete
dispatch=2 replay complete
PASS CPU/kernel/Graph semantic parity, exact oracles, counters, zero allocation and trusted replay
case 15 None exit 0 elapsed 1.0678343719337136
parity host=1 count=16 ticks=24 workers=2 grain=4
dispatch=0 begin
dispatch=0 steps complete
dispatch=0 replay complete
dispatch=1 begin
dispatch=1 steps complete
dispatch=1 replay complete
dispatch=2 begin
dispatch=2 steps complete
dispatch=2 replay complete
PASS CPU/kernel/Graph semantic parity, exact oracles, counters, zero allocation and trusted replay
case 16 None exit 0 elapsed 1.116100926999934
parity host=1 count=16 ticks=24 workers=2 grain=4
dispatch=0 begin
dispatch=0 steps complete
dispatch=0 replay complete
dispatch=1 begin
dispatch=1 steps complete
dispatch=1 replay complete
dispatch=2 begin
dispatch=2 steps complete
dispatch=2 replay complete
PASS CPU/kernel/Graph semantic parity, exact oracles, counters, zero allocation and trusted replay
case 17 None exit 0 elapsed 1.1171361160231754
PASS all23 bounded ASan/UBSan/leak cases; every original workload/assertion preserved
