/tmp/cpp-m26-03-fault-trace.cpp: In function ‘int main()’:
/tmp/cpp-m26-03-fault-trace.cpp:3:515: warning: ignoring return value of ‘rt::Status rt::Runtime::read_rate_actions(rt::RateTelemetryCursor&, std::span<rt::RateActionRecord>, rt::RateTelemetryReadResult&)’, declared with attribute ‘nodiscard’ [-Wunused-result]
    3 | int main(){using namespace golden; using namespace golden::cuda; for(bool loss:{false,true}) {Owner o(Options{},Dispatch::graph); if(o.prepare()!=rt::Status::ok||!o.session->controls())return 1;for(unsigned t=0;t<6;++t)if(o.session->step(t)!=rt::Status::ok)return 2;if(loss)o.driver->lose_query=true;else o.driver->fail_query=true;std::cout<<"status "<<int(o.session->step(6))<<'\n';rt::RateTelemetryCursor c;std::array<rt::RateActionRecord,128>a;rt::RateTelemetryReadResult q;o.session->runtime->read_rate_actions(c,a,q);for(size_t i=0;i<q.records_read;++i)if(a[i].frame_index==6)std::cout<<"rate action="<<int(a[i].action)<<" reason="<<int(a[i].reason)<<" late="<<a[i].late<<" status="<<a[i].status<<" logical="<<a[i].logical_release_ns<<'\n';rt::MixedRateActionCursor d;std::array<rt::MixedRateActionRecord,128>b;rt::MixedRateActionReadResult r;o.session->runtime->read_mixed_rate_actions(d,b,r);for(size_t i=0;i<r.records_read;++i)if(b[i].frame_index==6)std::cout<<"mixed action="<<int(b[i].action)<<" reason="<<int(b[i].reason)<<" stage="<<int(b[i].stage)<<" status="<<b[i].terminal_status<<" phase="<<b[i].phase_index<<'\n';if(o.close()!=rt::Status::ok)return 3;}}
      |                                                                                                                                                                                                                                                                                                                                                                                                                                                                                              ~~~~~~~~~~~~~~~~~~~~~~~~~~~~~~~~~~~~~^~~~~~~
In file included from rt/include/rt/live_control.hpp:13,
                 from /home/kbianco/.local/share/portfolio-control/worktrees/targets/cpp-rt-car-m24/samples/golden_cuda/../golden_system/controls.hpp:3,
                 from /home/kbianco/.local/share/portfolio-control/worktrees/targets/cpp-rt-car-m24/samples/golden_cuda/../golden_system/world.hpp:2,
                 from /home/kbianco/.local/share/portfolio-control/worktrees/targets/cpp-rt-car-m24/samples/golden_cuda/../golden_system/physics.hpp:2,
                 from /home/kbianco/.local/share/portfolio-control/worktrees/targets/cpp-rt-car-m24/samples/golden_cuda/resources.hpp:2,
                 from /home/kbianco/.local/share/portfolio-control/worktrees/targets/cpp-rt-car-m24/samples/golden_cuda/simulated_driver.hpp:2,
                 from /home/kbianco/.local/share/portfolio-control/worktrees/targets/cpp-rt-car-m24/samples/golden_cuda/physics.hpp:2,
                 from /home/kbianco/.local/share/portfolio-control/worktrees/targets/cpp-rt-car-m24/samples/golden_cuda/owner.hpp:2,
                 from /tmp/cpp-m26-03-fault-trace.cpp:1:
rt/include/rt/runtime.hpp:2870:26: note: declared here
 2870 |     [[nodiscard]] Status read_rate_actions(
      |                          ^~~~~~~~~~~~~~~~~
/tmp/cpp-m26-03-fault-trace.cpp:3:892: warning: ignoring return value of ‘rt::Status rt::Runtime::read_mixed_rate_actions(rt::MixedRateActionCursor&, std::span<rt::MixedRateActionRecord>, rt::MixedRateActionReadResult&)’, declared with attribute ‘nodiscard’ [-Wunused-result]
    3 | int main(){using namespace golden; using namespace golden::cuda; for(bool loss:{false,true}) {Owner o(Options{},Dispatch::graph); if(o.prepare()!=rt::Status::ok||!o.session->controls())return 1;for(unsigned t=0;t<6;++t)if(o.session->step(t)!=rt::Status::ok)return 2;if(loss)o.driver->lose_query=true;else o.driver->fail_query=true;std::cout<<"status "<<int(o.session->step(6))<<'\n';rt::RateTelemetryCursor c;std::array<rt::RateActionRecord,128>a;rt::RateTelemetryReadResult q;o.session->runtime->read_rate_actions(c,a,q);for(size_t i=0;i<q.records_read;++i)if(a[i].frame_index==6)std::cout<<"rate action="<<int(a[i].action)<<" reason="<<int(a[i].reason)<<" late="<<a[i].late<<" status="<<a[i].status<<" logical="<<a[i].logical_release_ns<<'\n';rt::MixedRateActionCursor d;std::array<rt::MixedRateActionRecord,128>b;rt::MixedRateActionReadResult r;o.session->runtime->read_mixed_rate_actions(d,b,r);for(size_t i=0;i<r.records_read;++i)if(b[i].frame_index==6)std::cout<<"mixed action="<<int(b[i].action)<<" reason="<<int(b[i].reason)<<" stage="<<int(b[i].stage)<<" status="<<b[i].terminal_status<<" phase="<<b[i].phase_index<<'\n';if(o.close()!=rt::Status::ok)return 3;}}
      |                                                                                                                                                                                                                                                                                                                                                                                                                                                                                                                                                                                                                                                                                                                                                                                                                                                                                 ~~~~~~~~~~~~~~~~~~~~~~~~~~~~~~~~~~~~~~~~~~~^~~~~~~
rt/include/rt/runtime.hpp:2876:26: note: declared here
 2876 |     [[nodiscard]] Status read_mixed_rate_actions(
      |                          ^~~~~~~~~~~~~~~~~~~~~~~
