parity host=0 count=256 ticks=1024 workers=3 grain=64
dispatch=0 begin
dispatch=0 steps complete
dispatch=0 replay complete
PASS CPU/kernel/Graph semantic parity, exact oracles, counters, zero allocation and trusted replay
case 9 cpu exit 0 elapsed 65.25381774303969
parity host=0 count=256 ticks=1024 workers=3 grain=64
dispatch=1 begin
dispatch=1 steps complete
dispatch=1 replay complete
PASS CPU/kernel/Graph semantic parity, exact oracles, counters, zero allocation and trusted replay
case 9 kernel exit 0 elapsed 69.76058696501423
parity host=0 count=256 ticks=1024 workers=3 grain=64
dispatch=2 begin
dispatch=2 steps complete
dispatch=2 replay complete
PASS CPU/kernel/Graph semantic parity, exact oracles, counters, zero allocation and trusted replay
case 9 graph exit 0 elapsed 70.90833540493622
parity host=1 count=256 ticks=1024 workers=3 grain=64
dispatch=0 begin
dispatch=0 steps complete
dispatch=0 replay complete
PASS CPU/kernel/Graph semantic parity, exact oracles, counters, zero allocation and trusted replay
case 18 cpu exit 0 elapsed 41.07767295301892
parity host=1 count=256 ticks=1024 workers=3 grain=64
dispatch=1 begin
dispatch=1 steps complete
dispatch=1 replay complete
PASS CPU/kernel/Graph semantic parity, exact oracles, counters, zero allocation and trusted replay
case 18 kernel exit 0 elapsed 43.34116738603916
parity host=1 count=256 ticks=1024 workers=3 grain=64
dispatch=2 begin
dispatch=2 steps complete
dispatch=2 replay complete
PASS CPU/kernel/Graph semantic parity, exact oracles, counters, zero allocation and trusted replay
case 18 graph exit 0 elapsed 44.290819981950335
native replay rejected status=-3 active replay requires deterministic mock/loopback backends
foreign rejected=-16 
foreign rejected=-16 
PASS CPU/kernel/Graph semantic parity, exact oracles, counters, zero allocation and trusted replay
case 0 None exit 0 elapsed 28.795733785023913
parity host=0 count=1 ticks=24 workers=1 grain=1
dispatch=0 begin
dispatch=0 steps complete
dispatch=0 replay complete
dispatch=1 begin
dispatch=1 steps complete
dispatch=1 replay complete
dispatch=2 begin
dispatch=2 steps complete
dispatch=2 replay complete
PASS CPU/kernel/Graph semantic parity, exact oracles, counters, zero allocation and trusted replay
case 1 None exit 0 elapsed 5.280747993965633
parity host=0 count=17 ticks=24 workers=2 grain=4
dispatch=0 begin
dispatch=0 steps complete
dispatch=0 replay complete
dispatch=1 begin
dispatch=1 steps complete
dispatch=1 replay complete
dispatch=2 begin
dispatch=2 steps complete
dispatch=2 replay complete
PASS CPU/kernel/Graph semantic parity, exact oracles, counters, zero allocation and trusted replay
case 2 None exit 0 elapsed 5.9322943040169775
parity host=0 count=16 ticks=24 workers=3 grain=16
dispatch=0 begin
dispatch=0 steps complete
dispatch=0 replay complete
dispatch=1 begin
dispatch=1 steps complete
dispatch=1 replay complete
dispatch=2 begin
dispatch=2 steps complete
dispatch=2 replay complete
PASS CPU/kernel/Graph semantic parity, exact oracles, counters, zero allocation and trusted replay
case 3 None exit 0 elapsed 6.282769767916761
parity host=0 count=256 ticks=24 workers=1 grain=64
dispatch=0 begin
dispatch=0 steps complete
dispatch=0 replay complete
dispatch=1 begin
dispatch=1 steps complete
dispatch=1 replay complete
dispatch=2 begin
dispatch=2 steps complete
dispatch=2 replay complete
PASS CPU/kernel/Graph semantic parity, exact oracles, counters, zero allocation and trusted replay
case 4 None exit 0 elapsed 5.129416415002197
parity host=0 count=16 ticks=24 workers=2 grain=4
dispatch=0 begin
dispatch=0 steps complete
dispatch=0 replay complete
dispatch=1 begin
dispatch=1 steps complete
dispatch=1 replay complete
dispatch=2 begin
dispatch=2 steps complete
dispatch=2 replay complete
PASS CPU/kernel/Graph semantic parity, exact oracles, counters, zero allocation and trusted replay
case 5 None exit 0 elapsed 6.032003030995838
parity host=0 count=16 ticks=24 workers=2 grain=4
dispatch=0 begin
dispatch=0 steps complete
dispatch=0 replay complete
dispatch=1 begin
dispatch=1 steps complete
dispatch=1 replay complete
dispatch=2 begin
dispatch=2 steps complete
dispatch=2 replay complete
PASS CPU/kernel/Graph semantic parity, exact oracles, counters, zero allocation and trusted replay
case 6 None exit 0 elapsed 5.882319288910367
parity host=0 count=16 ticks=24 workers=2 grain=4
dispatch=0 begin
dispatch=0 steps complete
dispatch=0 replay complete
dispatch=1 begin
dispatch=1 steps complete
dispatch=1 replay complete
dispatch=2 begin
dispatch=2 steps complete
dispatch=2 replay complete
PASS CPU/kernel/Graph semantic parity, exact oracles, counters, zero allocation and trusted replay
case 7 None exit 0 elapsed 5.680431474931538
parity host=0 count=16 ticks=24 workers=2 grain=4
dispatch=0 begin
dispatch=0 steps complete
dispatch=0 replay complete
dispatch=1 begin
dispatch=1 steps complete
dispatch=1 replay complete
dispatch=2 begin
dispatch=2 steps complete
dispatch=2 replay complete
PASS CPU/kernel/Graph semantic parity, exact oracles, counters, zero allocation and trusted replay
case 8 None exit 0 elapsed 5.480393829988316
parity host=1 count=1 ticks=24 workers=1 grain=1
dispatch=0 begin
dispatch=0 steps complete
dispatch=0 replay complete
dispatch=1 begin
dispatch=1 steps complete
dispatch=1 replay complete
dispatch=2 begin
dispatch=2 steps complete
dispatch=2 replay complete
PASS CPU/kernel/Graph semantic parity, exact oracles, counters, zero allocation and trusted replay
case 10 None exit 0 elapsed 4.177467015921138
parity host=1 count=17 ticks=24 workers=2 grain=4
dispatch=0 begin
dispatch=0 steps complete
dispatch=0 replay complete
dispatch=1 begin
dispatch=1 steps complete
dispatch=1 replay complete
dispatch=2 begin
dispatch=2 steps complete
dispatch=2 replay complete
PASS CPU/kernel/Graph semantic parity, exact oracles, counters, zero allocation and trusted replay
case 11 None exit 0 elapsed 4.177461778046563
parity host=1 count=16 ticks=24 workers=3 grain=16
dispatch=0 begin
dispatch=0 steps complete
dispatch=0 replay complete
dispatch=1 begin
dispatch=1 steps complete
dispatch=1 replay complete
dispatch=2 begin
dispatch=2 steps complete
dispatch=2 replay complete
PASS CPU/kernel/Graph semantic parity, exact oracles, counters, zero allocation and trusted replay
case 12 None exit 0 elapsed 4.276861316058785
parity host=1 count=256 ticks=24 workers=1 grain=64
dispatch=0 begin
dispatch=0 steps complete
dispatch=0 replay complete
dispatch=1 begin
dispatch=1 steps complete
dispatch=1 replay complete
dispatch=2 begin
dispatch=2 steps complete
dispatch=2 replay complete
PASS CPU/kernel/Graph semantic parity, exact oracles, counters, zero allocation and trusted replay
case 13 None exit 0 elapsed 4.126859518000856
parity host=1 count=16 ticks=24 workers=2 grain=4
dispatch=0 begin
dispatch=0 steps complete
dispatch=0 replay complete
dispatch=1 begin
dispatch=1 steps complete
dispatch=1 replay complete
dispatch=2 begin
dispatch=2 steps complete
dispatch=2 replay complete
PASS CPU/kernel/Graph semantic parity, exact oracles, counters, zero allocation and trusted replay
case 14 None exit 0 elapsed 4.478012862964533
parity host=1 count=16 ticks=24 workers=2 grain=4
dispatch=0 begin
dispatch=0 steps complete
dispatch=0 replay complete
dispatch=1 begin
dispatch=1 steps complete
dispatch=1 replay complete
dispatch=2 begin
dispatch=2 steps complete
dispatch=2 replay complete
PASS CPU/kernel/Graph semantic parity, exact oracles, counters, zero allocation and trusted replay
case 15 None exit 0 elapsed 4.277564340969548
parity host=1 count=16 ticks=24 workers=2 grain=4
dispatch=0 begin
dispatch=0 steps complete
dispatch=0 replay complete
dispatch=1 begin
dispatch=1 steps complete
dispatch=1 replay complete
dispatch=2 begin
dispatch=2 steps complete
dispatch=2 replay complete
PASS CPU/kernel/Graph semantic parity, exact oracles, counters, zero allocation and trusted replay
case 16 None exit 0 elapsed 4.277922207955271
parity host=1 count=16 ticks=24 workers=2 grain=4
dispatch=0 begin
dispatch=0 steps complete
dispatch=0 replay complete
dispatch=1 begin
dispatch=1 steps complete
dispatch=1 replay complete
dispatch=2 begin
dispatch=2 steps complete
dispatch=2 replay complete
PASS CPU/kernel/Graph semantic parity, exact oracles, counters, zero allocation and trusted replay
case 17 None exit 0 elapsed 4.279076126986183
PASS all23 bounded TSan cases; every original workload/assertion preserved
