repository=/home/kbianco/.local/share/portfolio-control/worktrees/targets/cpp-rt-car-m24
mode=contract
started=2026-09-29T05:22:06+00:00
head=dbbab7a433a01459ed737cbb19d3b1a64a3ea1bf

>>> [contract] git diff --check

>>> [contract] python3 tools/check_docs_contract.py
PASS: SDK manual/API/source inventory and local fragments (116 files)
Documentation contract OK

>>> [contract] python3 tools/generate_golden_config.py --check
PASS: compiled golden constants match frozen contract

>>> [contract] python3 -m unittest discover -s tests/golden_system -p "test_*.py"
.........................
----------------------------------------------------------------------
Ran 25 tests in 0.430s

OK

>>> [contract] python3 -m unittest discover -s tests/installed_docs -p "test_*.py"
.....+ ["/usr/bin/python3", "-c", "import sys;print(sys.argv[1])", "path with spaces $(never-execute) `literal`"]
path with spaces $(never-execute) `literal`
.+ ["/usr/bin/python3", "-c", "raise SystemExit(3)"]
+ ["/usr/bin/python3", "-c", "print(\"actual\")"]
actual
.
----------------------------------------------------------------------
Ran 7 tests in 0.129s

OK

>>> [contract] python3 tools/check_release_contract.py
Release contract OK

>>> [contract] python3 tests/test_release_tools.py
...................................
----------------------------------------------------------------------
Ran 35 tests in 1.678s

OK

>>> [contract] python3 tools/check_c_abi.py
C ABI v8 verified: 70 symbols, fingerprint 0xd0e7a5a14bf35f97

>>> [contract] python3 tools/sbom.py verify-dependencies --policy tools/sbom_expected.json
{"dependencies": [{"identity": "7e17b15f1547bb8dd9c2fed91043b7af3437387f", "license": "BSD-3-Clause", "name": "googletest", "purpose": "build/test only"}, {"identity": "6e8dadfdafa3a74eabb52ead87f8787f72eccd0b", "license": "BSD-2-Clause", "name": "rapidcheck", "purpose": "build/test only"}, {"identity": "3f7e1436a0b11806abbddce274164a491091223e", "license": "MIT", "name": "vcpkg", "purpose": "build input only"}], "identity_only": true, "schema_version": 1, "vulnerability_clearance": false, "workflow_actions": [{"commit": "11d5960a326750d5838078e36cf38b85af677262", "name": "actions/checkout"}, {"commit": "2031cfc080254a8a887f58cffee85186f0e49e48", "name": "actions/dependency-review-action"}, {"commit": "d3f86a106a0bac45b974a628896c90dbdf5c8093", "name": "actions/download-artifact"}, {"commit": "a26af69be951a213d495a4c3e4e4022e16d87065", "name": "actions/setup-python"}, {"commit": "ea165f8d65b6e75b540449e92b4886f43607fa02", "name": "actions/upload-artifact"}, {"commit": "e22c389904149dbc22b58101806040fa8d37a610", "name": "anchore/sbom-action"}]}

>>> [contract] python3 tools/provenance.py verify-fixture --repo-root . --policy release/portable-assurance-policy.json
{"cryptographic_fixture_verified": true, "current_revocation_checked": false, "key_id": "b1833d5789db9754f9af98125ca2320e7fcbf69d5b57fc300a782485e3612ccf", "schema_version": 1, "target_authenticated": false}

completed=2026-09-29T05:22:10+00:00
log=/home/kbianco/.local/share/portfolio-control/worktrees/targets/cpp-rt-car-m24/docs/evidence/local/verify-contract-20260929T052206Z.log
