iteration 0 exit 0
prepare=0 
0 status=0 
1 status=0 
2 status=0 
3 status=0 
4 status=0 
5 status=0 
6 status=0 
7 status=0 
8 status=0 
9 status=0 
10 status=0 
11 status=0 
12 status=0 
13 status=0 
14 status=0 
15 status=0 
16 status=0 
17 status=0 
18 status=0 
19 status=0 
20 status=0 
21 status=0 
22 status=0 
23 status=0 
replay pass; operations 48
iteration 1 exit 0
prepare=0 
0 status=0 
1 status=0 
2 status=0 
3 status=0 
4 status=0 
5 status=0 
6 status=0 
7 status=0 
8 status=0 
9 status=0 
10 status=0 
11 status=0 
12 status=0 
13 status=0 
14 status=0 
15 status=0 
16 status=0 
17 status=0 
18 status=0 
19 status=0 
20 status=0 
21 status=0 
22 status=0 
23 status=0 
replay pass; operations 48
iteration 2 exit 0
prepare=0 
0 status=0 
1 status=0 
2 status=0 
3 status=0 
4 status=0 
5 status=0 
6 status=0 
7 status=0 
8 status=0 
9 status=0 
10 status=0 
11 status=0 
12 status=0 
13 status=0 
14 status=0 
15 status=0 
16 status=0 
17 status=0 
18 status=0 
19 status=0 
20 status=0 
21 status=0 
22 status=0 
23 status=0 
replay pass; operations 48
iteration 3 exit 0
prepare=0 
0 status=0 
1 status=0 
2 status=0 
3 status=0 
4 status=0 
5 status=0 
6 status=0 
7 status=0 
8 status=0 
9 status=0 
10 status=0 
11 status=0 
12 status=0 
13 status=0 
14 status=0 
15 status=0 
16 status=0 
17 status=0 
18 status=0 
19 status=0 
20 status=0 
21 status=0 
22 status=0 
23 status=0 
replay pass; operations 48
iteration 4 exit 0
prepare=0 
0 status=0 
1 status=0 
2 status=0 
3 status=0 
4 status=0 
5 status=0 
6 status=0 
7 status=0 
8 status=0 
9 status=0 
10 status=0 
11 status=0 
12 status=0 
13 status=0 
14 status=0 
15 status=0 
16 status=0 
17 status=0 
18 status=0 
19 status=0 
20 status=0 
21 status=0 
22 status=0 
23 status=0 
replay pass; operations 48
iteration 5 exit 0
prepare=0 
0 status=0 
1 status=0 
2 status=0 
3 status=0 
4 status=0 
5 status=0 
6 status=0 
7 status=0 
8 status=0 
9 status=0 
10 status=0 
11 status=0 
12 status=0 
13 status=0 
14 status=0 
15 status=0 
16 status=0 
17 status=0 
18 status=0 
19 status=0 
20 status=0 
21 status=0 
22 status=0 
23 status=0 
replay pass; operations 48
iteration 6 exit 0
prepare=0 
0 status=0 
1 status=0 
2 status=0 
3 status=0 
4 status=0 
5 status=0 
6 status=0 
7 status=0 
8 status=0 
9 status=0 
10 status=0 
11 status=0 
12 status=0 
13 status=0 
14 status=0 
15 status=0 
16 status=0 
17 status=0 
18 status=0 
19 status=0 
20 status=0 
21 status=0 
22 status=0 
23 status=0 
replay pass; operations 48
iteration 7 exit 0
prepare=0 
0 status=0 
1 status=0 
2 status=0 
3 status=0 
4 status=0 
5 status=0 
6 status=0 
7 status=0 
8 status=0 
9 status=0 
10 status=0 
11 status=0 
12 status=0 
13 status=0 
14 status=0 
15 status=0 
16 status=0 
17 status=0 
18 status=0 
19 status=0 
20 status=0 
21 status=0 
22 status=0 
23 status=0 
replay pass; operations 48
iteration 8 exit 0
prepare=0 
0 status=0 
1 status=0 
2 status=0 
3 status=0 
4 status=0 
5 status=0 
6 status=0 
7 status=0 
8 status=0 
9 status=0 
10 status=0 
11 status=0 
12 status=0 
13 status=0 
14 status=0 
15 status=0 
16 status=0 
17 status=0 
18 status=0 
19 status=0 
20 status=0 
21 status=0 
22 status=0 
23 status=0 
replay pass; operations 48
iteration 9 exit 0
prepare=0 
0 status=0 
1 status=0 
2 status=0 
3 status=0 
4 status=0 
5 status=0 
6 status=0 
7 status=0 
8 status=0 
9 status=0 
10 status=0 
11 status=0 
12 status=0 
13 status=0 
14 status=0 
15 status=0 
16 status=0 
17 status=0 
18 status=0 
19 status=0 
20 status=0 
21 status=0 
22 status=0 
23 status=0 
replay pass; operations 48
iteration 10 exit 0
prepare=0 
0 status=0 
1 status=0 
2 status=0 
3 status=0 
4 status=0 
5 status=0 
6 status=0 
7 status=0 
8 status=0 
9 status=0 
10 status=0 
11 status=0 
12 status=0 
13 status=0 
14 status=0 
15 status=0 
16 status=0 
17 status=0 
18 status=0 
19 status=0 
20 status=0 
21 status=0 
22 status=0 
23 status=0 
replay pass; operations 48
iteration 11 exit 0
prepare=0 
0 status=0 
1 status=0 
2 status=0 
3 status=0 
4 status=0 
5 status=0 
6 status=0 
7 status=0 
8 status=0 
9 status=0 
10 status=0 
11 status=0 
12 status=0 
13 status=0 
14 status=0 
15 status=0 
16 status=0 
17 status=0 
18 status=0 
19 status=0 
20 status=0 
21 status=0 
22 status=0 
23 status=0 
replay pass; operations 48
iteration 12 exit 0
prepare=0 
0 status=0 
1 status=0 
2 status=0 
3 status=0 
4 status=0 
5 status=0 
6 status=0 
7 status=0 
8 status=0 
9 status=0 
10 status=0 
11 status=0 
12 status=0 
13 status=0 
14 status=0 
15 status=0 
16 status=0 
17 status=0 
18 status=0 
19 status=0 
20 status=0 
21 status=0 
22 status=0 
23 status=0 
replay pass; operations 48
iteration 13 exit 0
prepare=0 
0 status=0 
1 status=0 
2 status=0 
3 status=0 
4 status=0 
5 status=0 
6 status=0 
7 status=0 
8 status=0 
9 status=0 
10 status=0 
11 status=0 
12 status=0 
13 status=0 
14 status=0 
15 status=0 
16 status=0 
17 status=0 
18 status=0 
19 status=0 
20 status=0 
21 status=0 
22 status=0 
23 status=0 
replay pass; operations 48
iteration 14 exit 0
prepare=0 
0 status=0 
1 status=0 
2 status=0 
3 status=0 
4 status=0 
5 status=0 
6 status=0 
7 status=0 
8 status=0 
9 status=0 
10 status=0 
11 status=0 
12 status=0 
13 status=0 
14 status=0 
15 status=0 
16 status=0 
17 status=0 
18 status=0 
19 status=0 
20 status=0 
21 status=0 
22 status=0 
23 status=0 
replay pass; operations 48
iteration 15 exit 0
prepare=0 
0 status=0 
1 status=0 
2 status=0 
3 status=0 
4 status=0 
5 status=0 
6 status=0 
7 status=0 
8 status=0 
9 status=0 
10 status=0 
11 status=0 
12 status=0 
13 status=0 
14 status=0 
15 status=0 
16 status=0 
17 status=0 
18 status=0 
19 status=0 
20 status=0 
21 status=0 
22 status=0 
23 status=0 
replay pass; operations 48
iteration 16 exit 0
prepare=0 
0 status=0 
1 status=0 
2 status=0 
3 status=0 
4 status=0 
5 status=0 
6 status=0 
7 status=0 
8 status=0 
9 status=0 
10 status=0 
11 status=0 
12 status=0 
13 status=0 
14 status=0 
15 status=0 
16 status=0 
17 status=0 
18 status=0 
19 status=0 
20 status=0 
21 status=0 
22 status=0 
23 status=0 
replay pass; operations 48
iteration 17 exit 3
prepare=0 
0 status=0 
1 status=0 
2 status=0 
3 status=0 
4 status=0 
5 status=0 
6 status=0 
7 status=0 
8 status=0 
9 status=0 
10 status=0 
11 status=-18 device submission timed out
