Running main() from /home/kbianco/.local/share/portfolio-control/worktrees/targets/cpp-rt-car-m24/external/googletest/googletest/src/gtest_main.cc
Note: Google Test filter = SampledIo.*:CrossRateData.*:MixedRateReplay.*
[==========] Running 25 tests from 3 test suites.
[----------] Global test environment set-up.
[----------] 7 tests from MixedRateReplay
[ RUN      ] MixedRateReplay.SimulationPolicyIdentityRejectsForeignCheckpointBeforeMutation
[       OK ] MixedRateReplay.SimulationPolicyIdentityRejectsForeignCheckpointBeforeMutation (21 ms)
[ RUN      ] MixedRateReplay.SimulationReplayUsesRecordedTimeAndKeepsHostWatchdog
[       OK ] MixedRateReplay.SimulationReplayUsesRecordedTimeAndKeepsHostWatchdog (57 ms)
[ RUN      ] MixedRateReplay.SimulationFailedCompletionRetainsBackendTimestamp
[       OK ] MixedRateReplay.SimulationFailedCompletionRetainsBackendTimestamp (37 ms)
[ RUN      ] MixedRateReplay.WatchdogTransitionsPreserveActualPriorLevelAtSaturation
[       OK ] MixedRateReplay.WatchdogTransitionsPreserveActualPriorLevelAtSaturation (25 ms)
[ RUN      ] MixedRateReplay.LiveControlWatchdogReplayClosesSaturatedFrames
[       OK ] MixedRateReplay.LiveControlWatchdogReplayClosesSaturatedFrames (39 ms)
[ RUN      ] MixedRateReplay.ActiveArtifactRoundTripsAndDrivesTranscriptDecisions
[       OK ] MixedRateReplay.ActiveArtifactRoundTripsAndDrivesTranscriptDecisions (2 ms)
[ RUN      ] MixedRateReplay.ParserRejectsMutationTrailingBytesAndShortOutput
[       OK ] MixedRateReplay.ParserRejectsMutationTrailingBytesAndShortOutput (2 ms)
[----------] 7 tests from MixedRateReplay (185 ms total)

[----------] 11 tests from CrossRateData
[ RUN      ] CrossRateData.PublicModelCopiesAndFreezesWithLifecycleInspectors
[       OK ] CrossRateData.PublicModelCopiesAndFreezesWithLifecycleInspectors (6 ms)
[ RUN      ] CrossRateData.SelectionMatchesIndependentCompleteSupercycle
[       OK ] CrossRateData.SelectionMatchesIndependentCompleteSupercycle (2 ms)
[ RUN      ] CrossRateData.SelectionAgreementCoversRateAndRegistrationPermutations
[       OK ] CrossRateData.SelectionAgreementCoversRateAndRegistrationPermutations (6 ms)
[ RUN      ] CrossRateData.SameTimestampVisibilityAndFreshnessBoundariesAreExact
[       OK ] CrossRateData.SameTimestampVisibilityAndFreshnessBoundariesAreExact (8 ms)
[ RUN      ] CrossRateData.ValidationIsOwnedBoundedTransactionalAndCorrectable
[       OK ] CrossRateData.ValidationIsOwnedBoundedTransactionalAndCorrectable (1 ms)
[ RUN      ] CrossRateData.AggregateCapacityFailsBeforeProviderAndCanBeCorrected
[       OK ] CrossRateData.AggregateCapacityFailsBeforeProviderAndCanBeCorrected (0 ms)
[ RUN      ] CrossRateData.DeviceEndpointIsRejectedBeforeOwnershipOrExecution
[       OK ] CrossRateData.DeviceEndpointIsRejectedBeforeOwnershipOrExecution (0 ms)
[ RUN      ] CrossRateData.SnapshotStoreIsExactBoundedAndNeverSubstitutes
[       OK ] CrossRateData.SnapshotStoreIsExactBoundedAndNeverSubstitutes (0 ms)
[ RUN      ] CrossRateData.SnapshotStoreSpscConcurrencyHasDeterministicBytes
[       OK ] CrossRateData.SnapshotStoreSpscConcurrencyHasDeterministicBytes (9 ms)
[ RUN      ] CrossRateData.SnapshotStoreSpscContentionPublishesCompleteGenerations
[       OK ] CrossRateData.SnapshotStoreSpscContentionPublishesCompleteGenerations (9 ms)
[ RUN      ] CrossRateData.TwoRuntimeHandlesSamplesAndStoresRemainIsolated
[       OK ] CrossRateData.TwoRuntimeHandlesSamplesAndStoresRemainIsolated (3 ms)
[----------] 11 tests from CrossRateData (48 ms total)

[----------] 7 tests from SampledIo
[ RUN      ] SampledIo.CompilesExactInputDescriptorAndDirectMap
[       OK ] SampledIo.CompilesExactInputDescriptorAndDirectMap (0 ms)
[ RUN      ] SampledIo.FailureIsTransactionalAndCorrectionIsRetryable
[       OK ] SampledIo.FailureIsTransactionalAndCorrectionIsRetryable (0 ms)
[ RUN      ] SampledIo.RejectsMalformedDescriptorsAndEndpointDisagreement
[       OK ] SampledIo.RejectsMalformedDescriptorsAndEndpointDisagreement (0 ms)
[ RUN      ] SampledIo.OutputRequiresExactSafeFramesAndSignalOnlyPhase
[       OK ] SampledIo.OutputRequiresExactSafeFramesAndSignalOnlyPhase (0 ms)
[ RUN      ] SampledIo.FrameValidationAcceptsUnalignedStorageWithoutAliasing
[       OK ] SampledIo.FrameValidationAcceptsUnalignedStorageWithoutAliasing (0 ms)
[ RUN      ] SampledIo.FrameValidationRejectsEveryCorrelatedFieldAndChecksumDrift
[       OK ] SampledIo.FrameValidationRejectsEveryCorrelatedFieldAndChecksumDrift (0 ms)
[ RUN      ] SampledIo.RuntimeLoopbackAcknowledgesSafeAndPublishesTerminalInput
[       OK ] SampledIo.RuntimeLoopbackAcknowledgesSafeAndPublishesTerminalInput (13 ms)
[----------] 7 tests from SampledIo (13 ms total)

[----------] Global test environment tear-down
[==========] 25 tests from 3 test suites ran. (248 ms total)
[  PASSED  ] 25 tests.
