Running main() from /home/kbianco/.local/share/portfolio-control/worktrees/targets/cpp-rt-car-m24/external/googletest/googletest/src/gtest_main.cc
Note: Google Test filter = *SampledStorage*:SampledIo.*:CrossRateData.*:MixedRateReplay.*
[==========] Running 35 tests from 5 test suites.
[----------] Global test environment set-up.
[----------] 1 test from MemoryPlan
[ RUN      ] MemoryPlan.SampledStorageExactPayloadAndControlDeltas
[       OK ] MemoryPlan.SampledStorageExactPayloadAndControlDeltas (5 ms)
[----------] 1 test from MemoryPlan (5 ms total)

[----------] 8 tests from MixedRateReplay
[ RUN      ] MixedRateReplay.SimulationPolicyIdentityRejectsForeignCheckpointBeforeMutation
[       OK ] MixedRateReplay.SimulationPolicyIdentityRejectsForeignCheckpointBeforeMutation (18 ms)
[ RUN      ] MixedRateReplay.SimulationReplayUsesRecordedTimeAndKeepsHostWatchdog
[       OK ] MixedRateReplay.SimulationReplayUsesRecordedTimeAndKeepsHostWatchdog (65 ms)
[ RUN      ] MixedRateReplay.SimulationFailedCompletionRetainsBackendTimestamp
[       OK ] MixedRateReplay.SimulationFailedCompletionRetainsBackendTimestamp (41 ms)
[ RUN      ] MixedRateReplay.WatchdogTransitionsPreserveActualPriorLevelAtSaturation
[       OK ] MixedRateReplay.WatchdogTransitionsPreserveActualPriorLevelAtSaturation (26 ms)
[ RUN      ] MixedRateReplay.LiveControlWatchdogReplayClosesSaturatedFrames
[       OK ] MixedRateReplay.LiveControlWatchdogReplayClosesSaturatedFrames (31 ms)
[ RUN      ] MixedRateReplay.ActiveArtifactRoundTripsAndDrivesTranscriptDecisions
[       OK ] MixedRateReplay.ActiveArtifactRoundTripsAndDrivesTranscriptDecisions (2 ms)
[ RUN      ] MixedRateReplay.ParserRejectsMutationTrailingBytesAndShortOutput
[       OK ] MixedRateReplay.ParserRejectsMutationTrailingBytesAndShortOutput (2 ms)
[ RUN      ] MixedRateReplay.SampledStorageOriginReplayAndForeignCapacityRejection
[       OK ] MixedRateReplay.SampledStorageOriginReplayAndForeignCapacityRejection (43 ms)
[----------] 8 tests from MixedRateReplay (232 ms total)

[----------] 12 tests from CrossRateData
[ RUN      ] CrossRateData.PublicModelCopiesAndFreezesWithLifecycleInspectors
[       OK ] CrossRateData.PublicModelCopiesAndFreezesWithLifecycleInspectors (4 ms)
[ RUN      ] CrossRateData.SelectionMatchesIndependentCompleteSupercycle
[       OK ] CrossRateData.SelectionMatchesIndependentCompleteSupercycle (3 ms)
[ RUN      ] CrossRateData.SelectionAgreementCoversRateAndRegistrationPermutations
[       OK ] CrossRateData.SelectionAgreementCoversRateAndRegistrationPermutations (4 ms)
[ RUN      ] CrossRateData.SameTimestampVisibilityAndFreshnessBoundariesAreExact
[       OK ] CrossRateData.SameTimestampVisibilityAndFreshnessBoundariesAreExact (4 ms)
[ RUN      ] CrossRateData.ValidationIsOwnedBoundedTransactionalAndCorrectable
[       OK ] CrossRateData.ValidationIsOwnedBoundedTransactionalAndCorrectable (0 ms)
[ RUN      ] CrossRateData.AggregateCapacityFailsBeforeProviderAndCanBeCorrected
[       OK ] CrossRateData.AggregateCapacityFailsBeforeProviderAndCanBeCorrected (0 ms)
[ RUN      ] CrossRateData.DeviceEndpointIsRejectedBeforeOwnershipOrExecution
[       OK ] CrossRateData.DeviceEndpointIsRejectedBeforeOwnershipOrExecution (0 ms)
[ RUN      ] CrossRateData.SnapshotStoreIsExactBoundedAndNeverSubstitutes
[       OK ] CrossRateData.SnapshotStoreIsExactBoundedAndNeverSubstitutes (0 ms)
[ RUN      ] CrossRateData.SnapshotStoreSpscConcurrencyHasDeterministicBytes
[       OK ] CrossRateData.SnapshotStoreSpscConcurrencyHasDeterministicBytes (8 ms)
[ RUN      ] CrossRateData.SnapshotStoreSpscContentionPublishesCompleteGenerations
[       OK ] CrossRateData.SnapshotStoreSpscContentionPublishesCompleteGenerations (10 ms)
[ RUN      ] CrossRateData.TwoRuntimeHandlesSamplesAndStoresRemainIsolated
[       OK ] CrossRateData.TwoRuntimeHandlesSamplesAndStoresRemainIsolated (4 ms)
[ RUN      ] CrossRateData.SampledStorageSlotSelectionRejectsTransactionally
[       OK ] CrossRateData.SampledStorageSlotSelectionRejectsTransactionally (0 ms)
[----------] 12 tests from CrossRateData (41 ms total)

[----------] 7 tests from RateDispatch
[ RUN      ] RateDispatch.SampledStorageFourRealSlotsAndRepeatedWrap
[       OK ] RateDispatch.SampledStorageFourRealSlotsAndRepeatedWrap (43 ms)
[ RUN      ] RateDispatch.SampledStorageInvalidCountsCorrectBeforeStart
[       OK ] RateDispatch.SampledStorageInvalidCountsCorrectBeforeStart (53 ms)
[ RUN      ] RateDispatch.SampledStorageDuplicateForeignAndShapeRejectBeforeEffects
[       OK ] RateDispatch.SampledStorageDuplicateForeignAndShapeRejectBeforeEffects (20 ms)
[ RUN      ] RateDispatch.SampledStorageUnderrunOverrunAndSafeStopRetry
[       OK ] RateDispatch.SampledStorageUnderrunOverrunAndSafeStopRetry (15 ms)
[ RUN      ] RateDispatch.SampledStorageMalformedDeviceNeverPublishes
[       OK ] RateDispatch.SampledStorageMalformedDeviceNeverPublishes (9 ms)
[ RUN      ] RateDispatch.SampledStorageConcurrentOwnersRemainIsolated
[       OK ] RateDispatch.SampledStorageConcurrentOwnersRemainIsolated (44 ms)
[ RUN      ] RateDispatch.SampledStorageAggregateBytesAreBoundedAndRetryable
[       OK ] RateDispatch.SampledStorageAggregateBytesAreBoundedAndRetryable (6 ms)
[----------] 7 tests from RateDispatch (194 ms total)

[----------] 7 tests from SampledIo
[ RUN      ] SampledIo.CompilesExactInputDescriptorAndDirectMap
[       OK ] SampledIo.CompilesExactInputDescriptorAndDirectMap (0 ms)
[ RUN      ] SampledIo.FailureIsTransactionalAndCorrectionIsRetryable
[       OK ] SampledIo.FailureIsTransactionalAndCorrectionIsRetryable (0 ms)
[ RUN      ] SampledIo.RejectsMalformedDescriptorsAndEndpointDisagreement
[       OK ] SampledIo.RejectsMalformedDescriptorsAndEndpointDisagreement (0 ms)
[ RUN      ] SampledIo.OutputRequiresExactSafeFramesAndSignalOnlyPhase
[       OK ] SampledIo.OutputRequiresExactSafeFramesAndSignalOnlyPhase (0 ms)
[ RUN      ] SampledIo.FrameValidationAcceptsUnalignedStorageWithoutAliasing
[       OK ] SampledIo.FrameValidationAcceptsUnalignedStorageWithoutAliasing (0 ms)
[ RUN      ] SampledIo.FrameValidationRejectsEveryCorrelatedFieldAndChecksumDrift
[       OK ] SampledIo.FrameValidationRejectsEveryCorrelatedFieldAndChecksumDrift (0 ms)
[ RUN      ] SampledIo.RuntimeLoopbackAcknowledgesSafeAndPublishesTerminalInput
[       OK ] SampledIo.RuntimeLoopbackAcknowledgesSafeAndPublishesTerminalInput (14 ms)
[----------] 7 tests from SampledIo (14 ms total)

[----------] Global test environment tear-down
[==========] 35 tests from 5 test suites ran. (488 ms total)
[  PASSED  ] 35 tests.
