Running main() from /home/kbianco/.local/share/portfolio-control/worktrees/targets/cpp-rt-car-m24/external/googletest/googletest/src/gtest_main.cc
Note: Google Test filter = *SampledStorage*:SampledIo.*:CrossRateData.*:MixedRateReplay.*
[==========] Running 37 tests from 5 test suites.
[----------] Global test environment set-up.
[----------] 1 test from MemoryPlan
[ RUN      ] MemoryPlan.SampledStorageExactPayloadAndControlDeltas
[       OK ] MemoryPlan.SampledStorageExactPayloadAndControlDeltas (15 ms)
[----------] 1 test from MemoryPlan (15 ms total)

[----------] 8 tests from MixedRateReplay
[ RUN      ] MixedRateReplay.SimulationPolicyIdentityRejectsForeignCheckpointBeforeMutation
[       OK ] MixedRateReplay.SimulationPolicyIdentityRejectsForeignCheckpointBeforeMutation (30 ms)
[ RUN      ] MixedRateReplay.SimulationReplayUsesRecordedTimeAndKeepsHostWatchdog
[       OK ] MixedRateReplay.SimulationReplayUsesRecordedTimeAndKeepsHostWatchdog (64 ms)
[ RUN      ] MixedRateReplay.SimulationFailedCompletionRetainsBackendTimestamp
[       OK ] MixedRateReplay.SimulationFailedCompletionRetainsBackendTimestamp (38 ms)
[ RUN      ] MixedRateReplay.WatchdogTransitionsPreserveActualPriorLevelAtSaturation
[       OK ] MixedRateReplay.WatchdogTransitionsPreserveActualPriorLevelAtSaturation (36 ms)
[ RUN      ] MixedRateReplay.LiveControlWatchdogReplayClosesSaturatedFrames
[       OK ] MixedRateReplay.LiveControlWatchdogReplayClosesSaturatedFrames (51 ms)
[ RUN      ] MixedRateReplay.ActiveArtifactRoundTripsAndDrivesTranscriptDecisions
[       OK ] MixedRateReplay.ActiveArtifactRoundTripsAndDrivesTranscriptDecisions (3 ms)
[ RUN      ] MixedRateReplay.ParserRejectsMutationTrailingBytesAndShortOutput
[       OK ] MixedRateReplay.ParserRejectsMutationTrailingBytesAndShortOutput (5 ms)
[ RUN      ] MixedRateReplay.SampledStorageOriginReplayAndForeignCapacityRejection
[       OK ] MixedRateReplay.SampledStorageOriginReplayAndForeignCapacityRejection (47 ms)
[----------] 8 tests from MixedRateReplay (278 ms total)

[----------] 13 tests from CrossRateData
[ RUN      ] CrossRateData.PublicModelCopiesAndFreezesWithLifecycleInspectors
[       OK ] CrossRateData.PublicModelCopiesAndFreezesWithLifecycleInspectors (3 ms)
[ RUN      ] CrossRateData.SelectionMatchesIndependentCompleteSupercycle
[       OK ] CrossRateData.SelectionMatchesIndependentCompleteSupercycle (2 ms)
[ RUN      ] CrossRateData.SelectionAgreementCoversRateAndRegistrationPermutations
[       OK ] CrossRateData.SelectionAgreementCoversRateAndRegistrationPermutations (3 ms)
[ RUN      ] CrossRateData.SameTimestampVisibilityAndFreshnessBoundariesAreExact
[       OK ] CrossRateData.SameTimestampVisibilityAndFreshnessBoundariesAreExact (3 ms)
[ RUN      ] CrossRateData.ValidationIsOwnedBoundedTransactionalAndCorrectable
[       OK ] CrossRateData.ValidationIsOwnedBoundedTransactionalAndCorrectable (0 ms)
[ RUN      ] CrossRateData.AggregateCapacityFailsBeforeProviderAndCanBeCorrected
[       OK ] CrossRateData.AggregateCapacityFailsBeforeProviderAndCanBeCorrected (0 ms)
[ RUN      ] CrossRateData.DeviceEndpointIsRejectedBeforeOwnershipOrExecution
[       OK ] CrossRateData.DeviceEndpointIsRejectedBeforeOwnershipOrExecution (0 ms)
[ RUN      ] CrossRateData.SnapshotStoreIsExactBoundedAndNeverSubstitutes
[       OK ] CrossRateData.SnapshotStoreIsExactBoundedAndNeverSubstitutes (0 ms)
[ RUN      ] CrossRateData.SnapshotStoreSpscConcurrencyHasDeterministicBytes
[       OK ] CrossRateData.SnapshotStoreSpscConcurrencyHasDeterministicBytes (17 ms)
[ RUN      ] CrossRateData.SnapshotStoreSpscContentionPublishesCompleteGenerations
[       OK ] CrossRateData.SnapshotStoreSpscContentionPublishesCompleteGenerations (45 ms)
[ RUN      ] CrossRateData.TwoRuntimeHandlesSamplesAndStoresRemainIsolated
[       OK ] CrossRateData.TwoRuntimeHandlesSamplesAndStoresRemainIsolated (6 ms)
[ RUN      ] CrossRateData.SampledStorageSlotSelectionRejectsTransactionally
[       OK ] CrossRateData.SampledStorageSlotSelectionRejectsTransactionally (0 ms)
[ RUN      ] CrossRateData.SampledStorageFourSlotsRetainExactlyFourGenerations
[       OK ] CrossRateData.SampledStorageFourSlotsRetainExactlyFourGenerations (0 ms)
[----------] 13 tests from CrossRateData (84 ms total)

[----------] 8 tests from RateDispatch
[ RUN      ] RateDispatch.SampledStorageFourRealSlotsAndRepeatedWrap
[       OK ] RateDispatch.SampledStorageFourRealSlotsAndRepeatedWrap (38 ms)
[ RUN      ] RateDispatch.SampledStorageInvalidCountsCorrectBeforeStart
[       OK ] RateDispatch.SampledStorageInvalidCountsCorrectBeforeStart (76 ms)
[ RUN      ] RateDispatch.SampledStorageDuplicateForeignAndShapeRejectBeforeEffects
[       OK ] RateDispatch.SampledStorageDuplicateForeignAndShapeRejectBeforeEffects (13 ms)
[ RUN      ] RateDispatch.SampledStorageUnderrunOverrunAndSafeStopRetry
[       OK ] RateDispatch.SampledStorageUnderrunOverrunAndSafeStopRetry (10 ms)
[ RUN      ] RateDispatch.SampledStorageMalformedDeviceNeverPublishes
[       OK ] RateDispatch.SampledStorageMalformedDeviceNeverPublishes (15 ms)
[ RUN      ] RateDispatch.SampledStorageConcurrentOwnersRemainIsolated
[       OK ] RateDispatch.SampledStorageConcurrentOwnersRemainIsolated (79 ms)
[ RUN      ] RateDispatch.SampledStorageAggregateBytesAreBoundedAndRetryable
[       OK ] RateDispatch.SampledStorageAggregateBytesAreBoundedAndRetryable (5 ms)
[ RUN      ] RateDispatch.SampledStorageDelayedDeviceInputUsesDeclaredInitial
[       OK ] RateDispatch.SampledStorageDelayedDeviceInputUsesDeclaredInitial (10 ms)
[----------] 8 tests from RateDispatch (250 ms total)

[----------] 7 tests from SampledIo
[ RUN      ] SampledIo.CompilesExactInputDescriptorAndDirectMap
[       OK ] SampledIo.CompilesExactInputDescriptorAndDirectMap (0 ms)
[ RUN      ] SampledIo.FailureIsTransactionalAndCorrectionIsRetryable
[       OK ] SampledIo.FailureIsTransactionalAndCorrectionIsRetryable (0 ms)
[ RUN      ] SampledIo.RejectsMalformedDescriptorsAndEndpointDisagreement
[       OK ] SampledIo.RejectsMalformedDescriptorsAndEndpointDisagreement (0 ms)
[ RUN      ] SampledIo.OutputRequiresExactSafeFramesAndSignalOnlyPhase
[       OK ] SampledIo.OutputRequiresExactSafeFramesAndSignalOnlyPhase (0 ms)
[ RUN      ] SampledIo.FrameValidationAcceptsUnalignedStorageWithoutAliasing
[       OK ] SampledIo.FrameValidationAcceptsUnalignedStorageWithoutAliasing (0 ms)
[ RUN      ] SampledIo.FrameValidationRejectsEveryCorrelatedFieldAndChecksumDrift
[       OK ] SampledIo.FrameValidationRejectsEveryCorrelatedFieldAndChecksumDrift (0 ms)
[ RUN      ] SampledIo.RuntimeLoopbackAcknowledgesSafeAndPublishesTerminalInput
[       OK ] SampledIo.RuntimeLoopbackAcknowledgesSafeAndPublishesTerminalInput (12 ms)
[----------] 7 tests from SampledIo (12 ms total)

[----------] Global test environment tear-down
[==========] 37 tests from 5 test suites ran. (641 ms total)
[  PASSED  ] 37 tests.
