Running main() from /home/kbianco/.local/share/portfolio-control/worktrees/targets/cpp-rt-car-m24/external/googletest/googletest/src/gtest_main.cc
Note: Google Test filter = *SampledStorage*
[==========] Running 12 tests from 4 test suites.
[----------] Global test environment set-up.
[----------] 1 test from MemoryPlan
[ RUN      ] MemoryPlan.SampledStorageExactPayloadAndControlDeltas
[       OK ] MemoryPlan.SampledStorageExactPayloadAndControlDeltas (12 ms)
[----------] 1 test from MemoryPlan (12 ms total)

[----------] 1 test from MixedRateReplay
[ RUN      ] MixedRateReplay.SampledStorageOriginReplayAndForeignCapacityRejection
[       OK ] MixedRateReplay.SampledStorageOriginReplayAndForeignCapacityRejection (85 ms)
[----------] 1 test from MixedRateReplay (85 ms total)

[----------] 2 tests from CrossRateData
[ RUN      ] CrossRateData.SampledStorageSlotSelectionRejectsTransactionally
[       OK ] CrossRateData.SampledStorageSlotSelectionRejectsTransactionally (0 ms)
[ RUN      ] CrossRateData.SampledStorageFourSlotsRetainExactlyFourGenerations
[       OK ] CrossRateData.SampledStorageFourSlotsRetainExactlyFourGenerations (0 ms)
[----------] 2 tests from CrossRateData (0 ms total)

[----------] 8 tests from RateDispatch
[ RUN      ] RateDispatch.SampledStorageFourRealSlotsAndRepeatedWrap
[       OK ] RateDispatch.SampledStorageFourRealSlotsAndRepeatedWrap (34 ms)
[ RUN      ] RateDispatch.SampledStorageInvalidCountsCorrectBeforeStart
[       OK ] RateDispatch.SampledStorageInvalidCountsCorrectBeforeStart (110 ms)
[ RUN      ] RateDispatch.SampledStorageDuplicateForeignAndShapeRejectBeforeEffects
[       OK ] RateDispatch.SampledStorageDuplicateForeignAndShapeRejectBeforeEffects (15 ms)
[ RUN      ] RateDispatch.SampledStorageUnderrunOverrunAndSafeStopRetry
[       OK ] RateDispatch.SampledStorageUnderrunOverrunAndSafeStopRetry (10 ms)
[ RUN      ] RateDispatch.SampledStorageMalformedDeviceNeverPublishes
[       OK ] RateDispatch.SampledStorageMalformedDeviceNeverPublishes (13 ms)
[ RUN      ] RateDispatch.SampledStorageConcurrentOwnersRemainIsolated
[       OK ] RateDispatch.SampledStorageConcurrentOwnersRemainIsolated (164 ms)
[ RUN      ] RateDispatch.SampledStorageAggregateBytesAreBoundedAndRetryable
[       OK ] RateDispatch.SampledStorageAggregateBytesAreBoundedAndRetryable (6 ms)
[ RUN      ] RateDispatch.SampledStorageDelayedDeviceInputUsesDeclaredInitial
[       OK ] RateDispatch.SampledStorageDelayedDeviceInputUsesDeclaredInitial (31 ms)
[----------] 8 tests from RateDispatch (388 ms total)

[----------] Global test environment tear-down
[==========] 12 tests from 4 test suites ran. (486 ms total)
[  PASSED  ] 12 tests.
